Component: ARM Compiler 5.06 update 6 (build 750) Tool: armlink [4d35ed]

==============================================================================

Section Cross References

    1986be9x_it.o(i.Timer1_IRQHandler) refers to mlt_lcd_1.o(i.LcdPutChar) for LcdPutChar
    1986be9x_it.o(i.Timer1_IRQHandler) refers to mlt_lcd_1.o(i.LcdScrollString) for LcdScrollString
    1986be9x_it.o(i.Timer1_IRQHandler) refers to mlt_lcd_1.o(i.LcdPutString) for LcdPutString
    1986be9x_it.o(i.Timer1_IRQHandler) refers to main.o(.data) for count_title
    1986be9x_it.o(i.Timer1_IRQHandler) refers to 1986be9x_it.o(.data) for cyr_SH
    main.o(i.BlinkLED1) refers to main.o(i.LEDOn) for LEDOn
    main.o(i.BlinkLED1) refers to main.o(i.Delay) for Delay
    main.o(i.BlinkLED1) refers to main.o(i.LEDOff) for LEDOff
    main.o(i.ButtonPinGfg) refers to mdr32f9qx_port.o(i.PORT_Init) for PORT_Init
    main.o(i.ButtonPinGfg) refers to main.o(.bss) for PortInit
    main.o(i.LEDOff) refers to mdr32f9qx_port.o(i.PORT_ResetBits) for PORT_ResetBits
    main.o(i.LEDOn) refers to mdr32f9qx_port.o(i.PORT_SetBits) for PORT_SetBits
    main.o(i.LedPinGfg) refers to mdr32f9qx_port.o(i.PORT_Init) for PORT_Init
    main.o(i.LedPinGfg) refers to main.o(.bss) for PortInit
    main.o(i.MltPinCfg) refers to mdr32f9qx_port.o(i.PORT_Init) for PORT_Init
    main.o(i.MltPinCfg) refers to main.o(.bss) for PortInit
    main.o(i.Tim1Setup) refers to mdr32f9qx_rst_clk.o(i.RST_CLK_PCLKcmd) for RST_CLK_PCLKcmd
    main.o(i.USBTest) refers to mdr32f9qx_port.o(i.PORT_ReadInputDataBit) for PORT_ReadInputDataBit
    main.o(i.UartTest) refers to uart_main.o(i.Uart2PinCfg) for Uart2PinCfg
    main.o(i.UartTest) refers to uart_main.o(i.Uart2Setup) for Uart2Setup
    main.o(i.UartTest) refers to mdr32f9qx_port.o(i.PORT_ReadInputDataBit) for PORT_ReadInputDataBit
    main.o(i.UartTest) refers to mdr32f9qx_uart.o(i.UART_GetFlagStatus) for UART_GetFlagStatus
    main.o(i.UartTest) refers to mdr32f9qx_uart.o(i.UART_ReceiveData) for UART_ReceiveData
    main.o(i.UartTest) refers to main.o(.data) for TestUartDone
    main.o(i.main) refers to mdr32f9qx_rst_clk.o(i.RST_CLK_LSEconfig) for RST_CLK_LSEconfig
    main.o(i.main) refers to mdr32f9qx_rst_clk.o(i.RST_CLK_LSEstatus) for RST_CLK_LSEstatus
    main.o(i.main) refers to mdr32f9qx_rst_clk.o(i.RST_CLK_HSEconfig) for RST_CLK_HSEconfig
    main.o(i.main) refers to mdr32f9qx_rst_clk.o(i.RST_CLK_HSEstatus) for RST_CLK_HSEstatus
    main.o(i.main) refers to mdr32f9qx_rst_clk.o(i.RST_CLK_PCLKcmd) for RST_CLK_PCLKcmd
    main.o(i.main) refers to main.o(i.MltPinCfg) for MltPinCfg
    main.o(i.main) refers to main.o(i.ButtonPinGfg) for ButtonPinGfg
    main.o(i.main) refers to mlt_lcd_1.o(i.LcdInit) for LcdInit
    main.o(i.main) refers to mlt_lcd_1.o(i.ReadStatus) for ReadStatus
    main.o(i.main) refers to mlt_lcd_1.o(i.DispOn) for DispOn
    main.o(i.main) refers to mlt_lcd_1.o(i.LcdClearChip) for LcdClearChip
    main.o(i.main) refers to main.o(i.Tim1Setup) for Tim1Setup
    main.o(i.main) refers to mdr32f9qx_port.o(i.PORT_ReadInputDataBit) for PORT_ReadInputDataBit
    main.o(i.main) refers to main.o(i.LedTest) for LedTest
    main.o(i.main) refers to main.o(i.UartTest) for UartTest
    main.o(i.main) refers to main.o(i.USBTest) for USBTest
    main.o(i.main) refers to main.o(.data) for MenuMainItem
    uart_main.o(i.Uart2PinCfg) refers to mdr32f9qx_port.o(i.PORT_Init) for PORT_Init
    uart_main.o(i.Uart2PinCfg) refers to uart_main.o(.bss) for PortInit
    uart_main.o(i.Uart2Setup) refers to mdr32f9qx_rst_clk.o(i.RST_CLK_CPU_PLLconfig) for RST_CLK_CPU_PLLconfig
    uart_main.o(i.Uart2Setup) refers to mdr32f9qx_rst_clk.o(i.RST_CLK_PCLKcmd) for RST_CLK_PCLKcmd
    uart_main.o(i.Uart2Setup) refers to mdr32f9qx_uart.o(i.UART_BRGInit) for UART_BRGInit
    uart_main.o(i.Uart2Setup) refers to mdr32f9qx_uart.o(i.UART_Init) for UART_Init
    uart_main.o(i.Uart2Setup) refers to mdr32f9qx_uart.o(i.UART_Cmd) for UART_Cmd
    uart_main.o(i.Uart2Setup) refers to uart_main.o(.bss) for UART_InitStructure
    mlt_lcd_1.o(i.DispOff) refers to mdr32f9qx_port.o(i.PORT_SetBits) for PORT_SetBits
    mlt_lcd_1.o(i.DispOff) refers to mdr32f9qx_port.o(i.PORT_ResetBits) for PORT_ResetBits
    mlt_lcd_1.o(i.DispOff) refers to mlt_lcd_1.o(i.MltDelay) for MltDelay
    mlt_lcd_1.o(i.DispOff) refers to mlt_lcd_1.o(i.SetDataBits) for SetDataBits
    mlt_lcd_1.o(i.DispOn) refers to mdr32f9qx_port.o(i.PORT_SetBits) for PORT_SetBits
    mlt_lcd_1.o(i.DispOn) refers to mdr32f9qx_port.o(i.PORT_ResetBits) for PORT_ResetBits
    mlt_lcd_1.o(i.DispOn) refers to mlt_lcd_1.o(i.MltDelay) for MltDelay
    mlt_lcd_1.o(i.DispOn) refers to mlt_lcd_1.o(i.SetDataBits) for SetDataBits
    mlt_lcd_1.o(i.LcdClearChip) refers to mlt_lcd_1.o(i.LcdClearPage) for LcdClearPage
    mlt_lcd_1.o(i.LcdClearPage) refers to mlt_lcd_1.o(i.SetPage) for SetPage
    mlt_lcd_1.o(i.LcdClearPage) refers to mlt_lcd_1.o(i.SetAdress) for SetAdress
[...]
    libinit.o(.ARM.Collect$$libinit$$00000000) refers (Special) to libinit2.o(.ARM.Collect$$libinit$$00000025) for __rt_lib_init_stdio_1
    libinit.o(.ARM.Collect$$libinit$$00000000) refers (Special) to libinit2.o(.ARM.Collect$$libinit$$0000000C) for __rt_lib_init_user_alloc_1
    libspace.o(.text) refers to libspace.o(.bss) for __libspace_start
    rtexit.o(.ARM.Collect$$rtexit$$00000000) refers (Special) to rtexit2.o(.ARM.Collect$$rtexit$$00000004) for __rt_exit_exit
    rtexit.o(.ARM.Collect$$rtexit$$00000000) refers (Special) to rtexit2.o(.ARM.Collect$$rtexit$$00000003) for __rt_exit_ls
    rtexit.o(.ARM.Collect$$rtexit$$00000000) refers (Special) to rtexit2.o(.ARM.Collect$$rtexit$$00000002) for __rt_exit_prels_1
    rtexit.o(.ARM.exidx) refers (Special) to rtexit2.o(.ARM.Collect$$rtexit$$00000004) for __rt_exit_exit
    rtexit.o(.ARM.exidx) refers (Special) to rtexit2.o(.ARM.Collect$$rtexit$$00000003) for __rt_exit_ls
    rtexit.o(.ARM.exidx) refers (Special) to rtexit2.o(.ARM.Collect$$rtexit$$00000002) for __rt_exit_prels_1
    rtexit.o(.ARM.exidx) refers to rtexit.o(.ARM.Collect$$rtexit$$00000000) for .ARM.Collect$$rtexit$$00000000
    libinit2.o(.ARM.Collect$$libinit$$00000010) refers to libinit2.o(.ARM.Collect$$libinit$$0000000F) for .ARM.Collect$$libinit$$0000000F
    libinit2.o(.ARM.Collect$$libinit$$00000012) refers to libinit2.o(.ARM.Collect$$libinit$$0000000F) for .ARM.Collect$$libinit$$0000000F
    libinit2.o(.ARM.Collect$$libinit$$00000014) refers to libinit2.o(.ARM.Collect$$libinit$$0000000F) for .ARM.Collect$$libinit$$0000000F
    libinit2.o(.ARM.Collect$$libinit$$00000016) refers to libinit2.o(.ARM.Collect$$libinit$$0000000F) for .ARM.Collect$$libinit$$0000000F
    libinit2.o(.ARM.Collect$$libinit$$00000018) refers to libinit2.o(.ARM.Collect$$libinit$$0000000F) for .ARM.Collect$$libinit$$0000000F
    libinit2.o(.ARM.Collect$$libinit$$00000026) refers to argv_veneer.o(.emb_text) for __ARM_argv_veneer
    libinit2.o(.ARM.Collect$$libinit$$00000027) refers to argv_veneer.o(.emb_text) for __ARM_argv_veneer
    rtexit2.o(.ARM.Collect$$rtexit$$00000003) refers to libshutdown.o(.ARM.Collect$$libshutdown$$00000000) for __rt_lib_shutdown
    rtexit2.o(.ARM.Collect$$rtexit$$00000004) refers to sys_exit.o(.text) for _sys_exit
    rtexit2.o(.ARM.exidx) refers to rtexit2.o(.ARM.Collect$$rtexit$$00000001) for .ARM.Collect$$rtexit$$00000001
    rtexit2.o(.ARM.exidx) refers to rtexit2.o(.ARM.Collect$$rtexit$$00000003) for .ARM.Collect$$rtexit$$00000003
    rtexit2.o(.ARM.exidx) refers to rtexit2.o(.ARM.Collect$$rtexit$$00000004) for .ARM.Collect$$rtexit$$00000004
    argv_veneer.o(.emb_text) refers to no_argv.o(.text) for __ARM_get_argv
    sys_exit.o(.text) refers (Special) to use_no_semi.o(.text) for __I$use$semihosting
    sys_exit.o(.text) refers (Special) to indicate_semi.o(.text) for __semihosting_library_function
    _get_argv_nomalloc.o(.text) refers (Special) to hrguard.o(.text) for __heap_region$guard
    _get_argv_nomalloc.o(.text) refers to defsig_rtmem_outer.o(.text) for __rt_SIGRTMEM
    _get_argv_nomalloc.o(.text) refers to sys_command.o(.text) for _sys_command_string
    libshutdown.o(.ARM.Collect$$libshutdown$$00000000) refers (Special) to libshutdown2.o(.ARM.Collect$$libshutdown$$00000002) for __rt_lib_shutdown_cpp_1
    libshutdown.o(.ARM.Collect$$libshutdown$$00000000) refers (Special) to libshutdown2.o(.ARM.Collect$$libshutdown$$00000007) for __rt_lib_shutdown_fp_trap_1
    libshutdown.o(.ARM.Collect$$libshutdown$$00000000) refers (Special) to libshutdown2.o(.ARM.Collect$$libshutdown$$0000000F) for __rt_lib_shutdown_heap_1
    libshutdown.o(.ARM.Collect$$libshutdown$$00000000) refers (Special) to libshutdown2.o(.ARM.Collect$$libshutdown$$00000010) for __rt_lib_shutdown_return
    libshutdown.o(.ARM.Collect$$libshutdown$$00000000) refers (Special) to libshutdown2.o(.ARM.Collect$$libshutdown$$0000000A) for __rt_lib_shutdown_signal_1
    libshutdown.o(.ARM.Collect$$libshutdown$$00000000) refers (Special) to libshutdown2.o(.ARM.Collect$$libshutdown$$00000004) for __rt_lib_shutdown_stdio_1
    libshutdown.o(.ARM.Collect$$libshutdown$$00000000) refers (Special) to libshutdown2.o(.ARM.Collect$$libshutdown$$0000000C) for __rt_lib_shutdown_user_alloc_1
    sys_command.o(.text) refers (Special) to use_no_semi.o(.text) for __I$use$semihosting
    sys_command.o(.text) refers (Special) to indicate_semi.o(.text) for __semihosting_library_function
    defsig_rtmem_outer.o(.text) refers to defsig_rtmem_inner.o(.text) for __rt_SIGRTMEM_inner
    defsig_rtmem_outer.o(.text) refers to defsig_exit.o(.text) for __sig_exit
    defsig_rtmem_formal.o(.text) refers to rt_raise.o(.text) for __rt_raise
    rt_raise.o(.text) refers to __raise.o(.text) for __raise
    rt_raise.o(.text) refers to sys_exit.o(.text) for _sys_exit
    defsig_exit.o(.text) refers to sys_exit.o(.text) for _sys_exit
    defsig_rtmem_inner.o(.text) refers to defsig_general.o(.text) for __default_signal_display
    __raise.o(.text) refers to defsig.o(CL$$defsig) for __default_signal_handler
    defsig_general.o(.text) refers to sys_wrch.o(.text) for _ttywrch
    sys_wrch.o(.text) refers (Special) to use_no_semi.o(.text) for __I$use$semihosting
    sys_wrch.o(.text) refers (Special) to indicate_semi.o(.text) for __semihosting_library_function
    defsig.o(CL$$defsig) refers to defsig_rtmem_inner.o(.text) for __rt_SIGRTMEM_inner
    defsig_abrt_inner.o(.text) refers to defsig_general.o(.text) for __default_signal_display
    defsig_fpe_inner.o(.text) refers to defsig_general.o(.text) for __default_signal_display
    defsig_rtred_inner.o(.text) refers to defsig_general.o(.text) for __default_signal_display
    defsig_stak_inner.o(.text) refers to defsig_general.o(.text) for __default_signal_display
    defsig_pvfn_inner.o(.text) refers to defsig_general.o(.text) for __default_signal_display
    defsig_cppl_inner.o(.text) refers to defsig_general.o(.text) for __default_signal_display
    defsig_segv_inner.o(.text) refers to defsig_general.o(.text) for __default_signal_display
    defsig_other.o(.text) refers to defsig_general.o(.text) for __default_signal_display


==============================================================================

Removing Unused input sections from the image.

    Removing 1986be9x_it.o(.rev16_text), (4 bytes).
    Removing 1986be9x_it.o(.revsh_text), (4 bytes).
    Removing main.o(.rev16_text), (4 bytes).
    Removing main.o(.revsh_text), (4 bytes).
    Removing main.o(i.BlinkLED1), (48 bytes).
    Removing main.o(i.Can1Test), (2 bytes).
    Removing main.o(i.Can2PinCfg), (2 bytes).
    Removing main.o(i.Can2Setup), (2 bytes).
    Removing main.o(i.Can2Test), (2 bytes).
    Removing main.o(i.Delay), (18 bytes).
    Removing main.o(i.LEDOff), (20 bytes).
    Removing main.o(i.LEDOn), (20 bytes).
    Removing main.o(i.LedPinGfg), (40 bytes).
    Removing uart_main.o(.rev16_text), (4 bytes).
    Removing uart_main.o(.revsh_text), (4 bytes).
    Removing mlt_lcd_1.o(.rev16_text), (4 bytes).
    Removing mlt_lcd_1.o(.revsh_text), (4 bytes).
    Removing mlt_lcd_1.o(i.DispOff), (204 bytes).
    Removing mlt_lcd_1.o(i.LcdPutImage), (144 bytes).
    Removing mlt_lcd_1.o(i.ReadData), (212 bytes).
    Removing system_mdr32f9qx.o(.rev16_text), (4 bytes).
    Removing system_mdr32f9qx.o(.revsh_text), (4 bytes).
    Removing mdr32f9qx_can.o(.rev16_text), (4 bytes).
    Removing mdr32f9qx_can.o(.revsh_text), (4 bytes).
    Removing mdr32f9qx_can.o(i.CAN_BRGInit), (56 bytes).
    Removing mdr32f9qx_can.o(i.CAN_BufferRelease), (18 bytes).
    Removing mdr32f9qx_can.o(i.CAN_Cmd), (20 bytes).
    Removing mdr32f9qx_can.o(i.CAN_DeInit), (42 bytes).
    Removing mdr32f9qx_can.o(i.CAN_FilterInit), (26 bytes).
    Removing mdr32f9qx_can.o(i.CAN_GetBufferStatus), (12 bytes).
    Removing mdr32f9qx_can.o(i.CAN_GetDisabledBuffer), (30 bytes).
    Removing mdr32f9qx_can.o(i.CAN_GetEmptyTransferBuffer), (30 bytes).
    Removing mdr32f9qx_can.o(i.CAN_GetITState), (16 bytes).
    Removing mdr32f9qx_can.o(i.CAN_GetRawReceivedData), (128 bytes).
    Removing mdr32f9qx_can.o(i.CAN_GetReceivedData), (46 bytes).
    Removing mdr32f9qx_can.o(i.CAN_GetRx), (8 bytes).
    Removing mdr32f9qx_can.o(i.CAN_GetRxITStatus), (30 bytes).
    Removing mdr32f9qx_can.o(i.CAN_GetStatus), (6 bytes).
    Removing mdr32f9qx_can.o(i.CAN_GetTxITStatus), (30 bytes).
    Removing mdr32f9qx_can.o(i.CAN_ITClearErrorPendingBit), (8 bytes).
    Removing mdr32f9qx_can.o(i.CAN_ITClearRxTxPendingBit), (38 bytes).
    Removing mdr32f9qx_can.o(i.CAN_ITConfig), (18 bytes).
    Removing mdr32f9qx_can.o(i.CAN_Init), (98 bytes).
    Removing mdr32f9qx_can.o(i.CAN_RTRReply), (82 bytes).
    Removing mdr32f9qx_can.o(i.CAN_ReadBufferSFR), (14 bytes).
    Removing mdr32f9qx_can.o(i.CAN_Receive), (22 bytes).
    Removing mdr32f9qx_can.o(i.CAN_RxITConfig), (22 bytes).
    Removing mdr32f9qx_can.o(i.CAN_SendRTR), (72 bytes).
    Removing mdr32f9qx_can.o(i.CAN_StructInit), (38 bytes).
    Removing mdr32f9qx_can.o(i.CAN_Transmit), (96 bytes).
    Removing mdr32f9qx_can.o(i.CAN_TxITConfig), (22 bytes).
    Removing mdr32f9qx_port.o(.rev16_text), (4 bytes).
    Removing mdr32f9qx_port.o(.revsh_text), (4 bytes).
    Removing mdr32f9qx_port.o(i.PORT_DeInit), (20 bytes).
    Removing mdr32f9qx_port.o(i.PORT_ReadInputData), (6 bytes).
    Removing mdr32f9qx_port.o(i.PORT_StructInit), (28 bytes).
    Removing mdr32f9qx_port.o(i.PORT_Write), (24 bytes).
    Removing mdr32f9qx_port.o(i.PORT_WriteBit), (44 bytes).
    Removing mdr32f9qx_rst_clk.o(.rev16_text), (4 bytes).
    Removing mdr32f9qx_rst_clk.o(.revsh_text), (4 bytes).
    Removing mdr32f9qx_rst_clk.o(i.RST_CLK_ADCclkEnable), (12 bytes).
    Removing mdr32f9qx_rst_clk.o(i.RST_CLK_ADCclkPrescaler), (24 bytes).
    Removing mdr32f9qx_rst_clk.o(i.RST_CLK_ADCclkSelection), (20 bytes).
    Removing mdr32f9qx_rst_clk.o(i.RST_CLK_CPU_PLLcmd), (12 bytes).
    Removing mdr32f9qx_rst_clk.o(i.RST_CLK_CPU_PLLstatus), (52 bytes).
    Removing mdr32f9qx_rst_clk.o(i.RST_CLK_CPU_PLLuse), (12 bytes).
    Removing mdr32f9qx_rst_clk.o(i.RST_CLK_CPUclkPrescaler), (24 bytes).
    Removing mdr32f9qx_rst_clk.o(i.RST_CLK_CPUclkSelection), (20 bytes).
    Removing mdr32f9qx_rst_clk.o(i.RST_CLK_DeInit), (44 bytes).
    Removing mdr32f9qx_rst_clk.o(i.RST_CLK_HSEclkPrescaler), (20 bytes).
    Removing mdr32f9qx_rst_clk.o(i.RST_CLK_HSIadjust), (24 bytes).
    Removing mdr32f9qx_rst_clk.o(i.RST_CLK_HSIclkPrescaler), (24 bytes).
    Removing mdr32f9qx_rst_clk.o(i.RST_CLK_HSIcmd), (12 bytes).
    Removing mdr32f9qx_rst_clk.o(i.RST_CLK_HSIstatus), (52 bytes).
    Removing mdr32f9qx_rst_clk.o(i.RST_CLK_LSIadjust), (24 bytes).
    Removing mdr32f9qx_rst_clk.o(i.RST_CLK_LSIcmd), (12 bytes).
    Removing mdr32f9qx_rst_clk.o(i.RST_CLK_LSIstatus), (52 bytes).
    Removing mdr32f9qx_rst_clk.o(i.RST_CLK_RTC_HSEclkEnable), (12 bytes).
    Removing mdr32f9qx_rst_clk.o(i.RST_CLK_RTC_HSIclkEnable), (12 bytes).
    Removing mdr32f9qx_rst_clk.o(i.RST_CLK_USB_PLLcmd), (12 bytes).
    Removing mdr32f9qx_rst_clk.o(i.RST_CLK_USB_PLLconfig), (64 bytes).
    Removing mdr32f9qx_rst_clk.o(i.RST_CLK_USB_PLLstatus), (52 bytes).
    Removing mdr32f9qx_rst_clk.o(i.RST_CLK_USB_PLLuse), (12 bytes).
    Removing mdr32f9qx_rst_clk.o(i.RST_CLK_USBclkEnable), (12 bytes).
    Removing mdr32f9qx_rst_clk.o(i.RST_CLK_USBclkPrescaler), (12 bytes).
    Removing mdr32f9qx_rst_clk.o(i.RST_CLK_WarmDeInit), (84 bytes).
    Removing mdr32f9qx_ssp.o(.rev16_text), (4 bytes).
    Removing mdr32f9qx_ssp.o(.revsh_text), (4 bytes).
    Removing mdr32f9qx_ssp.o(i.SSP_BRGInit), (60 bytes).
    Removing mdr32f9qx_ssp.o(i.SSP_ClearITPendingBit), (8 bytes).
    Removing mdr32f9qx_ssp.o(i.SSP_Cmd), (24 bytes).
    Removing mdr32f9qx_ssp.o(i.SSP_DMACmd), (24 bytes).
    Removing mdr32f9qx_ssp.o(i.SSP_DeInit), (18 bytes).
    Removing mdr32f9qx_ssp.o(i.SSP_GetFlagStatus), (16 bytes).
    Removing mdr32f9qx_ssp.o(i.SSP_GetITStatus), (18 bytes).
    Removing mdr32f9qx_ssp.o(i.SSP_GetITStatusMasked), (16 bytes).
    Removing mdr32f9qx_ssp.o(i.SSP_ITConfig), (18 bytes).
    Removing mdr32f9qx_ssp.o(i.SSP_Init), (38 bytes).
    Removing mdr32f9qx_ssp.o(i.SSP_ReceiveData), (8 bytes).
    Removing mdr32f9qx_ssp.o(i.SSP_SendData), (4 bytes).
    Removing mdr32f9qx_ssp.o(i.SSP_StructInit), (28 bytes).
    Removing mdr32f9qx_timer.o(.rev16_text), (4 bytes).
    Removing mdr32f9qx_timer.o(.revsh_text), (4 bytes).
    Removing mdr32f9qx_timer.o(i.TIMER_BRGInit), (84 bytes).
    Removing mdr32f9qx_timer.o(i.TIMER_BRKPolarityConfig), (14 bytes).
    Removing mdr32f9qx_timer.o(i.TIMER_ChnBRKResetConfig), (24 bytes).
    Removing mdr32f9qx_timer.o(i.TIMER_ChnCCR1_Cmd), (30 bytes).
    Removing mdr32f9qx_timer.o(i.TIMER_ChnCCR1_EventSourceConfig), (24 bytes).
    Removing mdr32f9qx_timer.o(i.TIMER_ChnCapturePrescalerConfig), (26 bytes).
    Removing mdr32f9qx_timer.o(i.TIMER_ChnCompare1Config), (32 bytes).
    Removing mdr32f9qx_timer.o(i.TIMER_ChnCompareConfig), (32 bytes).
    Removing mdr32f9qx_timer.o(i.TIMER_ChnETRResetConfig), (24 bytes).
    Removing mdr32f9qx_timer.o(i.TIMER_ChnETR_Cmd), (30 bytes).
    Removing mdr32f9qx_timer.o(i.TIMER_ChnEventSourceConfig), (24 bytes).
    Removing mdr32f9qx_timer.o(i.TIMER_ChnFilterConfig), (24 bytes).
    Removing mdr32f9qx_timer.o(i.TIMER_ChnInit), (70 bytes).
    Removing mdr32f9qx_timer.o(i.TIMER_ChnNOutConfig), (36 bytes).
    Removing mdr32f9qx_timer.o(i.TIMER_ChnNOutModeConfig), (26 bytes).
    Removing mdr32f9qx_timer.o(i.TIMER_ChnNOutPolarityConfig), (26 bytes).
    Removing mdr32f9qx_timer.o(i.TIMER_ChnNOutSourceConfig), (26 bytes).
    Removing mdr32f9qx_timer.o(i.TIMER_ChnOutConfig), (34 bytes).
    Removing mdr32f9qx_timer.o(i.TIMER_ChnOutDTGConfig), (20 bytes).
    Removing mdr32f9qx_timer.o(i.TIMER_ChnOutInit), (66 bytes).
    Removing mdr32f9qx_timer.o(i.TIMER_ChnOutModeConfig), (24 bytes).
    Removing mdr32f9qx_timer.o(i.TIMER_ChnOutPolarityConfig), (26 bytes).
    Removing mdr32f9qx_timer.o(i.TIMER_ChnOutSourceConfig), (26 bytes).
    Removing mdr32f9qx_timer.o(i.TIMER_ChnOutStructInit), (22 bytes).
    Removing mdr32f9qx_timer.o(i.TIMER_ChnREFFormatConfig), (24 bytes).
    Removing mdr32f9qx_timer.o(i.TIMER_ChnStructInit), (28 bytes).
    Removing mdr32f9qx_timer.o(i.TIMER_ClearFlag), (6 bytes).
    Removing mdr32f9qx_timer.o(i.TIMER_Cmd), (20 bytes).
    Removing mdr32f9qx_timer.o(i.TIMER_CntAutoreloadConfig), (18 bytes).
    Removing mdr32f9qx_timer.o(i.TIMER_CntEventSourceConfig), (14 bytes).
    Removing mdr32f9qx_timer.o(i.TIMER_CntInit), (54 bytes).
    Removing mdr32f9qx_timer.o(i.TIMER_CntStructInit), (28 bytes).
    Removing mdr32f9qx_timer.o(i.TIMER_CounterModeConfig), (14 bytes).
    Removing mdr32f9qx_timer.o(i.TIMER_DMACmd), (18 bytes).
    Removing mdr32f9qx_timer.o(i.TIMER_DeInit), (68 bytes).
    Removing mdr32f9qx_timer.o(i.TIMER_ETRFilterConfig), (16 bytes).
    Removing mdr32f9qx_timer.o(i.TIMER_ETRInputConfig), (22 bytes).
    Removing mdr32f9qx_timer.o(i.TIMER_ETRPolarityConfig), (14 bytes).
    Removing mdr32f9qx_timer.o(i.TIMER_ETRPrescalerConfig), (14 bytes).
    Removing mdr32f9qx_timer.o(i.TIMER_FilterSamplingConfig), (14 bytes).
    Removing mdr32f9qx_timer.o(i.TIMER_GetChnCapture), (18 bytes).
    Removing mdr32f9qx_timer.o(i.TIMER_GetChnCapture1), (18 bytes).
    Removing mdr32f9qx_timer.o(i.TIMER_GetChnWriteComplete), (28 bytes).
    Removing mdr32f9qx_timer.o(i.TIMER_GetCntWriteComplete), (18 bytes).
    Removing mdr32f9qx_timer.o(i.TIMER_GetCounter), (8 bytes).
    Removing mdr32f9qx_timer.o(i.TIMER_GetCounterDirection), (18 bytes).
    Removing mdr32f9qx_timer.o(i.TIMER_GetFlagStatus), (16 bytes).
    Removing mdr32f9qx_timer.o(i.TIMER_GetITStatus), (24 bytes).
    Removing mdr32f9qx_timer.o(i.TIMER_GetStatus), (6 bytes).
    Removing mdr32f9qx_timer.o(i.TIMER_ITConfig), (18 bytes).
    Removing mdr32f9qx_timer.o(i.TIMER_SetChnCompare), (14 bytes).
    Removing mdr32f9qx_timer.o(i.TIMER_SetChnCompare1), (14 bytes).
    Removing mdr32f9qx_timer.o(i.TIMER_SetCntAutoreload), (4 bytes).
    Removing mdr32f9qx_timer.o(i.TIMER_SetCntPrescaler), (4 bytes).
    Removing mdr32f9qx_timer.o(i.TIMER_SetCounter), (4 bytes).
    Removing mdr32f9qx_timer.o(i.TIMER_SetCounterDirection), (14 bytes).
    Removing mdr32f9qx_uart.o(.rev16_text), (4 bytes).
    Removing mdr32f9qx_uart.o(.revsh_text), (4 bytes).
    Removing mdr32f9qx_uart.o(i.UART_BreakLine), (24 bytes).
    Removing mdr32f9qx_uart.o(i.UART_ClearITPendingBit), (8 bytes).
    Removing mdr32f9qx_uart.o(i.UART_DMACmd), (24 bytes).
    Removing mdr32f9qx_uart.o(i.UART_DMAConfig), (8 bytes).
    Removing mdr32f9qx_uart.o(i.UART_DeInit), (38 bytes).
    Removing mdr32f9qx_uart.o(i.UART_GetITStatus), (18 bytes).
    Removing mdr32f9qx_uart.o(i.UART_GetITStatusMasked), (16 bytes).
    Removing mdr32f9qx_uart.o(i.UART_ITConfig), (18 bytes).
    Removing mdr32f9qx_uart.o(i.UART_IrDACmd), (24 bytes).
    Removing mdr32f9qx_uart.o(i.UART_IrDAConfig), (40 bytes).
    Removing mdr32f9qx_uart.o(i.UART_SendData), (6 bytes).
    Removing mdr32f9qx_uart.o(i.UART_StructInit), (24 bytes).

173 unused section(s) (total 4560 bytes) removed from the image.

==============================================================================

Image Symbol Table

    Local Symbols

    Symbol Name                              Value     Ov Type        Size  Object(Section)

    ../clib/angel/boardlib.s                 0x00000000   Number         0  boardinit1.o ABSOLUTE
    ../clib/angel/boardlib.s                 0x00000000   Number         0  boardinit2.o ABSOLUTE
    ../clib/angel/boardlib.s                 0x00000000   Number         0  boardinit3.o ABSOLUTE
    ../clib/angel/boardlib.s                 0x00000000   Number         0  boardshut.o ABSOLUTE
    ../clib/angel/dclz77c.s                  0x00000000   Number         0  __dclz77c.o ABSOLUTE
    ../clib/angel/handlers.s                 0x00000000   Number         0  __scatter_zi.o ABSOLUTE
    ../clib/angel/kernel.s                   0x00000000   Number         0  rtexit2.o ABSOLUTE
    ../clib/angel/kernel.s                   0x00000000   Number         0  __rtentry.o ABSOLUTE
    ../clib/angel/kernel.s                   0x00000000   Number         0  __rtentry2.o ABSOLUTE
    ../clib/angel/kernel.s                   0x00000000   Number         0  __rtentry4.o ABSOLUTE
    ../clib/angel/kernel.s                   0x00000000   Number         0  rtexit.o ABSOLUTE
    ../clib/angel/rt.s                       0x00000000   Number         0  rt_raise.o ABSOLUTE
    ../clib/angel/scatter.s                  0x00000000   Number         0  __scatter.o ABSOLUTE
    ../clib/angel/startup.s                  0x00000000   Number         0  __main.o ABSOLUTE
    ../clib/angel/sys.s                      0x00000000   Number         0  sys_stackheap_outer.o ABSOLUTE
    ../clib/angel/sys.s                      0x00000000   Number         0  libspace.o ABSOLUTE
    ../clib/angel/sys.s                      0x00000000   Number         0  indicate_semi.o ABSOLUTE
    ../clib/angel/sys.s                      0x00000000   Number         0  use_no_semi.o ABSOLUTE
    ../clib/angel/sysapp.c                   0x00000000   Number         0  sys_wrch.o ABSOLUTE
    ../clib/angel/sysapp.c                   0x00000000   Number         0  sys_command.o ABSOLUTE
    ../clib/angel/sysapp.c                   0x00000000   Number         0  sys_exit.o ABSOLUTE
    ../clib/armsys.c                         0x00000000   Number         0  argv_veneer.o ABSOLUTE
    ../clib/armsys.c                         0x00000000   Number         0  argv_veneer.o ABSOLUTE
    ../clib/armsys.c                         0x00000000   Number         0  no_argv.o ABSOLUTE
    ../clib/armsys.c                         0x00000000   Number         0  _get_argv_nomalloc.o ABSOLUTE
    ../clib/heapalloc.c                      0x00000000   Number         0  hrguard.o ABSOLUTE
    ../clib/heapaux.c                        0x00000000   Number         0  heapauxi.o ABSOLUTE
    ../clib/libinit.s                        0x00000000   Number         0  libshutdown.o ABSOLUTE
    ../clib/libinit.s                        0x00000000   Number         0  libinit2.o ABSOLUTE
    ../clib/libinit.s                        0x00000000   Number         0  libshutdown2.o ABSOLUTE
    ../clib/libinit.s                        0x00000000   Number         0  libinit.o ABSOLUTE
    ../clib/signal.c                         0x00000000   Number         0  defsig_rtred_inner.o ABSOLUTE
    ../clib/signal.c                         0x00000000   Number         0  defsig_rtmem_outer.o ABSOLUTE
    ../clib/signal.c                         0x00000000   Number         0  __raise.o ABSOLUTE
    ../clib/signal.c                         0x00000000   Number         0  defsig_rtmem_inner.o ABSOLUTE
    ../clib/signal.c                         0x00000000   Number         0  defsig_other.o ABSOLUTE
    ../clib/signal.c                         0x00000000   Number         0  defsig_segv_inner.o ABSOLUTE
    ../clib/signal.c                         0x00000000   Number         0  defsig_cppl_inner.o ABSOLUTE
    ../clib/signal.c                         0x00000000   Number         0  defsig_pvfn_inner.o ABSOLUTE
    ../clib/signal.c                         0x00000000   Number         0  defsig_stak_inner.o ABSOLUTE
    ../clib/signal.c                         0x00000000   Number         0  defsig_exit.o ABSOLUTE
    ../clib/signal.c                         0x00000000   Number         0  defsig_fpe_inner.o ABSOLUTE
    ../clib/signal.c                         0x00000000   Number         0  defsig_abrt_inner.o ABSOLUTE
    ../clib/signal.c                         0x00000000   Number         0  defsig_general.o ABSOLUTE
    ../clib/signal.c                         0x00000000   Number         0  defsig_rtmem_formal.o ABSOLUTE
    ../clib/signal.s                         0x00000000   Number         0  defsig.o ABSOLUTE
    ../clib/stdlib.c                         0x00000000   Number         0  exit.o ABSOLUTE
    ../fplib/fpinit.s                        0x00000000   Number         0  fpinit.o ABSOLUTE
    1986be9x_it.c                            0x00000000   Number         0  1986be9x_it.o ABSOLUTE
    1986be9x_it.c                            0x00000000   Number         0  1986be9x_it.o ABSOLUTE
    C:\Users\Yurez\AppData\Local\Arm\Packs\Keil\MDR1986BExx\1.5.3\Libraries\MDR32F9Qx_StdPeriph_Driver\src\MDR32F9Qx_can.c 0x00000000   Number         0  mdr32f9qx_can.o ABSOLUTE
    C:\Users\Yurez\AppData\Local\Arm\Packs\Keil\MDR1986BExx\1.5.3\Libraries\MDR32F9Qx_StdPeriph_Driver\src\MDR32F9Qx_port.c 0x00000000   Number         0  mdr32f9qx_port.o ABSOLUTE
    C:\Users\Yurez\AppData\Local\Arm\Packs\Keil\MDR1986BExx\1.5.3\Libraries\MDR32F9Qx_StdPeriph_Driver\src\MDR32F9Qx_rst_clk.c 0x00000000   Number         0  mdr32f9qx_rst_clk.o ABSOLUTE
    C:\Users\Yurez\AppData\Local\Arm\Packs\Keil\MDR1986BExx\1.5.3\Libraries\MDR32F9Qx_StdPeriph_Driver\src\MDR32F9Qx_ssp.c 0x00000000   Number         0  mdr32f9qx_ssp.o ABSOLUTE
    C:\Users\Yurez\AppData\Local\Arm\Packs\Keil\MDR1986BExx\1.5.3\Libraries\MDR32F9Qx_StdPeriph_Driver\src\MDR32F9Qx_timer.c 0x00000000   Number         0  mdr32f9qx_timer.o ABSOLUTE
    C:\Users\Yurez\AppData\Local\Arm\Packs\Keil\MDR1986BExx\1.5.3\Libraries\MDR32F9Qx_StdPeriph_Driver\src\MDR32F9Qx_uart.c 0x00000000   Number         0  mdr32f9qx_uart.o ABSOLUTE
    C:\\Users\\Yurez\\AppData\\Local\\Arm\\Packs\\Keil\\MDR1986BExx\\1.5.3\\Libraries\\MDR32F9Qx_StdPeriph_Driver\\src\\MDR32F9Qx_can.c 0x00000000   Number         0  mdr32f9qx_can.o ABSOLUTE
    C:\\Users\\Yurez\\AppData\\Local\\Arm\\Packs\\Keil\\MDR1986BExx\\1.5.3\\Libraries\\MDR32F9Qx_StdPeriph_Driver\\src\\MDR32F9Qx_port.c 0x00000000   Number         0  mdr32f9qx_port.o ABSOLUTE
    C:\\Users\\Yurez\\AppData\\Local\\Arm\\Packs\\Keil\\MDR1986BExx\\1.5.3\\Libraries\\MDR32F9Qx_StdPeriph_Driver\\src\\MDR32F9Qx_rst_clk.c 0x00000000   Number         0  mdr32f9qx_rst_clk.o ABSOLUTE
    C:\\Users\\Yurez\\AppData\\Local\\Arm\\Packs\\Keil\\MDR1986BExx\\1.5.3\\Libraries\\MDR32F9Qx_StdPeriph_Driver\\src\\MDR32F9Qx_ssp.c 0x00000000   Number         0  mdr32f9qx_ssp.o ABSOLUTE
    C:\\Users\\Yurez\\AppData\\Local\\Arm\\Packs\\Keil\\MDR1986BExx\\1.5.3\\Libraries\\MDR32F9Qx_StdPeriph_Driver\\src\\MDR32F9Qx_timer.c 0x00000000   Number         0  mdr32f9qx_timer.o ABSOLUTE
    C:\\Users\\Yurez\\AppData\\Local\\Arm\\Packs\\Keil\\MDR1986BExx\\1.5.3\\Libraries\\MDR32F9Qx_StdPeriph_Driver\\src\\MDR32F9Qx_uart.c 0x00000000   Number         0  mdr32f9qx_uart.o ABSOLUTE
    RTE\Device\MDR1986BE92\startup_MDR32F9Qx.s 0x00000000   Number         0  startup_mdr32f9qx.o ABSOLUTE
    RTE\Device\MDR1986BE92\system_MDR32F9Qx.c 0x00000000   Number         0  system_mdr32f9qx.o ABSOLUTE
    RTE\\Device\\MDR1986BE92\\system_MDR32F9Qx.c 0x00000000   Number         0  system_mdr32f9qx.o ABSOLUTE
    UART_main.c                              0x00000000   Number         0  uart_main.o ABSOLUTE
    UART_main.c                              0x00000000   Number         0  uart_main.o ABSOLUTE
    dc.s                                     0x00000000   Number         0  dc.o ABSOLUTE
    main.c                                   0x00000000   Number         0  main.o ABSOLUTE
    main.c                                   0x00000000   Number         0  main.o ABSOLUTE
    mlt\\mlt_lcd.c                           0x00000000   Number         0  mlt_lcd_1.o ABSOLUTE
    mlt\mlt_lcd.c                            0x00000000   Number         0  mlt_lcd_1.o ABSOLUTE
    RESET                                    0x08000000   Section      192  startup_mdr32f9qx.o(RESET)
    !!!main                                  0x080000c0   Section        8  __main.o(!!!main)
    !!!scatter                               0x080000c8   Section       52  __scatter.o(!!!scatter)
    !!dclz77c                                0x080000fc   Section      100  __dclz77c.o(!!dclz77c)
    !!handler_zi                             0x08000160   Section       28  __scatter_zi.o(!!handler_zi)
    .ARM.Collect$$libinit$$00000000          0x0800017c   Section        2  libinit.o(.ARM.Collect$$libinit$$00000000)
    .ARM.Collect$$libinit$$00000002          0x0800017e   Section        0  libinit2.o(.ARM.Collect$$libinit$$00000002)
    .ARM.Collect$$libinit$$00000004          0x0800017e   Section        0  libinit2.o(.ARM.Collect$$libinit$$00000004)
    .ARM.Collect$$libinit$$0000000A          0x0800017e   Section        0  libinit2.o(.ARM.Collect$$libinit$$0000000A)
    .ARM.Collect$$libinit$$0000000C          0x0800017e   Section        0  libinit2.o(.ARM.Collect$$libinit$$0000000C)
    .ARM.Collect$$libinit$$0000000E          0x0800017e   Section        0  libinit2.o(.ARM.Collect$$libinit$$0000000E)
    .ARM.Collect$$libinit$$00000011          0x0800017e   Section        0  libinit2.o(.ARM.Collect$$libinit$$00000011)
    .ARM.Collect$$libinit$$00000013          0x0800017e   Section        0  libinit2.o(.ARM.Collect$$libinit$$00000013)
    .ARM.Collect$$libinit$$00000015          0x0800017e   Section        0  libinit2.o(.ARM.Collect$$libinit$$00000015)
    .ARM.Collect$$libinit$$00000017          0x0800017e   Section        0  libinit2.o(.ARM.Collect$$libinit$$00000017)
    .ARM.Collect$$libinit$$00000019          0x0800017e   Section        0  libinit2.o(.ARM.Collect$$libinit$$00000019)
    .ARM.Collect$$libinit$$0000001B          0x0800017e   Section        0  libinit2.o(.ARM.Collect$$libinit$$0000001B)
    .ARM.Collect$$libinit$$0000001D          0x0800017e   Section        0  libinit2.o(.ARM.Collect$$libinit$$0000001D)
    .ARM.Collect$$libinit$$0000001F          0x0800017e   Section        0  libinit2.o(.ARM.Collect$$libinit$$0000001F)
    .ARM.Collect$$libinit$$00000021          0x0800017e   Section        0  libinit2.o(.ARM.Collect$$libinit$$00000021)
    .ARM.Collect$$libinit$$00000023          0x0800017e   Section        0  libinit2.o(.ARM.Collect$$libinit$$00000023)
    .ARM.Collect$$libinit$$00000025          0x0800017e   Section        0  libinit2.o(.ARM.Collect$$libinit$$00000025)
    .ARM.Collect$$libinit$$0000002C          0x0800017e   Section        0  libinit2.o(.ARM.Collect$$libinit$$0000002C)
    .ARM.Collect$$libinit$$0000002E          0x0800017e   Section        0  libinit2.o(.ARM.Collect$$libinit$$0000002E)
    .ARM.Collect$$libinit$$00000030          0x0800017e   Section        0  libinit2.o(.ARM.Collect$$libinit$$00000030)
    .ARM.Collect$$libinit$$00000032          0x0800017e   Section        0  libinit2.o(.ARM.Collect$$libinit$$00000032)
    .ARM.Collect$$libinit$$00000033          0x0800017e   Section        2  libinit2.o(.ARM.Collect$$libinit$$00000033)
    .ARM.Collect$$libshutdown$$00000000      0x08000180   Section        2  libshutdown.o(.ARM.Collect$$libshutdown$$00000000)
    .ARM.Collect$$libshutdown$$00000002      0x08000182   Section        0  libshutdown2.o(.ARM.Collect$$libshutdown$$00000002)
    .ARM.Collect$$libshutdown$$00000004      0x08000182   Section        0  libshutdown2.o(.ARM.Collect$$libshutdown$$00000004)
    .ARM.Collect$$libshutdown$$00000007      0x08000182   Section        0  libshutdown2.o(.ARM.Collect$$libshutdown$$00000007)
    .ARM.Collect$$libshutdown$$0000000A      0x08000182   Section        0  libshutdown2.o(.ARM.Collect$$libshutdown$$0000000A)
    .ARM.Collect$$libshutdown$$0000000C      0x08000182   Section        0  libshutdown2.o(.ARM.Collect$$libshutdown$$0000000C)
    .ARM.Collect$$libshutdown$$0000000F      0x08000182   Section        0  libshutdown2.o(.ARM.Collect$$libshutdown$$0000000F)
    .ARM.Collect$$libshutdown$$00000010      0x08000182   Section        2  libshutdown2.o(.ARM.Collect$$libshutdown$$00000010)
    .ARM.Collect$$rtentry$$00000000          0x08000184   Section        0  __rtentry.o(.ARM.Collect$$rtentry$$00000000)
    .ARM.Collect$$rtentry$$00000002          0x08000184   Section        0  __rtentry2.o(.ARM.Collect$$rtentry$$00000002)
    .ARM.Collect$$rtentry$$00000004          0x08000184   Section        6  __rtentry4.o(.ARM.Collect$$rtentry$$00000004)
    .ARM.Collect$$rtentry$$00000009          0x0800018a   Section        0  __rtentry2.o(.ARM.Collect$$rtentry$$00000009)
    .ARM.Collect$$rtentry$$0000000A          0x0800018a   Section        4  __rtentry2.o(.ARM.Collect$$rtentry$$0000000A)
    .ARM.Collect$$rtentry$$0000000C          0x0800018e   Section        0  __rtentry2.o(.ARM.Collect$$rtentry$$0000000C)
    .ARM.Collect$$rtentry$$0000000D          0x0800018e   Section        8  __rtentry2.o(.ARM.Collect$$rtentry$$0000000D)
    .ARM.Collect$$rtexit$$00000000           0x08000196   Section        2  rtexit.o(.ARM.Collect$$rtexit$$00000000)
    .ARM.Collect$$rtexit$$00000002           0x08000198   Section        0  rtexit2.o(.ARM.Collect$$rtexit$$00000002)
    .ARM.Collect$$rtexit$$00000003           0x08000198   Section        4  rtexit2.o(.ARM.Collect$$rtexit$$00000003)
    .ARM.Collect$$rtexit$$00000004           0x0800019c   Section        6  rtexit2.o(.ARM.Collect$$rtexit$$00000004)
    .text                                    0x080001a4   Section       64  startup_mdr32f9qx.o(.text)
    .text                                    0x080001e4   Section        0  heapauxi.o(.text)
    .text                                    0x080001ea   Section       74  sys_stackheap_outer.o(.text)
    .text                                    0x08000234   Section        0  exit.o(.text)
    .text                                    0x08000248   Section        8  libspace.o(.text)
    .text                                    0x08000250   Section        0  sys_exit.o(.text)
    .text                                    0x0800025c   Section        2  use_no_semi.o(.text)
    .text                                    0x0800025e   Section        0  indicate_semi.o(.text)
    i.ADC_IRQHandler                         0x0800025e   Section        0  1986be9x_it.o(i.ADC_IRQHandler)
    i.BACKUP_IRQHandler                      0x08000260   Section        0  1986be9x_it.o(i.BACKUP_IRQHandler)
    i.BusFault_Handler                       0x08000262   Section        0  1986be9x_it.o(i.BusFault_Handler)
    i.ButtonPinGfg                           0x08000268   Section        0  main.o(i.ButtonPinGfg)
    i.CAN1_IRQHandler                        0x080002ac   Section        0  1986be9x_it.o(i.CAN1_IRQHandler)
    i.CAN2_IRQHandler                        0x080002ae   Section        0  1986be9x_it.o(i.CAN2_IRQHandler)
    i.COMPARATOR_IRQHandler                  0x080002b0   Section        0  1986be9x_it.o(i.COMPARATOR_IRQHandler)
    i.DMA_IRQHandler                         0x080002b2   Section        0  1986be9x_it.o(i.DMA_IRQHandler)
    i.DebugMon_Handler                       0x080002b4   Section        0  1986be9x_it.o(i.DebugMon_Handler)
    i.DispOn                                 0x080002b8   Section        0  mlt_lcd_1.o(i.DispOn)
    i.EXT_INT1_IRQHandler                    0x08000384   Section        0  1986be9x_it.o(i.EXT_INT1_IRQHandler)
    i.EXT_INT2_IRQHandler                    0x08000386   Section        0  1986be9x_it.o(i.EXT_INT2_IRQHandler)
    i.EXT_INT3_IRQHandler                    0x08000388   Section        0  1986be9x_it.o(i.EXT_INT3_IRQHandler)
    i.EXT_INT4_IRQHandler                    0x0800038a   Section        0  1986be9x_it.o(i.EXT_INT4_IRQHandler)
    i.HardFault_Handler                      0x0800038c   Section        0  1986be9x_it.o(i.HardFault_Handler)
    i.I2C_IRQHandler                         0x08000390   Section        0  1986be9x_it.o(i.I2C_IRQHandler)
    i.LcdClearChip                           0x08000392   Section        0  mlt_lcd_1.o(i.LcdClearChip)
    i.LcdClearPage                           0x080003aa   Section        0  mlt_lcd_1.o(i.LcdClearPage)
    i.LcdInit                                0x080003ec   Section        0  mlt_lcd_1.o(i.LcdInit)
    i.LcdPutChar                             0x0800042c   Section        0  mlt_lcd_1.o(i.LcdPutChar)
    i.LcdPutString                           0x08000494   Section        0  mlt_lcd_1.o(i.LcdPutString)
    i.LcdScrollString                        0x0800052c   Section        0  mlt_lcd_1.o(i.LcdScrollString)
    i.LedTest                                0x080005ae   Section        0  main.o(i.LedTest)
    i.MemManage_Handler                      0x080005b0   Section        0  1986be9x_it.o(i.MemManage_Handler)
    i.MltDelay                               0x080005b4   Section        0  mlt_lcd_1.o(i.MltDelay)
    i.MltPinCfg                              0x080005c0   Section        0  main.o(i.MltPinCfg)
    i.NMI_Handler                            0x08000628   Section        0  1986be9x_it.o(i.NMI_Handler)
    i.PORT_Init                              0x0800062c   Section        0  mdr32f9qx_port.o(i.PORT_Init)
    i.PORT_ReadInputDataBit                  0x080007f4   Section        0  mdr32f9qx_port.o(i.PORT_ReadInputDataBit)
    i.PORT_ResetBits                         0x08000804   Section        0  mdr32f9qx_port.o(i.PORT_ResetBits)
    i.PORT_SetBits                           0x08000820   Section        0  mdr32f9qx_port.o(i.PORT_SetBits)
    i.POWER_IRQHandler                       0x0800083c   Section        0  1986be9x_it.o(i.POWER_IRQHandler)
    i.PendSV_Handler                         0x0800083e   Section        0  1986be9x_it.o(i.PendSV_Handler)
    i.RST_CLK_CPU_PLLconfig                  0x08000840   Section        0  mdr32f9qx_rst_clk.o(i.RST_CLK_CPU_PLLconfig)
    i.RST_CLK_GetClocksFreq                  0x08000880   Section        0  mdr32f9qx_rst_clk.o(i.RST_CLK_GetClocksFreq)
    i.RST_CLK_GetFlagStatus                  0x08000af4   Section        0  mdr32f9qx_rst_clk.o(i.RST_CLK_GetFlagStatus)
    i.RST_CLK_HSEconfig                      0x08000b28   Section        0  mdr32f9qx_rst_clk.o(i.RST_CLK_HSEconfig)
    i.RST_CLK_HSEstatus                      0x08000b64   Section        0  mdr32f9qx_rst_clk.o(i.RST_CLK_HSEstatus)
    i.RST_CLK_LSEconfig                      0x08000b98   Section        0  mdr32f9qx_rst_clk.o(i.RST_CLK_LSEconfig)
    i.RST_CLK_LSEstatus                      0x08000bd4   Section        0  mdr32f9qx_rst_clk.o(i.RST_CLK_LSEstatus)
    i.RST_CLK_PCLKcmd                        0x08000c08   Section        0  mdr32f9qx_rst_clk.o(i.RST_CLK_PCLKcmd)
    i.ReadStatus                             0x08000c28   Section        0  mlt_lcd_1.o(i.ReadStatus)
    i.SSP1_IRQHandler                        0x08000cf0   Section        0  1986be9x_it.o(i.SSP1_IRQHandler)
    i.SSP2_IRQHandler                        0x08000cf2   Section        0  1986be9x_it.o(i.SSP2_IRQHandler)
    i.SVC_Handler                            0x08000cf4   Section        0  1986be9x_it.o(i.SVC_Handler)
    i.SetAdress                              0x08000cf8   Section        0  mlt_lcd_1.o(i.SetAdress)
    i.SetDataBits                            0x08000dc8   Section        0  mlt_lcd_1.o(i.SetDataBits)
    i.SetPage                                0x08000e0c   Section        0  mlt_lcd_1.o(i.SetPage)
    i.SysTick_Handler                        0x08000edc   Section        0  1986be9x_it.o(i.SysTick_Handler)
    i.SystemCoreClockUpdate                  0x08000ee0   Section        0  system_mdr32f9qx.o(i.SystemCoreClockUpdate)
    i.SystemInit                             0x08000f70   Section        0  system_mdr32f9qx.o(i.SystemInit)
    i.Tim1Setup                              0x08000fb0   Section        0  main.o(i.Tim1Setup)
    i.Timer1_IRQHandler                      0x08001000   Section        0  1986be9x_it.o(i.Timer1_IRQHandler)
    i.Timer2_IRQHandler                      0x080013cc   Section        0  1986be9x_it.o(i.Timer2_IRQHandler)
    i.Timer3_IRQHandler                      0x080013ce   Section        0  1986be9x_it.o(i.Timer3_IRQHandler)
    i.UART1_IRQHandler                       0x080013d0   Section        0  1986be9x_it.o(i.UART1_IRQHandler)
    i.UART2_IRQHandler                       0x080013d2   Section        0  1986be9x_it.o(i.UART2_IRQHandler)
    i.UART_BRGInit                           0x080013d4   Section        0  mdr32f9qx_uart.o(i.UART_BRGInit)
    i.UART_Cmd                               0x08001410   Section        0  mdr32f9qx_uart.o(i.UART_Cmd)
    i.UART_GetFlagStatus                     0x08001428   Section        0  mdr32f9qx_uart.o(i.UART_GetFlagStatus)
    i.UART_Init                              0x08001438   Section        0  mdr32f9qx_uart.o(i.UART_Init)
    i.UART_ReceiveData                       0x080014e8   Section        0  mdr32f9qx_uart.o(i.UART_ReceiveData)
    i.USBTest                                0x080014f0   Section        0  main.o(i.USBTest)
    i.Uart2PinCfg                            0x0800150c   Section        0  uart_main.o(i.Uart2PinCfg)
    i.Uart2Setup                             0x08001550   Section        0  uart_main.o(i.Uart2Setup)
    i.UartTest                               0x0800159c   Section        0  main.o(i.UartTest)
    i.UsageFault_Handler                     0x080015f0   Section        0  1986be9x_it.o(i.UsageFault_Handler)
    i.WWDG_IRQHandler                        0x080015f4   Section        0  1986be9x_it.o(i.WWDG_IRQHandler)
    i.WriteData                              0x080015f8   Section        0  mlt_lcd_1.o(i.WriteData)
    i.main                                   0x080016c8   Section        0  main.o(i.main)
    .data                                    0x20000000   Section     2328  1986be9x_it.o(.data)
    .data                                    0x20000918   Section       19  main.o(.data)
    .data                                    0x2000092c   Section        4  system_mdr32f9qx.o(.data)
    .bss                                     0x20000930   Section       28  main.o(.bss)
    PortInit                                 0x20000930   Data          12  main.o(.bss)
    UART_InitStructure                       0x2000093c   Data          16  main.o(.bss)
    .bss                                     0x2000094c   Section       28  uart_main.o(.bss)
    PortInit                                 0x2000094c   Data          12  uart_main.o(.bss)
    UART_InitStructure                       0x20000958   Data          16  uart_main.o(.bss)
    .bss                                     0x20000968   Section       96  libspace.o(.bss)
    HEAP                                     0x200009c8   Section      512  startup_mdr32f9qx.o(HEAP)
    Heap_Mem                                 0x200009c8   Data         512  startup_mdr32f9qx.o(HEAP)
    STACK                                    0x20000bc8   Section     1024  startup_mdr32f9qx.o(STACK)
    Stack_Mem                                0x20000bc8   Data        1024  startup_mdr32f9qx.o(STACK)
    __initial_sp                             0x20000fc8   Data           0  startup_mdr32f9qx.o(STACK)

    Global Symbols

    Symbol Name                              Value     Ov Type        Size  Object(Section)

    BuildAttributes$$THM_ISAv4$P$D$K$B$S$PE$A:L22UL41UL21$X:L11$S22US41US21$IEEE1$IW$USESV6$~STKCKD$USESV7$~SHL$OSPACE$ROPI$EBA8$UX$STANDARDLIB$REQ8$PRES8$EABIv2 0x00000000   Number         0  anon$$obj.o ABSOLUTE
    __ARM_use_no_argv                        0x00000000   Number         0  main.o ABSOLUTE
    __ARM_exceptions_init                     - Undefined Weak Reference
    __alloca_initialize                       - Undefined Weak Reference
    __arm_preinit_                            - Undefined Weak Reference
    __cpp_initialize__aeabi_                  - Undefined Weak Reference
    __cxa_finalize                            - Undefined Weak Reference
    __rt_locale                               - Undefined Weak Reference
    __sigvec_lookup                           - Undefined Weak Reference
    _atexit_init                              - Undefined Weak Reference
    _call_atexit_fns                          - Undefined Weak Reference
    _clock_init                               - Undefined Weak Reference
    _fp_trap_init                             - Undefined Weak Reference
    _fp_trap_shutdown                         - Undefined Weak Reference
    _get_lc_collate                           - Undefined Weak Reference
    _get_lc_ctype                             - Undefined Weak Reference
    _get_lc_monetary                          - Undefined Weak Reference
    _get_lc_numeric                           - Undefined Weak Reference
    _get_lc_time                              - Undefined Weak Reference
    _getenv_init                              - Undefined Weak Reference
    _handle_redirection                       - Undefined Weak Reference
    _init_alloc                               - Undefined Weak Reference
    _init_user_alloc                          - Undefined Weak Reference
    _initio                                   - Undefined Weak Reference
    _rand_init                                - Undefined Weak Reference
    _signal_finish                            - Undefined Weak Reference
    _signal_init                              - Undefined Weak Reference
    _terminate_alloc                          - Undefined Weak Reference
    _terminate_user_alloc                     - Undefined Weak Reference
    _terminateio                              - Undefined Weak Reference
    __Vectors_Size                           0x000000c0   Number         0  startup_mdr32f9qx.o ABSOLUTE
    __Vectors                                0x08000000   Data           4  startup_mdr32f9qx.o(RESET)
    __Vectors_End                            0x080000c0   Data           0  startup_mdr32f9qx.o(RESET)
    __main                                   0x080000c1   Thumb Code     8  __main.o(!!!main)
    __scatterload                            0x080000c9   Thumb Code     0  __scatter.o(!!!scatter)
    __scatterload_rt2                        0x080000c9   Thumb Code    44  __scatter.o(!!!scatter)
    __scatterload_rt2_thumb_only             0x080000c9   Thumb Code     0  __scatter.o(!!!scatter)
    __scatterload_null                       0x080000d7   Thumb Code     0  __scatter.o(!!!scatter)
    __decompress                             0x080000fd   Thumb Code   100  __dclz77c.o(!!dclz77c)
    __decompress2                            0x080000fd   Thumb Code     0  __dclz77c.o(!!dclz77c)
    __scatterload_zeroinit                   0x08000161   Thumb Code    28  __scatter_zi.o(!!handler_zi)
    __rt_lib_init                            0x0800017d   Thumb Code     0  libinit.o(.ARM.Collect$$libinit$$00000000)
    __rt_lib_init_alloca_1                   0x0800017f   Thumb Code     0  libinit2.o(.ARM.Collect$$libinit$$0000002E)
    __rt_lib_init_argv_1                     0x0800017f   Thumb Code     0  libinit2.o(.ARM.Collect$$libinit$$0000002C)
    __rt_lib_init_atexit_1                   0x0800017f   Thumb Code     0  libinit2.o(.ARM.Collect$$libinit$$0000001B)
    __rt_lib_init_clock_1                    0x0800017f   Thumb Code     0  libinit2.o(.ARM.Collect$$libinit$$00000021)
    __rt_lib_init_cpp_1                      0x0800017f   Thumb Code     0  libinit2.o(.ARM.Collect$$libinit$$00000032)
    __rt_lib_init_exceptions_1               0x0800017f   Thumb Code     0  libinit2.o(.ARM.Collect$$libinit$$00000030)
    __rt_lib_init_fp_1                       0x0800017f   Thumb Code     0  libinit2.o(.ARM.Collect$$libinit$$00000002)
    __rt_lib_init_fp_trap_1                  0x0800017f   Thumb Code     0  libinit2.o(.ARM.Collect$$libinit$$0000001F)
    __rt_lib_init_getenv_1                   0x0800017f   Thumb Code     0  libinit2.o(.ARM.Collect$$libinit$$00000023)
    __rt_lib_init_heap_1                     0x0800017f   Thumb Code     0  libinit2.o(.ARM.Collect$$libinit$$0000000A)
    __rt_lib_init_lc_collate_1               0x0800017f   Thumb Code     0  libinit2.o(.ARM.Collect$$libinit$$00000011)
    __rt_lib_init_lc_ctype_1                 0x0800017f   Thumb Code     0  libinit2.o(.ARM.Collect$$libinit$$00000013)
    __rt_lib_init_lc_monetary_1              0x0800017f   Thumb Code     0  libinit2.o(.ARM.Collect$$libinit$$00000015)
    __rt_lib_init_lc_numeric_1               0x0800017f   Thumb Code     0  libinit2.o(.ARM.Collect$$libinit$$00000017)
    __rt_lib_init_lc_time_1                  0x0800017f   Thumb Code     0  libinit2.o(.ARM.Collect$$libinit$$00000019)
    __rt_lib_init_preinit_1                  0x0800017f   Thumb Code     0  libinit2.o(.ARM.Collect$$libinit$$00000004)
    __rt_lib_init_rand_1                     0x0800017f   Thumb Code     0  libinit2.o(.ARM.Collect$$libinit$$0000000E)
    __rt_lib_init_return                     0x0800017f   Thumb Code     0  libinit2.o(.ARM.Collect$$libinit$$00000033)
    __rt_lib_init_signal_1                   0x0800017f   Thumb Code     0  libinit2.o(.ARM.Collect$$libinit$$0000001D)
    __rt_lib_init_stdio_1                    0x0800017f   Thumb Code     0  libinit2.o(.ARM.Collect$$libinit$$00000025)
    __rt_lib_init_user_alloc_1               0x0800017f   Thumb Code     0  libinit2.o(.ARM.Collect$$libinit$$0000000C)
    __rt_lib_shutdown                        0x08000181   Thumb Code     0  libshutdown.o(.ARM.Collect$$libshutdown$$00000000)
    __rt_lib_shutdown_cpp_1                  0x08000183   Thumb Code     0  libshutdown2.o(.ARM.Collect$$libshutdown$$00000002)
    __rt_lib_shutdown_fp_trap_1              0x08000183   Thumb Code     0  libshutdown2.o(.ARM.Collect$$libshutdown$$00000007)
    __rt_lib_shutdown_heap_1                 0x08000183   Thumb Code     0  libshutdown2.o(.ARM.Collect$$libshutdown$$0000000F)
    __rt_lib_shutdown_return                 0x08000183   Thumb Code     0  libshutdown2.o(.ARM.Collect$$libshutdown$$00000010)
    __rt_lib_shutdown_signal_1               0x08000183   Thumb Code     0  libshutdown2.o(.ARM.Collect$$libshutdown$$0000000A)
    __rt_lib_shutdown_stdio_1                0x08000183   Thumb Code     0  libshutdown2.o(.ARM.Collect$$libshutdown$$00000004)
    __rt_lib_shutdown_user_alloc_1           0x08000183   Thumb Code     0  libshutdown2.o(.ARM.Collect$$libshutdown$$0000000C)
    __rt_entry                               0x08000185   Thumb Code     0  __rtentry.o(.ARM.Collect$$rtentry$$00000000)
    __rt_entry_presh_1                       0x08000185   Thumb Code     0  __rtentry2.o(.ARM.Collect$$rtentry$$00000002)
    __rt_entry_sh                            0x08000185   Thumb Code     0  __rtentry4.o(.ARM.Collect$$rtentry$$00000004)
    __rt_entry_li                            0x0800018b   Thumb Code     0  __rtentry2.o(.ARM.Collect$$rtentry$$0000000A)
    __rt_entry_postsh_1                      0x0800018b   Thumb Code     0  __rtentry2.o(.ARM.Collect$$rtentry$$00000009)
    __rt_entry_main                          0x0800018f   Thumb Code     0  __rtentry2.o(.ARM.Collect$$rtentry$$0000000D)
    __rt_entry_postli_1                      0x0800018f   Thumb Code     0  __rtentry2.o(.ARM.Collect$$rtentry$$0000000C)
    __rt_exit                                0x08000197   Thumb Code     0  rtexit.o(.ARM.Collect$$rtexit$$00000000)
    __rt_exit_ls                             0x08000199   Thumb Code     0  rtexit2.o(.ARM.Collect$$rtexit$$00000003)
    __rt_exit_prels_1                        0x08000199   Thumb Code     0  rtexit2.o(.ARM.Collect$$rtexit$$00000002)
    __rt_exit_exit                           0x0800019d   Thumb Code     0  rtexit2.o(.ARM.Collect$$rtexit$$00000004)
    Reset_Handler                            0x080001a5   Thumb Code     8  startup_mdr32f9qx.o(.text)
    USB_IRQHandler                           0x080001bf   Thumb Code     0  startup_mdr32f9qx.o(.text)
    __user_initial_stackheap                 0x080001c1   Thumb Code     0  startup_mdr32f9qx.o(.text)
    __use_two_region_memory                  0x080001e5   Thumb Code     2  heapauxi.o(.text)
    __rt_heap_escrow$2region                 0x080001e7   Thumb Code     2  heapauxi.o(.text)
    __rt_heap_expand$2region                 0x080001e9   Thumb Code     2  heapauxi.o(.text)
    __user_setup_stackheap                   0x080001eb   Thumb Code    74  sys_stackheap_outer.o(.text)
    exit                                     0x08000235   Thumb Code    18  exit.o(.text)
    __user_libspace                          0x08000249   Thumb Code     8  libspace.o(.text)
    __user_perproc_libspace                  0x08000249   Thumb Code     0  libspace.o(.text)
    __user_perthread_libspace                0x08000249   Thumb Code     0  libspace.o(.text)
    _sys_exit                                0x08000251   Thumb Code     8  sys_exit.o(.text)
    __I$use$semihosting                      0x0800025d   Thumb Code     0  use_no_semi.o(.text)
    __use_no_semihosting_swi                 0x0800025d   Thumb Code     2  use_no_semi.o(.text)
    ADC_IRQHandler                           0x0800025f   Thumb Code     2  1986be9x_it.o(i.ADC_IRQHandler)
    __semihosting_library_function           0x0800025f   Thumb Code     0  indicate_semi.o(.text)
    BACKUP_IRQHandler                        0x08000261   Thumb Code     2  1986be9x_it.o(i.BACKUP_IRQHandler)
    BusFault_Handler                         0x08000263   Thumb Code     4  1986be9x_it.o(i.BusFault_Handler)
    ButtonPinGfg                             0x08000269   Thumb Code    52  main.o(i.ButtonPinGfg)
    CAN1_IRQHandler                          0x080002ad   Thumb Code     2  1986be9x_it.o(i.CAN1_IRQHandler)
    CAN2_IRQHandler                          0x080002af   Thumb Code     2  1986be9x_it.o(i.CAN2_IRQHandler)
    COMPARATOR_IRQHandler                    0x080002b1   Thumb Code     2  1986be9x_it.o(i.COMPARATOR_IRQHandler)
    DMA_IRQHandler                           0x080002b3   Thumb Code     2  1986be9x_it.o(i.DMA_IRQHandler)
    DebugMon_Handler                         0x080002b5   Thumb Code     2  1986be9x_it.o(i.DebugMon_Handler)
    DispOn                                   0x080002b9   Thumb Code   188  mlt_lcd_1.o(i.DispOn)
    EXT_INT1_IRQHandler                      0x08000385   Thumb Code     2  1986be9x_it.o(i.EXT_INT1_IRQHandler)
    EXT_INT2_IRQHandler                      0x08000387   Thumb Code     2  1986be9x_it.o(i.EXT_INT2_IRQHandler)
    EXT_INT3_IRQHandler                      0x08000389   Thumb Code     2  1986be9x_it.o(i.EXT_INT3_IRQHandler)
    EXT_INT4_IRQHandler                      0x0800038b   Thumb Code     2  1986be9x_it.o(i.EXT_INT4_IRQHandler)
    HardFault_Handler                        0x0800038d   Thumb Code     4  1986be9x_it.o(i.HardFault_Handler)
    I2C_IRQHandler                           0x08000391   Thumb Code     2  1986be9x_it.o(i.I2C_IRQHandler)
    LcdClearChip                             0x08000393   Thumb Code    24  mlt_lcd_1.o(i.LcdClearChip)
    LcdClearPage                             0x080003ab   Thumb Code    64  mlt_lcd_1.o(i.LcdClearPage)
    LcdInit                                  0x080003ed   Thumb Code    58  mlt_lcd_1.o(i.LcdInit)
    LcdPutChar                               0x0800042d   Thumb Code   104  mlt_lcd_1.o(i.LcdPutChar)
    LcdPutString                             0x08000495   Thumb Code   152  mlt_lcd_1.o(i.LcdPutString)
    LcdScrollString                          0x0800052d   Thumb Code   130  mlt_lcd_1.o(i.LcdScrollString)
    LedTest                                  0x080005af   Thumb Code     2  main.o(i.LedTest)
    MemManage_Handler                        0x080005b1   Thumb Code     4  1986be9x_it.o(i.MemManage_Handler)
    MltDelay                                 0x080005b5   Thumb Code    12  mlt_lcd_1.o(i.MltDelay)
    MltPinCfg                                0x080005c1   Thumb Code    82  main.o(i.MltPinCfg)
    NMI_Handler                              0x08000629   Thumb Code     2  1986be9x_it.o(i.NMI_Handler)
    PORT_Init                                0x0800062d   Thumb Code   450  mdr32f9qx_port.o(i.PORT_Init)
    PORT_ReadInputDataBit                    0x080007f5   Thumb Code    16  mdr32f9qx_port.o(i.PORT_ReadInputDataBit)
    PORT_ResetBits                           0x08000805   Thumb Code    22  mdr32f9qx_port.o(i.PORT_ResetBits)
    PORT_SetBits                             0x08000821   Thumb Code    22  mdr32f9qx_port.o(i.PORT_SetBits)
    POWER_IRQHandler                         0x0800083d   Thumb Code     2  1986be9x_it.o(i.POWER_IRQHandler)
    PendSV_Handler                           0x0800083f   Thumb Code     2  1986be9x_it.o(i.PendSV_Handler)
    RST_CLK_CPU_PLLconfig                    0x08000841   Thumb Code    54  mdr32f9qx_rst_clk.o(i.RST_CLK_CPU_PLLconfig)
    RST_CLK_GetClocksFreq                    0x08000881   Thumb Code   620  mdr32f9qx_rst_clk.o(i.RST_CLK_GetClocksFreq)
    RST_CLK_GetFlagStatus                    0x08000af5   Thumb Code    42  mdr32f9qx_rst_clk.o(i.RST_CLK_GetFlagStatus)
    RST_CLK_HSEconfig                        0x08000b29   Thumb Code    56  mdr32f9qx_rst_clk.o(i.RST_CLK_HSEconfig)
    RST_CLK_HSEstatus                        0x08000b65   Thumb Code    52  mdr32f9qx_rst_clk.o(i.RST_CLK_HSEstatus)
    RST_CLK_LSEconfig                        0x08000b99   Thumb Code    56  mdr32f9qx_rst_clk.o(i.RST_CLK_LSEconfig)
    RST_CLK_LSEstatus                        0x08000bd5   Thumb Code    52  mdr32f9qx_rst_clk.o(i.RST_CLK_LSEstatus)
    RST_CLK_PCLKcmd                          0x08000c09   Thumb Code    26  mdr32f9qx_rst_clk.o(i.RST_CLK_PCLKcmd)
    ReadStatus                               0x08000c29   Thumb Code   182  mlt_lcd_1.o(i.ReadStatus)
    SSP1_IRQHandler                          0x08000cf1   Thumb Code     2  1986be9x_it.o(i.SSP1_IRQHandler)
    SSP2_IRQHandler                          0x08000cf3   Thumb Code     2  1986be9x_it.o(i.SSP2_IRQHandler)
    SVC_Handler                              0x08000cf5   Thumb Code     2  1986be9x_it.o(i.SVC_Handler)
    SetAdress                                0x08000cf9   Thumb Code   192  mlt_lcd_1.o(i.SetAdress)
    SetDataBits                              0x08000dc9   Thumb Code    60  mlt_lcd_1.o(i.SetDataBits)
    SetPage                                  0x08000e0d   Thumb Code   192  mlt_lcd_1.o(i.SetPage)
    SysTick_Handler                          0x08000edd   Thumb Code     2  1986be9x_it.o(i.SysTick_Handler)
    SystemCoreClockUpdate                    0x08000ee1   Thumb Code   130  system_mdr32f9qx.o(i.SystemCoreClockUpdate)
    SystemInit                               0x08000f71   Thumb Code    54  system_mdr32f9qx.o(i.SystemInit)
    Tim1Setup                                0x08000fb1   Thumb Code    72  main.o(i.Tim1Setup)
    Timer1_IRQHandler                        0x08001001   Thumb Code   820  1986be9x_it.o(i.Timer1_IRQHandler)
    Timer2_IRQHandler                        0x080013cd   Thumb Code     2  1986be9x_it.o(i.Timer2_IRQHandler)
    Timer3_IRQHandler                        0x080013cf   Thumb Code     2  1986be9x_it.o(i.Timer3_IRQHandler)
    UART1_IRQHandler                         0x080013d1   Thumb Code     2  1986be9x_it.o(i.UART1_IRQHandler)
    UART2_IRQHandler                         0x080013d3   Thumb Code     2  1986be9x_it.o(i.UART2_IRQHandler)
    UART_BRGInit                             0x080013d5   Thumb Code    48  mdr32f9qx_uart.o(i.UART_BRGInit)
    UART_Cmd                                 0x08001411   Thumb Code    24  mdr32f9qx_uart.o(i.UART_Cmd)
    UART_GetFlagStatus                       0x08001429   Thumb Code    16  mdr32f9qx_uart.o(i.UART_GetFlagStatus)
    UART_Init                                0x08001439   Thumb Code   162  mdr32f9qx_uart.o(i.UART_Init)
    UART_ReceiveData                         0x080014e9   Thumb Code     8  mdr32f9qx_uart.o(i.UART_ReceiveData)
    USBTest                                  0x080014f1   Thumb Code    24  main.o(i.USBTest)
    Uart2PinCfg                              0x0800150d   Thumb Code    58  uart_main.o(i.Uart2PinCfg)
    Uart2Setup                               0x08001551   Thumb Code    68  uart_main.o(i.Uart2Setup)
    UartTest                                 0x0800159d   Thumb Code    70  main.o(i.UartTest)
    UsageFault_Handler                       0x080015f1   Thumb Code     4  1986be9x_it.o(i.UsageFault_Handler)
    WWDG_IRQHandler                          0x080015f5   Thumb Code     2  1986be9x_it.o(i.WWDG_IRQHandler)
    WriteData                                0x080015f9   Thumb Code   190  mlt_lcd_1.o(i.WriteData)
    main                                     0x080016c9   Thumb Code   420  main.o(i.main)
    Region$$Table$$Base                      0x0800189c   Number         0  anon$$obj.o(Region$$Table)
    Region$$Table$$Limit                     0x080018bc   Number         0  anon$$obj.o(Region$$Table)
    dig_0                                    0x20000000   Data           8  1986be9x_it.o(.data)
    dig_1                                    0x20000008   Data           8  1986be9x_it.o(.data)
    dig_2                                    0x20000010   Data           8  1986be9x_it.o(.data)
    dig_3                                    0x20000018   Data           8  1986be9x_it.o(.data)
    dig_4                                    0x20000020   Data           8  1986be9x_it.o(.data)
    dig_5                                    0x20000028   Data           8  1986be9x_it.o(.data)
    dig_6                                    0x20000030   Data           8  1986be9x_it.o(.data)
    dig_7                                    0x20000038   Data           8  1986be9x_it.o(.data)
    dig_8                                    0x20000040   Data           8  1986be9x_it.o(.data)
    dig_9                                    0x20000048   Data           8  1986be9x_it.o(.data)
    lat_A                                    0x20000050   Data           8  1986be9x_it.o(.data)
    lat_B                                    0x20000058   Data           8  1986be9x_it.o(.data)
    lat_C                                    0x20000060   Data           8  1986be9x_it.o(.data)
    lat_D                                    0x20000068   Data           8  1986be9x_it.o(.data)
    lat_E                                    0x20000070   Data           8  1986be9x_it.o(.data)
    lat_F                                    0x20000078   Data           8  1986be9x_it.o(.data)
    lat_G                                    0x20000080   Data           8  1986be9x_it.o(.data)
    lat_H                                    0x20000088   Data           8  1986be9x_it.o(.data)
    lat_I                                    0x20000090   Data           8  1986be9x_it.o(.data)
    lat_J                                    0x20000098   Data           8  1986be9x_it.o(.data)
    lat_K                                    0x200000a0   Data           8  1986be9x_it.o(.data)
    lat_L                                    0x200000a8   Data           8  1986be9x_it.o(.data)
    lat_M                                    0x200000b0   Data           8  1986be9x_it.o(.data)
    lat_N                                    0x200000b8   Data           8  1986be9x_it.o(.data)
    lat_O                                    0x200000c0   Data           8  1986be9x_it.o(.data)
    lat_P                                    0x200000c8   Data           8  1986be9x_it.o(.data)
    lat_Q                                    0x200000d0   Data           8  1986be9x_it.o(.data)
    lat_R                                    0x200000d8   Data           8  1986be9x_it.o(.data)
    lat_S                                    0x200000e0   Data           8  1986be9x_it.o(.data)
    lat_T                                    0x200000e8   Data           8  1986be9x_it.o(.data)
    lat_U                                    0x200000f0   Data           8  1986be9x_it.o(.data)
    lat_V                                    0x200000f8   Data           8  1986be9x_it.o(.data)
    lat_W                                    0x20000100   Data           8  1986be9x_it.o(.data)
    lat_X                                    0x20000108   Data           8  1986be9x_it.o(.data)
    lat_Y                                    0x20000110   Data           8  1986be9x_it.o(.data)
    lat_Z                                    0x20000118   Data           8  1986be9x_it.o(.data)
    lat_a                                    0x20000120   Data           8  1986be9x_it.o(.data)
    lat_b                                    0x20000128   Data           8  1986be9x_it.o(.data)
    lat_c                                    0x20000130   Data           8  1986be9x_it.o(.data)
    lat_d                                    0x20000138   Data           8  1986be9x_it.o(.data)
    lat_e                                    0x20000140   Data           8  1986be9x_it.o(.data)
    lat_f                                    0x20000148   Data           8  1986be9x_it.o(.data)
    lat_g                                    0x20000150   Data           8  1986be9x_it.o(.data)
    lat_h                                    0x20000158   Data           8  1986be9x_it.o(.data)
    lat_i                                    0x20000160   Data           8  1986be9x_it.o(.data)
    lat_j                                    0x20000168   Data           8  1986be9x_it.o(.data)
    lat_k                                    0x20000170   Data           8  1986be9x_it.o(.data)
    lat_l                                    0x20000178   Data           8  1986be9x_it.o(.data)
    lat_m                                    0x20000180   Data           8  1986be9x_it.o(.data)
    lat_n                                    0x20000188   Data           8  1986be9x_it.o(.data)
    lat_o                                    0x20000190   Data           8  1986be9x_it.o(.data)
    lat_p                                    0x20000198   Data           8  1986be9x_it.o(.data)
    lat_q                                    0x200001a0   Data           8  1986be9x_it.o(.data)
    lat_r                                    0x200001a8   Data           8  1986be9x_it.o(.data)
    lat_s                                    0x200001b0   Data           8  1986be9x_it.o(.data)
    lat_t                                    0x200001b8   Data           8  1986be9x_it.o(.data)
    lat_u                                    0x200001c0   Data           8  1986be9x_it.o(.data)
    lat_v                                    0x200001c8   Data           8  1986be9x_it.o(.data)
    lat_w                                    0x200001d0   Data           8  1986be9x_it.o(.data)
    lat_x                                    0x200001d8   Data           8  1986be9x_it.o(.data)
    lat_y                                    0x200001e0   Data           8  1986be9x_it.o(.data)
    lat_z                                    0x200001e8   Data           8  1986be9x_it.o(.data)
    cyr_A                                    0x200001f0   Data           8  1986be9x_it.o(.data)
    cyr_B                                    0x200001f8   Data           8  1986be9x_it.o(.data)
    cyr_V                                    0x20000200   Data           8  1986be9x_it.o(.data)
    cyr_G                                    0x20000208   Data           8  1986be9x_it.o(.data)
    cyr_D                                    0x20000210   Data           8  1986be9x_it.o(.data)
    cyr_E                                    0x20000218   Data           8  1986be9x_it.o(.data)
    cyr_JO                                   0x20000220   Data           8  1986be9x_it.o(.data)
    cyr_ZH                                   0x20000228   Data           8  1986be9x_it.o(.data)
    cyr_Z                                    0x20000230   Data           8  1986be9x_it.o(.data)
    cyr_I                                    0x20000238   Data           8  1986be9x_it.o(.data)
    cyr_JJ                                   0x20000240   Data           8  1986be9x_it.o(.data)
    cyr_K                                    0x20000248   Data           8  1986be9x_it.o(.data)
    cyr_L                                    0x20000250   Data           8  1986be9x_it.o(.data)
    cyr_M                                    0x20000258   Data           8  1986be9x_it.o(.data)
    cyr_N                                    0x20000260   Data           8  1986be9x_it.o(.data)
    cyr_O                                    0x20000268   Data           8  1986be9x_it.o(.data)
    cyr_P                                    0x20000270   Data           8  1986be9x_it.o(.data)
    cyr_R                                    0x20000278   Data           8  1986be9x_it.o(.data)
    cyr_S                                    0x20000280   Data           8  1986be9x_it.o(.data)
    cyr_T                                    0x20000288   Data           8  1986be9x_it.o(.data)
    cyr_U                                    0x20000290   Data           8  1986be9x_it.o(.data)
    cyr_F                                    0x20000298   Data           8  1986be9x_it.o(.data)
    cyr_KH                                   0x200002a0   Data           8  1986be9x_it.o(.data)
    cyr_C                                    0x200002a8   Data           8  1986be9x_it.o(.data)
    cyr_CH                                   0x200002b0   Data           8  1986be9x_it.o(.data)
    cyr_SH                                   0x200002b8   Data           8  1986be9x_it.o(.data)
    cyr_SHH                                  0x200002c0   Data           8  1986be9x_it.o(.data)
    cyr_TZ                                   0x200002c8   Data           8  1986be9x_it.o(.data)
    cyr_Y                                    0x200002d0   Data           8  1986be9x_it.o(.data)
    cyr_MZ                                   0x200002d8   Data           8  1986be9x_it.o(.data)
    cyr_EH                                   0x200002e0   Data           8  1986be9x_it.o(.data)
    cyr_YU                                   0x200002e8   Data           8  1986be9x_it.o(.data)
    cyr_YA                                   0x200002f0   Data           8  1986be9x_it.o(.data)
    cyr_a                                    0x200002f8   Data           8  1986be9x_it.o(.data)
    cyr_b                                    0x20000300   Data           8  1986be9x_it.o(.data)
    cyr_v                                    0x20000308   Data           8  1986be9x_it.o(.data)
    cyr_g                                    0x20000310   Data           8  1986be9x_it.o(.data)
    cyr_d                                    0x20000318   Data           8  1986be9x_it.o(.data)
    cyr_e                                    0x20000320   Data           8  1986be9x_it.o(.data)
    cyr_jo                                   0x20000328   Data           8  1986be9x_it.o(.data)
    cyr_zh                                   0x20000330   Data           8  1986be9x_it.o(.data)
    cyr_z                                    0x20000338   Data           8  1986be9x_it.o(.data)
    cyr_i                                    0x20000340   Data           8  1986be9x_it.o(.data)
    cyr_jj                                   0x20000348   Data           8  1986be9x_it.o(.data)
    cyr_k                                    0x20000350   Data           8  1986be9x_it.o(.data)
    cyr_l                                    0x20000358   Data           8  1986be9x_it.o(.data)
    cyr_m                                    0x20000360   Data           8  1986be9x_it.o(.data)
    cyr_n                                    0x20000368   Data           8  1986be9x_it.o(.data)
    cyr_o                                    0x20000370   Data           8  1986be9x_it.o(.data)
    cyr_p                                    0x20000378   Data           8  1986be9x_it.o(.data)
    cyr_r                                    0x20000380   Data           8  1986be9x_it.o(.data)
    cyr_s                                    0x20000388   Data           8  1986be9x_it.o(.data)
    cyr_t                                    0x20000390   Data           8  1986be9x_it.o(.data)
    cyr_u                                    0x20000398   Data           8  1986be9x_it.o(.data)
    cyr_f                                    0x200003a0   Data           8  1986be9x_it.o(.data)
    cyr_kh                                   0x200003a8   Data           8  1986be9x_it.o(.data)
    cyr_c                                    0x200003b0   Data           8  1986be9x_it.o(.data)
    cyr_ch                                   0x200003b8   Data           8  1986be9x_it.o(.data)
    cyr_sh                                   0x200003c0   Data           8  1986be9x_it.o(.data)
    cyr_shh                                  0x200003c8   Data           8  1986be9x_it.o(.data)
    cyr_tz                                   0x200003d0   Data           8  1986be9x_it.o(.data)
    cyr_y                                    0x200003d8   Data           8  1986be9x_it.o(.data)
    cyr_mz                                   0x200003e0   Data           8  1986be9x_it.o(.data)
    cyr_eh                                   0x200003e8   Data           8  1986be9x_it.o(.data)
    cyr_yu                                   0x200003f0   Data           8  1986be9x_it.o(.data)
    cyr_ya                                   0x200003f8   Data           8  1986be9x_it.o(.data)
    sym_sp                                   0x20000400   Data           8  1986be9x_it.o(.data)
    sym_pt                                   0x20000408   Data           8  1986be9x_it.o(.data)
    sym_def                                  0x20000410   Data           8  1986be9x_it.o(.data)
    sym_lcm                                  0x20000418   Data           8  1986be9x_it.o(.data)
    sym_rcm                                  0x20000420   Data           8  1986be9x_it.o(.data)
    cursor                                   0x20000428   Data           8  1986be9x_it.o(.data)
    count_main                               0x20000430   Data           4  1986be9x_it.o(.data)
    main_string                              0x20000434   Data         200  1986be9x_it.o(.data)
    menu_string                              0x200004fc   Data         256  1986be9x_it.o(.data)
    usb_string1                              0x200005fc   Data          64  1986be9x_it.o(.data)
    usb_string2                              0x2000063c   Data          64  1986be9x_it.o(.data)
    usb_string3                              0x2000067c   Data          64  1986be9x_it.o(.data)
    uart_string                              0x200006bc   Data          64  1986be9x_it.o(.data)
    pass_string                              0x200006fc   Data          64  1986be9x_it.o(.data)
    get_string                               0x2000073c   Data          64  1986be9x_it.o(.data)
    wait_string                              0x2000077c   Data          64  1986be9x_it.o(.data)
    fail_string                              0x200007bc   Data          64  1986be9x_it.o(.data)
    can_string                               0x200007fc   Data          64  1986be9x_it.o(.data)
    led_string                               0x2000083c   Data          64  1986be9x_it.o(.data)
    empty_string                             0x2000087c   Data          64  1986be9x_it.o(.data)
    finish_string                            0x200008bc   Data          64  1986be9x_it.o(.data)
    bottom_string                            0x200008fc   Data          28  1986be9x_it.o(.data)
    count_title                              0x20000918   Data           4  main.o(.data)
    MenuMainItem                             0x2000091c   Data           4  main.o(.data)
    CursorPosItem                            0x20000920   Data           4  main.o(.data)
    TestLedDone                              0x20000924   Data           1  main.o(.data)
    UartFlag                                 0x20000925   Data           1  main.o(.data)
    Can1Flag                                 0x20000926   Data           1  main.o(.data)
    Can2Flag                                 0x20000927   Data           1  main.o(.data)
    LedFlag                                  0x20000928   Data           1  main.o(.data)
    USBFlag                                  0x20000929   Data           1  main.o(.data)
    TestUartDone                             0x2000092a   Data           1  main.o(.data)
    SystemCoreClock                          0x2000092c   Data           4  system_mdr32f9qx.o(.data)
    __libspace_start                         0x20000968   Data          96  libspace.o(.bss)
    __temporary_stack_top$libspace           0x200009c8   Data           0  libspace.o(.bss)



==============================================================================

Memory Map of the image

  Image Entry point : 0x080001a5

  Load Region LR_1 (Base: 0x08000000, Size: 0x000021ec, Max: 0xffffffff, ABSOLUTE, COMPRESSED[0x00001d3c])

    Execution Region ER_RO (Exec base: 0x08000000, Load base: 0x08000000, Size: 0x000018bc, Max: 0xffffffff, ABSOLUTE)

    Exec Addr    Load Addr    Size         Type   Attr      Idx    E Section Name        Object

    0x08000000   0x08000000   0x000000c0   Data   RO          501    RESET               startup_mdr32f9qx.o
    0x080000c0   0x080000c0   0x00000008   Code   RO         1573  * !!!main             c_w.l(__main.o)
    0x080000c8   0x080000c8   0x00000034   Code   RO         1732    !!!scatter          c_w.l(__scatter.o)
    0x080000fc   0x080000fc   0x00000064   Code   RO         1730    !!dclz77c           c_w.l(__dclz77c.o)
    0x08000160   0x08000160   0x0000001c   Code   RO         1734    !!handler_zi        c_w.l(__scatter_zi.o)
    0x0800017c   0x0800017c   0x00000002   Code   RO         1600    .ARM.Collect$$libinit$$00000000  c_w.l(libinit.o)
    0x0800017e   0x0800017e   0x00000000   Code   RO         1607    .ARM.Collect$$libinit$$00000002  c_w.l(libinit2.o)
    0x0800017e   0x0800017e   0x00000000   Code   RO         1609    .ARM.Collect$$libinit$$00000004  c_w.l(libinit2.o)
    0x0800017e   0x0800017e   0x00000000   Code   RO         1612    .ARM.Collect$$libinit$$0000000A  c_w.l(libinit2.o)
    0x0800017e   0x0800017e   0x00000000   Code   RO         1614    .ARM.Collect$$libinit$$0000000C  c_w.l(libinit2.o)
    0x0800017e   0x0800017e   0x00000000   Code   RO         1616    .ARM.Collect$$libinit$$0000000E  c_w.l(libinit2.o)
    0x0800017e   0x0800017e   0x00000000   Code   RO         1619    .ARM.Collect$$libinit$$00000011  c_w.l(libinit2.o)
    0x0800017e   0x0800017e   0x00000000   Code   RO         1621    .ARM.Collect$$libinit$$00000013  c_w.l(libinit2.o)
    0x0800017e   0x0800017e   0x00000000   Code   RO         1623    .ARM.Collect$$libinit$$00000015  c_w.l(libinit2.o)
    0x0800017e   0x0800017e   0x00000000   Code   RO         1625    .ARM.Collect$$libinit$$00000017  c_w.l(libinit2.o)
    0x0800017e   0x0800017e   0x00000000   Code   RO         1627    .ARM.Collect$$libinit$$00000019  c_w.l(libinit2.o)
    0x0800017e   0x0800017e   0x00000000   Code   RO         1629    .ARM.Collect$$libinit$$0000001B  c_w.l(libinit2.o)
    0x0800017e   0x0800017e   0x00000000   Code   RO         1631    .ARM.Collect$$libinit$$0000001D  c_w.l(libinit2.o)
    0x0800017e   0x0800017e   0x00000000   Code   RO         1633    .ARM.Collect$$libinit$$0000001F  c_w.l(libinit2.o)
    0x0800017e   0x0800017e   0x00000000   Code   RO         1635    .ARM.Collect$$libinit$$00000021  c_w.l(libinit2.o)
    0x0800017e   0x0800017e   0x00000000   Code   RO         1637    .ARM.Collect$$libinit$$00000023  c_w.l(libinit2.o)
    0x0800017e   0x0800017e   0x00000000   Code   RO         1639    .ARM.Collect$$libinit$$00000025  c_w.l(libinit2.o)
    0x0800017e   0x0800017e   0x00000000   Code   RO         1643    .ARM.Collect$$libinit$$0000002C  c_w.l(libinit2.o)
    0x0800017e   0x0800017e   0x00000000   Code   RO         1645    .ARM.Collect$$libinit$$0000002E  c_w.l(libinit2.o)
    0x0800017e   0x0800017e   0x00000000   Code   RO         1647    .ARM.Collect$$libinit$$00000030  c_w.l(libinit2.o)
    0x0800017e   0x0800017e   0x00000000   Code   RO         1649    .ARM.Collect$$libinit$$00000032  c_w.l(libinit2.o)
    0x0800017e   0x0800017e   0x00000002   Code   RO         1650    .ARM.Collect$$libinit$$00000033  c_w.l(libinit2.o)
    0x08000180   0x08000180   0x00000002   Code   RO         1670    .ARM.Collect$$libshutdown$$00000000  c_w.l(libshutdown.o)
    0x08000182   0x08000182   0x00000000   Code   RO         1683    .ARM.Collect$$libshutdown$$00000002  c_w.l(libshutdown2.o)
    0x08000182   0x08000182   0x00000000   Code   RO         1685    .ARM.Collect$$libshutdown$$00000004  c_w.l(libshutdown2.o)
    0x08000182   0x08000182   0x00000000   Code   RO         1688    .ARM.Collect$$libshutdown$$00000007  c_w.l(libshutdown2.o)
    0x08000182   0x08000182   0x00000000   Code   RO         1691    .ARM.Collect$$libshutdown$$0000000A  c_w.l(libshutdown2.o)
    0x08000182   0x08000182   0x00000000   Code   RO         1693    .ARM.Collect$$libshutdown$$0000000C  c_w.l(libshutdown2.o)
    0x08000182   0x08000182   0x00000000   Code   RO         1696    .ARM.Collect$$libshutdown$$0000000F  c_w.l(libshutdown2.o)
    0x08000182   0x08000182   0x00000002   Code   RO         1697    .ARM.Collect$$libshutdown$$00000010  c_w.l(libshutdown2.o)
    0x08000184   0x08000184   0x00000000   Code   RO         1575    .ARM.Collect$$rtentry$$00000000  c_w.l(__rtentry.o)
    0x08000184   0x08000184   0x00000000   Code   RO         1577    .ARM.Collect$$rtentry$$00000002  c_w.l(__rtentry2.o)
    0x08000184   0x08000184   0x00000006   Code   RO         1589    .ARM.Collect$$rtentry$$00000004  c_w.l(__rtentry4.o)
    0x0800018a   0x0800018a   0x00000000   Code   RO         1579    .ARM.Collect$$rtentry$$00000009  c_w.l(__rtentry2.o)
    0x0800018a   0x0800018a   0x00000004   Code   RO         1580    .ARM.Collect$$rtentry$$0000000A  c_w.l(__rtentry2.o)
    0x0800018e   0x0800018e   0x00000000   Code   RO         1582    .ARM.Collect$$rtentry$$0000000C  c_w.l(__rtentry2.o)
    0x0800018e   0x0800018e   0x00000008   Code   RO         1583    .ARM.Collect$$rtentry$$0000000D  c_w.l(__rtentry2.o)
    0x08000196   0x08000196   0x00000002   Code   RO         1604    .ARM.Collect$$rtexit$$00000000  c_w.l(rtexit.o)
    0x08000198   0x08000198   0x00000000   Code   RO         1652    .ARM.Collect$$rtexit$$00000002  c_w.l(rtexit2.o)
    0x08000198   0x08000198   0x00000004   Code   RO         1653    .ARM.Collect$$rtexit$$00000003  c_w.l(rtexit2.o)
    0x0800019c   0x0800019c   0x00000006   Code   RO         1654    .ARM.Collect$$rtexit$$00000004  c_w.l(rtexit2.o)
    0x080001a2   0x080001a2   0x00000002   PAD
    0x080001a4   0x080001a4   0x00000040   Code   RO          502  * .text               startup_mdr32f9qx.o
    0x080001e4   0x080001e4   0x00000006   Code   RO         1571    .text               c_w.l(heapauxi.o)
    0x080001ea   0x080001ea   0x0000004a   Code   RO         1591    .text               c_w.l(sys_stackheap_outer.o)
    0x08000234   0x08000234   0x00000012   Code   RO         1593    .text               c_w.l(exit.o)
    0x08000246   0x08000246   0x00000002   PAD
    0x08000248   0x08000248   0x00000008   Code   RO         1601    .text               c_w.l(libspace.o)
    0x08000250   0x08000250   0x0000000c   Code   RO         1662    .text               c_w.l(sys_exit.o)
    0x0800025c   0x0800025c   0x00000002   Code   RO         1673    .text               c_w.l(use_no_semi.o)
    0x0800025e   0x0800025e   0x00000000   Code   RO         1675    .text               c_w.l(indicate_semi.o)
    0x0800025e   0x0800025e   0x00000002   Code   RO            3    i.ADC_IRQHandler    1986be9x_it.o
    0x08000260   0x08000260   0x00000002   Code   RO            4    i.BACKUP_IRQHandler  1986be9x_it.o
    0x08000262   0x08000262   0x00000004   Code   RO            5    i.BusFault_Handler  1986be9x_it.o
    0x08000266   0x08000266   0x00000002   PAD
    0x08000268   0x08000268   0x00000044   Code   RO          238    i.ButtonPinGfg      main.o
    0x080002ac   0x080002ac   0x00000002   Code   RO            6    i.CAN1_IRQHandler   1986be9x_it.o
    0x080002ae   0x080002ae   0x00000002   Code   RO            7    i.CAN2_IRQHandler   1986be9x_it.o
    0x080002b0   0x080002b0   0x00000002   Code   RO            8    i.COMPARATOR_IRQHandler  1986be9x_it.o
    0x080002b2   0x080002b2   0x00000002   Code   RO            9    i.DMA_IRQHandler    1986be9x_it.o
    0x080002b4   0x080002b4   0x00000002   Code   RO           10    i.DebugMon_Handler  1986be9x_it.o
    0x080002b6   0x080002b6   0x00000002   PAD
    0x080002b8   0x080002b8   0x000000cc   Code   RO          389    i.DispOn            mlt_lcd_1.o
    0x08000384   0x08000384   0x00000002   Code   RO           11    i.EXT_INT1_IRQHandler  1986be9x_it.o
    0x08000386   0x08000386   0x00000002   Code   RO           12    i.EXT_INT2_IRQHandler  1986be9x_it.o
    0x08000388   0x08000388   0x00000002   Code   RO           13    i.EXT_INT3_IRQHandler  1986be9x_it.o
    0x0800038a   0x0800038a   0x00000002   Code   RO           14    i.EXT_INT4_IRQHandler  1986be9x_it.o
    0x0800038c   0x0800038c   0x00000004   Code   RO           15    i.HardFault_Handler  1986be9x_it.o
    0x08000390   0x08000390   0x00000002   Code   RO           16    i.I2C_IRQHandler    1986be9x_it.o
    0x08000392   0x08000392   0x00000018   Code   RO          390    i.LcdClearChip      mlt_lcd_1.o
    0x080003aa   0x080003aa   0x00000040   Code   RO          391    i.LcdClearPage      mlt_lcd_1.o
    0x080003ea   0x080003ea   0x00000002   PAD
    0x080003ec   0x080003ec   0x00000040   Code   RO          392    i.LcdInit           mlt_lcd_1.o
    0x0800042c   0x0800042c   0x00000068   Code   RO          393    i.LcdPutChar        mlt_lcd_1.o
    0x08000494   0x08000494   0x00000098   Code   RO          395    i.LcdPutString      mlt_lcd_1.o
    0x0800052c   0x0800052c   0x00000082   Code   RO          396    i.LcdScrollString   mlt_lcd_1.o
    0x080005ae   0x080005ae   0x00000002   Code   RO          247    i.LedTest           main.o
    0x080005b0   0x080005b0   0x00000004   Code   RO           17    i.MemManage_Handler  1986be9x_it.o
    0x080005b4   0x080005b4   0x0000000c   Code   RO          397    i.MltDelay          mlt_lcd_1.o
    0x080005c0   0x080005c0   0x00000068   Code   RO          248    i.MltPinCfg         main.o
    0x08000628   0x08000628   0x00000002   Code   RO           18    i.NMI_Handler       1986be9x_it.o
    0x0800062a   0x0800062a   0x00000002   PAD
    0x0800062c   0x0800062c   0x000001c8   Code   RO          722    i.PORT_Init         mdr32f9qx_port.o
    0x080007f4   0x080007f4   0x00000010   Code   RO          724    i.PORT_ReadInputDataBit  mdr32f9qx_port.o
    0x08000804   0x08000804   0x0000001c   Code   RO          725    i.PORT_ResetBits    mdr32f9qx_port.o
    0x08000820   0x08000820   0x0000001c   Code   RO          726    i.PORT_SetBits      mdr32f9qx_port.o
    0x0800083c   0x0800083c   0x00000002   Code   RO           19    i.POWER_IRQHandler  1986be9x_it.o
    0x0800083e   0x0800083e   0x00000002   Code   RO           20    i.PendSV_Handler    1986be9x_it.o
    0x08000840   0x08000840   0x00000040   Code   RO          793    i.RST_CLK_CPU_PLLconfig  mdr32f9qx_rst_clk.o
    0x08000880   0x08000880   0x00000274   Code   RO          799    i.RST_CLK_GetClocksFreq  mdr32f9qx_rst_clk.o
    0x08000af4   0x08000af4   0x00000034   Code   RO          800    i.RST_CLK_GetFlagStatus  mdr32f9qx_rst_clk.o
    0x08000b28   0x08000b28   0x0000003c   Code   RO          802    i.RST_CLK_HSEconfig  mdr32f9qx_rst_clk.o
    0x08000b64   0x08000b64   0x00000034   Code   RO          803    i.RST_CLK_HSEstatus  mdr32f9qx_rst_clk.o
    0x08000b98   0x08000b98   0x0000003c   Code   RO          808    i.RST_CLK_LSEconfig  mdr32f9qx_rst_clk.o
    0x08000bd4   0x08000bd4   0x00000034   Code   RO          809    i.RST_CLK_LSEstatus  mdr32f9qx_rst_clk.o
    0x08000c08   0x08000c08   0x00000020   Code   RO          813    i.RST_CLK_PCLKcmd   mdr32f9qx_rst_clk.o
    0x08000c28   0x08000c28   0x000000c8   Code   RO          399    i.ReadStatus        mlt_lcd_1.o
    0x08000cf0   0x08000cf0   0x00000002   Code   RO           21    i.SSP1_IRQHandler   1986be9x_it.o
    0x08000cf2   0x08000cf2   0x00000002   Code   RO           22    i.SSP2_IRQHandler   1986be9x_it.o
    0x08000cf4   0x08000cf4   0x00000002   Code   RO           23    i.SVC_Handler       1986be9x_it.o
    0x08000cf6   0x08000cf6   0x00000002   PAD
    0x08000cf8   0x08000cf8   0x000000d0   Code   RO          400    i.SetAdress         mlt_lcd_1.o
    0x08000dc8   0x08000dc8   0x00000044   Code   RO          401    i.SetDataBits       mlt_lcd_1.o
    0x08000e0c   0x08000e0c   0x000000d0   Code   RO          402    i.SetPage           mlt_lcd_1.o
    0x08000edc   0x08000edc   0x00000002   Code   RO           24    i.SysTick_Handler   1986be9x_it.o
    0x08000ede   0x08000ede   0x00000002   PAD
    0x08000ee0   0x08000ee0   0x00000090   Code   RO          508    i.SystemCoreClockUpdate  system_mdr32f9qx.o
    0x08000f70   0x08000f70   0x00000040   Code   RO          509    i.SystemInit        system_mdr32f9qx.o
    0x08000fb0   0x08000fb0   0x00000050   Code   RO          249    i.Tim1Setup         main.o
    0x08001000   0x08001000   0x000003cc   Code   RO           25    i.Timer1_IRQHandler  1986be9x_it.o
    0x080013cc   0x080013cc   0x00000002   Code   RO           26    i.Timer2_IRQHandler  1986be9x_it.o
    0x080013ce   0x080013ce   0x00000002   Code   RO           27    i.Timer3_IRQHandler  1986be9x_it.o
    0x080013d0   0x080013d0   0x00000002   Code   RO           28    i.UART1_IRQHandler  1986be9x_it.o
    0x080013d2   0x080013d2   0x00000002   Code   RO           29    i.UART2_IRQHandler  1986be9x_it.o
    0x080013d4   0x080013d4   0x0000003c   Code   RO         1455    i.UART_BRGInit      mdr32f9qx_uart.o
    0x08001410   0x08001410   0x00000018   Code   RO         1458    i.UART_Cmd          mdr32f9qx_uart.o
    0x08001428   0x08001428   0x00000010   Code   RO         1462    i.UART_GetFlagStatus  mdr32f9qx_uart.o
    0x08001438   0x08001438   0x000000b0   Code   RO         1466    i.UART_Init         mdr32f9qx_uart.o
    0x080014e8   0x080014e8   0x00000008   Code   RO         1469    i.UART_ReceiveData  mdr32f9qx_uart.o
    0x080014f0   0x080014f0   0x0000001c   Code   RO          250    i.USBTest           main.o
    0x0800150c   0x0800150c   0x00000044   Code   RO          360    i.Uart2PinCfg       uart_main.o
    0x08001550   0x08001550   0x0000004c   Code   RO          361    i.Uart2Setup        uart_main.o
    0x0800159c   0x0800159c   0x00000054   Code   RO          251    i.UartTest          main.o
    0x080015f0   0x080015f0   0x00000004   Code   RO           30    i.UsageFault_Handler  1986be9x_it.o
    0x080015f4   0x080015f4   0x00000002   Code   RO           31    i.WWDG_IRQHandler   1986be9x_it.o
    0x080015f6   0x080015f6   0x00000002   PAD
    0x080015f8   0x080015f8   0x000000d0   Code   RO          403    i.WriteData         mlt_lcd_1.o
    0x080016c8   0x080016c8   0x000001d4   Code   RO          252    i.main              main.o
    0x0800189c   0x0800189c   0x00000020   Data   RO         1728    Region$$Table       anon$$obj.o


    Execution Region ER_RW (Exec base: 0x20000000, Load base: 0x080018bc, Size: 0x00000930, Max: 0xffffffff, ABSOLUTE, COMPRESSED[0x00000480])

    Exec Addr    Load Addr    Size         Type   Attr      Idx    E Section Name        Object

    0x20000000   COMPRESSED   0x00000918   Data   RW           32    .data               1986be9x_it.o
    0x20000918   COMPRESSED   0x00000013   Data   RW          254    .data               main.o
    0x2000092b   COMPRESSED   0x00000001   PAD
    0x2000092c   COMPRESSED   0x00000004   Data   RW          510    .data               system_mdr32f9qx.o


    Execution Region ER_ZI (Exec base: 0x20000930, Load base: 0x08001d3c, Size: 0x00000698, Max: 0xffffffff, ABSOLUTE)

    Exec Addr    Load Addr    Size         Type   Attr      Idx    E Section Name        Object

    0x20000930        -       0x0000001c   Zero   RW          253    .bss                main.o
    0x2000094c        -       0x0000001c   Zero   RW          362    .bss                uart_main.o
    0x20000968        -       0x00000060   Zero   RW         1602    .bss                c_w.l(libspace.o)
    0x200009c8        -       0x00000200   Zero   RW          500    HEAP                startup_mdr32f9qx.o
    0x20000bc8        -       0x00000400   Zero   RW          499    STACK               startup_mdr32f9qx.o


==============================================================================

Image component sizes


      Code (inc. data)   RO Data    RW Data    ZI Data      Debug   Object Name

      1036        152          0       2328          0      79807   1986be9x_it.o
       834        112          0         19         28      20494   main.o
       528         18          0          0          0       3804   mdr32f9qx_port.o
      1000         42          0          0          0       9174   mdr32f9qx_rst_clk.o
       284         26          0          0          0       5046   mdr32f9qx_uart.o
      1646         98          0          0          0       8431   mlt_lcd_1.o
        64         26        192          0       1536        820   startup_mdr32f9qx.o
       208         24          0          4          0       1467   system_mdr32f9qx.o
       144         18          0          0         28       1179   uart_main.o

    ----------------------------------------------------------------------
      5758        516        224       2352       1592     130222   Object Totals
         0          0         32          0          0          0   (incl. Generated)
        14          0          0          1          0          0   (incl. Padding)

    ----------------------------------------------------------------------

      Code (inc. data)   RO Data    RW Data    ZI Data      Debug   Library Member Name

       100          0          0          0          0          0   __dclz77c.o
         8          0          0          0          0         68   __main.o
         0          0          0          0          0          0   __rtentry.o
        12          0          0          0          0          0   __rtentry2.o
         6          0          0          0          0          0   __rtentry4.o
        52          8          0          0          0          0   __scatter.o
        28          0          0          0          0          0   __scatter_zi.o
        18          0          0          0          0         80   exit.o
         6          0          0          0          0        152   heapauxi.o
         0          0          0          0          0          0   indicate_semi.o
         2          0          0          0          0          0   libinit.o
         2          0          0          0          0          0   libinit2.o
         2          0          0          0          0          0   libshutdown.o
         2          0          0          0          0          0   libshutdown2.o
         8          4          0          0         96         68   libspace.o
         2          0          0          0          0          0   rtexit.o
        10          0          0          0          0          0   rtexit2.o
        12          4          0          0          0         68   sys_exit.o
        74          0          0          0          0         80   sys_stackheap_outer.o
         2          0          0          0          0         68   use_no_semi.o

    ----------------------------------------------------------------------
       350         16          0          0         96        584   Library Totals
         4          0          0          0          0          0   (incl. Padding)

    ----------------------------------------------------------------------

      Code (inc. data)   RO Data    RW Data    ZI Data      Debug   Library Name

       346         16          0          0         96        584   c_w.l

    ----------------------------------------------------------------------
       350         16          0          0         96        584   Library Totals

    ----------------------------------------------------------------------

==============================================================================


      Code (inc. data)   RO Data    RW Data    ZI Data      Debug   

      6108        532        224       2352       1688     127214   Grand Totals
      6108        532        224       1152       1688     127214   ELF Image Totals (compressed)
      6108        532        224       1152          0          0   ROM Totals

==============================================================================

    Total RO  Size (Code + RO Data)                 6332 (   6.18kB)
    Total RW  Size (RW Data + ZI Data)              4040 (   3.95kB)
    Total ROM Size (Code + RO Data + RW Data)       7484 (   7.31kB)

==============================================================================

