Component: ARM Compiler 5.06 update 6 (build 750) Tool: armlink [4d35ed]

==============================================================================

Section Cross References

    main.o(i.ButtonPinGfg) refers to mdr32f9qx_port.o(i.PORT_Init) for PORT_Init
    main.o(i.ButtonPinGfg) refers to main.o(.bss) for PortInit
    main.o(i.CanTest) refers to can_main.o(i.CAN_ports_ini) for CAN_ports_ini
    main.o(i.CanTest) refers to can_main.o(i.CAN_Setup) for CAN_Setup
    main.o(i.CanTest) refers to mdr32f9qx_can.o(i.CAN_Transmit) for CAN_Transmit
    main.o(i.CanTest) refers to mdr32f9qx_port.o(i.PORT_ReadInputDataBit) for PORT_ReadInputDataBit
    main.o(i.CanTest) refers to main.o(.data) for tx_buf
    main.o(i.FullTest) refers to usb_main.o(i.USB_main) for USB_main
    main.o(i.FullTest) refers to mdr32f9qx_port.o(i.PORT_ReadInputDataBit) for PORT_ReadInputDataBit
    main.o(i.FullTest) refers to usb_main.o(i.USB_off) for USB_off
    main.o(i.FullTest) refers to main.o(i.NVIC_DisableIRQ) for NVIC_DisableIRQ
    main.o(i.FullTest) refers to ssp_main.o(i.PortsSSP2Init) for PortsSSP2Init
    main.o(i.FullTest) refers to ssp_main.o(i.SSP2StructInit) for SSP2StructInit
    main.o(i.FullTest) refers to mdr32f9qx_ssp.o(i.SSP_GetFlagStatus) for SSP_GetFlagStatus
    main.o(i.FullTest) refers to mdr32f9qx_ssp.o(i.SSP_SendData) for SSP_SendData
    main.o(i.FullTest) refers to uart_main.o(i.Uart2PinCfg) for Uart2PinCfg
    main.o(i.FullTest) refers to uart_main.o(i.Uart2Setup) for Uart2Setup
    main.o(i.FullTest) refers to mdr32f9qx_uart.o(i.UART_GetFlagStatus) for UART_GetFlagStatus
    main.o(i.FullTest) refers to mdr32f9qx_uart.o(i.UART_ReceiveData) for UART_ReceiveData
    main.o(i.FullTest) refers to can_main.o(i.CAN_ports_ini) for CAN_ports_ini
    main.o(i.FullTest) refers to can_main.o(i.CAN_Setup) for CAN_Setup
    main.o(i.FullTest) refers to mdr32f9qx_can.o(i.CAN_Transmit) for CAN_Transmit
    main.o(i.FullTest) refers to main.o(.data) for FullTestUSBGetFlag
    main.o(i.LedPinGfg) refers to mdr32f9qx_port.o(i.PORT_Init) for PORT_Init
    main.o(i.LedPinGfg) refers to main.o(.bss) for PortInit
    main.o(i.MltPinCfg) refers to mdr32f9qx_port.o(i.PORT_Init) for PORT_Init
    main.o(i.MltPinCfg) refers to main.o(.bss) for PortInit
    main.o(i.SSPTest) refers to ssp_main.o(i.PortsSSP2Init) for PortsSSP2Init
    main.o(i.SSPTest) refers to ssp_main.o(i.SSP2StructInit) for SSP2StructInit
    main.o(i.SSPTest) refers to mdr32f9qx_ssp.o(i.SSP_GetFlagStatus) for SSP_GetFlagStatus
    main.o(i.SSPTest) refers to mdr32f9qx_ssp.o(i.SSP_SendData) for SSP_SendData
    main.o(i.SSPTest) refers to mdr32f9qx_port.o(i.PORT_ReadInputDataBit) for PORT_ReadInputDataBit
    main.o(i.SSPTest) refers to main.o(.data) for TestSSPDone
    main.o(i.Tim1Setup) refers to mdr32f9qx_rst_clk.o(i.RST_CLK_PCLKcmd) for RST_CLK_PCLKcmd
    main.o(i.USBTest) refers to usb_main.o(i.USB_main) for USB_main
    main.o(i.USBTest) refers to mdr32f9qx_port.o(i.PORT_ReadInputDataBit) for PORT_ReadInputDataBit
    main.o(i.USBTest) refers to usb_main.o(i.USB_off) for USB_off
    main.o(i.USBTest) refers to main.o(i.NVIC_DisableIRQ) for NVIC_DisableIRQ
    main.o(i.UartTest) refers to uart_main.o(i.Uart2PinCfg) for Uart2PinCfg
    main.o(i.UartTest) refers to uart_main.o(i.Uart2Setup) for Uart2Setup
    main.o(i.UartTest) refers to mdr32f9qx_port.o(i.PORT_ReadInputDataBit) for PORT_ReadInputDataBit
    main.o(i.UartTest) refers to mdr32f9qx_uart.o(i.UART_GetFlagStatus) for UART_GetFlagStatus
    main.o(i.UartTest) refers to mdr32f9qx_uart.o(i.UART_SendData) for UART_SendData
    main.o(i.UartTest) refers to main.o(.data) for TestUartDone
    main.o(i.main) refers to mdr32f9qx_rst_clk.o(i.RST_CLK_LSEconfig) for RST_CLK_LSEconfig
    main.o(i.main) refers to mdr32f9qx_rst_clk.o(i.RST_CLK_LSEstatus) for RST_CLK_LSEstatus
    main.o(i.main) refers to mdr32f9qx_rst_clk.o(i.RST_CLK_HSEconfig) for RST_CLK_HSEconfig
    main.o(i.main) refers to mdr32f9qx_rst_clk.o(i.RST_CLK_HSEstatus) for RST_CLK_HSEstatus
    main.o(i.main) refers to mdr32f9qx_rst_clk.o(i.RST_CLK_CPU_PLLconfig) for RST_CLK_CPU_PLLconfig
    main.o(i.main) refers to mdr32f9qx_rst_clk.o(i.RST_CLK_CPU_PLLcmd) for RST_CLK_CPU_PLLcmd
    main.o(i.main) refers to mdr32f9qx_rst_clk.o(i.RST_CLK_CPU_PLLstatus) for RST_CLK_CPU_PLLstatus
    main.o(i.main) refers to mdr32f9qx_rst_clk.o(i.RST_CLK_CPUclkPrescaler) for RST_CLK_CPUclkPrescaler
    main.o(i.main) refers to mdr32f9qx_rst_clk.o(i.RST_CLK_CPU_PLLuse) for RST_CLK_CPU_PLLuse
    main.o(i.main) refers to mdr32f9qx_rst_clk.o(i.RST_CLK_CPUclkSelection) for RST_CLK_CPUclkSelection
    main.o(i.main) refers to mdr32f9qx_rst_clk.o(i.RST_CLK_PCLKcmd) for RST_CLK_PCLKcmd
    main.o(i.main) refers to main.o(i.MltPinCfg) for MltPinCfg
    main.o(i.main) refers to main.o(i.ButtonPinGfg) for ButtonPinGfg
    main.o(i.main) refers to mlt_lcd.o(i.LcdInit) for LcdInit
    main.o(i.main) refers to mlt_lcd.o(i.ReadStatus) for ReadStatus
[...]
    i.CAN_StructInit                         0x0800048c   Section        0  mdr32f9qx_can.o(i.CAN_StructInit)
    i.CAN_Transmit                           0x080004b2   Section        0  mdr32f9qx_can.o(i.CAN_Transmit)
    i.CAN_TxITConfig                         0x08000512   Section        0  mdr32f9qx_can.o(i.CAN_TxITConfig)
    i.CAN_ports_ini                          0x08000528   Section        0  can_main.o(i.CAN_ports_ini)
    i.COMPARATOR_IRQHandler                  0x08000580   Section        0  1986be9x_it.o(i.COMPARATOR_IRQHandler)
    i.CanTest                                0x08000584   Section        0  main.o(i.CanTest)
    i.DMA_IRQHandler                         0x080005f8   Section        0  1986be9x_it.o(i.DMA_IRQHandler)
    i.DebugMon_Handler                       0x080005fa   Section        0  1986be9x_it.o(i.DebugMon_Handler)
    i.DispOn                                 0x080005fc   Section        0  mlt_lcd.o(i.DispOn)
    i.EXT_INT1_IRQHandler                    0x080006c8   Section        0  1986be9x_it.o(i.EXT_INT1_IRQHandler)
    i.EXT_INT2_IRQHandler                    0x080006ca   Section        0  1986be9x_it.o(i.EXT_INT2_IRQHandler)
    i.EXT_INT3_IRQHandler                    0x080006cc   Section        0  1986be9x_it.o(i.EXT_INT3_IRQHandler)
    i.EXT_INT4_IRQHandler                    0x080006ce   Section        0  1986be9x_it.o(i.EXT_INT4_IRQHandler)
    i.FullTest                               0x080006d0   Section        0  main.o(i.FullTest)
    i.HardFault_Handler                      0x080008fc   Section        0  1986be9x_it.o(i.HardFault_Handler)
    i.I2C_IRQHandler                         0x08000900   Section        0  1986be9x_it.o(i.I2C_IRQHandler)
    i.InfoString                             0x08000904   Section        0  1986be9x_it.o(i.InfoString)
    i.LcdClearChip                           0x08000930   Section        0  mlt_lcd.o(i.LcdClearChip)
    i.LcdClearPage                           0x08000948   Section        0  mlt_lcd.o(i.LcdClearPage)
    i.LcdInit                                0x08000988   Section        0  mlt_lcd.o(i.LcdInit)
    i.LcdPutChar                             0x080009c8   Section        0  mlt_lcd.o(i.LcdPutChar)
    i.LcdPutString                           0x08000a30   Section        0  mlt_lcd.o(i.LcdPutString)
    i.LcdScrollString                        0x08000ac8   Section        0  mlt_lcd.o(i.LcdScrollString)
    i.MemManage_Handler                      0x08000b4a   Section        0  1986be9x_it.o(i.MemManage_Handler)
    i.MltDelay                               0x08000b4e   Section        0  mlt_lcd.o(i.MltDelay)
    i.MltPinCfg                              0x08000b5c   Section        0  main.o(i.MltPinCfg)
    i.NMI_Handler                            0x08000bc4   Section        0  1986be9x_it.o(i.NMI_Handler)
    i.NVIC_DisableIRQ                        0x08000bc8   Section        0  main.o(i.NVIC_DisableIRQ)
    NVIC_DisableIRQ                          0x08000bc9   Thumb Code    18  main.o(i.NVIC_DisableIRQ)
    i.PORT_Init                              0x08000be0   Section        0  mdr32f9qx_port.o(i.PORT_Init)
    i.PORT_ReadInputDataBit                  0x08000da8   Section        0  mdr32f9qx_port.o(i.PORT_ReadInputDataBit)
    i.PORT_ResetBits                         0x08000db8   Section        0  mdr32f9qx_port.o(i.PORT_ResetBits)
    i.PORT_SetBits                           0x08000dd4   Section        0  mdr32f9qx_port.o(i.PORT_SetBits)
    i.POWER_IRQHandler                       0x08000df0   Section        0  1986be9x_it.o(i.POWER_IRQHandler)
    i.PendSV_Handler                         0x08000df2   Section        0  1986be9x_it.o(i.PendSV_Handler)
    i.PortsSSP2Init                          0x08000df4   Section        0  ssp_main.o(i.PortsSSP2Init)
    i.RST_CLK_CPU_PLLcmd                     0x08000e2c   Section        0  mdr32f9qx_rst_clk.o(i.RST_CLK_CPU_PLLcmd)
    i.RST_CLK_CPU_PLLconfig                  0x08000e38   Section        0  mdr32f9qx_rst_clk.o(i.RST_CLK_CPU_PLLconfig)
    i.RST_CLK_CPU_PLLstatus                  0x08000e78   Section        0  mdr32f9qx_rst_clk.o(i.RST_CLK_CPU_PLLstatus)
    i.RST_CLK_CPU_PLLuse                     0x08000eac   Section        0  mdr32f9qx_rst_clk.o(i.RST_CLK_CPU_PLLuse)
    i.RST_CLK_CPUclkPrescaler                0x08000eb8   Section        0  mdr32f9qx_rst_clk.o(i.RST_CLK_CPUclkPrescaler)
    i.RST_CLK_CPUclkSelection                0x08000ed0   Section        0  mdr32f9qx_rst_clk.o(i.RST_CLK_CPUclkSelection)
    i.RST_CLK_GetClocksFreq                  0x08000ee4   Section        0  mdr32f9qx_rst_clk.o(i.RST_CLK_GetClocksFreq)
    i.RST_CLK_GetFlagStatus                  0x08001158   Section        0  mdr32f9qx_rst_clk.o(i.RST_CLK_GetFlagStatus)
    i.RST_CLK_HSEconfig                      0x0800118c   Section        0  mdr32f9qx_rst_clk.o(i.RST_CLK_HSEconfig)
    i.RST_CLK_HSEstatus                      0x080011c8   Section        0  mdr32f9qx_rst_clk.o(i.RST_CLK_HSEstatus)
    i.RST_CLK_LSEconfig                      0x080011fc   Section        0  mdr32f9qx_rst_clk.o(i.RST_CLK_LSEconfig)
    i.RST_CLK_LSEstatus                      0x08001238   Section        0  mdr32f9qx_rst_clk.o(i.RST_CLK_LSEstatus)
    i.RST_CLK_PCLKcmd                        0x0800126c   Section        0  mdr32f9qx_rst_clk.o(i.RST_CLK_PCLKcmd)
    i.ReadStatus                             0x0800128c   Section        0  mlt_lcd.o(i.ReadStatus)
    i.SSP1_IRQHandler                        0x08001354   Section        0  1986be9x_it.o(i.SSP1_IRQHandler)
    i.SSP2StructInit                         0x08001358   Section        0  ssp_main.o(i.SSP2StructInit)
    i.SSP2_IRQHandler                        0x080013b0   Section        0  1986be9x_it.o(i.SSP2_IRQHandler)
    i.SSPTest                                0x080013b4   Section        0  main.o(i.SSPTest)
    i.SSP_BRGInit                            0x0800140c   Section        0  mdr32f9qx_ssp.o(i.SSP_BRGInit)
    i.SSP_Cmd                                0x08001448   Section        0  mdr32f9qx_ssp.o(i.SSP_Cmd)
    i.SSP_DeInit                             0x08001460   Section        0  mdr32f9qx_ssp.o(i.SSP_DeInit)
    i.SSP_GetFlagStatus                      0x08001472   Section        0  mdr32f9qx_ssp.o(i.SSP_GetFlagStatus)
    i.SSP_Init                               0x08001482   Section        0  mdr32f9qx_ssp.o(i.SSP_Init)
    i.SSP_SendData                           0x080014a8   Section        0  mdr32f9qx_ssp.o(i.SSP_SendData)
    i.SSP_StructInit                         0x080014ac   Section        0  mdr32f9qx_ssp.o(i.SSP_StructInit)
    i.SVC_Handler                            0x080014c8   Section        0  1986be9x_it.o(i.SVC_Handler)
    i.SetAdress                              0x080014cc   Section        0  mlt_lcd.o(i.SetAdress)
    i.SetDataBits                            0x0800159c   Section        0  mlt_lcd.o(i.SetDataBits)
    i.SetPage                                0x080015e0   Section        0  mlt_lcd.o(i.SetPage)
    i.Setup_CPU_Clock                        0x080016b0   Section        0  usb_main.o(i.Setup_CPU_Clock)
    i.Setup_USB                              0x080016e4   Section        0  usb_main.o(i.Setup_USB)
    Setup_USB                                0x080016e5   Thumb Code    76  usb_main.o(i.Setup_USB)
    i.SysTick_Handler                        0x08001738   Section        0  1986be9x_it.o(i.SysTick_Handler)
    i.SystemCoreClockUpdate                  0x0800173c   Section        0  system_mdr32f9qx.o(i.SystemCoreClockUpdate)
    i.SystemInit                             0x080017cc   Section        0  system_mdr32f9qx.o(i.SystemInit)
    i.Tim1Setup                              0x0800180c   Section        0  main.o(i.Tim1Setup)
    i.Timer1_IRQHandler                      0x0800185c   Section        0  1986be9x_it.o(i.Timer1_IRQHandler)
    i.Timer2_IRQHandler                      0x08001e04   Section        0  1986be9x_it.o(i.Timer2_IRQHandler)
    i.Timer3_IRQHandler                      0x08001e06   Section        0  1986be9x_it.o(i.Timer3_IRQHandler)
    i.UART1_IRQHandler                       0x08001e08   Section        0  1986be9x_it.o(i.UART1_IRQHandler)
    i.UART2_IRQHandler                       0x08001e0a   Section        0  1986be9x_it.o(i.UART2_IRQHandler)
    i.UART_BRGInit                           0x08001e0c   Section        0  mdr32f9qx_uart.o(i.UART_BRGInit)
    i.UART_Cmd                               0x08001e48   Section        0  mdr32f9qx_uart.o(i.UART_Cmd)
    i.UART_GetFlagStatus                     0x08001e60   Section        0  mdr32f9qx_uart.o(i.UART_GetFlagStatus)
    i.UART_Init                              0x08001e70   Section        0  mdr32f9qx_uart.o(i.UART_Init)
    i.UART_ReceiveData                       0x08001f20   Section        0  mdr32f9qx_uart.o(i.UART_ReceiveData)
    i.UART_SendData                          0x08001f28   Section        0  mdr32f9qx_uart.o(i.UART_SendData)
    i.USBTest                                0x08001f30   Section        0  main.o(i.USBTest)
    i.USB_BRGInit                            0x08001f5c   Section        0  mdr32f9qx_usb.o(i.USB_BRGInit)
    i.USB_CDC_ClassRequest                   0x08001f98   Section        0  mdr32f9qx_usb_cdc.o(i.USB_CDC_ClassRequest)
    i.USB_CDC_DoDataOut                      0x08002038   Section        0  mdr32f9qx_usb_cdc.o(i.USB_CDC_DoDataOut)
    USB_CDC_DoDataOut                        0x08002039   Thumb Code    60  mdr32f9qx_usb_cdc.o(i.USB_CDC_DoDataOut)
    i.USB_CDC_GetDescriptor                  0x08002078   Section        0  mdr32f9qx_usb_cdc.o(i.USB_CDC_GetDescriptor)
    i.USB_CDC_GetLineCoding                  0x080020dc   Section        0  usb_main.o(i.USB_CDC_GetLineCoding)
    i.USB_CDC_Init                           0x080020f4   Section        0  mdr32f9qx_usb_cdc.o(i.USB_CDC_Init)
    i.USB_CDC_OnDataReceive                  0x08002120   Section        0  mdr32f9qx_usb_cdc.o(i.USB_CDC_OnDataReceive)
    USB_CDC_OnDataReceive                    0x08002121   Thumb Code    58  mdr32f9qx_usb_cdc.o(i.USB_CDC_OnDataReceive)
    i.USB_CDC_OnDataSent                     0x08002164   Section        0  mdr32f9qx_usb_cdc.o(i.USB_CDC_OnDataSent)
    USB_CDC_OnDataSent                       0x08002165   Thumb Code    12  mdr32f9qx_usb_cdc.o(i.USB_CDC_OnDataSent)
    i.USB_CDC_RecieveData                    0x08002174   Section        0  usb_main.o(i.USB_CDC_RecieveData)
    i.USB_CDC_Reset                          0x080021d0   Section        0  mdr32f9qx_usb_cdc.o(i.USB_CDC_Reset)
    i.USB_CDC_SendData                       0x0800221c   Section        0  mdr32f9qx_usb_cdc.o(i.USB_CDC_SendData)
    i.USB_CDC_SetLineCoding                  0x0800224c   Section        0  usb_main.o(i.USB_CDC_SetLineCoding)
    i.USB_CDC_SetReceiveBuffer               0x08002268   Section        0  mdr32f9qx_usb_cdc.o(i.USB_CDC_SetReceiveBuffer)
    i.USB_DeviceClearFeature                 0x08002278   Section        0  mdr32f9qx_usb_device.o(i.USB_DeviceClearFeature)
    i.USB_DeviceDispatchEvent                0x08002294   Section        0  mdr32f9qx_usb_device.o(i.USB_DeviceDispatchEvent)
    i.USB_DeviceDoStatusOutAck               0x08002318   Section        0  mdr32f9qx_usb_device.o(i.USB_DeviceDoStatusOutAck)
    i.USB_DeviceInit                         0x08002330   Section        0  mdr32f9qx_usb_device.o(i.USB_DeviceInit)
    i.USB_DevicePowerOn                      0x08002388   Section        0  mdr32f9qx_usb_device.o(i.USB_DevicePowerOn)
    i.USB_DeviceReset                        0x080023a0   Section        0  mdr32f9qx_usb_device.o(i.USB_DeviceReset)
    i.USB_DeviceSetFeature                   0x080023b0   Section        0  mdr32f9qx_usb_device.o(i.USB_DeviceSetFeature)
    i.USB_DeviceSetupPacket                  0x080023cc   Section        0  mdr32f9qx_usb_device.o(i.USB_DeviceSetupPacket)
    i.USB_Device_setAddressWork              0x08002634   Section        0  mdr32f9qx_usb_device.o(i.USB_Device_setAddressWork)
    USB_Device_setAddressWork                0x08002635   Thumb Code    36  mdr32f9qx_usb_device.o(i.USB_Device_setAddressWork)
    i.USB_EP_Idle                            0x0800265c   Section        0  mdr32f9qx_usb_device.o(i.USB_EP_Idle)
    i.USB_EP_Init                            0x0800269c   Section        0  mdr32f9qx_usb_device.o(i.USB_EP_Init)
    i.USB_EP_SetReady                        0x080026e4   Section        0  mdr32f9qx_usb_device.o(i.USB_EP_SetReady)
    USB_EP_SetReady                          0x080026e5   Thumb Code    40  mdr32f9qx_usb_device.o(i.USB_EP_SetReady)
    i.USB_EP_Stall                           0x08002710   Section        0  mdr32f9qx_usb_device.o(i.USB_EP_Stall)
    i.USB_EP_dispatchEvent                   0x08002754   Section        0  mdr32f9qx_usb_device.o(i.USB_EP_dispatchEvent)
    i.USB_EP_doDataIn                        0x080029a4   Section        0  mdr32f9qx_usb_device.o(i.USB_EP_doDataIn)
    i.USB_EP_doDataOut                       0x080029f0   Section        0  mdr32f9qx_usb_device.o(i.USB_EP_doDataOut)
    i.USB_EP_sendInDataPortion               0x08002a2c   Section        0  mdr32f9qx_usb_device.o(i.USB_EP_sendInDataPortion)
    USB_EP_sendInDataPortion                 0x08002a2d   Thumb Code   120  mdr32f9qx_usb_device.o(i.USB_EP_sendInDataPortion)
    i.USB_EP_setSetupHandler                 0x08002aa8   Section        0  mdr32f9qx_usb_device.o(i.USB_EP_setSetupHandler)
    i.USB_GetSEPxCTRL                        0x08002ae8   Section        0  mdr32f9qx_usb.o(i.USB_GetSEPxCTRL)
    i.USB_GetSEPxRXFD                        0x08002af8   Section        0  mdr32f9qx_usb.o(i.USB_GetSEPxRXFD)
    i.USB_GetSEPxRXFDC                       0x08002b08   Section        0  mdr32f9qx_usb.o(i.USB_GetSEPxRXFDC)
    i.USB_GetSEPxSTS                         0x08002b18   Section        0  mdr32f9qx_usb.o(i.USB_GetSEPxSTS)
    i.USB_GetSEPxTS                          0x08002b28   Section        0  mdr32f9qx_usb.o(i.USB_GetSEPxTS)
    i.USB_GetSIS                             0x08002b38   Section        0  mdr32f9qx_usb.o(i.USB_GetSIS)
    i.USB_IRQHandler                         0x08002b44   Section        0  mdr32f9qx_usb_device.o(i.USB_IRQHandler)
    i.USB_Reset                              0x08002b4c   Section        0  mdr32f9qx_usb.o(i.USB_Reset)
    i.USB_SEPxToggleEPDATASEQ                0x08002b6c   Section        0  mdr32f9qx_usb.o(i.USB_SEPxToggleEPDATASEQ)
    i.USB_SetHSCR                            0x08002b88   Section        0  mdr32f9qx_usb.o(i.USB_SetHSCR)
    i.USB_SetSA                              0x08002ba8   Section        0  mdr32f9qx_usb.o(i.USB_SetSA)
    i.USB_SetSC                              0x08002bb4   Section        0  mdr32f9qx_usb.o(i.USB_SetSC)
    i.USB_SetSEPxCTRL                        0x08002bd4   Section        0  mdr32f9qx_usb.o(i.USB_SetSEPxCTRL)
    i.USB_SetSEPxRXFC                        0x08002c00   Section        0  mdr32f9qx_usb.o(i.USB_SetSEPxRXFC)
    i.USB_SetSEPxTXFD                        0x08002c10   Section        0  mdr32f9qx_usb.o(i.USB_SetSEPxTXFD)
    i.USB_SetSEPxTXFDC                       0x08002c20   Section        0  mdr32f9qx_usb.o(i.USB_SetSEPxTXFDC)
    i.USB_SetSIM                             0x08002c30   Section        0  mdr32f9qx_usb.o(i.USB_SetSIM)
    i.USB_SetSIS                             0x08002c50   Section        0  mdr32f9qx_usb.o(i.USB_SetSIS)
    i.USB_main                               0x08002c5c   Section        0  usb_main.o(i.USB_main)
    i.USB_off                                0x08002c7c   Section        0  usb_main.o(i.USB_off)
    i.Uart2PinCfg                            0x08002cfc   Section        0  uart_main.o(i.Uart2PinCfg)
    i.Uart2Setup                             0x08002d40   Section        0  uart_main.o(i.Uart2Setup)
    i.UartTest                               0x08002d8c   Section        0  main.o(i.UartTest)
    i.UsageFault_Handler                     0x08002df0   Section        0  1986be9x_it.o(i.UsageFault_Handler)
    i.VCom_Configuration                     0x08002df4   Section        0  usb_main.o(i.VCom_Configuration)
    VCom_Configuration                       0x08002df5   Thumb Code    20  usb_main.o(i.VCom_Configuration)
    i.WWDG_IRQHandler                        0x08002e0c   Section        0  1986be9x_it.o(i.WWDG_IRQHandler)
    i.WriteData                              0x08002e10   Section        0  mlt_lcd.o(i.WriteData)
    i.main                                   0x08002ee0   Section        0  main.o(i.main)
    .data                                    0x20000000   Section       36  main.o(.data)
    .data                                    0x20000024   Section     4284  1986be9x_it.o(.data)
    .data                                    0x200010e0   Section       20  usb_main.o(.data)
    LineCoding                               0x200010ec   Data           8  usb_main.o(.data)
    .data                                    0x200010f4   Section        9  can_main.o(.data)
    .data                                    0x20001100   Section        4  system_mdr32f9qx.o(.data)
    .data                                    0x20001104   Section       96  mdr32f9qx_usb_cdc.o(.data)
    Usb_CDC_Device_Descriptor                0x20001104   Data          18  mdr32f9qx_usb_cdc.o(.data)
    Usb_CDC_Configuration_Descriptor         0x20001116   Data          67  mdr32f9qx_usb_cdc.o(.data)
    CDC_ClassPacketData                      0x2000115c   Data           8  mdr32f9qx_usb_cdc.o(.data)
    .data                                    0x20001164   Section       16  mdr32f9qx_usb_device.o(.data)
    SetupPacketData                          0x2000116c   Data           2  mdr32f9qx_usb_device.o(.data)
    bHandling                                0x20001170   Data           4  mdr32f9qx_usb_device.o(.data)
    .bss                                     0x20001174   Section       12  main.o(.bss)
    PortInit                                 0x20001174   Data          12  main.o(.bss)
    .bss                                     0x20001180   Section      112  usb_main.o(.bss)
    Buffer                                   0x2000118c   Data         100  usb_main.o(.bss)
    .bss                                     0x200011f0   Section       28  uart_main.o(.bss)
    PortInit                                 0x200011f0   Data          12  uart_main.o(.bss)
    UART_InitStructure                       0x200011fc   Data          16  uart_main.o(.bss)
    .bss                                     0x2000120c   Section       28  ssp_main.o(.bss)
    .bss                                     0x20001228   Section       12  mdr32f9qx_usb_cdc.o(.bss)
    USB_CDCContext                           0x20001228   Data          12  mdr32f9qx_usb_cdc.o(.bss)
    .bss                                     0x20001234   Section      188  mdr32f9qx_usb_device.o(.bss)
    .bss                                     0x200012f0   Section       96  libspace.o(.bss)
    HEAP                                     0x20001350   Section      512  startup_mdr32f9qx.o(HEAP)
    Heap_Mem                                 0x20001350   Data         512  startup_mdr32f9qx.o(HEAP)
    STACK                                    0x20001550   Section     1024  startup_mdr32f9qx.o(STACK)
    Stack_Mem                                0x20001550   Data        1024  startup_mdr32f9qx.o(STACK)
    __initial_sp                             0x20001950   Data           0  startup_mdr32f9qx.o(STACK)

    Global Symbols

    Symbol Name                              Value     Ov Type        Size  Object(Section)

    BuildAttributes$$THM_ISAv4$P$D$K$B$S$PE$A:L22UL41UL21$X:L11$S22US41US21$IEEE1$IW$USESV6$~STKCKD$USESV7$~SHL$OSPACE$ROPI$EBA8$UX$STANDARDLIB$REQ8$PRES8$EABIv2 0x00000000   Number         0  anon$$obj.o ABSOLUTE
    __ARM_use_no_argv                        0x00000000   Number         0  main.o ABSOLUTE
    __ARM_exceptions_init                     - Undefined Weak Reference
    __alloca_initialize                       - Undefined Weak Reference
    __arm_preinit_                            - Undefined Weak Reference
    __cpp_initialize__aeabi_                  - Undefined Weak Reference
    __cxa_finalize                            - Undefined Weak Reference
    __rt_locale                               - Undefined Weak Reference
    __sigvec_lookup                           - Undefined Weak Reference
    _atexit_init                              - Undefined Weak Reference
    _call_atexit_fns                          - Undefined Weak Reference
    _clock_init                               - Undefined Weak Reference
    _fp_trap_init                             - Undefined Weak Reference
    _fp_trap_shutdown                         - Undefined Weak Reference
    _get_lc_collate                           - Undefined Weak Reference
    _get_lc_ctype                             - Undefined Weak Reference
    _get_lc_monetary                          - Undefined Weak Reference
    _get_lc_numeric                           - Undefined Weak Reference
    _get_lc_time                              - Undefined Weak Reference
    _getenv_init                              - Undefined Weak Reference
    _handle_redirection                       - Undefined Weak Reference
    _init_alloc                               - Undefined Weak Reference
    _init_user_alloc                          - Undefined Weak Reference
    _initio                                   - Undefined Weak Reference
    _rand_init                                - Undefined Weak Reference
    _signal_finish                            - Undefined Weak Reference
    _signal_init                              - Undefined Weak Reference
    _terminate_alloc                          - Undefined Weak Reference
    _terminate_user_alloc                     - Undefined Weak Reference
    _terminateio                              - Undefined Weak Reference
    __Vectors_Size                           0x000000c0   Number         0  startup_mdr32f9qx.o ABSOLUTE
    __Vectors                                0x08000000   Data           4  startup_mdr32f9qx.o(RESET)
    __Vectors_End                            0x080000c0   Data           0  startup_mdr32f9qx.o(RESET)
    __main                                   0x080000c1   Thumb Code     8  __main.o(!!!main)
    __scatterload                            0x080000c9   Thumb Code     0  __scatter.o(!!!scatter)
    __scatterload_rt2                        0x080000c9   Thumb Code    44  __scatter.o(!!!scatter)
    __scatterload_rt2_thumb_only             0x080000c9   Thumb Code     0  __scatter.o(!!!scatter)
    __scatterload_null                       0x080000d7   Thumb Code     0  __scatter.o(!!!scatter)
    __decompress                             0x080000fd   Thumb Code    90  __dczerorl2.o(!!dczerorl2)
    __decompress1                            0x080000fd   Thumb Code     0  __dczerorl2.o(!!dczerorl2)
    __scatterload_zeroinit                   0x08000159   Thumb Code    28  __scatter_zi.o(!!handler_zi)
    __rt_lib_init                            0x08000175   Thumb Code     0  libinit.o(.ARM.Collect$$libinit$$00000000)
    __rt_lib_init_alloca_1                   0x08000177   Thumb Code     0  libinit2.o(.ARM.Collect$$libinit$$0000002E)
    __rt_lib_init_argv_1                     0x08000177   Thumb Code     0  libinit2.o(.ARM.Collect$$libinit$$0000002C)
    __rt_lib_init_atexit_1                   0x08000177   Thumb Code     0  libinit2.o(.ARM.Collect$$libinit$$0000001B)
    __rt_lib_init_clock_1                    0x08000177   Thumb Code     0  libinit2.o(.ARM.Collect$$libinit$$00000021)
    __rt_lib_init_cpp_1                      0x08000177   Thumb Code     0  libinit2.o(.ARM.Collect$$libinit$$00000032)
    __rt_lib_init_exceptions_1               0x08000177   Thumb Code     0  libinit2.o(.ARM.Collect$$libinit$$00000030)
    __rt_lib_init_fp_1                       0x08000177   Thumb Code     0  libinit2.o(.ARM.Collect$$libinit$$00000002)
    __rt_lib_init_fp_trap_1                  0x08000177   Thumb Code     0  libinit2.o(.ARM.Collect$$libinit$$0000001F)
    __rt_lib_init_getenv_1                   0x08000177   Thumb Code     0  libinit2.o(.ARM.Collect$$libinit$$00000023)
    __rt_lib_init_heap_1                     0x08000177   Thumb Code     0  libinit2.o(.ARM.Collect$$libinit$$0000000A)
    __rt_lib_init_lc_collate_1               0x08000177   Thumb Code     0  libinit2.o(.ARM.Collect$$libinit$$00000011)
    __rt_lib_init_lc_ctype_1                 0x08000177   Thumb Code     0  libinit2.o(.ARM.Collect$$libinit$$00000013)
    __rt_lib_init_lc_monetary_1              0x08000177   Thumb Code     0  libinit2.o(.ARM.Collect$$libinit$$00000015)
    __rt_lib_init_lc_numeric_1               0x08000177   Thumb Code     0  libinit2.o(.ARM.Collect$$libinit$$00000017)
    __rt_lib_init_lc_time_1                  0x08000177   Thumb Code     0  libinit2.o(.ARM.Collect$$libinit$$00000019)
    __rt_lib_init_preinit_1                  0x08000177   Thumb Code     0  libinit2.o(.ARM.Collect$$libinit$$00000004)
    __rt_lib_init_rand_1                     0x08000177   Thumb Code     0  libinit2.o(.ARM.Collect$$libinit$$0000000E)
    __rt_lib_init_return                     0x08000177   Thumb Code     0  libinit2.o(.ARM.Collect$$libinit$$00000033)
    __rt_lib_init_signal_1                   0x08000177   Thumb Code     0  libinit2.o(.ARM.Collect$$libinit$$0000001D)
    __rt_lib_init_stdio_1                    0x08000177   Thumb Code     0  libinit2.o(.ARM.Collect$$libinit$$00000025)
    __rt_lib_init_user_alloc_1               0x08000177   Thumb Code     0  libinit2.o(.ARM.Collect$$libinit$$0000000C)
    __rt_lib_shutdown                        0x08000179   Thumb Code     0  libshutdown.o(.ARM.Collect$$libshutdown$$00000000)
    __rt_lib_shutdown_cpp_1                  0x0800017b   Thumb Code     0  libshutdown2.o(.ARM.Collect$$libshutdown$$00000002)
    __rt_lib_shutdown_fp_trap_1              0x0800017b   Thumb Code     0  libshutdown2.o(.ARM.Collect$$libshutdown$$00000007)
    __rt_lib_shutdown_heap_1                 0x0800017b   Thumb Code     0  libshutdown2.o(.ARM.Collect$$libshutdown$$0000000F)
    __rt_lib_shutdown_return                 0x0800017b   Thumb Code     0  libshutdown2.o(.ARM.Collect$$libshutdown$$00000010)
    __rt_lib_shutdown_signal_1               0x0800017b   Thumb Code     0  libshutdown2.o(.ARM.Collect$$libshutdown$$0000000A)
    __rt_lib_shutdown_stdio_1                0x0800017b   Thumb Code     0  libshutdown2.o(.ARM.Collect$$libshutdown$$00000004)
    __rt_lib_shutdown_user_alloc_1           0x0800017b   Thumb Code     0  libshutdown2.o(.ARM.Collect$$libshutdown$$0000000C)
    __rt_entry                               0x0800017d   Thumb Code     0  __rtentry.o(.ARM.Collect$$rtentry$$00000000)
    __rt_entry_presh_1                       0x0800017d   Thumb Code     0  __rtentry2.o(.ARM.Collect$$rtentry$$00000002)
    __rt_entry_sh                            0x0800017d   Thumb Code     0  __rtentry4.o(.ARM.Collect$$rtentry$$00000004)
    __rt_entry_li                            0x08000183   Thumb Code     0  __rtentry2.o(.ARM.Collect$$rtentry$$0000000A)
    __rt_entry_postsh_1                      0x08000183   Thumb Code     0  __rtentry2.o(.ARM.Collect$$rtentry$$00000009)
    __rt_entry_main                          0x08000187   Thumb Code     0  __rtentry2.o(.ARM.Collect$$rtentry$$0000000D)
    __rt_entry_postli_1                      0x08000187   Thumb Code     0  __rtentry2.o(.ARM.Collect$$rtentry$$0000000C)
    __rt_exit                                0x0800018f   Thumb Code     0  rtexit.o(.ARM.Collect$$rtexit$$00000000)
    __rt_exit_ls                             0x08000191   Thumb Code     0  rtexit2.o(.ARM.Collect$$rtexit$$00000003)
    __rt_exit_prels_1                        0x08000191   Thumb Code     0  rtexit2.o(.ARM.Collect$$rtexit$$00000002)
    __rt_exit_exit                           0x08000195   Thumb Code     0  rtexit2.o(.ARM.Collect$$rtexit$$00000004)
    Reset_Handler                            0x0800019d   Thumb Code     8  startup_mdr32f9qx.o(.text)
    __user_initial_stackheap                 0x080001b9   Thumb Code     0  startup_mdr32f9qx.o(.text)
    __use_two_region_memory                  0x080001dd   Thumb Code     2  heapauxi.o(.text)
    __rt_heap_escrow$2region                 0x080001df   Thumb Code     2  heapauxi.o(.text)
    __rt_heap_expand$2region                 0x080001e1   Thumb Code     2  heapauxi.o(.text)
    __user_setup_stackheap                   0x080001e3   Thumb Code    74  sys_stackheap_outer.o(.text)
    exit                                     0x0800022d   Thumb Code    18  exit.o(.text)
    __user_libspace                          0x08000241   Thumb Code     8  libspace.o(.text)
    __user_perproc_libspace                  0x08000241   Thumb Code     0  libspace.o(.text)
    __user_perthread_libspace                0x08000241   Thumb Code     0  libspace.o(.text)
    _sys_exit                                0x08000249   Thumb Code     8  sys_exit.o(.text)
    __I$use$semihosting                      0x08000255   Thumb Code     0  use_no_semi.o(.text)
    __use_no_semihosting_swi                 0x08000255   Thumb Code     2  use_no_semi.o(.text)
    ADC_IRQHandler                           0x08000257   Thumb Code     2  1986be9x_it.o(i.ADC_IRQHandler)
    __semihosting_library_function           0x08000257   Thumb Code     0  indicate_semi.o(.text)
    BACKUP_IRQHandler                        0x08000259   Thumb Code     2  1986be9x_it.o(i.BACKUP_IRQHandler)
    BusFault_Handler                         0x0800025b   Thumb Code     4  1986be9x_it.o(i.BusFault_Handler)
    ButtonPinGfg                             0x08000261   Thumb Code    52  main.o(i.ButtonPinGfg)
    CAN1_IRQHandler                          0x080002a5   Thumb Code     2  1986be9x_it.o(i.CAN1_IRQHandler)
    CAN2_IRQHandler                          0x080002a7   Thumb Code     2  1986be9x_it.o(i.CAN2_IRQHandler)
    CAN_BRGInit                              0x080002a9   Thumb Code    48  mdr32f9qx_can.o(i.CAN_BRGInit)
    CAN_Cmd                                  0x080002e1   Thumb Code    20  mdr32f9qx_can.o(i.CAN_Cmd)
    CAN_DeInit                               0x080002f5   Thumb Code    42  mdr32f9qx_can.o(i.CAN_DeInit)
    CAN_ITConfig                             0x0800031f   Thumb Code    18  mdr32f9qx_can.o(i.CAN_ITConfig)
    CAN_Init                                 0x08000331   Thumb Code    98  mdr32f9qx_can.o(i.CAN_Init)
    CAN_Receive                              0x08000393   Thumb Code    22  mdr32f9qx_can.o(i.CAN_Receive)
    CAN_RxITConfig                           0x080003a9   Thumb Code    22  mdr32f9qx_can.o(i.CAN_RxITConfig)
    CAN_Setup                                0x080003c1   Thumb Code   196  can_main.o(i.CAN_Setup)
    CAN_StructInit                           0x0800048d   Thumb Code    38  mdr32f9qx_can.o(i.CAN_StructInit)
    CAN_Transmit                             0x080004b3   Thumb Code    96  mdr32f9qx_can.o(i.CAN_Transmit)
    CAN_TxITConfig                           0x08000513   Thumb Code    22  mdr32f9qx_can.o(i.CAN_TxITConfig)
    CAN_ports_ini                            0x08000529   Thumb Code    84  can_main.o(i.CAN_ports_ini)
    COMPARATOR_IRQHandler                    0x08000581   Thumb Code     2  1986be9x_it.o(i.COMPARATOR_IRQHandler)
    CanTest                                  0x08000585   Thumb Code    92  main.o(i.CanTest)
    DMA_IRQHandler                           0x080005f9   Thumb Code     2  1986be9x_it.o(i.DMA_IRQHandler)
    DebugMon_Handler                         0x080005fb   Thumb Code     2  1986be9x_it.o(i.DebugMon_Handler)
    DispOn                                   0x080005fd   Thumb Code   188  mlt_lcd.o(i.DispOn)
    EXT_INT1_IRQHandler                      0x080006c9   Thumb Code     2  1986be9x_it.o(i.EXT_INT1_IRQHandler)
    EXT_INT2_IRQHandler                      0x080006cb   Thumb Code     2  1986be9x_it.o(i.EXT_INT2_IRQHandler)
    EXT_INT3_IRQHandler                      0x080006cd   Thumb Code     2  1986be9x_it.o(i.EXT_INT3_IRQHandler)
    EXT_INT4_IRQHandler                      0x080006cf   Thumb Code     2  1986be9x_it.o(i.EXT_INT4_IRQHandler)
    FullTest                                 0x080006d1   Thumb Code   492  main.o(i.FullTest)
    HardFault_Handler                        0x080008fd   Thumb Code     4  1986be9x_it.o(i.HardFault_Handler)
    I2C_IRQHandler                           0x08000901   Thumb Code     2  1986be9x_it.o(i.I2C_IRQHandler)
    InfoString                               0x08000905   Thumb Code    36  1986be9x_it.o(i.InfoString)
    LcdClearChip                             0x08000931   Thumb Code    24  mlt_lcd.o(i.LcdClearChip)
    LcdClearPage                             0x08000949   Thumb Code    64  mlt_lcd.o(i.LcdClearPage)
    LcdInit                                  0x08000989   Thumb Code    58  mlt_lcd.o(i.LcdInit)
    LcdPutChar                               0x080009c9   Thumb Code   104  mlt_lcd.o(i.LcdPutChar)
    LcdPutString                             0x08000a31   Thumb Code   152  mlt_lcd.o(i.LcdPutString)
    LcdScrollString                          0x08000ac9   Thumb Code   130  mlt_lcd.o(i.LcdScrollString)
    MemManage_Handler                        0x08000b4b   Thumb Code     4  1986be9x_it.o(i.MemManage_Handler)
    MltDelay                                 0x08000b4f   Thumb Code    12  mlt_lcd.o(i.MltDelay)
    MltPinCfg                                0x08000b5d   Thumb Code    82  main.o(i.MltPinCfg)
    NMI_Handler                              0x08000bc5   Thumb Code     2  1986be9x_it.o(i.NMI_Handler)
    PORT_Init                                0x08000be1   Thumb Code   450  mdr32f9qx_port.o(i.PORT_Init)
    PORT_ReadInputDataBit                    0x08000da9   Thumb Code    16  mdr32f9qx_port.o(i.PORT_ReadInputDataBit)
    PORT_ResetBits                           0x08000db9   Thumb Code    22  mdr32f9qx_port.o(i.PORT_ResetBits)
    PORT_SetBits                             0x08000dd5   Thumb Code    22  mdr32f9qx_port.o(i.PORT_SetBits)
    POWER_IRQHandler                         0x08000df1   Thumb Code     2  1986be9x_it.o(i.POWER_IRQHandler)
    PendSV_Handler                           0x08000df3   Thumb Code     2  1986be9x_it.o(i.PendSV_Handler)
    PortsSSP2Init                            0x08000df5   Thumb Code    48  ssp_main.o(i.PortsSSP2Init)
    RST_CLK_CPU_PLLcmd                       0x08000e2d   Thumb Code     6  mdr32f9qx_rst_clk.o(i.RST_CLK_CPU_PLLcmd)
    RST_CLK_CPU_PLLconfig                    0x08000e39   Thumb Code    54  mdr32f9qx_rst_clk.o(i.RST_CLK_CPU_PLLconfig)
    RST_CLK_CPU_PLLstatus                    0x08000e79   Thumb Code    52  mdr32f9qx_rst_clk.o(i.RST_CLK_CPU_PLLstatus)
    RST_CLK_CPU_PLLuse                       0x08000ead   Thumb Code     6  mdr32f9qx_rst_clk.o(i.RST_CLK_CPU_PLLuse)
    RST_CLK_CPUclkPrescaler                  0x08000eb9   Thumb Code    18  mdr32f9qx_rst_clk.o(i.RST_CLK_CPUclkPrescaler)
    RST_CLK_CPUclkSelection                  0x08000ed1   Thumb Code    16  mdr32f9qx_rst_clk.o(i.RST_CLK_CPUclkSelection)
    RST_CLK_GetClocksFreq                    0x08000ee5   Thumb Code   620  mdr32f9qx_rst_clk.o(i.RST_CLK_GetClocksFreq)
    RST_CLK_GetFlagStatus                    0x08001159   Thumb Code    42  mdr32f9qx_rst_clk.o(i.RST_CLK_GetFlagStatus)
    RST_CLK_HSEconfig                        0x0800118d   Thumb Code    56  mdr32f9qx_rst_clk.o(i.RST_CLK_HSEconfig)
    RST_CLK_HSEstatus                        0x080011c9   Thumb Code    52  mdr32f9qx_rst_clk.o(i.RST_CLK_HSEstatus)
    RST_CLK_LSEconfig                        0x080011fd   Thumb Code    56  mdr32f9qx_rst_clk.o(i.RST_CLK_LSEconfig)
    RST_CLK_LSEstatus                        0x08001239   Thumb Code    52  mdr32f9qx_rst_clk.o(i.RST_CLK_LSEstatus)
    RST_CLK_PCLKcmd                          0x0800126d   Thumb Code    26  mdr32f9qx_rst_clk.o(i.RST_CLK_PCLKcmd)
    ReadStatus                               0x0800128d   Thumb Code   182  mlt_lcd.o(i.ReadStatus)
    SSP1_IRQHandler                          0x08001355   Thumb Code     2  1986be9x_it.o(i.SSP1_IRQHandler)
    SSP2StructInit                           0x08001359   Thumb Code    76  ssp_main.o(i.SSP2StructInit)
    SSP2_IRQHandler                          0x080013b1   Thumb Code     2  1986be9x_it.o(i.SSP2_IRQHandler)
    SSPTest                                  0x080013b5   Thumb Code    70  main.o(i.SSPTest)
    SSP_BRGInit                              0x0800140d   Thumb Code    48  mdr32f9qx_ssp.o(i.SSP_BRGInit)
    SSP_Cmd                                  0x08001449   Thumb Code    24  mdr32f9qx_ssp.o(i.SSP_Cmd)
    SSP_DeInit                               0x08001461   Thumb Code    18  mdr32f9qx_ssp.o(i.SSP_DeInit)
    SSP_GetFlagStatus                        0x08001473   Thumb Code    16  mdr32f9qx_ssp.o(i.SSP_GetFlagStatus)
    SSP_Init                                 0x08001483   Thumb Code    38  mdr32f9qx_ssp.o(i.SSP_Init)
    SSP_SendData                             0x080014a9   Thumb Code     4  mdr32f9qx_ssp.o(i.SSP_SendData)
    SSP_StructInit                           0x080014ad   Thumb Code    28  mdr32f9qx_ssp.o(i.SSP_StructInit)
    SVC_Handler                              0x080014c9   Thumb Code     2  1986be9x_it.o(i.SVC_Handler)
    SetAdress                                0x080014cd   Thumb Code   192  mlt_lcd.o(i.SetAdress)
    SetDataBits                              0x0800159d   Thumb Code    60  mlt_lcd.o(i.SetDataBits)
    SetPage                                  0x080015e1   Thumb Code   192  mlt_lcd.o(i.SetPage)
    Setup_CPU_Clock                          0x080016b1   Thumb Code    50  usb_main.o(i.Setup_CPU_Clock)
    SysTick_Handler                          0x08001739   Thumb Code     2  1986be9x_it.o(i.SysTick_Handler)
    SystemCoreClockUpdate                    0x0800173d   Thumb Code   130  system_mdr32f9qx.o(i.SystemCoreClockUpdate)
    SystemInit                               0x080017cd   Thumb Code    54  system_mdr32f9qx.o(i.SystemInit)
    Tim1Setup                                0x0800180d   Thumb Code    72  main.o(i.Tim1Setup)
    Timer1_IRQHandler                        0x0800185d   Thumb Code  1432  1986be9x_it.o(i.Timer1_IRQHandler)
    Timer2_IRQHandler                        0x08001e05   Thumb Code     2  1986be9x_it.o(i.Timer2_IRQHandler)
    Timer3_IRQHandler                        0x08001e07   Thumb Code     2  1986be9x_it.o(i.Timer3_IRQHandler)
    UART1_IRQHandler                         0x08001e09   Thumb Code     2  1986be9x_it.o(i.UART1_IRQHandler)
    UART2_IRQHandler                         0x08001e0b   Thumb Code     2  1986be9x_it.o(i.UART2_IRQHandler)
    UART_BRGInit                             0x08001e0d   Thumb Code    48  mdr32f9qx_uart.o(i.UART_BRGInit)
    UART_Cmd                                 0x08001e49   Thumb Code    24  mdr32f9qx_uart.o(i.UART_Cmd)
    UART_GetFlagStatus                       0x08001e61   Thumb Code    16  mdr32f9qx_uart.o(i.UART_GetFlagStatus)
    UART_Init                                0x08001e71   Thumb Code   162  mdr32f9qx_uart.o(i.UART_Init)
    UART_ReceiveData                         0x08001f21   Thumb Code     8  mdr32f9qx_uart.o(i.UART_ReceiveData)
    UART_SendData                            0x08001f29   Thumb Code     6  mdr32f9qx_uart.o(i.UART_SendData)
    USBTest                                  0x08001f31   Thumb Code    38  main.o(i.USBTest)
    USB_BRGInit                              0x08001f5d   Thumb Code    54  mdr32f9qx_usb.o(i.USB_BRGInit)
    USB_CDC_ClassRequest                     0x08001f99   Thumb Code   142  mdr32f9qx_usb_cdc.o(i.USB_CDC_ClassRequest)
    USB_CDC_GetDescriptor                    0x08002079   Thumb Code    86  mdr32f9qx_usb_cdc.o(i.USB_CDC_GetDescriptor)
    USB_CDC_GetLineCoding                    0x080020dd   Thumb Code    20  usb_main.o(i.USB_CDC_GetLineCoding)
    USB_CDC_Init                             0x080020f5   Thumb Code    38  mdr32f9qx_usb_cdc.o(i.USB_CDC_Init)
    USB_CDC_RecieveData                      0x08002175   Thumb Code    72  usb_main.o(i.USB_CDC_RecieveData)
    USB_CDC_Reset                            0x080021d1   Thumb Code    66  mdr32f9qx_usb_cdc.o(i.USB_CDC_Reset)
    USB_CDC_SendData                         0x0800221d   Thumb Code    38  mdr32f9qx_usb_cdc.o(i.USB_CDC_SendData)
    USB_CDC_SetLineCoding                    0x0800224d   Thumb Code    22  usb_main.o(i.USB_CDC_SetLineCoding)
    USB_CDC_SetReceiveBuffer                 0x08002269   Thumb Code    12  mdr32f9qx_usb_cdc.o(i.USB_CDC_SetReceiveBuffer)
    USB_DeviceClearFeature                   0x08002279   Thumb Code    26  mdr32f9qx_usb_device.o(i.USB_DeviceClearFeature)
    USB_DeviceDispatchEvent                  0x08002295   Thumb Code   120  mdr32f9qx_usb_device.o(i.USB_DeviceDispatchEvent)
    USB_DeviceDoStatusOutAck                 0x08002319   Thumb Code    22  mdr32f9qx_usb_device.o(i.USB_DeviceDoStatusOutAck)
    USB_DeviceInit                           0x08002331   Thumb Code    74  mdr32f9qx_usb_device.o(i.USB_DeviceInit)
    USB_DevicePowerOn                        0x08002389   Thumb Code    18  mdr32f9qx_usb_device.o(i.USB_DevicePowerOn)
    USB_DeviceReset                          0x080023a1   Thumb Code    10  mdr32f9qx_usb_device.o(i.USB_DeviceReset)
    USB_DeviceSetFeature                     0x080023b1   Thumb Code    28  mdr32f9qx_usb_device.o(i.USB_DeviceSetFeature)
    USB_DeviceSetupPacket                    0x080023cd   Thumb Code   596  mdr32f9qx_usb_device.o(i.USB_DeviceSetupPacket)
    USB_EP_Idle                              0x0800265d   Thumb Code    60  mdr32f9qx_usb_device.o(i.USB_EP_Idle)
    USB_EP_Init                              0x0800269d   Thumb Code    66  mdr32f9qx_usb_device.o(i.USB_EP_Init)
    USB_EP_Stall                             0x08002711   Thumb Code    64  mdr32f9qx_usb_device.o(i.USB_EP_Stall)
    USB_EP_dispatchEvent                     0x08002755   Thumb Code   586  mdr32f9qx_usb_device.o(i.USB_EP_dispatchEvent)
    USB_EP_doDataIn                          0x080029a5   Thumb Code    72  mdr32f9qx_usb_device.o(i.USB_EP_doDataIn)
    USB_EP_doDataOut                         0x080029f1   Thumb Code    56  mdr32f9qx_usb_device.o(i.USB_EP_doDataOut)
    USB_EP_setSetupHandler                   0x08002aa9   Thumb Code    58  mdr32f9qx_usb_device.o(i.USB_EP_setSetupHandler)
    USB_GetSEPxCTRL                          0x08002ae9   Thumb Code    12  mdr32f9qx_usb.o(i.USB_GetSEPxCTRL)
    USB_GetSEPxRXFD                          0x08002af9   Thumb Code    12  mdr32f9qx_usb.o(i.USB_GetSEPxRXFD)
    USB_GetSEPxRXFDC                         0x08002b09   Thumb Code    12  mdr32f9qx_usb.o(i.USB_GetSEPxRXFDC)
    USB_GetSEPxSTS                           0x08002b19   Thumb Code    12  mdr32f9qx_usb.o(i.USB_GetSEPxSTS)
    USB_GetSEPxTS                            0x08002b29   Thumb Code    12  mdr32f9qx_usb.o(i.USB_GetSEPxTS)
    USB_GetSIS                               0x08002b39   Thumb Code     6  mdr32f9qx_usb.o(i.USB_GetSIS)
    USB_IRQHandler                           0x08002b45   Thumb Code     8  mdr32f9qx_usb_device.o(i.USB_IRQHandler)
    USB_Reset                                0x08002b4d   Thumb Code    30  mdr32f9qx_usb.o(i.USB_Reset)
    USB_SEPxToggleEPDATASEQ                  0x08002b6d   Thumb Code    22  mdr32f9qx_usb.o(i.USB_SEPxToggleEPDATASEQ)
    USB_SetHSCR                              0x08002b89   Thumb Code    24  mdr32f9qx_usb.o(i.USB_SetHSCR)
    USB_SetSA                                0x08002ba9   Thumb Code     6  mdr32f9qx_usb.o(i.USB_SetSA)
    USB_SetSC                                0x08002bb5   Thumb Code    24  mdr32f9qx_usb.o(i.USB_SetSC)
    USB_SetSEPxCTRL                          0x08002bd5   Thumb Code    34  mdr32f9qx_usb.o(i.USB_SetSEPxCTRL)
    USB_SetSEPxRXFC                          0x08002c01   Thumb Code    10  mdr32f9qx_usb.o(i.USB_SetSEPxRXFC)
    USB_SetSEPxTXFD                          0x08002c11   Thumb Code    10  mdr32f9qx_usb.o(i.USB_SetSEPxTXFD)
    USB_SetSEPxTXFDC                         0x08002c21   Thumb Code    10  mdr32f9qx_usb.o(i.USB_SetSEPxTXFDC)
    USB_SetSIM                               0x08002c31   Thumb Code    24  mdr32f9qx_usb.o(i.USB_SetSIM)
    USB_SetSIS                               0x08002c51   Thumb Code     6  mdr32f9qx_usb.o(i.USB_SetSIS)
    USB_main                                 0x08002c5d   Thumb Code    28  usb_main.o(i.USB_main)
    USB_off                                  0x08002c7d   Thumb Code   128  usb_main.o(i.USB_off)
    Uart2PinCfg                              0x08002cfd   Thumb Code    58  uart_main.o(i.Uart2PinCfg)
    Uart2Setup                               0x08002d41   Thumb Code    68  uart_main.o(i.Uart2Setup)
    UartTest                                 0x08002d8d   Thumb Code    82  main.o(i.UartTest)
    UsageFault_Handler                       0x08002df1   Thumb Code     4  1986be9x_it.o(i.UsageFault_Handler)
    WWDG_IRQHandler                          0x08002e0d   Thumb Code     2  1986be9x_it.o(i.WWDG_IRQHandler)
    WriteData                                0x08002e11   Thumb Code   190  mlt_lcd.o(i.WriteData)
    main                                     0x08002ee1   Thumb Code   504  main.o(i.main)
    Region$$Table$$Base                      0x08003120   Number         0  anon$$obj.o(Region$$Table)
    Region$$Table$$Limit                     0x08003140   Number         0  anon$$obj.o(Region$$Table)
    count_title                              0x20000000   Data           4  main.o(.data)
    MenuMainItem                             0x20000004   Data           4  main.o(.data)
    CursorPosItem                            0x20000008   Data           4  main.o(.data)
    UartFlag                                 0x2000000c   Data           1  main.o(.data)
    SSPFlag                                  0x2000000d   Data           1  main.o(.data)
    TestSSPDone                              0x2000000e   Data           1  main.o(.data)
    TestCanDone                              0x2000000f   Data           1  main.o(.data)
    TestUartDone                             0x20000010   Data           1  main.o(.data)
    USBFlag                                  0x20000011   Data           1  main.o(.data)
    CanFlag                                  0x20000012   Data           1  main.o(.data)
    FullTestFlag                             0x20000013   Data           1  main.o(.data)
    FullTestUSBGetFlag                       0x20000014   Data           1  main.o(.data)
    FullTestCANFlag                          0x20000015   Data           1  main.o(.data)
    FullTestUARTFlag                         0x20000016   Data           1  main.o(.data)
    FullTestSSPFlag                          0x20000017   Data           1  main.o(.data)
    FullTestUSBSendFlag                      0x20000018   Data           1  main.o(.data)
    FullTestUSBInfoFlag                      0x20000019   Data           1  main.o(.data)
    FullTestUSBSendInfoFlag                  0x2000001a   Data           1  main.o(.data)
    FullTestUARTGetFlag                      0x2000001b   Data           1  main.o(.data)
    USBInfo                                  0x2000001c   Data           1  main.o(.data)
    USBFinalInfo                             0x2000001d   Data           1  main.o(.data)
    tx_buf                                   0x20000020   Data           4  main.o(.data)
    dig_0                                    0x20000024   Data           8  1986be9x_it.o(.data)
    dig_1                                    0x2000002c   Data           8  1986be9x_it.o(.data)
    dig_2                                    0x20000034   Data           8  1986be9x_it.o(.data)
    dig_3                                    0x2000003c   Data           8  1986be9x_it.o(.data)
    dig_4                                    0x20000044   Data           8  1986be9x_it.o(.data)
    dig_5                                    0x2000004c   Data           8  1986be9x_it.o(.data)
    dig_6                                    0x20000054   Data           8  1986be9x_it.o(.data)
    dig_7                                    0x2000005c   Data           8  1986be9x_it.o(.data)
    dig_8                                    0x20000064   Data           8  1986be9x_it.o(.data)
    dig_9                                    0x2000006c   Data           8  1986be9x_it.o(.data)
    lat_A                                    0x20000074   Data           8  1986be9x_it.o(.data)
    lat_B                                    0x2000007c   Data           8  1986be9x_it.o(.data)
    lat_C                                    0x20000084   Data           8  1986be9x_it.o(.data)
    lat_D                                    0x2000008c   Data           8  1986be9x_it.o(.data)
    lat_E                                    0x20000094   Data           8  1986be9x_it.o(.data)
    lat_F                                    0x2000009c   Data           8  1986be9x_it.o(.data)
    lat_G                                    0x200000a4   Data           8  1986be9x_it.o(.data)
    lat_H                                    0x200000ac   Data           8  1986be9x_it.o(.data)
    lat_I                                    0x200000b4   Data           8  1986be9x_it.o(.data)
    lat_J                                    0x200000bc   Data           8  1986be9x_it.o(.data)
    lat_K                                    0x200000c4   Data           8  1986be9x_it.o(.data)
    lat_L                                    0x200000cc   Data           8  1986be9x_it.o(.data)
    lat_M                                    0x200000d4   Data           8  1986be9x_it.o(.data)
    lat_N                                    0x200000dc   Data           8  1986be9x_it.o(.data)
    lat_O                                    0x200000e4   Data           8  1986be9x_it.o(.data)
    lat_P                                    0x200000ec   Data           8  1986be9x_it.o(.data)
    lat_Q                                    0x200000f4   Data           8  1986be9x_it.o(.data)
    lat_R                                    0x200000fc   Data           8  1986be9x_it.o(.data)
    lat_S                                    0x20000104   Data           8  1986be9x_it.o(.data)
    lat_T                                    0x2000010c   Data           8  1986be9x_it.o(.data)
    lat_U                                    0x20000114   Data           8  1986be9x_it.o(.data)
    lat_V                                    0x2000011c   Data           8  1986be9x_it.o(.data)
    lat_W                                    0x20000124   Data           8  1986be9x_it.o(.data)
    lat_X                                    0x2000012c   Data           8  1986be9x_it.o(.data)
    lat_Y                                    0x20000134   Data           8  1986be9x_it.o(.data)
    lat_Z                                    0x2000013c   Data           8  1986be9x_it.o(.data)
    lat_a                                    0x20000144   Data           8  1986be9x_it.o(.data)
    lat_b                                    0x2000014c   Data           8  1986be9x_it.o(.data)
    lat_c                                    0x20000154   Data           8  1986be9x_it.o(.data)
    lat_d                                    0x2000015c   Data           8  1986be9x_it.o(.data)
    lat_e                                    0x20000164   Data           8  1986be9x_it.o(.data)
    lat_f                                    0x2000016c   Data           8  1986be9x_it.o(.data)
    lat_g                                    0x20000174   Data           8  1986be9x_it.o(.data)
    lat_h                                    0x2000017c   Data           8  1986be9x_it.o(.data)
    lat_i                                    0x20000184   Data           8  1986be9x_it.o(.data)
    lat_j                                    0x2000018c   Data           8  1986be9x_it.o(.data)
    lat_k                                    0x20000194   Data           8  1986be9x_it.o(.data)
    lat_l                                    0x2000019c   Data           8  1986be9x_it.o(.data)
    lat_m                                    0x200001a4   Data           8  1986be9x_it.o(.data)
    lat_n                                    0x200001ac   Data           8  1986be9x_it.o(.data)
    lat_o                                    0x200001b4   Data           8  1986be9x_it.o(.data)
    lat_p                                    0x200001bc   Data           8  1986be9x_it.o(.data)
    lat_q                                    0x200001c4   Data           8  1986be9x_it.o(.data)
    lat_r                                    0x200001cc   Data           8  1986be9x_it.o(.data)
    lat_s                                    0x200001d4   Data           8  1986be9x_it.o(.data)
    lat_t                                    0x200001dc   Data           8  1986be9x_it.o(.data)
    lat_u                                    0x200001e4   Data           8  1986be9x_it.o(.data)
    lat_v                                    0x200001ec   Data           8  1986be9x_it.o(.data)
    lat_w                                    0x200001f4   Data           8  1986be9x_it.o(.data)
    lat_x                                    0x200001fc   Data           8  1986be9x_it.o(.data)
    lat_y                                    0x20000204   Data           8  1986be9x_it.o(.data)
    lat_z                                    0x2000020c   Data           8  1986be9x_it.o(.data)
    cyr_A                                    0x20000214   Data           8  1986be9x_it.o(.data)
    cyr_B                                    0x2000021c   Data           8  1986be9x_it.o(.data)
    cyr_V                                    0x20000224   Data           8  1986be9x_it.o(.data)
    cyr_G                                    0x2000022c   Data           8  1986be9x_it.o(.data)
    cyr_D                                    0x20000234   Data           8  1986be9x_it.o(.data)
    cyr_E                                    0x2000023c   Data           8  1986be9x_it.o(.data)
    cyr_JO                                   0x20000244   Data           8  1986be9x_it.o(.data)
    cyr_ZH                                   0x2000024c   Data           8  1986be9x_it.o(.data)
    cyr_Z                                    0x20000254   Data           8  1986be9x_it.o(.data)
    cyr_I                                    0x2000025c   Data           8  1986be9x_it.o(.data)
    cyr_JJ                                   0x20000264   Data           8  1986be9x_it.o(.data)
    cyr_K                                    0x2000026c   Data           8  1986be9x_it.o(.data)
    cyr_L                                    0x20000274   Data           8  1986be9x_it.o(.data)
    cyr_M                                    0x2000027c   Data           8  1986be9x_it.o(.data)
    cyr_N                                    0x20000284   Data           8  1986be9x_it.o(.data)
    cyr_O                                    0x2000028c   Data           8  1986be9x_it.o(.data)
    cyr_P                                    0x20000294   Data           8  1986be9x_it.o(.data)
    cyr_R                                    0x2000029c   Data           8  1986be9x_it.o(.data)
    cyr_S                                    0x200002a4   Data           8  1986be9x_it.o(.data)
    cyr_T                                    0x200002ac   Data           8  1986be9x_it.o(.data)
    cyr_U                                    0x200002b4   Data           8  1986be9x_it.o(.data)
    cyr_F                                    0x200002bc   Data           8  1986be9x_it.o(.data)
    cyr_KH                                   0x200002c4   Data           8  1986be9x_it.o(.data)
    cyr_C                                    0x200002cc   Data           8  1986be9x_it.o(.data)
    cyr_CH                                   0x200002d4   Data           8  1986be9x_it.o(.data)
    cyr_SH                                   0x200002dc   Data           8  1986be9x_it.o(.data)
    cyr_SHH                                  0x200002e4   Data           8  1986be9x_it.o(.data)
    cyr_TZ                                   0x200002ec   Data           8  1986be9x_it.o(.data)
    cyr_Y                                    0x200002f4   Data           8  1986be9x_it.o(.data)
    cyr_MZ                                   0x200002fc   Data           8  1986be9x_it.o(.data)
    cyr_EH                                   0x20000304   Data           8  1986be9x_it.o(.data)
    cyr_YU                                   0x2000030c   Data           8  1986be9x_it.o(.data)
    cyr_YA                                   0x20000314   Data           8  1986be9x_it.o(.data)
    cyr_a                                    0x2000031c   Data           8  1986be9x_it.o(.data)
    cyr_b                                    0x20000324   Data           8  1986be9x_it.o(.data)
    cyr_v                                    0x2000032c   Data           8  1986be9x_it.o(.data)
    cyr_g                                    0x20000334   Data           8  1986be9x_it.o(.data)
    cyr_d                                    0x2000033c   Data           8  1986be9x_it.o(.data)
    cyr_e                                    0x20000344   Data           8  1986be9x_it.o(.data)
    cyr_jo                                   0x2000034c   Data           8  1986be9x_it.o(.data)
    cyr_zh                                   0x20000354   Data           8  1986be9x_it.o(.data)
    cyr_z                                    0x2000035c   Data           8  1986be9x_it.o(.data)
    cyr_i                                    0x20000364   Data           8  1986be9x_it.o(.data)
    cyr_jj                                   0x2000036c   Data           8  1986be9x_it.o(.data)
    cyr_k                                    0x20000374   Data           8  1986be9x_it.o(.data)
    cyr_l                                    0x2000037c   Data           8  1986be9x_it.o(.data)
    cyr_m                                    0x20000384   Data           8  1986be9x_it.o(.data)
    cyr_n                                    0x2000038c   Data           8  1986be9x_it.o(.data)
    cyr_o                                    0x20000394   Data           8  1986be9x_it.o(.data)
    cyr_p                                    0x2000039c   Data           8  1986be9x_it.o(.data)
    cyr_r                                    0x200003a4   Data           8  1986be9x_it.o(.data)
    cyr_s                                    0x200003ac   Data           8  1986be9x_it.o(.data)
    cyr_t                                    0x200003b4   Data           8  1986be9x_it.o(.data)
    cyr_u                                    0x200003bc   Data           8  1986be9x_it.o(.data)
    cyr_f                                    0x200003c4   Data           8  1986be9x_it.o(.data)
    cyr_kh                                   0x200003cc   Data           8  1986be9x_it.o(.data)
    cyr_c                                    0x200003d4   Data           8  1986be9x_it.o(.data)
    cyr_ch                                   0x200003dc   Data           8  1986be9x_it.o(.data)
    cyr_sh                                   0x200003e4   Data           8  1986be9x_it.o(.data)
    cyr_shh                                  0x200003ec   Data           8  1986be9x_it.o(.data)
    cyr_tz                                   0x200003f4   Data           8  1986be9x_it.o(.data)
    cyr_y                                    0x200003fc   Data           8  1986be9x_it.o(.data)
    cyr_mz                                   0x20000404   Data           8  1986be9x_it.o(.data)
    cyr_eh                                   0x2000040c   Data           8  1986be9x_it.o(.data)
    cyr_yu                                   0x20000414   Data           8  1986be9x_it.o(.data)
    cyr_ya                                   0x2000041c   Data           8  1986be9x_it.o(.data)
    sym_sp                                   0x20000424   Data           8  1986be9x_it.o(.data)
    sym_pt                                   0x2000042c   Data           8  1986be9x_it.o(.data)
    sym_def                                  0x20000434   Data           8  1986be9x_it.o(.data)
    sym_lcm                                  0x2000043c   Data           8  1986be9x_it.o(.data)
    sym_rcm                                  0x20000444   Data           8  1986be9x_it.o(.data)
    cursor                                   0x2000044c   Data           8  1986be9x_it.o(.data)
    count_main                               0x20000454   Data           4  1986be9x_it.o(.data)
    main_string                              0x20000458   Data         200  1986be9x_it.o(.data)
    menu_string                              0x20000520   Data         320  1986be9x_it.o(.data)
    numbers_string                           0x20000660   Data        2048  1986be9x_it.o(.data)
    usb_string1                              0x20000e60   Data          64  1986be9x_it.o(.data)
    uart_string                              0x20000ea0   Data          64  1986be9x_it.o(.data)
    can_string                               0x20000ee0   Data          64  1986be9x_it.o(.data)
    ssp_string                               0x20000f20   Data          64  1986be9x_it.o(.data)
    pass_string                              0x20000f60   Data          64  1986be9x_it.o(.data)
    get_string                               0x20000fa0   Data          64  1986be9x_it.o(.data)
    fail_string                              0x20000fe0   Data          64  1986be9x_it.o(.data)
    empty_string                             0x20001020   Data          64  1986be9x_it.o(.data)
    info_string                              0x20001060   Data          64  1986be9x_it.o(.data)
    wait_string                              0x200010a0   Data          64  1986be9x_it.o(.data)
    USB_Clock_InitStruct                     0x200010e0   Data           8  usb_main.o(.data)
    Buf                                      0x200010e8   Data           4  usb_main.o(.data)
    ret                                      0x200010f4   Data           4  can_main.o(.data)
    rx_buf                                   0x200010f8   Data           4  can_main.o(.data)
    TestRx                                   0x200010fc   Data           1  can_main.o(.data)
    SystemCoreClock                          0x20001100   Data           4  system_mdr32f9qx.o(.data)
    USB_CurrentSetupPacket                   0x20001164   Data           8  mdr32f9qx_usb_device.o(.data)
    USB_DeviceBUSParam                       0x20001180   Data          12  usb_main.o(.bss)
    sSSP                                     0x2000120c   Data          16  ssp_main.o(.bss)
    PORT_InitStructur                        0x2000121c   Data          12  ssp_main.o(.bss)
    USB_EPContext                            0x20001234   Data         176  mdr32f9qx_usb_device.o(.bss)
    USB_DeviceContext                        0x200012e4   Data          12  mdr32f9qx_usb_device.o(.bss)
    __libspace_start                         0x200012f0   Data          96  libspace.o(.bss)
    __temporary_stack_top$libspace           0x20001350   Data           0  libspace.o(.bss)



==============================================================================

Memory Map of the image

  Image Entry point : 0x0800019d

  Load Region LR_1 (Base: 0x08000000, Size: 0x000042b4, Max: 0xffffffff, ABSOLUTE, COMPRESSED[0x000039d0])

    Execution Region ER_RO (Exec base: 0x08000000, Load base: 0x08000000, Size: 0x00003140, Max: 0xffffffff, ABSOLUTE)

    Exec Addr    Load Addr    Size         Type   Attr      Idx    E Section Name        Object

    0x08000000   0x08000000   0x000000c0   Data   RO          644    RESET               startup_mdr32f9qx.o
    0x080000c0   0x080000c0   0x00000008   Code   RO         2435  * !!!main             c_w.l(__main.o)
    0x080000c8   0x080000c8   0x00000034   Code   RO         2594    !!!scatter          c_w.l(__scatter.o)
    0x080000fc   0x080000fc   0x0000005a   Code   RO         2592    !!dczerorl2         c_w.l(__dczerorl2.o)
    0x08000156   0x08000156   0x00000002   PAD
    0x08000158   0x08000158   0x0000001c   Code   RO         2596    !!handler_zi        c_w.l(__scatter_zi.o)
    0x08000174   0x08000174   0x00000002   Code   RO         2462    .ARM.Collect$$libinit$$00000000  c_w.l(libinit.o)
    0x08000176   0x08000176   0x00000000   Code   RO         2469    .ARM.Collect$$libinit$$00000002  c_w.l(libinit2.o)
    0x08000176   0x08000176   0x00000000   Code   RO         2471    .ARM.Collect$$libinit$$00000004  c_w.l(libinit2.o)
    0x08000176   0x08000176   0x00000000   Code   RO         2474    .ARM.Collect$$libinit$$0000000A  c_w.l(libinit2.o)
    0x08000176   0x08000176   0x00000000   Code   RO         2476    .ARM.Collect$$libinit$$0000000C  c_w.l(libinit2.o)
    0x08000176   0x08000176   0x00000000   Code   RO         2478    .ARM.Collect$$libinit$$0000000E  c_w.l(libinit2.o)
    0x08000176   0x08000176   0x00000000   Code   RO         2481    .ARM.Collect$$libinit$$00000011  c_w.l(libinit2.o)
    0x08000176   0x08000176   0x00000000   Code   RO         2483    .ARM.Collect$$libinit$$00000013  c_w.l(libinit2.o)
    0x08000176   0x08000176   0x00000000   Code   RO         2485    .ARM.Collect$$libinit$$00000015  c_w.l(libinit2.o)
    0x08000176   0x08000176   0x00000000   Code   RO         2487    .ARM.Collect$$libinit$$00000017  c_w.l(libinit2.o)
    0x08000176   0x08000176   0x00000000   Code   RO         2489    .ARM.Collect$$libinit$$00000019  c_w.l(libinit2.o)
    0x08000176   0x08000176   0x00000000   Code   RO         2491    .ARM.Collect$$libinit$$0000001B  c_w.l(libinit2.o)
    0x08000176   0x08000176   0x00000000   Code   RO         2493    .ARM.Collect$$libinit$$0000001D  c_w.l(libinit2.o)
    0x08000176   0x08000176   0x00000000   Code   RO         2495    .ARM.Collect$$libinit$$0000001F  c_w.l(libinit2.o)
    0x08000176   0x08000176   0x00000000   Code   RO         2497    .ARM.Collect$$libinit$$00000021  c_w.l(libinit2.o)
    0x08000176   0x08000176   0x00000000   Code   RO         2499    .ARM.Collect$$libinit$$00000023  c_w.l(libinit2.o)
    0x08000176   0x08000176   0x00000000   Code   RO         2501    .ARM.Collect$$libinit$$00000025  c_w.l(libinit2.o)
    0x08000176   0x08000176   0x00000000   Code   RO         2505    .ARM.Collect$$libinit$$0000002C  c_w.l(libinit2.o)
    0x08000176   0x08000176   0x00000000   Code   RO         2507    .ARM.Collect$$libinit$$0000002E  c_w.l(libinit2.o)
    0x08000176   0x08000176   0x00000000   Code   RO         2509    .ARM.Collect$$libinit$$00000030  c_w.l(libinit2.o)
    0x08000176   0x08000176   0x00000000   Code   RO         2511    .ARM.Collect$$libinit$$00000032  c_w.l(libinit2.o)
    0x08000176   0x08000176   0x00000002   Code   RO         2512    .ARM.Collect$$libinit$$00000033  c_w.l(libinit2.o)
    0x08000178   0x08000178   0x00000002   Code   RO         2532    .ARM.Collect$$libshutdown$$00000000  c_w.l(libshutdown.o)
    0x0800017a   0x0800017a   0x00000000   Code   RO         2545    .ARM.Collect$$libshutdown$$00000002  c_w.l(libshutdown2.o)
    0x0800017a   0x0800017a   0x00000000   Code   RO         2547    .ARM.Collect$$libshutdown$$00000004  c_w.l(libshutdown2.o)
    0x0800017a   0x0800017a   0x00000000   Code   RO         2550    .ARM.Collect$$libshutdown$$00000007  c_w.l(libshutdown2.o)
    0x0800017a   0x0800017a   0x00000000   Code   RO         2553    .ARM.Collect$$libshutdown$$0000000A  c_w.l(libshutdown2.o)
    0x0800017a   0x0800017a   0x00000000   Code   RO         2555    .ARM.Collect$$libshutdown$$0000000C  c_w.l(libshutdown2.o)
    0x0800017a   0x0800017a   0x00000000   Code   RO         2558    .ARM.Collect$$libshutdown$$0000000F  c_w.l(libshutdown2.o)
    0x0800017a   0x0800017a   0x00000002   Code   RO         2559    .ARM.Collect$$libshutdown$$00000010  c_w.l(libshutdown2.o)
    0x0800017c   0x0800017c   0x00000000   Code   RO         2437    .ARM.Collect$$rtentry$$00000000  c_w.l(__rtentry.o)
    0x0800017c   0x0800017c   0x00000000   Code   RO         2439    .ARM.Collect$$rtentry$$00000002  c_w.l(__rtentry2.o)
    0x0800017c   0x0800017c   0x00000006   Code   RO         2451    .ARM.Collect$$rtentry$$00000004  c_w.l(__rtentry4.o)
    0x08000182   0x08000182   0x00000000   Code   RO         2441    .ARM.Collect$$rtentry$$00000009  c_w.l(__rtentry2.o)
    0x08000182   0x08000182   0x00000004   Code   RO         2442    .ARM.Collect$$rtentry$$0000000A  c_w.l(__rtentry2.o)
    0x08000186   0x08000186   0x00000000   Code   RO         2444    .ARM.Collect$$rtentry$$0000000C  c_w.l(__rtentry2.o)
    0x08000186   0x08000186   0x00000008   Code   RO         2445    .ARM.Collect$$rtentry$$0000000D  c_w.l(__rtentry2.o)
    0x0800018e   0x0800018e   0x00000002   Code   RO         2466    .ARM.Collect$$rtexit$$00000000  c_w.l(rtexit.o)
    0x08000190   0x08000190   0x00000000   Code   RO         2514    .ARM.Collect$$rtexit$$00000002  c_w.l(rtexit2.o)
    0x08000190   0x08000190   0x00000004   Code   RO         2515    .ARM.Collect$$rtexit$$00000003  c_w.l(rtexit2.o)
    0x08000194   0x08000194   0x00000006   Code   RO         2516    .ARM.Collect$$rtexit$$00000004  c_w.l(rtexit2.o)
    0x0800019a   0x0800019a   0x00000002   PAD
    0x0800019c   0x0800019c   0x00000040   Code   RO          645  * .text               startup_mdr32f9qx.o
    0x080001dc   0x080001dc   0x00000006   Code   RO         2433    .text               c_w.l(heapauxi.o)
    0x080001e2   0x080001e2   0x0000004a   Code   RO         2453    .text               c_w.l(sys_stackheap_outer.o)
    0x0800022c   0x0800022c   0x00000012   Code   RO         2455    .text               c_w.l(exit.o)
    0x0800023e   0x0800023e   0x00000002   PAD
    0x08000240   0x08000240   0x00000008   Code   RO         2463    .text               c_w.l(libspace.o)
    0x08000248   0x08000248   0x0000000c   Code   RO         2524    .text               c_w.l(sys_exit.o)
    0x08000254   0x08000254   0x00000002   Code   RO         2535    .text               c_w.l(use_no_semi.o)
    0x08000256   0x08000256   0x00000000   Code   RO         2537    .text               c_w.l(indicate_semi.o)
    0x08000256   0x08000256   0x00000002   Code   RO          142    i.ADC_IRQHandler    1986be9x_it.o
    0x08000258   0x08000258   0x00000002   Code   RO          143    i.BACKUP_IRQHandler  1986be9x_it.o
    0x0800025a   0x0800025a   0x00000004   Code   RO          144    i.BusFault_Handler  1986be9x_it.o
    0x0800025e   0x0800025e   0x00000002   PAD
    0x08000260   0x08000260   0x00000044   Code   RO            3    i.ButtonPinGfg      main.o
    0x080002a4   0x080002a4   0x00000002   Code   RO          145    i.CAN1_IRQHandler   1986be9x_it.o
    0x080002a6   0x080002a6   0x00000002   Code   RO          146    i.CAN2_IRQHandler   1986be9x_it.o
    0x080002a8   0x080002a8   0x00000038   Code   RO          686    i.CAN_BRGInit       mdr32f9qx_can.o
    0x080002e0   0x080002e0   0x00000014   Code   RO          688    i.CAN_Cmd           mdr32f9qx_can.o
    0x080002f4   0x080002f4   0x0000002a   Code   RO          689    i.CAN_DeInit        mdr32f9qx_can.o
    0x0800031e   0x0800031e   0x00000012   Code   RO          703    i.CAN_ITConfig      mdr32f9qx_can.o
    0x08000330   0x08000330   0x00000062   Code   RO          704    i.CAN_Init          mdr32f9qx_can.o
    0x08000392   0x08000392   0x00000016   Code   RO          707    i.CAN_Receive       mdr32f9qx_can.o
    0x080003a8   0x080003a8   0x00000016   Code   RO          708    i.CAN_RxITConfig    mdr32f9qx_can.o
    0x080003be   0x080003be   0x00000002   PAD
    0x080003c0   0x080003c0   0x000000cc   Code   RO          470    i.CAN_Setup         can_main.o
    0x0800048c   0x0800048c   0x00000026   Code   RO          710    i.CAN_StructInit    mdr32f9qx_can.o
    0x080004b2   0x080004b2   0x00000060   Code   RO          711    i.CAN_Transmit      mdr32f9qx_can.o
    0x08000512   0x08000512   0x00000016   Code   RO          712    i.CAN_TxITConfig    mdr32f9qx_can.o
    0x08000528   0x08000528   0x00000058   Code   RO          471    i.CAN_ports_ini     can_main.o
    0x08000580   0x08000580   0x00000002   Code   RO          147    i.COMPARATOR_IRQHandler  1986be9x_it.o
    0x08000582   0x08000582   0x00000002   PAD
    0x08000584   0x08000584   0x00000074   Code   RO            4    i.CanTest           main.o
    0x080005f8   0x080005f8   0x00000002   Code   RO          148    i.DMA_IRQHandler    1986be9x_it.o
    0x080005fa   0x080005fa   0x00000002   Code   RO          149    i.DebugMon_Handler  1986be9x_it.o
    0x080005fc   0x080005fc   0x000000cc   Code   RO          532    i.DispOn            mlt_lcd.o
    0x080006c8   0x080006c8   0x00000002   Code   RO          150    i.EXT_INT1_IRQHandler  1986be9x_it.o
    0x080006ca   0x080006ca   0x00000002   Code   RO          151    i.EXT_INT2_IRQHandler  1986be9x_it.o
    0x080006cc   0x080006cc   0x00000002   Code   RO          152    i.EXT_INT3_IRQHandler  1986be9x_it.o
    0x080006ce   0x080006ce   0x00000002   Code   RO          153    i.EXT_INT4_IRQHandler  1986be9x_it.o
    0x080006d0   0x080006d0   0x0000022c   Code   RO            6    i.FullTest          main.o
    0x080008fc   0x080008fc   0x00000004   Code   RO          154    i.HardFault_Handler  1986be9x_it.o
    0x08000900   0x08000900   0x00000002   Code   RO          155    i.I2C_IRQHandler    1986be9x_it.o
    0x08000902   0x08000902   0x00000002   PAD
    0x08000904   0x08000904   0x0000002c   Code   RO          156    i.InfoString        1986be9x_it.o
    0x08000930   0x08000930   0x00000018   Code   RO          533    i.LcdClearChip      mlt_lcd.o
    0x08000948   0x08000948   0x00000040   Code   RO          534    i.LcdClearPage      mlt_lcd.o
    0x08000988   0x08000988   0x00000040   Code   RO          535    i.LcdInit           mlt_lcd.o
    0x080009c8   0x080009c8   0x00000068   Code   RO          536    i.LcdPutChar        mlt_lcd.o
    0x08000a30   0x08000a30   0x00000098   Code   RO          538    i.LcdPutString      mlt_lcd.o
    0x08000ac8   0x08000ac8   0x00000082   Code   RO          539    i.LcdScrollString   mlt_lcd.o
    0x08000b4a   0x08000b4a   0x00000004   Code   RO          157    i.MemManage_Handler  1986be9x_it.o
    0x08000b4e   0x08000b4e   0x0000000c   Code   RO          540    i.MltDelay          mlt_lcd.o
    0x08000b5a   0x08000b5a   0x00000002   PAD
    0x08000b5c   0x08000b5c   0x00000068   Code   RO            8    i.MltPinCfg         main.o
    0x08000bc4   0x08000bc4   0x00000002   Code   RO          158    i.NMI_Handler       1986be9x_it.o
    0x08000bc6   0x08000bc6   0x00000002   PAD
    0x08000bc8   0x08000bc8   0x00000018   Code   RO            9    i.NVIC_DisableIRQ   main.o
    0x08000be0   0x08000be0   0x000001c8   Code   RO          862    i.PORT_Init         mdr32f9qx_port.o
    0x08000da8   0x08000da8   0x00000010   Code   RO          864    i.PORT_ReadInputDataBit  mdr32f9qx_port.o
    0x08000db8   0x08000db8   0x0000001c   Code   RO          865    i.PORT_ResetBits    mdr32f9qx_port.o
    0x08000dd4   0x08000dd4   0x0000001c   Code   RO          866    i.PORT_SetBits      mdr32f9qx_port.o
    0x08000df0   0x08000df0   0x00000002   Code   RO          159    i.POWER_IRQHandler  1986be9x_it.o
    0x08000df2   0x08000df2   0x00000002   Code   RO          160    i.PendSV_Handler    1986be9x_it.o
    0x08000df4   0x08000df4   0x00000038   Code   RO          501    i.PortsSSP2Init     ssp_main.o
    0x08000e2c   0x08000e2c   0x0000000c   Code   RO          932    i.RST_CLK_CPU_PLLcmd  mdr32f9qx_rst_clk.o
    0x08000e38   0x08000e38   0x00000040   Code   RO          933    i.RST_CLK_CPU_PLLconfig  mdr32f9qx_rst_clk.o
    0x08000e78   0x08000e78   0x00000034   Code   RO          934    i.RST_CLK_CPU_PLLstatus  mdr32f9qx_rst_clk.o
    0x08000eac   0x08000eac   0x0000000c   Code   RO          935    i.RST_CLK_CPU_PLLuse  mdr32f9qx_rst_clk.o
    0x08000eb8   0x08000eb8   0x00000018   Code   RO          936    i.RST_CLK_CPUclkPrescaler  mdr32f9qx_rst_clk.o
    0x08000ed0   0x08000ed0   0x00000014   Code   RO          937    i.RST_CLK_CPUclkSelection  mdr32f9qx_rst_clk.o
    0x08000ee4   0x08000ee4   0x00000274   Code   RO          939    i.RST_CLK_GetClocksFreq  mdr32f9qx_rst_clk.o
    0x08001158   0x08001158   0x00000034   Code   RO          940    i.RST_CLK_GetFlagStatus  mdr32f9qx_rst_clk.o
    0x0800118c   0x0800118c   0x0000003c   Code   RO          942    i.RST_CLK_HSEconfig  mdr32f9qx_rst_clk.o
    0x080011c8   0x080011c8   0x00000034   Code   RO          943    i.RST_CLK_HSEstatus  mdr32f9qx_rst_clk.o
    0x080011fc   0x080011fc   0x0000003c   Code   RO          948    i.RST_CLK_LSEconfig  mdr32f9qx_rst_clk.o
    0x08001238   0x08001238   0x00000034   Code   RO          949    i.RST_CLK_LSEstatus  mdr32f9qx_rst_clk.o
    0x0800126c   0x0800126c   0x00000020   Code   RO          953    i.RST_CLK_PCLKcmd   mdr32f9qx_rst_clk.o
    0x0800128c   0x0800128c   0x000000c8   Code   RO          542    i.ReadStatus        mlt_lcd.o
    0x08001354   0x08001354   0x00000002   Code   RO          161    i.SSP1_IRQHandler   1986be9x_it.o
    0x08001356   0x08001356   0x00000002   PAD
    0x08001358   0x08001358   0x00000058   Code   RO          502    i.SSP2StructInit    ssp_main.o
    0x080013b0   0x080013b0   0x00000002   Code   RO          162    i.SSP2_IRQHandler   1986be9x_it.o
    0x080013b2   0x080013b2   0x00000002   PAD
    0x080013b4   0x080013b4   0x00000058   Code   RO           10    i.SSPTest           main.o
    0x0800140c   0x0800140c   0x0000003c   Code   RO         1147    i.SSP_BRGInit       mdr32f9qx_ssp.o
    0x08001448   0x08001448   0x00000018   Code   RO         1149    i.SSP_Cmd           mdr32f9qx_ssp.o
    0x08001460   0x08001460   0x00000012   Code   RO         1151    i.SSP_DeInit        mdr32f9qx_ssp.o
    0x08001472   0x08001472   0x00000010   Code   RO         1152    i.SSP_GetFlagStatus  mdr32f9qx_ssp.o
    0x08001482   0x08001482   0x00000026   Code   RO         1156    i.SSP_Init          mdr32f9qx_ssp.o
    0x080014a8   0x080014a8   0x00000004   Code   RO         1158    i.SSP_SendData      mdr32f9qx_ssp.o
    0x080014ac   0x080014ac   0x0000001c   Code   RO         1159    i.SSP_StructInit    mdr32f9qx_ssp.o
    0x080014c8   0x080014c8   0x00000002   Code   RO          163    i.SVC_Handler       1986be9x_it.o
    0x080014ca   0x080014ca   0x00000002   PAD
    0x080014cc   0x080014cc   0x000000d0   Code   RO          543    i.SetAdress         mlt_lcd.o
    0x0800159c   0x0800159c   0x00000044   Code   RO          544    i.SetDataBits       mlt_lcd.o
    0x080015e0   0x080015e0   0x000000d0   Code   RO          545    i.SetPage           mlt_lcd.o
    0x080016b0   0x080016b0   0x00000032   Code   RO          352    i.Setup_CPU_Clock   usb_main.o
    0x080016e2   0x080016e2   0x00000002   PAD
    0x080016e4   0x080016e4   0x00000054   Code   RO          353    i.Setup_USB         usb_main.o
    0x08001738   0x08001738   0x00000002   Code   RO          164    i.SysTick_Handler   1986be9x_it.o
    0x0800173a   0x0800173a   0x00000002   PAD
    0x0800173c   0x0800173c   0x00000090   Code   RO          651    i.SystemCoreClockUpdate  system_mdr32f9qx.o
    0x080017cc   0x080017cc   0x00000040   Code   RO          652    i.SystemInit        system_mdr32f9qx.o
    0x0800180c   0x0800180c   0x00000050   Code   RO           11    i.Tim1Setup         main.o
    0x0800185c   0x0800185c   0x000005a8   Code   RO          165    i.Timer1_IRQHandler  1986be9x_it.o
    0x08001e04   0x08001e04   0x00000002   Code   RO          166    i.Timer2_IRQHandler  1986be9x_it.o
    0x08001e06   0x08001e06   0x00000002   Code   RO          167    i.Timer3_IRQHandler  1986be9x_it.o
    0x08001e08   0x08001e08   0x00000002   Code   RO          168    i.UART1_IRQHandler  1986be9x_it.o
    0x08001e0a   0x08001e0a   0x00000002   Code   RO          169    i.UART2_IRQHandler  1986be9x_it.o
    0x08001e0c   0x08001e0c   0x0000003c   Code   RO         1592    i.UART_BRGInit      mdr32f9qx_uart.o
    0x08001e48   0x08001e48   0x00000018   Code   RO         1595    i.UART_Cmd          mdr32f9qx_uart.o
    0x08001e60   0x08001e60   0x00000010   Code   RO         1599    i.UART_GetFlagStatus  mdr32f9qx_uart.o
    0x08001e70   0x08001e70   0x000000b0   Code   RO         1603    i.UART_Init         mdr32f9qx_uart.o
    0x08001f20   0x08001f20   0x00000008   Code   RO         1606    i.UART_ReceiveData  mdr32f9qx_uart.o
    0x08001f28   0x08001f28   0x00000006   Code   RO         1607    i.UART_SendData     mdr32f9qx_uart.o
    0x08001f2e   0x08001f2e   0x00000002   PAD
    0x08001f30   0x08001f30   0x0000002c   Code   RO           12    i.USBTest           main.o
    0x08001f5c   0x08001f5c   0x0000003c   Code   RO         1708    i.USB_BRGInit       mdr32f9qx_usb.o
    0x08001f98   0x08001f98   0x000000a0   Code   RO         2085    i.USB_CDC_ClassRequest  mdr32f9qx_usb_cdc.o
    0x08002038   0x08002038   0x00000040   Code   RO         2086    i.USB_CDC_DoDataOut  mdr32f9qx_usb_cdc.o
    0x08002078   0x08002078   0x00000064   Code   RO         2091    i.USB_CDC_GetDescriptor  mdr32f9qx_usb_cdc.o
    0x080020dc   0x080020dc   0x00000018   Code   RO          354    i.USB_CDC_GetLineCoding  usb_main.o
    0x080020f4   0x080020f4   0x0000002c   Code   RO         2092    i.USB_CDC_Init      mdr32f9qx_usb_cdc.o
    0x08002120   0x08002120   0x00000044   Code   RO         2093    i.USB_CDC_OnDataReceive  mdr32f9qx_usb_cdc.o
    0x08002164   0x08002164   0x00000010   Code   RO         2094    i.USB_CDC_OnDataSent  mdr32f9qx_usb_cdc.o
    0x08002174   0x08002174   0x0000005c   Code   RO          355    i.USB_CDC_RecieveData  usb_main.o
    0x080021d0   0x080021d0   0x0000004c   Code   RO         2097    i.USB_CDC_Reset     mdr32f9qx_usb_cdc.o
    0x0800221c   0x0800221c   0x00000030   Code   RO         2098    i.USB_CDC_SendData  mdr32f9qx_usb_cdc.o
    0x0800224c   0x0800224c   0x0000001c   Code   RO          356    i.USB_CDC_SetLineCoding  usb_main.o
    0x08002268   0x08002268   0x00000010   Code   RO         2099    i.USB_CDC_SetReceiveBuffer  mdr32f9qx_usb_cdc.o
    0x08002278   0x08002278   0x0000001a   Code   RO         2192    i.USB_DeviceClearFeature  mdr32f9qx_usb_device.o
    0x08002292   0x08002292   0x00000002   PAD
    0x08002294   0x08002294   0x00000084   Code   RO         2193    i.USB_DeviceDispatchEvent  mdr32f9qx_usb_device.o
    0x08002318   0x08002318   0x00000016   Code   RO         2195    i.USB_DeviceDoStatusOutAck  mdr32f9qx_usb_device.o
    0x0800232e   0x0800232e   0x00000002   PAD
    0x08002330   0x08002330   0x00000058   Code   RO         2208    i.USB_DeviceInit    mdr32f9qx_usb_device.o
    0x08002388   0x08002388   0x00000018   Code   RO         2210    i.USB_DevicePowerOn  mdr32f9qx_usb_device.o
    0x080023a0   0x080023a0   0x00000010   Code   RO         2211    i.USB_DeviceReset   mdr32f9qx_usb_device.o
    0x080023b0   0x080023b0   0x0000001c   Code   RO         2213    i.USB_DeviceSetFeature  mdr32f9qx_usb_device.o
    0x080023cc   0x080023cc   0x00000268   Code   RO         2214    i.USB_DeviceSetupPacket  mdr32f9qx_usb_device.o
    0x08002634   0x08002634   0x00000028   Code   RO         2216    i.USB_Device_setAddressWork  mdr32f9qx_usb_device.o
    0x0800265c   0x0800265c   0x00000040   Code   RO         2217    i.USB_EP_Idle       mdr32f9qx_usb_device.o
    0x0800269c   0x0800269c   0x00000048   Code   RO         2218    i.USB_EP_Init       mdr32f9qx_usb_device.o
    0x080026e4   0x080026e4   0x0000002c   Code   RO         2220    i.USB_EP_SetReady   mdr32f9qx_usb_device.o
    0x08002710   0x08002710   0x00000044   Code   RO         2221    i.USB_EP_Stall      mdr32f9qx_usb_device.o
    0x08002754   0x08002754   0x00000250   Code   RO         2222    i.USB_EP_dispatchEvent  mdr32f9qx_usb_device.o
    0x080029a4   0x080029a4   0x0000004c   Code   RO         2223    i.USB_EP_doDataIn   mdr32f9qx_usb_device.o
    0x080029f0   0x080029f0   0x0000003c   Code   RO         2224    i.USB_EP_doDataOut  mdr32f9qx_usb_device.o
    0x08002a2c   0x08002a2c   0x0000007c   Code   RO         2225    i.USB_EP_sendInDataPortion  mdr32f9qx_usb_device.o
    0x08002aa8   0x08002aa8   0x00000040   Code   RO         2226    i.USB_EP_setSetupHandler  mdr32f9qx_usb_device.o
    0x08002ae8   0x08002ae8   0x00000010   Code   RO         1733    i.USB_GetSEPxCTRL   mdr32f9qx_usb.o
    0x08002af8   0x08002af8   0x00000010   Code   RO         1736    i.USB_GetSEPxRXFD   mdr32f9qx_usb.o
    0x08002b08   0x08002b08   0x00000010   Code   RO         1737    i.USB_GetSEPxRXFDC  mdr32f9qx_usb.o
    0x08002b18   0x08002b18   0x00000010   Code   RO         1738    i.USB_GetSEPxSTS    mdr32f9qx_usb.o
    0x08002b28   0x08002b28   0x00000010   Code   RO         1739    i.USB_GetSEPxTS     mdr32f9qx_usb.o
    0x08002b38   0x08002b38   0x0000000c   Code   RO         1744    i.USB_GetSIS        mdr32f9qx_usb.o
    0x08002b44   0x08002b44   0x00000008   Code   RO         2227    i.USB_IRQHandler    mdr32f9qx_usb_device.o
    0x08002b4c   0x08002b4c   0x0000001e   Code   RO         1746    i.USB_Reset         mdr32f9qx_usb.o
    0x08002b6a   0x08002b6a   0x00000002   PAD
    0x08002b6c   0x08002b6c   0x0000001c   Code   RO         1747    i.USB_SEPxToggleEPDATASEQ  mdr32f9qx_usb.o
    0x08002b88   0x08002b88   0x00000020   Code   RO         1751    i.USB_SetHSCR       mdr32f9qx_usb.o
    0x08002ba8   0x08002ba8   0x0000000c   Code   RO         1760    i.USB_SetSA         mdr32f9qx_usb.o
    0x08002bb4   0x08002bb4   0x00000020   Code   RO         1761    i.USB_SetSC         mdr32f9qx_usb.o
    0x08002bd4   0x08002bd4   0x0000002c   Code   RO         1762    i.USB_SetSEPxCTRL   mdr32f9qx_usb.o
    0x08002c00   0x08002c00   0x00000010   Code   RO         1763    i.USB_SetSEPxRXFC   mdr32f9qx_usb.o
    0x08002c10   0x08002c10   0x00000010   Code   RO         1764    i.USB_SetSEPxTXFD   mdr32f9qx_usb.o
    0x08002c20   0x08002c20   0x00000010   Code   RO         1765    i.USB_SetSEPxTXFDC  mdr32f9qx_usb.o
    0x08002c30   0x08002c30   0x00000020   Code   RO         1766    i.USB_SetSIM        mdr32f9qx_usb.o
    0x08002c50   0x08002c50   0x0000000c   Code   RO         1767    i.USB_SetSIS        mdr32f9qx_usb.o
    0x08002c5c   0x08002c5c   0x00000020   Code   RO          357    i.USB_main          usb_main.o
    0x08002c7c   0x08002c7c   0x00000080   Code   RO          358    i.USB_off           usb_main.o
    0x08002cfc   0x08002cfc   0x00000044   Code   RO          442    i.Uart2PinCfg       uart_main.o
    0x08002d40   0x08002d40   0x0000004c   Code   RO          443    i.Uart2Setup        uart_main.o
    0x08002d8c   0x08002d8c   0x00000064   Code   RO           13    i.UartTest          main.o
    0x08002df0   0x08002df0   0x00000004   Code   RO          170    i.UsageFault_Handler  1986be9x_it.o
    0x08002df4   0x08002df4   0x00000018   Code   RO          359    i.VCom_Configuration  usb_main.o
    0x08002e0c   0x08002e0c   0x00000002   Code   RO          171    i.WWDG_IRQHandler   1986be9x_it.o
    0x08002e0e   0x08002e0e   0x00000002   PAD
    0x08002e10   0x08002e10   0x000000d0   Code   RO          546    i.WriteData         mlt_lcd.o
    0x08002ee0   0x08002ee0   0x00000240   Code   RO           14    i.main              main.o
    0x08003120   0x08003120   0x00000020   Data   RO         2590    Region$$Table       anon$$obj.o


    Execution Region ER_RW (Exec base: 0x20000000, Load base: 0x08003140, Size: 0x00001174, Max: 0xffffffff, ABSOLUTE, COMPRESSED[0x00000890])

    Exec Addr    Load Addr    Size         Type   Attr      Idx    E Section Name        Object

    0x20000000   COMPRESSED   0x00000024   Data   RW           16    .data               main.o
    0x20000024   COMPRESSED   0x000010bc   Data   RW          172    .data               1986be9x_it.o
    0x200010e0   COMPRESSED   0x00000014   Data   RW          361    .data               usb_main.o
    0x200010f4   COMPRESSED   0x00000009   Data   RW          473    .data               can_main.o
    0x200010fd   COMPRESSED   0x00000003   PAD
    0x20001100   COMPRESSED   0x00000004   Data   RW          653    .data               system_mdr32f9qx.o
    0x20001104   COMPRESSED   0x00000060   Data   RW         2101    .data               mdr32f9qx_usb_cdc.o
    0x20001164   COMPRESSED   0x00000010   Data   RW         2229    .data               mdr32f9qx_usb_device.o


    Execution Region ER_ZI (Exec base: 0x20001174, Load base: 0x080039d0, Size: 0x000007dc, Max: 0xffffffff, ABSOLUTE)

    Exec Addr    Load Addr    Size         Type   Attr      Idx    E Section Name        Object

    0x20001174        -       0x0000000c   Zero   RW           15    .bss                main.o
    0x20001180        -       0x00000070   Zero   RW          360    .bss                usb_main.o
    0x200011f0        -       0x0000001c   Zero   RW          444    .bss                uart_main.o
    0x2000120c        -       0x0000001c   Zero   RW          503    .bss                ssp_main.o
    0x20001228        -       0x0000000c   Zero   RW         2100    .bss                mdr32f9qx_usb_cdc.o
    0x20001234        -       0x000000bc   Zero   RW         2228    .bss                mdr32f9qx_usb_device.o
    0x200012f0        -       0x00000060   Zero   RW         2464    .bss                c_w.l(libspace.o)
    0x20001350        -       0x00000200   Zero   RW          643    HEAP                startup_mdr32f9qx.o
    0x20001550        -       0x00000400   Zero   RW          642    STACK               startup_mdr32f9qx.o


==============================================================================

Image component sizes


      Code (inc. data)   RO Data    RW Data    ZI Data      Debug   Object Name

      1556        232          0       4284          0      25263   1986be9x_it.o
       292         12          0          9          0       2432   can_main.o
      1756        254          0         36         12     116177   main.o
       434          8          0          0          0       7911   mdr32f9qx_can.o
       528         18          0          0          0       3804   mdr32f9qx_port.o
      1120         64          0          0          0      12452   mdr32f9qx_rst_clk.o
       188         12          0          0          0       5328   mdr32f9qx_ssp.o
       290         26          0          0          0       5678   mdr32f9qx_uart.o
       422        102          0          0          0      12530   mdr32f9qx_usb.o
       592         80          0         96         12       8692   mdr32f9qx_usb_cdc.o
      2164        124          0         16        188      45845   mdr32f9qx_usb_device.o
      1646         98          0          0          0       8463   mlt_lcd.o
       144         20          0          0         28       1358   ssp_main.o
        64         26        192          0       1536        820   startup_mdr32f9qx.o
       208         24          0          4          0       1471   system_mdr32f9qx.o
       144         18          0          0         28       1187   uart_main.o
       462         46          0         20        112      51537   usb_main.o

    ----------------------------------------------------------------------
     12042       1164        224       4468       1916     310948   Object Totals
         0          0         32          0          0          0   (incl. Generated)
        32          0          0          3          0          0   (incl. Padding)

    ----------------------------------------------------------------------

      Code (inc. data)   RO Data    RW Data    ZI Data      Debug   Library Member Name

        90          0          0          0          0          0   __dczerorl2.o
         8          0          0          0          0         68   __main.o
         0          0          0          0          0          0   __rtentry.o
        12          0          0          0          0          0   __rtentry2.o
         6          0          0          0          0          0   __rtentry4.o
        52          8          0          0          0          0   __scatter.o
        28          0          0          0          0          0   __scatter_zi.o
        18          0          0          0          0         80   exit.o
         6          0          0          0          0        152   heapauxi.o
         0          0          0          0          0          0   indicate_semi.o
         2          0          0          0          0          0   libinit.o
         2          0          0          0          0          0   libinit2.o
         2          0          0          0          0          0   libshutdown.o
         2          0          0          0          0          0   libshutdown2.o
         8          4          0          0         96         68   libspace.o
         2          0          0          0          0          0   rtexit.o
        10          0          0          0          0          0   rtexit2.o
        12          4          0          0          0         68   sys_exit.o
        74          0          0          0          0         80   sys_stackheap_outer.o
         2          0          0          0          0         68   use_no_semi.o

    ----------------------------------------------------------------------
       342         16          0          0         96        584   Library Totals
         6          0          0          0          0          0   (incl. Padding)

    ----------------------------------------------------------------------

      Code (inc. data)   RO Data    RW Data    ZI Data      Debug   Library Name

       336         16          0          0         96        584   c_w.l

    ----------------------------------------------------------------------
       342         16          0          0         96        584   Library Totals

    ----------------------------------------------------------------------

==============================================================================


      Code (inc. data)   RO Data    RW Data    ZI Data      Debug   

     12384       1180        224       4468       2012     303572   Grand Totals
     12384       1180        224       2192       2012     303572   ELF Image Totals (compressed)
     12384       1180        224       2192          0          0   ROM Totals

==============================================================================

    Total RO  Size (Code + RO Data)                12608 (  12.31kB)
    Total RW  Size (RW Data + ZI Data)              6480 (   6.33kB)
    Total ROM Size (Code + RO Data + RW Data)      14800 (  14.45kB)

==============================================================================

