Component: ARM Compiler 5.06 update 6 (build 750) Tool: armlink [4d35ed]

==============================================================================

Section Cross References

    main.o(i.BlinkLED1) refers to main.o(i.LEDOn) for LEDOn
    main.o(i.BlinkLED1) refers to main.o(i.Delay) for Delay
    main.o(i.BlinkLED1) refers to main.o(i.LEDOff) for LEDOff
    main.o(i.ButtonPinGfg) refers to mdr32f9qx_port.o(i.PORT_Init) for PORT_Init
    main.o(i.ButtonPinGfg) refers to main.o(.bss) for PortInit
    main.o(i.LEDOff) refers to mdr32f9qx_port.o(i.PORT_ResetBits) for PORT_ResetBits
    main.o(i.LEDOn) refers to mdr32f9qx_port.o(i.PORT_SetBits) for PORT_SetBits
    main.o(i.LedPinGfg) refers to mdr32f9qx_port.o(i.PORT_Init) for PORT_Init
    main.o(i.LedPinGfg) refers to main.o(.bss) for PortInit
    main.o(i.MltPinCfg) refers to mdr32f9qx_port.o(i.PORT_Init) for PORT_Init
    main.o(i.MltPinCfg) refers to main.o(.bss) for PortInit
    main.o(i.Tim1Setup) refers to mdr32f9qx_rst_clk.o(i.RST_CLK_PCLKcmd) for RST_CLK_PCLKcmd
    main.o(i.USBTest) refers to usb_main.o(i.USB_main) for USB_main
    main.o(i.USBTest) refers to mdr32f9qx_port.o(i.PORT_ReadInputDataBit) for PORT_ReadInputDataBit
    main.o(i.UartTest) refers to uart_main.o(i.Uart2PinCfg) for Uart2PinCfg
    main.o(i.UartTest) refers to uart_main.o(i.Uart2Setup) for Uart2Setup
    main.o(i.UartTest) refers to mdr32f9qx_port.o(i.PORT_ReadInputDataBit) for PORT_ReadInputDataBit
    main.o(i.UartTest) refers to mdr32f9qx_uart.o(i.UART_GetFlagStatus) for UART_GetFlagStatus
    main.o(i.UartTest) refers to mdr32f9qx_uart.o(i.UART_SendData) for UART_SendData
    main.o(i.UartTest) refers to main.o(.data) for TestUartDone
    main.o(i.main) refers to mdr32f9qx_rst_clk.o(i.RST_CLK_LSEconfig) for RST_CLK_LSEconfig
    main.o(i.main) refers to mdr32f9qx_rst_clk.o(i.RST_CLK_LSEstatus) for RST_CLK_LSEstatus
    main.o(i.main) refers to mdr32f9qx_rst_clk.o(i.RST_CLK_HSEconfig) for RST_CLK_HSEconfig
    main.o(i.main) refers to mdr32f9qx_rst_clk.o(i.RST_CLK_HSEstatus) for RST_CLK_HSEstatus
    main.o(i.main) refers to mdr32f9qx_rst_clk.o(i.RST_CLK_PCLKcmd) for RST_CLK_PCLKcmd
    main.o(i.main) refers to main.o(i.MltPinCfg) for MltPinCfg
    main.o(i.main) refers to main.o(i.ButtonPinGfg) for ButtonPinGfg
    main.o(i.main) refers to mlt_lcd.o(i.LcdInit) for LcdInit
    main.o(i.main) refers to mlt_lcd.o(i.ReadStatus) for ReadStatus
    main.o(i.main) refers to mlt_lcd.o(i.DispOn) for DispOn
    main.o(i.main) refers to mlt_lcd.o(i.LcdClearChip) for LcdClearChip
    main.o(i.main) refers to main.o(i.Tim1Setup) for Tim1Setup
    main.o(i.main) refers to mdr32f9qx_port.o(i.PORT_ReadInputDataBit) for PORT_ReadInputDataBit
    main.o(i.main) refers to main.o(i.LedTest) for LedTest
    main.o(i.main) refers to main.o(i.UartTest) for UartTest
    main.o(i.main) refers to main.o(i.USBTest) for USBTest
    main.o(i.main) refers to main.o(.data) for MenuMainItem
    1986be9x_it.o(i.Timer1_IRQHandler) refers to mlt_lcd.o(i.LcdPutChar) for LcdPutChar
    1986be9x_it.o(i.Timer1_IRQHandler) refers to mlt_lcd.o(i.LcdScrollString) for LcdScrollString
    1986be9x_it.o(i.Timer1_IRQHandler) refers to mlt_lcd.o(i.LcdPutString) for LcdPutString
    1986be9x_it.o(i.Timer1_IRQHandler) refers to main.o(.data) for count_title
    1986be9x_it.o(i.Timer1_IRQHandler) refers to 1986be9x_it.o(.data) for cyr_SH
    usb_main.o(i.Setup_USB) refers to mdr32f9qx_rst_clk.o(i.RST_CLK_PCLKcmd) for RST_CLK_PCLKcmd
    usb_main.o(i.Setup_USB) refers to mdr32f9qx_usb_device.o(i.USB_DeviceInit) for USB_DeviceInit
    usb_main.o(i.Setup_USB) refers to mdr32f9qx_usb.o(i.USB_SetSIM) for USB_SetSIM
    usb_main.o(i.Setup_USB) refers to mdr32f9qx_usb_device.o(i.USB_DevicePowerOn) for USB_DevicePowerOn
    usb_main.o(i.Setup_USB) refers to mdr32f9qx_usb_cdc.o(i.USB_CDC_Reset) for USB_CDC_Reset
    usb_main.o(i.Setup_USB) refers to usb_main.o(.data) for USB_Clock_InitStruct
    usb_main.o(i.Setup_USB) refers to usb_main.o(.bss) for USB_DeviceBUSParam
    usb_main.o(i.USB_CDC_GetLineCoding) refers to usb_main.o(.data) for LineCoding
    usb_main.o(i.USB_CDC_RecieveData) refers to mdr32f9qx_usb_cdc.o(i.USB_CDC_SendData) for USB_CDC_SendData
    usb_main.o(i.USB_CDC_SetLineCoding) refers to usb_main.o(.data) for LineCoding
    usb_main.o(i.USB_main) refers to usb_main.o(i.VCom_Configuration) for VCom_Configuration
    usb_main.o(i.USB_main) refers to mdr32f9qx_usb_cdc.o(i.USB_CDC_Init) for USB_CDC_Init
    usb_main.o(i.USB_main) refers to usb_main.o(i.Setup_USB) for Setup_USB
    usb_main.o(i.USB_main) refers to usb_main.o(.bss) for Buffer
    usb_main.o(i.VCom_Configuration) refers to usb_main.o(.data) for LineCoding
    uart_main.o(i.Uart2PinCfg) refers to mdr32f9qx_port.o(i.PORT_Init) for PORT_Init
    uart_main.o(i.Uart2PinCfg) refers to uart_main.o(.bss) for PortInit
    uart_main.o(i.Uart2Setup) refers to mdr32f9qx_rst_clk.o(i.RST_CLK_CPU_PLLconfig) for RST_CLK_CPU_PLLconfig
[...]
    ../clib/signal.c                         0x00000000   Number         0  defsig_fpe_inner.o ABSOLUTE
    ../clib/signal.c                         0x00000000   Number         0  defsig_general.o ABSOLUTE
    ../clib/signal.c                         0x00000000   Number         0  defsig_other.o ABSOLUTE
    ../clib/signal.s                         0x00000000   Number         0  defsig.o ABSOLUTE
    ../clib/stdlib.c                         0x00000000   Number         0  exit.o ABSOLUTE
    ../fplib/fpinit.s                        0x00000000   Number         0  fpinit.o ABSOLUTE
    1986be9x_it.c                            0x00000000   Number         0  1986be9x_it.o ABSOLUTE
    1986be9x_it.c                            0x00000000   Number         0  1986be9x_it.o ABSOLUTE
    C:\Users\Yurez\AppData\Local\Arm\Packs\Keil\MDR1986BExx\1.5.3\Libraries\MDR32F9Qx_StdPeriph_Driver\src\MDR32F9Qx_can.c 0x00000000   Number         0  mdr32f9qx_can.o ABSOLUTE
    C:\Users\Yurez\AppData\Local\Arm\Packs\Keil\MDR1986BExx\1.5.3\Libraries\MDR32F9Qx_StdPeriph_Driver\src\MDR32F9Qx_port.c 0x00000000   Number         0  mdr32f9qx_port.o ABSOLUTE
    C:\Users\Yurez\AppData\Local\Arm\Packs\Keil\MDR1986BExx\1.5.3\Libraries\MDR32F9Qx_StdPeriph_Driver\src\MDR32F9Qx_rst_clk.c 0x00000000   Number         0  mdr32f9qx_rst_clk.o ABSOLUTE
    C:\Users\Yurez\AppData\Local\Arm\Packs\Keil\MDR1986BExx\1.5.3\Libraries\MDR32F9Qx_StdPeriph_Driver\src\MDR32F9Qx_ssp.c 0x00000000   Number         0  mdr32f9qx_ssp.o ABSOLUTE
    C:\Users\Yurez\AppData\Local\Arm\Packs\Keil\MDR1986BExx\1.5.3\Libraries\MDR32F9Qx_StdPeriph_Driver\src\MDR32F9Qx_timer.c 0x00000000   Number         0  mdr32f9qx_timer.o ABSOLUTE
    C:\Users\Yurez\AppData\Local\Arm\Packs\Keil\MDR1986BExx\1.5.3\Libraries\MDR32F9Qx_StdPeriph_Driver\src\MDR32F9Qx_uart.c 0x00000000   Number         0  mdr32f9qx_uart.o ABSOLUTE
    C:\Users\Yurez\AppData\Local\Arm\Packs\Keil\MDR1986BExx\1.5.3\Libraries\MDR32F9Qx_StdPeriph_Driver\src\MDR32F9Qx_usb.c 0x00000000   Number         0  mdr32f9qx_usb.o ABSOLUTE
    C:\Users\Yurez\AppData\Local\Arm\Packs\Keil\MDR1986BExx\1.5.3\Libraries\MDR32F9Qx_StdPeriph_Driver\src\USB_Library\MDR32F9Qx_usb_CDC.c 0x00000000   Number         0  mdr32f9qx_usb_cdc.o ABSOLUTE
    C:\Users\Yurez\AppData\Local\Arm\Packs\Keil\MDR1986BExx\1.5.3\Libraries\MDR32F9Qx_StdPeriph_Driver\src\USB_Library\MDR32F9Qx_usb_device.c 0x00000000   Number         0  mdr32f9qx_usb_device.o ABSOLUTE
    C:\\Users\\Yurez\\AppData\\Local\\Arm\\Packs\\Keil\\MDR1986BExx\\1.5.3\\Libraries\\MDR32F9Qx_StdPeriph_Driver\\src\\MDR32F9Qx_can.c 0x00000000   Number         0  mdr32f9qx_can.o ABSOLUTE
    C:\\Users\\Yurez\\AppData\\Local\\Arm\\Packs\\Keil\\MDR1986BExx\\1.5.3\\Libraries\\MDR32F9Qx_StdPeriph_Driver\\src\\MDR32F9Qx_port.c 0x00000000   Number         0  mdr32f9qx_port.o ABSOLUTE
    C:\\Users\\Yurez\\AppData\\Local\\Arm\\Packs\\Keil\\MDR1986BExx\\1.5.3\\Libraries\\MDR32F9Qx_StdPeriph_Driver\\src\\MDR32F9Qx_rst_clk.c 0x00000000   Number         0  mdr32f9qx_rst_clk.o ABSOLUTE
    C:\\Users\\Yurez\\AppData\\Local\\Arm\\Packs\\Keil\\MDR1986BExx\\1.5.3\\Libraries\\MDR32F9Qx_StdPeriph_Driver\\src\\MDR32F9Qx_ssp.c 0x00000000   Number         0  mdr32f9qx_ssp.o ABSOLUTE
    C:\\Users\\Yurez\\AppData\\Local\\Arm\\Packs\\Keil\\MDR1986BExx\\1.5.3\\Libraries\\MDR32F9Qx_StdPeriph_Driver\\src\\MDR32F9Qx_timer.c 0x00000000   Number         0  mdr32f9qx_timer.o ABSOLUTE
    C:\\Users\\Yurez\\AppData\\Local\\Arm\\Packs\\Keil\\MDR1986BExx\\1.5.3\\Libraries\\MDR32F9Qx_StdPeriph_Driver\\src\\MDR32F9Qx_uart.c 0x00000000   Number         0  mdr32f9qx_uart.o ABSOLUTE
    C:\\Users\\Yurez\\AppData\\Local\\Arm\\Packs\\Keil\\MDR1986BExx\\1.5.3\\Libraries\\MDR32F9Qx_StdPeriph_Driver\\src\\MDR32F9Qx_usb.c 0x00000000   Number         0  mdr32f9qx_usb.o ABSOLUTE
    C:\\Users\\Yurez\\AppData\\Local\\Arm\\Packs\\Keil\\MDR1986BExx\\1.5.3\\Libraries\\MDR32F9Qx_StdPeriph_Driver\\src\\USB_Library\\MDR32F9Qx_usb_CDC.c 0x00000000   Number         0  mdr32f9qx_usb_cdc.o ABSOLUTE
    C:\\Users\\Yurez\\AppData\\Local\\Arm\\Packs\\Keil\\MDR1986BExx\\1.5.3\\Libraries\\MDR32F9Qx_StdPeriph_Driver\\src\\USB_Library\\MDR32F9Qx_usb_device.c 0x00000000   Number         0  mdr32f9qx_usb_device.o ABSOLUTE
    RTE\Device\MDR1986BE92\startup_MDR32F9Qx.s 0x00000000   Number         0  startup_mdr32f9qx.o ABSOLUTE
    RTE\Device\MDR1986BE92\system_MDR32F9Qx.c 0x00000000   Number         0  system_mdr32f9qx.o ABSOLUTE
    RTE\\Device\\MDR1986BE92\\system_MDR32F9Qx.c 0x00000000   Number         0  system_mdr32f9qx.o ABSOLUTE
    UART_main.c                              0x00000000   Number         0  uart_main.o ABSOLUTE
    UART_main.c                              0x00000000   Number         0  uart_main.o ABSOLUTE
    USB_main.c                               0x00000000   Number         0  usb_main.o ABSOLUTE
    USB_main.c                               0x00000000   Number         0  usb_main.o ABSOLUTE
    dc.s                                     0x00000000   Number         0  dc.o ABSOLUTE
    main.c                                   0x00000000   Number         0  main.o ABSOLUTE
    main.c                                   0x00000000   Number         0  main.o ABSOLUTE
    mlt\\mlt_lcd.c                           0x00000000   Number         0  mlt_lcd.o ABSOLUTE
    mlt\mlt_lcd.c                            0x00000000   Number         0  mlt_lcd.o ABSOLUTE
    RESET                                    0x08000000   Section      192  startup_mdr32f9qx.o(RESET)
    !!!main                                  0x080000c0   Section        8  __main.o(!!!main)
    !!!scatter                               0x080000c8   Section       52  __scatter.o(!!!scatter)
    !!dclz77c                                0x080000fc   Section      100  __dclz77c.o(!!dclz77c)
    !!handler_zi                             0x08000160   Section       28  __scatter_zi.o(!!handler_zi)
    .ARM.Collect$$libinit$$00000000          0x0800017c   Section        2  libinit.o(.ARM.Collect$$libinit$$00000000)
    .ARM.Collect$$libinit$$00000002          0x0800017e   Section        0  libinit2.o(.ARM.Collect$$libinit$$00000002)
    .ARM.Collect$$libinit$$00000004          0x0800017e   Section        0  libinit2.o(.ARM.Collect$$libinit$$00000004)
    .ARM.Collect$$libinit$$0000000A          0x0800017e   Section        0  libinit2.o(.ARM.Collect$$libinit$$0000000A)
    .ARM.Collect$$libinit$$0000000C          0x0800017e   Section        0  libinit2.o(.ARM.Collect$$libinit$$0000000C)
    .ARM.Collect$$libinit$$0000000E          0x0800017e   Section        0  libinit2.o(.ARM.Collect$$libinit$$0000000E)
    .ARM.Collect$$libinit$$00000011          0x0800017e   Section        0  libinit2.o(.ARM.Collect$$libinit$$00000011)
    .ARM.Collect$$libinit$$00000013          0x0800017e   Section        0  libinit2.o(.ARM.Collect$$libinit$$00000013)
    .ARM.Collect$$libinit$$00000015          0x0800017e   Section        0  libinit2.o(.ARM.Collect$$libinit$$00000015)
    .ARM.Collect$$libinit$$00000017          0x0800017e   Section        0  libinit2.o(.ARM.Collect$$libinit$$00000017)
    .ARM.Collect$$libinit$$00000019          0x0800017e   Section        0  libinit2.o(.ARM.Collect$$libinit$$00000019)
    .ARM.Collect$$libinit$$0000001B          0x0800017e   Section        0  libinit2.o(.ARM.Collect$$libinit$$0000001B)
    .ARM.Collect$$libinit$$0000001D          0x0800017e   Section        0  libinit2.o(.ARM.Collect$$libinit$$0000001D)
    .ARM.Collect$$libinit$$0000001F          0x0800017e   Section        0  libinit2.o(.ARM.Collect$$libinit$$0000001F)
    .ARM.Collect$$libinit$$00000021          0x0800017e   Section        0  libinit2.o(.ARM.Collect$$libinit$$00000021)
    .ARM.Collect$$libinit$$00000023          0x0800017e   Section        0  libinit2.o(.ARM.Collect$$libinit$$00000023)
    .ARM.Collect$$libinit$$00000025          0x0800017e   Section        0  libinit2.o(.ARM.Collect$$libinit$$00000025)
    .ARM.Collect$$libinit$$0000002C          0x0800017e   Section        0  libinit2.o(.ARM.Collect$$libinit$$0000002C)
    .ARM.Collect$$libinit$$0000002E          0x0800017e   Section        0  libinit2.o(.ARM.Collect$$libinit$$0000002E)
    .ARM.Collect$$libinit$$00000030          0x0800017e   Section        0  libinit2.o(.ARM.Collect$$libinit$$00000030)
    .ARM.Collect$$libinit$$00000032          0x0800017e   Section        0  libinit2.o(.ARM.Collect$$libinit$$00000032)
    .ARM.Collect$$libinit$$00000033          0x0800017e   Section        2  libinit2.o(.ARM.Collect$$libinit$$00000033)
    .ARM.Collect$$libshutdown$$00000000      0x08000180   Section        2  libshutdown.o(.ARM.Collect$$libshutdown$$00000000)
    .ARM.Collect$$libshutdown$$00000002      0x08000182   Section        0  libshutdown2.o(.ARM.Collect$$libshutdown$$00000002)
    .ARM.Collect$$libshutdown$$00000004      0x08000182   Section        0  libshutdown2.o(.ARM.Collect$$libshutdown$$00000004)
    .ARM.Collect$$libshutdown$$00000007      0x08000182   Section        0  libshutdown2.o(.ARM.Collect$$libshutdown$$00000007)
    .ARM.Collect$$libshutdown$$0000000A      0x08000182   Section        0  libshutdown2.o(.ARM.Collect$$libshutdown$$0000000A)
    .ARM.Collect$$libshutdown$$0000000C      0x08000182   Section        0  libshutdown2.o(.ARM.Collect$$libshutdown$$0000000C)
    .ARM.Collect$$libshutdown$$0000000F      0x08000182   Section        0  libshutdown2.o(.ARM.Collect$$libshutdown$$0000000F)
    .ARM.Collect$$libshutdown$$00000010      0x08000182   Section        2  libshutdown2.o(.ARM.Collect$$libshutdown$$00000010)
    .ARM.Collect$$rtentry$$00000000          0x08000184   Section        0  __rtentry.o(.ARM.Collect$$rtentry$$00000000)
    .ARM.Collect$$rtentry$$00000002          0x08000184   Section        0  __rtentry2.o(.ARM.Collect$$rtentry$$00000002)
    .ARM.Collect$$rtentry$$00000004          0x08000184   Section        6  __rtentry4.o(.ARM.Collect$$rtentry$$00000004)
    .ARM.Collect$$rtentry$$00000009          0x0800018a   Section        0  __rtentry2.o(.ARM.Collect$$rtentry$$00000009)
    .ARM.Collect$$rtentry$$0000000A          0x0800018a   Section        4  __rtentry2.o(.ARM.Collect$$rtentry$$0000000A)
    .ARM.Collect$$rtentry$$0000000C          0x0800018e   Section        0  __rtentry2.o(.ARM.Collect$$rtentry$$0000000C)
    .ARM.Collect$$rtentry$$0000000D          0x0800018e   Section        8  __rtentry2.o(.ARM.Collect$$rtentry$$0000000D)
    .ARM.Collect$$rtexit$$00000000           0x08000196   Section        2  rtexit.o(.ARM.Collect$$rtexit$$00000000)
    .ARM.Collect$$rtexit$$00000002           0x08000198   Section        0  rtexit2.o(.ARM.Collect$$rtexit$$00000002)
    .ARM.Collect$$rtexit$$00000003           0x08000198   Section        4  rtexit2.o(.ARM.Collect$$rtexit$$00000003)
    .ARM.Collect$$rtexit$$00000004           0x0800019c   Section        6  rtexit2.o(.ARM.Collect$$rtexit$$00000004)
    .text                                    0x080001a4   Section       64  startup_mdr32f9qx.o(.text)
    .text                                    0x080001e4   Section        0  heapauxi.o(.text)
    .text                                    0x080001ea   Section       74  sys_stackheap_outer.o(.text)
    .text                                    0x08000234   Section        0  exit.o(.text)
    .text                                    0x08000248   Section        8  libspace.o(.text)
    .text                                    0x08000250   Section        0  sys_exit.o(.text)
    .text                                    0x0800025c   Section        2  use_no_semi.o(.text)
    .text                                    0x0800025e   Section        0  indicate_semi.o(.text)
    i.ADC_IRQHandler                         0x0800025e   Section        0  1986be9x_it.o(i.ADC_IRQHandler)
    i.BACKUP_IRQHandler                      0x08000260   Section        0  1986be9x_it.o(i.BACKUP_IRQHandler)
    i.BusFault_Handler                       0x08000262   Section        0  1986be9x_it.o(i.BusFault_Handler)
    i.ButtonPinGfg                           0x08000268   Section        0  main.o(i.ButtonPinGfg)
    i.CAN1_IRQHandler                        0x080002ac   Section        0  1986be9x_it.o(i.CAN1_IRQHandler)
    i.CAN2_IRQHandler                        0x080002ae   Section        0  1986be9x_it.o(i.CAN2_IRQHandler)
    i.COMPARATOR_IRQHandler                  0x080002b0   Section        0  1986be9x_it.o(i.COMPARATOR_IRQHandler)
    i.DMA_IRQHandler                         0x080002b2   Section        0  1986be9x_it.o(i.DMA_IRQHandler)
    i.DebugMon_Handler                       0x080002b4   Section        0  1986be9x_it.o(i.DebugMon_Handler)
    i.DispOn                                 0x080002b8   Section        0  mlt_lcd.o(i.DispOn)
    i.EXT_INT1_IRQHandler                    0x08000384   Section        0  1986be9x_it.o(i.EXT_INT1_IRQHandler)
    i.EXT_INT2_IRQHandler                    0x08000386   Section        0  1986be9x_it.o(i.EXT_INT2_IRQHandler)
    i.EXT_INT3_IRQHandler                    0x08000388   Section        0  1986be9x_it.o(i.EXT_INT3_IRQHandler)
    i.EXT_INT4_IRQHandler                    0x0800038a   Section        0  1986be9x_it.o(i.EXT_INT4_IRQHandler)
    i.HardFault_Handler                      0x0800038c   Section        0  1986be9x_it.o(i.HardFault_Handler)
    i.I2C_IRQHandler                         0x08000390   Section        0  1986be9x_it.o(i.I2C_IRQHandler)
    i.LcdClearChip                           0x08000392   Section        0  mlt_lcd.o(i.LcdClearChip)
    i.LcdClearPage                           0x080003aa   Section        0  mlt_lcd.o(i.LcdClearPage)
    i.LcdInit                                0x080003ec   Section        0  mlt_lcd.o(i.LcdInit)
    i.LcdPutChar                             0x0800042c   Section        0  mlt_lcd.o(i.LcdPutChar)
    i.LcdPutString                           0x08000494   Section        0  mlt_lcd.o(i.LcdPutString)
    i.LcdScrollString                        0x0800052c   Section        0  mlt_lcd.o(i.LcdScrollString)
    i.LedTest                                0x080005ae   Section        0  main.o(i.LedTest)
    i.MemManage_Handler                      0x080005b2   Section        0  1986be9x_it.o(i.MemManage_Handler)
    i.MltDelay                               0x080005b6   Section        0  mlt_lcd.o(i.MltDelay)
    i.MltPinCfg                              0x080005c4   Section        0  main.o(i.MltPinCfg)
    i.NMI_Handler                            0x0800062c   Section        0  1986be9x_it.o(i.NMI_Handler)
    i.PORT_Init                              0x08000630   Section        0  mdr32f9qx_port.o(i.PORT_Init)
    i.PORT_ReadInputDataBit                  0x080007f8   Section        0  mdr32f9qx_port.o(i.PORT_ReadInputDataBit)
    i.PORT_ResetBits                         0x08000808   Section        0  mdr32f9qx_port.o(i.PORT_ResetBits)
    i.PORT_SetBits                           0x08000824   Section        0  mdr32f9qx_port.o(i.PORT_SetBits)
    i.POWER_IRQHandler                       0x08000840   Section        0  1986be9x_it.o(i.POWER_IRQHandler)
    i.PendSV_Handler                         0x08000842   Section        0  1986be9x_it.o(i.PendSV_Handler)
    i.RST_CLK_CPU_PLLconfig                  0x08000844   Section        0  mdr32f9qx_rst_clk.o(i.RST_CLK_CPU_PLLconfig)
    i.RST_CLK_GetClocksFreq                  0x08000884   Section        0  mdr32f9qx_rst_clk.o(i.RST_CLK_GetClocksFreq)
    i.RST_CLK_GetFlagStatus                  0x08000af8   Section        0  mdr32f9qx_rst_clk.o(i.RST_CLK_GetFlagStatus)
    i.RST_CLK_HSEconfig                      0x08000b2c   Section        0  mdr32f9qx_rst_clk.o(i.RST_CLK_HSEconfig)
    i.RST_CLK_HSEstatus                      0x08000b68   Section        0  mdr32f9qx_rst_clk.o(i.RST_CLK_HSEstatus)
    i.RST_CLK_LSEconfig                      0x08000b9c   Section        0  mdr32f9qx_rst_clk.o(i.RST_CLK_LSEconfig)
    i.RST_CLK_LSEstatus                      0x08000bd8   Section        0  mdr32f9qx_rst_clk.o(i.RST_CLK_LSEstatus)
    i.RST_CLK_PCLKcmd                        0x08000c0c   Section        0  mdr32f9qx_rst_clk.o(i.RST_CLK_PCLKcmd)
    i.ReadStatus                             0x08000c2c   Section        0  mlt_lcd.o(i.ReadStatus)
    i.SSP1_IRQHandler                        0x08000cf4   Section        0  1986be9x_it.o(i.SSP1_IRQHandler)
    i.SSP2_IRQHandler                        0x08000cf6   Section        0  1986be9x_it.o(i.SSP2_IRQHandler)
    i.SVC_Handler                            0x08000cf8   Section        0  1986be9x_it.o(i.SVC_Handler)
    i.SetAdress                              0x08000cfc   Section        0  mlt_lcd.o(i.SetAdress)
    i.SetDataBits                            0x08000dcc   Section        0  mlt_lcd.o(i.SetDataBits)
    i.SetPage                                0x08000e10   Section        0  mlt_lcd.o(i.SetPage)
    i.Setup_USB                              0x08000ee0   Section        0  usb_main.o(i.Setup_USB)
    Setup_USB                                0x08000ee1   Thumb Code    76  usb_main.o(i.Setup_USB)
    i.SysTick_Handler                        0x08000f34   Section        0  1986be9x_it.o(i.SysTick_Handler)
    i.SystemCoreClockUpdate                  0x08000f38   Section        0  system_mdr32f9qx.o(i.SystemCoreClockUpdate)
    i.SystemInit                             0x08000fc8   Section        0  system_mdr32f9qx.o(i.SystemInit)
    i.Tim1Setup                              0x08001008   Section        0  main.o(i.Tim1Setup)
    i.Timer1_IRQHandler                      0x08001058   Section        0  1986be9x_it.o(i.Timer1_IRQHandler)
    i.Timer2_IRQHandler                      0x08001428   Section        0  1986be9x_it.o(i.Timer2_IRQHandler)
    i.Timer3_IRQHandler                      0x0800142a   Section        0  1986be9x_it.o(i.Timer3_IRQHandler)
    i.UART1_IRQHandler                       0x0800142c   Section        0  1986be9x_it.o(i.UART1_IRQHandler)
    i.UART2_IRQHandler                       0x0800142e   Section        0  1986be9x_it.o(i.UART2_IRQHandler)
    i.UART_BRGInit                           0x08001430   Section        0  mdr32f9qx_uart.o(i.UART_BRGInit)
    i.UART_Cmd                               0x0800146c   Section        0  mdr32f9qx_uart.o(i.UART_Cmd)
    i.UART_GetFlagStatus                     0x08001484   Section        0  mdr32f9qx_uart.o(i.UART_GetFlagStatus)
    i.UART_Init                              0x08001494   Section        0  mdr32f9qx_uart.o(i.UART_Init)
    i.UART_SendData                          0x08001544   Section        0  mdr32f9qx_uart.o(i.UART_SendData)
    i.USBTest                                0x0800154c   Section        0  main.o(i.USBTest)
    i.USB_BRGInit                            0x08001570   Section        0  mdr32f9qx_usb.o(i.USB_BRGInit)
    i.USB_CDC_ClassRequest                   0x080015ac   Section        0  mdr32f9qx_usb_cdc.o(i.USB_CDC_ClassRequest)
    i.USB_CDC_DoDataOut                      0x0800164c   Section        0  mdr32f9qx_usb_cdc.o(i.USB_CDC_DoDataOut)
    USB_CDC_DoDataOut                        0x0800164d   Thumb Code    60  mdr32f9qx_usb_cdc.o(i.USB_CDC_DoDataOut)
    i.USB_CDC_GetDescriptor                  0x0800168c   Section        0  mdr32f9qx_usb_cdc.o(i.USB_CDC_GetDescriptor)
    i.USB_CDC_GetLineCoding                  0x080016f0   Section        0  usb_main.o(i.USB_CDC_GetLineCoding)
    i.USB_CDC_Init                           0x08001708   Section        0  mdr32f9qx_usb_cdc.o(i.USB_CDC_Init)
    i.USB_CDC_OnDataReceive                  0x08001734   Section        0  mdr32f9qx_usb_cdc.o(i.USB_CDC_OnDataReceive)
    USB_CDC_OnDataReceive                    0x08001735   Thumb Code    58  mdr32f9qx_usb_cdc.o(i.USB_CDC_OnDataReceive)
    i.USB_CDC_OnDataSent                     0x08001778   Section        0  mdr32f9qx_usb_cdc.o(i.USB_CDC_OnDataSent)
    USB_CDC_OnDataSent                       0x08001779   Thumb Code    12  mdr32f9qx_usb_cdc.o(i.USB_CDC_OnDataSent)
    i.USB_CDC_RecieveData                    0x08001788   Section        0  usb_main.o(i.USB_CDC_RecieveData)
    i.USB_CDC_Reset                          0x0800179c   Section        0  mdr32f9qx_usb_cdc.o(i.USB_CDC_Reset)
    i.USB_CDC_SendData                       0x080017e8   Section        0  mdr32f9qx_usb_cdc.o(i.USB_CDC_SendData)
    i.USB_CDC_SetLineCoding                  0x08001818   Section        0  usb_main.o(i.USB_CDC_SetLineCoding)
    i.USB_CDC_SetReceiveBuffer               0x08001834   Section        0  mdr32f9qx_usb_cdc.o(i.USB_CDC_SetReceiveBuffer)
    i.USB_DeviceClearFeature                 0x08001844   Section        0  mdr32f9qx_usb_device.o(i.USB_DeviceClearFeature)
    i.USB_DeviceDispatchEvent                0x08001860   Section        0  mdr32f9qx_usb_device.o(i.USB_DeviceDispatchEvent)
    i.USB_DeviceDoStatusOutAck               0x080018e4   Section        0  mdr32f9qx_usb_device.o(i.USB_DeviceDoStatusOutAck)
    i.USB_DeviceInit                         0x080018fc   Section        0  mdr32f9qx_usb_device.o(i.USB_DeviceInit)
    i.USB_DevicePowerOn                      0x08001954   Section        0  mdr32f9qx_usb_device.o(i.USB_DevicePowerOn)
    i.USB_DeviceReset                        0x0800196c   Section        0  mdr32f9qx_usb_device.o(i.USB_DeviceReset)
    i.USB_DeviceSetFeature                   0x0800197c   Section        0  mdr32f9qx_usb_device.o(i.USB_DeviceSetFeature)
    i.USB_DeviceSetupPacket                  0x08001998   Section        0  mdr32f9qx_usb_device.o(i.USB_DeviceSetupPacket)
    i.USB_Device_setAddressWork              0x08001c00   Section        0  mdr32f9qx_usb_device.o(i.USB_Device_setAddressWork)
    USB_Device_setAddressWork                0x08001c01   Thumb Code    36  mdr32f9qx_usb_device.o(i.USB_Device_setAddressWork)
    i.USB_EP_Idle                            0x08001c28   Section        0  mdr32f9qx_usb_device.o(i.USB_EP_Idle)
    i.USB_EP_Init                            0x08001c68   Section        0  mdr32f9qx_usb_device.o(i.USB_EP_Init)
    i.USB_EP_SetReady                        0x08001cb0   Section        0  mdr32f9qx_usb_device.o(i.USB_EP_SetReady)
    USB_EP_SetReady                          0x08001cb1   Thumb Code    40  mdr32f9qx_usb_device.o(i.USB_EP_SetReady)
    i.USB_EP_Stall                           0x08001cdc   Section        0  mdr32f9qx_usb_device.o(i.USB_EP_Stall)
    i.USB_EP_dispatchEvent                   0x08001d20   Section        0  mdr32f9qx_usb_device.o(i.USB_EP_dispatchEvent)
    i.USB_EP_doDataIn                        0x08001f70   Section        0  mdr32f9qx_usb_device.o(i.USB_EP_doDataIn)
    i.USB_EP_doDataOut                       0x08001fbc   Section        0  mdr32f9qx_usb_device.o(i.USB_EP_doDataOut)
    i.USB_EP_sendInDataPortion               0x08001ff8   Section        0  mdr32f9qx_usb_device.o(i.USB_EP_sendInDataPortion)
    USB_EP_sendInDataPortion                 0x08001ff9   Thumb Code   120  mdr32f9qx_usb_device.o(i.USB_EP_sendInDataPortion)
    i.USB_EP_setSetupHandler                 0x08002074   Section        0  mdr32f9qx_usb_device.o(i.USB_EP_setSetupHandler)
    i.USB_GetSEPxCTRL                        0x080020b4   Section        0  mdr32f9qx_usb.o(i.USB_GetSEPxCTRL)
    i.USB_GetSEPxRXFD                        0x080020c4   Section        0  mdr32f9qx_usb.o(i.USB_GetSEPxRXFD)
    i.USB_GetSEPxRXFDC                       0x080020d4   Section        0  mdr32f9qx_usb.o(i.USB_GetSEPxRXFDC)
    i.USB_GetSEPxSTS                         0x080020e4   Section        0  mdr32f9qx_usb.o(i.USB_GetSEPxSTS)
    i.USB_GetSEPxTS                          0x080020f4   Section        0  mdr32f9qx_usb.o(i.USB_GetSEPxTS)
    i.USB_GetSIS                             0x08002104   Section        0  mdr32f9qx_usb.o(i.USB_GetSIS)
    i.USB_IRQHandler                         0x08002110   Section        0  mdr32f9qx_usb_device.o(i.USB_IRQHandler)
    i.USB_Reset                              0x08002118   Section        0  mdr32f9qx_usb.o(i.USB_Reset)
    i.USB_SEPxToggleEPDATASEQ                0x08002138   Section        0  mdr32f9qx_usb.o(i.USB_SEPxToggleEPDATASEQ)
    i.USB_SetHSCR                            0x08002154   Section        0  mdr32f9qx_usb.o(i.USB_SetHSCR)
    i.USB_SetSA                              0x08002174   Section        0  mdr32f9qx_usb.o(i.USB_SetSA)
    i.USB_SetSC                              0x08002180   Section        0  mdr32f9qx_usb.o(i.USB_SetSC)
    i.USB_SetSEPxCTRL                        0x080021a0   Section        0  mdr32f9qx_usb.o(i.USB_SetSEPxCTRL)
    i.USB_SetSEPxRXFC                        0x080021cc   Section        0  mdr32f9qx_usb.o(i.USB_SetSEPxRXFC)
    i.USB_SetSEPxTXFD                        0x080021dc   Section        0  mdr32f9qx_usb.o(i.USB_SetSEPxTXFD)
    i.USB_SetSEPxTXFDC                       0x080021ec   Section        0  mdr32f9qx_usb.o(i.USB_SetSEPxTXFDC)
    i.USB_SetSIM                             0x080021fc   Section        0  mdr32f9qx_usb.o(i.USB_SetSIM)
    i.USB_SetSIS                             0x0800221c   Section        0  mdr32f9qx_usb.o(i.USB_SetSIS)
    i.USB_main                               0x08002228   Section        0  usb_main.o(i.USB_main)
    i.Uart2PinCfg                            0x08002244   Section        0  uart_main.o(i.Uart2PinCfg)
    i.Uart2Setup                             0x08002288   Section        0  uart_main.o(i.Uart2Setup)
    i.UartTest                               0x080022d4   Section        0  main.o(i.UartTest)
    i.UsageFault_Handler                     0x08002338   Section        0  1986be9x_it.o(i.UsageFault_Handler)
    i.VCom_Configuration                     0x0800233c   Section        0  usb_main.o(i.VCom_Configuration)
    VCom_Configuration                       0x0800233d   Thumb Code    20  usb_main.o(i.VCom_Configuration)
    i.WWDG_IRQHandler                        0x08002354   Section        0  1986be9x_it.o(i.WWDG_IRQHandler)
    i.WriteData                              0x08002358   Section        0  mlt_lcd.o(i.WriteData)
    i.main                                   0x08002428   Section        0  main.o(i.main)
    .data                                    0x20000000   Section       19  main.o(.data)
    .data                                    0x20000014   Section     2136  1986be9x_it.o(.data)
    .data                                    0x2000086c   Section       16  usb_main.o(.data)
    LineCoding                               0x20000874   Data           8  usb_main.o(.data)
    .data                                    0x2000087c   Section        4  system_mdr32f9qx.o(.data)
    .data                                    0x20000880   Section       96  mdr32f9qx_usb_cdc.o(.data)
    Usb_CDC_Device_Descriptor                0x20000880   Data          18  mdr32f9qx_usb_cdc.o(.data)
    Usb_CDC_Configuration_Descriptor         0x20000892   Data          67  mdr32f9qx_usb_cdc.o(.data)
    CDC_ClassPacketData                      0x200008d8   Data           8  mdr32f9qx_usb_cdc.o(.data)
    .data                                    0x200008e0   Section       16  mdr32f9qx_usb_device.o(.data)
    SetupPacketData                          0x200008e8   Data           2  mdr32f9qx_usb_device.o(.data)
    bHandling                                0x200008ec   Data           4  mdr32f9qx_usb_device.o(.data)
    .bss                                     0x200008f0   Section       12  main.o(.bss)
    PortInit                                 0x200008f0   Data          12  main.o(.bss)
    .bss                                     0x200008fc   Section      112  usb_main.o(.bss)
    Buffer                                   0x20000908   Data         100  usb_main.o(.bss)
    .bss                                     0x2000096c   Section       28  uart_main.o(.bss)
    PortInit                                 0x2000096c   Data          12  uart_main.o(.bss)
    UART_InitStructure                       0x20000978   Data          16  uart_main.o(.bss)
    .bss                                     0x20000988   Section       12  mdr32f9qx_usb_cdc.o(.bss)
    USB_CDCContext                           0x20000988   Data          12  mdr32f9qx_usb_cdc.o(.bss)
    .bss                                     0x20000994   Section      188  mdr32f9qx_usb_device.o(.bss)
    .bss                                     0x20000a50   Section       96  libspace.o(.bss)
    HEAP                                     0x20000ab0   Section      512  startup_mdr32f9qx.o(HEAP)
    Heap_Mem                                 0x20000ab0   Data         512  startup_mdr32f9qx.o(HEAP)
    STACK                                    0x20000cb0   Section     1024  startup_mdr32f9qx.o(STACK)
    Stack_Mem                                0x20000cb0   Data        1024  startup_mdr32f9qx.o(STACK)
    __initial_sp                             0x200010b0   Data           0  startup_mdr32f9qx.o(STACK)

    Global Symbols

    Symbol Name                              Value     Ov Type        Size  Object(Section)

    BuildAttributes$$THM_ISAv4$P$D$K$B$S$PE$A:L22UL41UL21$X:L11$S22US41US21$IEEE1$IW$USESV6$~STKCKD$USESV7$~SHL$OSPACE$ROPI$EBA8$UX$STANDARDLIB$REQ8$PRES8$EABIv2 0x00000000   Number         0  anon$$obj.o ABSOLUTE
    __ARM_use_no_argv                        0x00000000   Number         0  main.o ABSOLUTE
    __ARM_exceptions_init                     - Undefined Weak Reference
    __alloca_initialize                       - Undefined Weak Reference
    __arm_preinit_                            - Undefined Weak Reference
    __cpp_initialize__aeabi_                  - Undefined Weak Reference
    __cxa_finalize                            - Undefined Weak Reference
    __rt_locale                               - Undefined Weak Reference
    __sigvec_lookup                           - Undefined Weak Reference
    _atexit_init                              - Undefined Weak Reference
    _call_atexit_fns                          - Undefined Weak Reference
    _clock_init                               - Undefined Weak Reference
    _fp_trap_init                             - Undefined Weak Reference
    _fp_trap_shutdown                         - Undefined Weak Reference
    _get_lc_collate                           - Undefined Weak Reference
    _get_lc_ctype                             - Undefined Weak Reference
    _get_lc_monetary                          - Undefined Weak Reference
    _get_lc_numeric                           - Undefined Weak Reference
    _get_lc_time                              - Undefined Weak Reference
    _getenv_init                              - Undefined Weak Reference
    _handle_redirection                       - Undefined Weak Reference
    _init_alloc                               - Undefined Weak Reference
    _init_user_alloc                          - Undefined Weak Reference
    _initio                                   - Undefined Weak Reference
    _rand_init                                - Undefined Weak Reference
    _signal_finish                            - Undefined Weak Reference
    _signal_init                              - Undefined Weak Reference
    _terminate_alloc                          - Undefined Weak Reference
    _terminate_user_alloc                     - Undefined Weak Reference
    _terminateio                              - Undefined Weak Reference
    __Vectors_Size                           0x000000c0   Number         0  startup_mdr32f9qx.o ABSOLUTE
    __Vectors                                0x08000000   Data           4  startup_mdr32f9qx.o(RESET)
    __Vectors_End                            0x080000c0   Data           0  startup_mdr32f9qx.o(RESET)
    __main                                   0x080000c1   Thumb Code     8  __main.o(!!!main)
    __scatterload                            0x080000c9   Thumb Code     0  __scatter.o(!!!scatter)
    __scatterload_rt2                        0x080000c9   Thumb Code    44  __scatter.o(!!!scatter)
    __scatterload_rt2_thumb_only             0x080000c9   Thumb Code     0  __scatter.o(!!!scatter)
    __scatterload_null                       0x080000d7   Thumb Code     0  __scatter.o(!!!scatter)
    __decompress                             0x080000fd   Thumb Code   100  __dclz77c.o(!!dclz77c)
    __decompress2                            0x080000fd   Thumb Code     0  __dclz77c.o(!!dclz77c)
    __scatterload_zeroinit                   0x08000161   Thumb Code    28  __scatter_zi.o(!!handler_zi)
    __rt_lib_init                            0x0800017d   Thumb Code     0  libinit.o(.ARM.Collect$$libinit$$00000000)
    __rt_lib_init_alloca_1                   0x0800017f   Thumb Code     0  libinit2.o(.ARM.Collect$$libinit$$0000002E)
    __rt_lib_init_argv_1                     0x0800017f   Thumb Code     0  libinit2.o(.ARM.Collect$$libinit$$0000002C)
    __rt_lib_init_atexit_1                   0x0800017f   Thumb Code     0  libinit2.o(.ARM.Collect$$libinit$$0000001B)
    __rt_lib_init_clock_1                    0x0800017f   Thumb Code     0  libinit2.o(.ARM.Collect$$libinit$$00000021)
    __rt_lib_init_cpp_1                      0x0800017f   Thumb Code     0  libinit2.o(.ARM.Collect$$libinit$$00000032)
    __rt_lib_init_exceptions_1               0x0800017f   Thumb Code     0  libinit2.o(.ARM.Collect$$libinit$$00000030)
    __rt_lib_init_fp_1                       0x0800017f   Thumb Code     0  libinit2.o(.ARM.Collect$$libinit$$00000002)
    __rt_lib_init_fp_trap_1                  0x0800017f   Thumb Code     0  libinit2.o(.ARM.Collect$$libinit$$0000001F)
    __rt_lib_init_getenv_1                   0x0800017f   Thumb Code     0  libinit2.o(.ARM.Collect$$libinit$$00000023)
    __rt_lib_init_heap_1                     0x0800017f   Thumb Code     0  libinit2.o(.ARM.Collect$$libinit$$0000000A)
    __rt_lib_init_lc_collate_1               0x0800017f   Thumb Code     0  libinit2.o(.ARM.Collect$$libinit$$00000011)
    __rt_lib_init_lc_ctype_1                 0x0800017f   Thumb Code     0  libinit2.o(.ARM.Collect$$libinit$$00000013)
    __rt_lib_init_lc_monetary_1              0x0800017f   Thumb Code     0  libinit2.o(.ARM.Collect$$libinit$$00000015)
    __rt_lib_init_lc_numeric_1               0x0800017f   Thumb Code     0  libinit2.o(.ARM.Collect$$libinit$$00000017)
    __rt_lib_init_lc_time_1                  0x0800017f   Thumb Code     0  libinit2.o(.ARM.Collect$$libinit$$00000019)
    __rt_lib_init_preinit_1                  0x0800017f   Thumb Code     0  libinit2.o(.ARM.Collect$$libinit$$00000004)
    __rt_lib_init_rand_1                     0x0800017f   Thumb Code     0  libinit2.o(.ARM.Collect$$libinit$$0000000E)
    __rt_lib_init_return                     0x0800017f   Thumb Code     0  libinit2.o(.ARM.Collect$$libinit$$00000033)
    __rt_lib_init_signal_1                   0x0800017f   Thumb Code     0  libinit2.o(.ARM.Collect$$libinit$$0000001D)
    __rt_lib_init_stdio_1                    0x0800017f   Thumb Code     0  libinit2.o(.ARM.Collect$$libinit$$00000025)
    __rt_lib_init_user_alloc_1               0x0800017f   Thumb Code     0  libinit2.o(.ARM.Collect$$libinit$$0000000C)
    __rt_lib_shutdown                        0x08000181   Thumb Code     0  libshutdown.o(.ARM.Collect$$libshutdown$$00000000)
    __rt_lib_shutdown_cpp_1                  0x08000183   Thumb Code     0  libshutdown2.o(.ARM.Collect$$libshutdown$$00000002)
    __rt_lib_shutdown_fp_trap_1              0x08000183   Thumb Code     0  libshutdown2.o(.ARM.Collect$$libshutdown$$00000007)
    __rt_lib_shutdown_heap_1                 0x08000183   Thumb Code     0  libshutdown2.o(.ARM.Collect$$libshutdown$$0000000F)
    __rt_lib_shutdown_return                 0x08000183   Thumb Code     0  libshutdown2.o(.ARM.Collect$$libshutdown$$00000010)
    __rt_lib_shutdown_signal_1               0x08000183   Thumb Code     0  libshutdown2.o(.ARM.Collect$$libshutdown$$0000000A)
    __rt_lib_shutdown_stdio_1                0x08000183   Thumb Code     0  libshutdown2.o(.ARM.Collect$$libshutdown$$00000004)
    __rt_lib_shutdown_user_alloc_1           0x08000183   Thumb Code     0  libshutdown2.o(.ARM.Collect$$libshutdown$$0000000C)
    __rt_entry                               0x08000185   Thumb Code     0  __rtentry.o(.ARM.Collect$$rtentry$$00000000)
    __rt_entry_presh_1                       0x08000185   Thumb Code     0  __rtentry2.o(.ARM.Collect$$rtentry$$00000002)
    __rt_entry_sh                            0x08000185   Thumb Code     0  __rtentry4.o(.ARM.Collect$$rtentry$$00000004)
    __rt_entry_li                            0x0800018b   Thumb Code     0  __rtentry2.o(.ARM.Collect$$rtentry$$0000000A)
    __rt_entry_postsh_1                      0x0800018b   Thumb Code     0  __rtentry2.o(.ARM.Collect$$rtentry$$00000009)
    __rt_entry_main                          0x0800018f   Thumb Code     0  __rtentry2.o(.ARM.Collect$$rtentry$$0000000D)
    __rt_entry_postli_1                      0x0800018f   Thumb Code     0  __rtentry2.o(.ARM.Collect$$rtentry$$0000000C)
    __rt_exit                                0x08000197   Thumb Code     0  rtexit.o(.ARM.Collect$$rtexit$$00000000)
    __rt_exit_ls                             0x08000199   Thumb Code     0  rtexit2.o(.ARM.Collect$$rtexit$$00000003)
    __rt_exit_prels_1                        0x08000199   Thumb Code     0  rtexit2.o(.ARM.Collect$$rtexit$$00000002)
    __rt_exit_exit                           0x0800019d   Thumb Code     0  rtexit2.o(.ARM.Collect$$rtexit$$00000004)
    Reset_Handler                            0x080001a5   Thumb Code     8  startup_mdr32f9qx.o(.text)
    __user_initial_stackheap                 0x080001c1   Thumb Code     0  startup_mdr32f9qx.o(.text)
    __use_two_region_memory                  0x080001e5   Thumb Code     2  heapauxi.o(.text)
    __rt_heap_escrow$2region                 0x080001e7   Thumb Code     2  heapauxi.o(.text)
    __rt_heap_expand$2region                 0x080001e9   Thumb Code     2  heapauxi.o(.text)
    __user_setup_stackheap                   0x080001eb   Thumb Code    74  sys_stackheap_outer.o(.text)
    exit                                     0x08000235   Thumb Code    18  exit.o(.text)
    __user_libspace                          0x08000249   Thumb Code     8  libspace.o(.text)
    __user_perproc_libspace                  0x08000249   Thumb Code     0  libspace.o(.text)
    __user_perthread_libspace                0x08000249   Thumb Code     0  libspace.o(.text)
    _sys_exit                                0x08000251   Thumb Code     8  sys_exit.o(.text)
    __I$use$semihosting                      0x0800025d   Thumb Code     0  use_no_semi.o(.text)
    __use_no_semihosting_swi                 0x0800025d   Thumb Code     2  use_no_semi.o(.text)
    ADC_IRQHandler                           0x0800025f   Thumb Code     2  1986be9x_it.o(i.ADC_IRQHandler)
    __semihosting_library_function           0x0800025f   Thumb Code     0  indicate_semi.o(.text)
    BACKUP_IRQHandler                        0x08000261   Thumb Code     2  1986be9x_it.o(i.BACKUP_IRQHandler)
    BusFault_Handler                         0x08000263   Thumb Code     4  1986be9x_it.o(i.BusFault_Handler)
    ButtonPinGfg                             0x08000269   Thumb Code    52  main.o(i.ButtonPinGfg)
    CAN1_IRQHandler                          0x080002ad   Thumb Code     2  1986be9x_it.o(i.CAN1_IRQHandler)
    CAN2_IRQHandler                          0x080002af   Thumb Code     2  1986be9x_it.o(i.CAN2_IRQHandler)
    COMPARATOR_IRQHandler                    0x080002b1   Thumb Code     2  1986be9x_it.o(i.COMPARATOR_IRQHandler)
    DMA_IRQHandler                           0x080002b3   Thumb Code     2  1986be9x_it.o(i.DMA_IRQHandler)
    DebugMon_Handler                         0x080002b5   Thumb Code     2  1986be9x_it.o(i.DebugMon_Handler)
    DispOn                                   0x080002b9   Thumb Code   188  mlt_lcd.o(i.DispOn)
    EXT_INT1_IRQHandler                      0x08000385   Thumb Code     2  1986be9x_it.o(i.EXT_INT1_IRQHandler)
    EXT_INT2_IRQHandler                      0x08000387   Thumb Code     2  1986be9x_it.o(i.EXT_INT2_IRQHandler)
    EXT_INT3_IRQHandler                      0x08000389   Thumb Code     2  1986be9x_it.o(i.EXT_INT3_IRQHandler)
    EXT_INT4_IRQHandler                      0x0800038b   Thumb Code     2  1986be9x_it.o(i.EXT_INT4_IRQHandler)
    HardFault_Handler                        0x0800038d   Thumb Code     4  1986be9x_it.o(i.HardFault_Handler)
    I2C_IRQHandler                           0x08000391   Thumb Code     2  1986be9x_it.o(i.I2C_IRQHandler)
    LcdClearChip                             0x08000393   Thumb Code    24  mlt_lcd.o(i.LcdClearChip)
    LcdClearPage                             0x080003ab   Thumb Code    64  mlt_lcd.o(i.LcdClearPage)
    LcdInit                                  0x080003ed   Thumb Code    58  mlt_lcd.o(i.LcdInit)
    LcdPutChar                               0x0800042d   Thumb Code   104  mlt_lcd.o(i.LcdPutChar)
    LcdPutString                             0x08000495   Thumb Code   152  mlt_lcd.o(i.LcdPutString)
    LcdScrollString                          0x0800052d   Thumb Code   130  mlt_lcd.o(i.LcdScrollString)
    LedTest                                  0x080005af   Thumb Code     4  main.o(i.LedTest)
    MemManage_Handler                        0x080005b3   Thumb Code     4  1986be9x_it.o(i.MemManage_Handler)
    MltDelay                                 0x080005b7   Thumb Code    12  mlt_lcd.o(i.MltDelay)
    MltPinCfg                                0x080005c5   Thumb Code    82  main.o(i.MltPinCfg)
    NMI_Handler                              0x0800062d   Thumb Code     2  1986be9x_it.o(i.NMI_Handler)
    PORT_Init                                0x08000631   Thumb Code   450  mdr32f9qx_port.o(i.PORT_Init)
    PORT_ReadInputDataBit                    0x080007f9   Thumb Code    16  mdr32f9qx_port.o(i.PORT_ReadInputDataBit)
    PORT_ResetBits                           0x08000809   Thumb Code    22  mdr32f9qx_port.o(i.PORT_ResetBits)
    PORT_SetBits                             0x08000825   Thumb Code    22  mdr32f9qx_port.o(i.PORT_SetBits)
    POWER_IRQHandler                         0x08000841   Thumb Code     2  1986be9x_it.o(i.POWER_IRQHandler)
    PendSV_Handler                           0x08000843   Thumb Code     2  1986be9x_it.o(i.PendSV_Handler)
    RST_CLK_CPU_PLLconfig                    0x08000845   Thumb Code    54  mdr32f9qx_rst_clk.o(i.RST_CLK_CPU_PLLconfig)
    RST_CLK_GetClocksFreq                    0x08000885   Thumb Code   620  mdr32f9qx_rst_clk.o(i.RST_CLK_GetClocksFreq)
    RST_CLK_GetFlagStatus                    0x08000af9   Thumb Code    42  mdr32f9qx_rst_clk.o(i.RST_CLK_GetFlagStatus)
    RST_CLK_HSEconfig                        0x08000b2d   Thumb Code    56  mdr32f9qx_rst_clk.o(i.RST_CLK_HSEconfig)
    RST_CLK_HSEstatus                        0x08000b69   Thumb Code    52  mdr32f9qx_rst_clk.o(i.RST_CLK_HSEstatus)
    RST_CLK_LSEconfig                        0x08000b9d   Thumb Code    56  mdr32f9qx_rst_clk.o(i.RST_CLK_LSEconfig)
    RST_CLK_LSEstatus                        0x08000bd9   Thumb Code    52  mdr32f9qx_rst_clk.o(i.RST_CLK_LSEstatus)
    RST_CLK_PCLKcmd                          0x08000c0d   Thumb Code    26  mdr32f9qx_rst_clk.o(i.RST_CLK_PCLKcmd)
    ReadStatus                               0x08000c2d   Thumb Code   182  mlt_lcd.o(i.ReadStatus)
    SSP1_IRQHandler                          0x08000cf5   Thumb Code     2  1986be9x_it.o(i.SSP1_IRQHandler)
    SSP2_IRQHandler                          0x08000cf7   Thumb Code     2  1986be9x_it.o(i.SSP2_IRQHandler)
    SVC_Handler                              0x08000cf9   Thumb Code     2  1986be9x_it.o(i.SVC_Handler)
    SetAdress                                0x08000cfd   Thumb Code   192  mlt_lcd.o(i.SetAdress)
    SetDataBits                              0x08000dcd   Thumb Code    60  mlt_lcd.o(i.SetDataBits)
    SetPage                                  0x08000e11   Thumb Code   192  mlt_lcd.o(i.SetPage)
    SysTick_Handler                          0x08000f35   Thumb Code     2  1986be9x_it.o(i.SysTick_Handler)
    SystemCoreClockUpdate                    0x08000f39   Thumb Code   130  system_mdr32f9qx.o(i.SystemCoreClockUpdate)
    SystemInit                               0x08000fc9   Thumb Code    54  system_mdr32f9qx.o(i.SystemInit)
    Tim1Setup                                0x08001009   Thumb Code    72  main.o(i.Tim1Setup)
    Timer1_IRQHandler                        0x08001059   Thumb Code   830  1986be9x_it.o(i.Timer1_IRQHandler)
    Timer2_IRQHandler                        0x08001429   Thumb Code     2  1986be9x_it.o(i.Timer2_IRQHandler)
    Timer3_IRQHandler                        0x0800142b   Thumb Code     2  1986be9x_it.o(i.Timer3_IRQHandler)
    UART1_IRQHandler                         0x0800142d   Thumb Code     2  1986be9x_it.o(i.UART1_IRQHandler)
    UART2_IRQHandler                         0x0800142f   Thumb Code     2  1986be9x_it.o(i.UART2_IRQHandler)
    UART_BRGInit                             0x08001431   Thumb Code    48  mdr32f9qx_uart.o(i.UART_BRGInit)
    UART_Cmd                                 0x0800146d   Thumb Code    24  mdr32f9qx_uart.o(i.UART_Cmd)
    UART_GetFlagStatus                       0x08001485   Thumb Code    16  mdr32f9qx_uart.o(i.UART_GetFlagStatus)
    UART_Init                                0x08001495   Thumb Code   162  mdr32f9qx_uart.o(i.UART_Init)
    UART_SendData                            0x08001545   Thumb Code     6  mdr32f9qx_uart.o(i.UART_SendData)
    USBTest                                  0x0800154d   Thumb Code    30  main.o(i.USBTest)
    USB_BRGInit                              0x08001571   Thumb Code    54  mdr32f9qx_usb.o(i.USB_BRGInit)
    USB_CDC_ClassRequest                     0x080015ad   Thumb Code   142  mdr32f9qx_usb_cdc.o(i.USB_CDC_ClassRequest)
    USB_CDC_GetDescriptor                    0x0800168d   Thumb Code    86  mdr32f9qx_usb_cdc.o(i.USB_CDC_GetDescriptor)
    USB_CDC_GetLineCoding                    0x080016f1   Thumb Code    20  usb_main.o(i.USB_CDC_GetLineCoding)
    USB_CDC_Init                             0x08001709   Thumb Code    38  mdr32f9qx_usb_cdc.o(i.USB_CDC_Init)
    USB_CDC_RecieveData                      0x08001789   Thumb Code    20  usb_main.o(i.USB_CDC_RecieveData)
    USB_CDC_Reset                            0x0800179d   Thumb Code    66  mdr32f9qx_usb_cdc.o(i.USB_CDC_Reset)
    USB_CDC_SendData                         0x080017e9   Thumb Code    38  mdr32f9qx_usb_cdc.o(i.USB_CDC_SendData)
    USB_CDC_SetLineCoding                    0x08001819   Thumb Code    22  usb_main.o(i.USB_CDC_SetLineCoding)
    USB_CDC_SetReceiveBuffer                 0x08001835   Thumb Code    12  mdr32f9qx_usb_cdc.o(i.USB_CDC_SetReceiveBuffer)
    USB_DeviceClearFeature                   0x08001845   Thumb Code    26  mdr32f9qx_usb_device.o(i.USB_DeviceClearFeature)
    USB_DeviceDispatchEvent                  0x08001861   Thumb Code   120  mdr32f9qx_usb_device.o(i.USB_DeviceDispatchEvent)
    USB_DeviceDoStatusOutAck                 0x080018e5   Thumb Code    22  mdr32f9qx_usb_device.o(i.USB_DeviceDoStatusOutAck)
    USB_DeviceInit                           0x080018fd   Thumb Code    74  mdr32f9qx_usb_device.o(i.USB_DeviceInit)
    USB_DevicePowerOn                        0x08001955   Thumb Code    18  mdr32f9qx_usb_device.o(i.USB_DevicePowerOn)
    USB_DeviceReset                          0x0800196d   Thumb Code    10  mdr32f9qx_usb_device.o(i.USB_DeviceReset)
    USB_DeviceSetFeature                     0x0800197d   Thumb Code    28  mdr32f9qx_usb_device.o(i.USB_DeviceSetFeature)
    USB_DeviceSetupPacket                    0x08001999   Thumb Code   596  mdr32f9qx_usb_device.o(i.USB_DeviceSetupPacket)
    USB_EP_Idle                              0x08001c29   Thumb Code    60  mdr32f9qx_usb_device.o(i.USB_EP_Idle)
    USB_EP_Init                              0x08001c69   Thumb Code    66  mdr32f9qx_usb_device.o(i.USB_EP_Init)
    USB_EP_Stall                             0x08001cdd   Thumb Code    64  mdr32f9qx_usb_device.o(i.USB_EP_Stall)
    USB_EP_dispatchEvent                     0x08001d21   Thumb Code   586  mdr32f9qx_usb_device.o(i.USB_EP_dispatchEvent)
    USB_EP_doDataIn                          0x08001f71   Thumb Code    72  mdr32f9qx_usb_device.o(i.USB_EP_doDataIn)
    USB_EP_doDataOut                         0x08001fbd   Thumb Code    56  mdr32f9qx_usb_device.o(i.USB_EP_doDataOut)
    USB_EP_setSetupHandler                   0x08002075   Thumb Code    58  mdr32f9qx_usb_device.o(i.USB_EP_setSetupHandler)
    USB_GetSEPxCTRL                          0x080020b5   Thumb Code    12  mdr32f9qx_usb.o(i.USB_GetSEPxCTRL)
    USB_GetSEPxRXFD                          0x080020c5   Thumb Code    12  mdr32f9qx_usb.o(i.USB_GetSEPxRXFD)
    USB_GetSEPxRXFDC                         0x080020d5   Thumb Code    12  mdr32f9qx_usb.o(i.USB_GetSEPxRXFDC)
    USB_GetSEPxSTS                           0x080020e5   Thumb Code    12  mdr32f9qx_usb.o(i.USB_GetSEPxSTS)
    USB_GetSEPxTS                            0x080020f5   Thumb Code    12  mdr32f9qx_usb.o(i.USB_GetSEPxTS)
    USB_GetSIS                               0x08002105   Thumb Code     6  mdr32f9qx_usb.o(i.USB_GetSIS)
    USB_IRQHandler                           0x08002111   Thumb Code     8  mdr32f9qx_usb_device.o(i.USB_IRQHandler)
    USB_Reset                                0x08002119   Thumb Code    30  mdr32f9qx_usb.o(i.USB_Reset)
    USB_SEPxToggleEPDATASEQ                  0x08002139   Thumb Code    22  mdr32f9qx_usb.o(i.USB_SEPxToggleEPDATASEQ)
    USB_SetHSCR                              0x08002155   Thumb Code    24  mdr32f9qx_usb.o(i.USB_SetHSCR)
    USB_SetSA                                0x08002175   Thumb Code     6  mdr32f9qx_usb.o(i.USB_SetSA)
    USB_SetSC                                0x08002181   Thumb Code    24  mdr32f9qx_usb.o(i.USB_SetSC)
    USB_SetSEPxCTRL                          0x080021a1   Thumb Code    34  mdr32f9qx_usb.o(i.USB_SetSEPxCTRL)
    USB_SetSEPxRXFC                          0x080021cd   Thumb Code    10  mdr32f9qx_usb.o(i.USB_SetSEPxRXFC)
    USB_SetSEPxTXFD                          0x080021dd   Thumb Code    10  mdr32f9qx_usb.o(i.USB_SetSEPxTXFD)
    USB_SetSEPxTXFDC                         0x080021ed   Thumb Code    10  mdr32f9qx_usb.o(i.USB_SetSEPxTXFDC)
    USB_SetSIM                               0x080021fd   Thumb Code    24  mdr32f9qx_usb.o(i.USB_SetSIM)
    USB_SetSIS                               0x0800221d   Thumb Code     6  mdr32f9qx_usb.o(i.USB_SetSIS)
    USB_main                                 0x08002229   Thumb Code    24  usb_main.o(i.USB_main)
    Uart2PinCfg                              0x08002245   Thumb Code    58  uart_main.o(i.Uart2PinCfg)
    Uart2Setup                               0x08002289   Thumb Code    68  uart_main.o(i.Uart2Setup)
    UartTest                                 0x080022d5   Thumb Code    82  main.o(i.UartTest)
    UsageFault_Handler                       0x08002339   Thumb Code     4  1986be9x_it.o(i.UsageFault_Handler)
    WWDG_IRQHandler                          0x08002355   Thumb Code     2  1986be9x_it.o(i.WWDG_IRQHandler)
    WriteData                                0x08002359   Thumb Code   190  mlt_lcd.o(i.WriteData)
    main                                     0x08002429   Thumb Code   420  main.o(i.main)
    Region$$Table$$Base                      0x080025fc   Number         0  anon$$obj.o(Region$$Table)
    Region$$Table$$Limit                     0x0800261c   Number         0  anon$$obj.o(Region$$Table)
    count_title                              0x20000000   Data           4  main.o(.data)
    MenuMainItem                             0x20000004   Data           4  main.o(.data)
    CursorPosItem                            0x20000008   Data           4  main.o(.data)
    TestLedDone                              0x2000000c   Data           1  main.o(.data)
    UartFlag                                 0x2000000d   Data           1  main.o(.data)
    Can1Flag                                 0x2000000e   Data           1  main.o(.data)
    Can2Flag                                 0x2000000f   Data           1  main.o(.data)
    LedFlag                                  0x20000010   Data           1  main.o(.data)
    TestUartDone                             0x20000011   Data           1  main.o(.data)
    USBFlag                                  0x20000012   Data           1  main.o(.data)
    dig_0                                    0x20000014   Data           8  1986be9x_it.o(.data)
    dig_1                                    0x2000001c   Data           8  1986be9x_it.o(.data)
    dig_2                                    0x20000024   Data           8  1986be9x_it.o(.data)
    dig_3                                    0x2000002c   Data           8  1986be9x_it.o(.data)
    dig_4                                    0x20000034   Data           8  1986be9x_it.o(.data)
    dig_5                                    0x2000003c   Data           8  1986be9x_it.o(.data)
    dig_6                                    0x20000044   Data           8  1986be9x_it.o(.data)
    dig_7                                    0x2000004c   Data           8  1986be9x_it.o(.data)
    dig_8                                    0x20000054   Data           8  1986be9x_it.o(.data)
    dig_9                                    0x2000005c   Data           8  1986be9x_it.o(.data)
    lat_A                                    0x20000064   Data           8  1986be9x_it.o(.data)
    lat_B                                    0x2000006c   Data           8  1986be9x_it.o(.data)
    lat_C                                    0x20000074   Data           8  1986be9x_it.o(.data)
    lat_D                                    0x2000007c   Data           8  1986be9x_it.o(.data)
    lat_E                                    0x20000084   Data           8  1986be9x_it.o(.data)
    lat_F                                    0x2000008c   Data           8  1986be9x_it.o(.data)
    lat_G                                    0x20000094   Data           8  1986be9x_it.o(.data)
    lat_H                                    0x2000009c   Data           8  1986be9x_it.o(.data)
    lat_I                                    0x200000a4   Data           8  1986be9x_it.o(.data)
    lat_J                                    0x200000ac   Data           8  1986be9x_it.o(.data)
    lat_K                                    0x200000b4   Data           8  1986be9x_it.o(.data)
    lat_L                                    0x200000bc   Data           8  1986be9x_it.o(.data)
    lat_M                                    0x200000c4   Data           8  1986be9x_it.o(.data)
    lat_N                                    0x200000cc   Data           8  1986be9x_it.o(.data)
    lat_O                                    0x200000d4   Data           8  1986be9x_it.o(.data)
    lat_P                                    0x200000dc   Data           8  1986be9x_it.o(.data)
    lat_Q                                    0x200000e4   Data           8  1986be9x_it.o(.data)
    lat_R                                    0x200000ec   Data           8  1986be9x_it.o(.data)
    lat_S                                    0x200000f4   Data           8  1986be9x_it.o(.data)
    lat_T                                    0x200000fc   Data           8  1986be9x_it.o(.data)
    lat_U                                    0x20000104   Data           8  1986be9x_it.o(.data)
    lat_V                                    0x2000010c   Data           8  1986be9x_it.o(.data)
    lat_W                                    0x20000114   Data           8  1986be9x_it.o(.data)
    lat_X                                    0x2000011c   Data           8  1986be9x_it.o(.data)
    lat_Y                                    0x20000124   Data           8  1986be9x_it.o(.data)
    lat_Z                                    0x2000012c   Data           8  1986be9x_it.o(.data)
    lat_a                                    0x20000134   Data           8  1986be9x_it.o(.data)
    lat_b                                    0x2000013c   Data           8  1986be9x_it.o(.data)
    lat_c                                    0x20000144   Data           8  1986be9x_it.o(.data)
    lat_d                                    0x2000014c   Data           8  1986be9x_it.o(.data)
    lat_e                                    0x20000154   Data           8  1986be9x_it.o(.data)
    lat_f                                    0x2000015c   Data           8  1986be9x_it.o(.data)
    lat_g                                    0x20000164   Data           8  1986be9x_it.o(.data)
    lat_h                                    0x2000016c   Data           8  1986be9x_it.o(.data)
    lat_i                                    0x20000174   Data           8  1986be9x_it.o(.data)
    lat_j                                    0x2000017c   Data           8  1986be9x_it.o(.data)
    lat_k                                    0x20000184   Data           8  1986be9x_it.o(.data)
    lat_l                                    0x2000018c   Data           8  1986be9x_it.o(.data)
    lat_m                                    0x20000194   Data           8  1986be9x_it.o(.data)
    lat_n                                    0x2000019c   Data           8  1986be9x_it.o(.data)
    lat_o                                    0x200001a4   Data           8  1986be9x_it.o(.data)
    lat_p                                    0x200001ac   Data           8  1986be9x_it.o(.data)
    lat_q                                    0x200001b4   Data           8  1986be9x_it.o(.data)
    lat_r                                    0x200001bc   Data           8  1986be9x_it.o(.data)
    lat_s                                    0x200001c4   Data           8  1986be9x_it.o(.data)
    lat_t                                    0x200001cc   Data           8  1986be9x_it.o(.data)
    lat_u                                    0x200001d4   Data           8  1986be9x_it.o(.data)
    lat_v                                    0x200001dc   Data           8  1986be9x_it.o(.data)
    lat_w                                    0x200001e4   Data           8  1986be9x_it.o(.data)
    lat_x                                    0x200001ec   Data           8  1986be9x_it.o(.data)
    lat_y                                    0x200001f4   Data           8  1986be9x_it.o(.data)
    lat_z                                    0x200001fc   Data           8  1986be9x_it.o(.data)
    cyr_A                                    0x20000204   Data           8  1986be9x_it.o(.data)
    cyr_B                                    0x2000020c   Data           8  1986be9x_it.o(.data)
    cyr_V                                    0x20000214   Data           8  1986be9x_it.o(.data)
    cyr_G                                    0x2000021c   Data           8  1986be9x_it.o(.data)
    cyr_D                                    0x20000224   Data           8  1986be9x_it.o(.data)
    cyr_E                                    0x2000022c   Data           8  1986be9x_it.o(.data)
    cyr_JO                                   0x20000234   Data           8  1986be9x_it.o(.data)
    cyr_ZH                                   0x2000023c   Data           8  1986be9x_it.o(.data)
    cyr_Z                                    0x20000244   Data           8  1986be9x_it.o(.data)
    cyr_I                                    0x2000024c   Data           8  1986be9x_it.o(.data)
    cyr_JJ                                   0x20000254   Data           8  1986be9x_it.o(.data)
    cyr_K                                    0x2000025c   Data           8  1986be9x_it.o(.data)
    cyr_L                                    0x20000264   Data           8  1986be9x_it.o(.data)
    cyr_M                                    0x2000026c   Data           8  1986be9x_it.o(.data)
    cyr_N                                    0x20000274   Data           8  1986be9x_it.o(.data)
    cyr_O                                    0x2000027c   Data           8  1986be9x_it.o(.data)
    cyr_P                                    0x20000284   Data           8  1986be9x_it.o(.data)
    cyr_R                                    0x2000028c   Data           8  1986be9x_it.o(.data)
    cyr_S                                    0x20000294   Data           8  1986be9x_it.o(.data)
    cyr_T                                    0x2000029c   Data           8  1986be9x_it.o(.data)
    cyr_U                                    0x200002a4   Data           8  1986be9x_it.o(.data)
    cyr_F                                    0x200002ac   Data           8  1986be9x_it.o(.data)
    cyr_KH                                   0x200002b4   Data           8  1986be9x_it.o(.data)
    cyr_C                                    0x200002bc   Data           8  1986be9x_it.o(.data)
    cyr_CH                                   0x200002c4   Data           8  1986be9x_it.o(.data)
    cyr_SH                                   0x200002cc   Data           8  1986be9x_it.o(.data)
    cyr_SHH                                  0x200002d4   Data           8  1986be9x_it.o(.data)
    cyr_TZ                                   0x200002dc   Data           8  1986be9x_it.o(.data)
    cyr_Y                                    0x200002e4   Data           8  1986be9x_it.o(.data)
    cyr_MZ                                   0x200002ec   Data           8  1986be9x_it.o(.data)
    cyr_EH                                   0x200002f4   Data           8  1986be9x_it.o(.data)
    cyr_YU                                   0x200002fc   Data           8  1986be9x_it.o(.data)
    cyr_YA                                   0x20000304   Data           8  1986be9x_it.o(.data)
    cyr_a                                    0x2000030c   Data           8  1986be9x_it.o(.data)
    cyr_b                                    0x20000314   Data           8  1986be9x_it.o(.data)
    cyr_v                                    0x2000031c   Data           8  1986be9x_it.o(.data)
    cyr_g                                    0x20000324   Data           8  1986be9x_it.o(.data)
    cyr_d                                    0x2000032c   Data           8  1986be9x_it.o(.data)
    cyr_e                                    0x20000334   Data           8  1986be9x_it.o(.data)
    cyr_jo                                   0x2000033c   Data           8  1986be9x_it.o(.data)
    cyr_zh                                   0x20000344   Data           8  1986be9x_it.o(.data)
    cyr_z                                    0x2000034c   Data           8  1986be9x_it.o(.data)
    cyr_i                                    0x20000354   Data           8  1986be9x_it.o(.data)
    cyr_jj                                   0x2000035c   Data           8  1986be9x_it.o(.data)
    cyr_k                                    0x20000364   Data           8  1986be9x_it.o(.data)
    cyr_l                                    0x2000036c   Data           8  1986be9x_it.o(.data)
    cyr_m                                    0x20000374   Data           8  1986be9x_it.o(.data)
    cyr_n                                    0x2000037c   Data           8  1986be9x_it.o(.data)
    cyr_o                                    0x20000384   Data           8  1986be9x_it.o(.data)
    cyr_p                                    0x2000038c   Data           8  1986be9x_it.o(.data)
    cyr_r                                    0x20000394   Data           8  1986be9x_it.o(.data)
    cyr_s                                    0x2000039c   Data           8  1986be9x_it.o(.data)
    cyr_t                                    0x200003a4   Data           8  1986be9x_it.o(.data)
    cyr_u                                    0x200003ac   Data           8  1986be9x_it.o(.data)
    cyr_f                                    0x200003b4   Data           8  1986be9x_it.o(.data)
    cyr_kh                                   0x200003bc   Data           8  1986be9x_it.o(.data)
    cyr_c                                    0x200003c4   Data           8  1986be9x_it.o(.data)
    cyr_ch                                   0x200003cc   Data           8  1986be9x_it.o(.data)
    cyr_sh                                   0x200003d4   Data           8  1986be9x_it.o(.data)
    cyr_shh                                  0x200003dc   Data           8  1986be9x_it.o(.data)
    cyr_tz                                   0x200003e4   Data           8  1986be9x_it.o(.data)
    cyr_y                                    0x200003ec   Data           8  1986be9x_it.o(.data)
    cyr_mz                                   0x200003f4   Data           8  1986be9x_it.o(.data)
    cyr_eh                                   0x200003fc   Data           8  1986be9x_it.o(.data)
    cyr_yu                                   0x20000404   Data           8  1986be9x_it.o(.data)
    cyr_ya                                   0x2000040c   Data           8  1986be9x_it.o(.data)
    sym_sp                                   0x20000414   Data           8  1986be9x_it.o(.data)
    sym_pt                                   0x2000041c   Data           8  1986be9x_it.o(.data)
    sym_def                                  0x20000424   Data           8  1986be9x_it.o(.data)
    sym_lcm                                  0x2000042c   Data           8  1986be9x_it.o(.data)
    sym_rcm                                  0x20000434   Data           8  1986be9x_it.o(.data)
    cursor                                   0x2000043c   Data           8  1986be9x_it.o(.data)
    count_main                               0x20000444   Data           4  1986be9x_it.o(.data)
    main_string                              0x20000448   Data         200  1986be9x_it.o(.data)
    menu_string                              0x20000510   Data         256  1986be9x_it.o(.data)
    usb_string1                              0x20000610   Data          64  1986be9x_it.o(.data)
    uart_string                              0x20000650   Data          64  1986be9x_it.o(.data)
    can_string                               0x20000690   Data          64  1986be9x_it.o(.data)
    pass_string                              0x200006d0   Data          64  1986be9x_it.o(.data)
    get_string                               0x20000710   Data          64  1986be9x_it.o(.data)
    fail_string                              0x20000750   Data          64  1986be9x_it.o(.data)
    led_string                               0x20000790   Data          64  1986be9x_it.o(.data)
    empty_string                             0x200007d0   Data          64  1986be9x_it.o(.data)
    finish_string                            0x20000810   Data          64  1986be9x_it.o(.data)
    bottom_string                            0x20000850   Data          28  1986be9x_it.o(.data)
    USB_Clock_InitStruct                     0x2000086c   Data           8  usb_main.o(.data)
    SystemCoreClock                          0x2000087c   Data           4  system_mdr32f9qx.o(.data)
    USB_CurrentSetupPacket                   0x200008e0   Data           8  mdr32f9qx_usb_device.o(.data)
    USB_DeviceBUSParam                       0x200008fc   Data          12  usb_main.o(.bss)
    USB_EPContext                            0x20000994   Data         176  mdr32f9qx_usb_device.o(.bss)
    USB_DeviceContext                        0x20000a44   Data          12  mdr32f9qx_usb_device.o(.bss)
    __libspace_start                         0x20000a50   Data          96  libspace.o(.bss)
    __temporary_stack_top$libspace           0x20000ab0   Data           0  libspace.o(.bss)



==============================================================================

Memory Map of the image

  Image Entry point : 0x080001a5

  Load Region LR_1 (Base: 0x08000000, Size: 0x00002f0c, Max: 0xffffffff, ABSOLUTE, COMPRESSED[0x00002ac0])

    Execution Region ER_RO (Exec base: 0x08000000, Load base: 0x08000000, Size: 0x0000261c, Max: 0xffffffff, ABSOLUTE)

    Exec Addr    Load Addr    Size         Type   Attr      Idx    E Section Name        Object

    0x08000000   0x08000000   0x000000c0   Data   RO          573    RESET               startup_mdr32f9qx.o
    0x080000c0   0x080000c0   0x00000008   Code   RO         2370  * !!!main             c_w.l(__main.o)
    0x080000c8   0x080000c8   0x00000034   Code   RO         2529    !!!scatter          c_w.l(__scatter.o)
    0x080000fc   0x080000fc   0x00000064   Code   RO         2527    !!dclz77c           c_w.l(__dclz77c.o)
    0x08000160   0x08000160   0x0000001c   Code   RO         2531    !!handler_zi        c_w.l(__scatter_zi.o)
    0x0800017c   0x0800017c   0x00000002   Code   RO         2397    .ARM.Collect$$libinit$$00000000  c_w.l(libinit.o)
    0x0800017e   0x0800017e   0x00000000   Code   RO         2404    .ARM.Collect$$libinit$$00000002  c_w.l(libinit2.o)
    0x0800017e   0x0800017e   0x00000000   Code   RO         2406    .ARM.Collect$$libinit$$00000004  c_w.l(libinit2.o)
    0x0800017e   0x0800017e   0x00000000   Code   RO         2409    .ARM.Collect$$libinit$$0000000A  c_w.l(libinit2.o)
    0x0800017e   0x0800017e   0x00000000   Code   RO         2411    .ARM.Collect$$libinit$$0000000C  c_w.l(libinit2.o)
    0x0800017e   0x0800017e   0x00000000   Code   RO         2413    .ARM.Collect$$libinit$$0000000E  c_w.l(libinit2.o)
    0x0800017e   0x0800017e   0x00000000   Code   RO         2416    .ARM.Collect$$libinit$$00000011  c_w.l(libinit2.o)
    0x0800017e   0x0800017e   0x00000000   Code   RO         2418    .ARM.Collect$$libinit$$00000013  c_w.l(libinit2.o)
    0x0800017e   0x0800017e   0x00000000   Code   RO         2420    .ARM.Collect$$libinit$$00000015  c_w.l(libinit2.o)
    0x0800017e   0x0800017e   0x00000000   Code   RO         2422    .ARM.Collect$$libinit$$00000017  c_w.l(libinit2.o)
    0x0800017e   0x0800017e   0x00000000   Code   RO         2424    .ARM.Collect$$libinit$$00000019  c_w.l(libinit2.o)
    0x0800017e   0x0800017e   0x00000000   Code   RO         2426    .ARM.Collect$$libinit$$0000001B  c_w.l(libinit2.o)
    0x0800017e   0x0800017e   0x00000000   Code   RO         2428    .ARM.Collect$$libinit$$0000001D  c_w.l(libinit2.o)
    0x0800017e   0x0800017e   0x00000000   Code   RO         2430    .ARM.Collect$$libinit$$0000001F  c_w.l(libinit2.o)
    0x0800017e   0x0800017e   0x00000000   Code   RO         2432    .ARM.Collect$$libinit$$00000021  c_w.l(libinit2.o)
    0x0800017e   0x0800017e   0x00000000   Code   RO         2434    .ARM.Collect$$libinit$$00000023  c_w.l(libinit2.o)
    0x0800017e   0x0800017e   0x00000000   Code   RO         2436    .ARM.Collect$$libinit$$00000025  c_w.l(libinit2.o)
    0x0800017e   0x0800017e   0x00000000   Code   RO         2440    .ARM.Collect$$libinit$$0000002C  c_w.l(libinit2.o)
    0x0800017e   0x0800017e   0x00000000   Code   RO         2442    .ARM.Collect$$libinit$$0000002E  c_w.l(libinit2.o)
    0x0800017e   0x0800017e   0x00000000   Code   RO         2444    .ARM.Collect$$libinit$$00000030  c_w.l(libinit2.o)
    0x0800017e   0x0800017e   0x00000000   Code   RO         2446    .ARM.Collect$$libinit$$00000032  c_w.l(libinit2.o)
    0x0800017e   0x0800017e   0x00000002   Code   RO         2447    .ARM.Collect$$libinit$$00000033  c_w.l(libinit2.o)
    0x08000180   0x08000180   0x00000002   Code   RO         2467    .ARM.Collect$$libshutdown$$00000000  c_w.l(libshutdown.o)
    0x08000182   0x08000182   0x00000000   Code   RO         2480    .ARM.Collect$$libshutdown$$00000002  c_w.l(libshutdown2.o)
    0x08000182   0x08000182   0x00000000   Code   RO         2482    .ARM.Collect$$libshutdown$$00000004  c_w.l(libshutdown2.o)
    0x08000182   0x08000182   0x00000000   Code   RO         2485    .ARM.Collect$$libshutdown$$00000007  c_w.l(libshutdown2.o)
    0x08000182   0x08000182   0x00000000   Code   RO         2488    .ARM.Collect$$libshutdown$$0000000A  c_w.l(libshutdown2.o)
    0x08000182   0x08000182   0x00000000   Code   RO         2490    .ARM.Collect$$libshutdown$$0000000C  c_w.l(libshutdown2.o)
    0x08000182   0x08000182   0x00000000   Code   RO         2493    .ARM.Collect$$libshutdown$$0000000F  c_w.l(libshutdown2.o)
    0x08000182   0x08000182   0x00000002   Code   RO         2494    .ARM.Collect$$libshutdown$$00000010  c_w.l(libshutdown2.o)
    0x08000184   0x08000184   0x00000000   Code   RO         2372    .ARM.Collect$$rtentry$$00000000  c_w.l(__rtentry.o)
    0x08000184   0x08000184   0x00000000   Code   RO         2374    .ARM.Collect$$rtentry$$00000002  c_w.l(__rtentry2.o)
    0x08000184   0x08000184   0x00000006   Code   RO         2386    .ARM.Collect$$rtentry$$00000004  c_w.l(__rtentry4.o)
    0x0800018a   0x0800018a   0x00000000   Code   RO         2376    .ARM.Collect$$rtentry$$00000009  c_w.l(__rtentry2.o)
    0x0800018a   0x0800018a   0x00000004   Code   RO         2377    .ARM.Collect$$rtentry$$0000000A  c_w.l(__rtentry2.o)
    0x0800018e   0x0800018e   0x00000000   Code   RO         2379    .ARM.Collect$$rtentry$$0000000C  c_w.l(__rtentry2.o)
    0x0800018e   0x0800018e   0x00000008   Code   RO         2380    .ARM.Collect$$rtentry$$0000000D  c_w.l(__rtentry2.o)
    0x08000196   0x08000196   0x00000002   Code   RO         2401    .ARM.Collect$$rtexit$$00000000  c_w.l(rtexit.o)
    0x08000198   0x08000198   0x00000000   Code   RO         2449    .ARM.Collect$$rtexit$$00000002  c_w.l(rtexit2.o)
    0x08000198   0x08000198   0x00000004   Code   RO         2450    .ARM.Collect$$rtexit$$00000003  c_w.l(rtexit2.o)
    0x0800019c   0x0800019c   0x00000006   Code   RO         2451    .ARM.Collect$$rtexit$$00000004  c_w.l(rtexit2.o)
    0x080001a2   0x080001a2   0x00000002   PAD
    0x080001a4   0x080001a4   0x00000040   Code   RO          574  * .text               startup_mdr32f9qx.o
    0x080001e4   0x080001e4   0x00000006   Code   RO         2368    .text               c_w.l(heapauxi.o)
    0x080001ea   0x080001ea   0x0000004a   Code   RO         2388    .text               c_w.l(sys_stackheap_outer.o)
    0x08000234   0x08000234   0x00000012   Code   RO         2390    .text               c_w.l(exit.o)
    0x08000246   0x08000246   0x00000002   PAD
    0x08000248   0x08000248   0x00000008   Code   RO         2398    .text               c_w.l(libspace.o)
    0x08000250   0x08000250   0x0000000c   Code   RO         2459    .text               c_w.l(sys_exit.o)
    0x0800025c   0x0800025c   0x00000002   Code   RO         2470    .text               c_w.l(use_no_semi.o)
    0x0800025e   0x0800025e   0x00000000   Code   RO         2472    .text               c_w.l(indicate_semi.o)
    0x0800025e   0x0800025e   0x00000002   Code   RO          161    i.ADC_IRQHandler    1986be9x_it.o
    0x08000260   0x08000260   0x00000002   Code   RO          162    i.BACKUP_IRQHandler  1986be9x_it.o
    0x08000262   0x08000262   0x00000004   Code   RO          163    i.BusFault_Handler  1986be9x_it.o
    0x08000266   0x08000266   0x00000002   PAD
    0x08000268   0x08000268   0x00000044   Code   RO            4    i.ButtonPinGfg      main.o
    0x080002ac   0x080002ac   0x00000002   Code   RO          164    i.CAN1_IRQHandler   1986be9x_it.o
    0x080002ae   0x080002ae   0x00000002   Code   RO          165    i.CAN2_IRQHandler   1986be9x_it.o
    0x080002b0   0x080002b0   0x00000002   Code   RO          166    i.COMPARATOR_IRQHandler  1986be9x_it.o
    0x080002b2   0x080002b2   0x00000002   Code   RO          167    i.DMA_IRQHandler    1986be9x_it.o
    0x080002b4   0x080002b4   0x00000002   Code   RO          168    i.DebugMon_Handler  1986be9x_it.o
    0x080002b6   0x080002b6   0x00000002   PAD
    0x080002b8   0x080002b8   0x000000cc   Code   RO          461    i.DispOn            mlt_lcd.o
    0x08000384   0x08000384   0x00000002   Code   RO          169    i.EXT_INT1_IRQHandler  1986be9x_it.o
    0x08000386   0x08000386   0x00000002   Code   RO          170    i.EXT_INT2_IRQHandler  1986be9x_it.o
    0x08000388   0x08000388   0x00000002   Code   RO          171    i.EXT_INT3_IRQHandler  1986be9x_it.o
    0x0800038a   0x0800038a   0x00000002   Code   RO          172    i.EXT_INT4_IRQHandler  1986be9x_it.o
    0x0800038c   0x0800038c   0x00000004   Code   RO          173    i.HardFault_Handler  1986be9x_it.o
    0x08000390   0x08000390   0x00000002   Code   RO          174    i.I2C_IRQHandler    1986be9x_it.o
    0x08000392   0x08000392   0x00000018   Code   RO          462    i.LcdClearChip      mlt_lcd.o
    0x080003aa   0x080003aa   0x00000040   Code   RO          463    i.LcdClearPage      mlt_lcd.o
    0x080003ea   0x080003ea   0x00000002   PAD
    0x080003ec   0x080003ec   0x00000040   Code   RO          464    i.LcdInit           mlt_lcd.o
    0x0800042c   0x0800042c   0x00000068   Code   RO          465    i.LcdPutChar        mlt_lcd.o
    0x08000494   0x08000494   0x00000098   Code   RO          467    i.LcdPutString      mlt_lcd.o
    0x0800052c   0x0800052c   0x00000082   Code   RO          468    i.LcdScrollString   mlt_lcd.o
    0x080005ae   0x080005ae   0x00000004   Code   RO           13    i.LedTest           main.o
    0x080005b2   0x080005b2   0x00000004   Code   RO          175    i.MemManage_Handler  1986be9x_it.o
    0x080005b6   0x080005b6   0x0000000c   Code   RO          469    i.MltDelay          mlt_lcd.o
    0x080005c2   0x080005c2   0x00000002   PAD
    0x080005c4   0x080005c4   0x00000068   Code   RO           14    i.MltPinCfg         main.o
    0x0800062c   0x0800062c   0x00000002   Code   RO          176    i.NMI_Handler       1986be9x_it.o
    0x0800062e   0x0800062e   0x00000002   PAD
    0x08000630   0x08000630   0x000001c8   Code   RO          794    i.PORT_Init         mdr32f9qx_port.o
    0x080007f8   0x080007f8   0x00000010   Code   RO          796    i.PORT_ReadInputDataBit  mdr32f9qx_port.o
    0x08000808   0x08000808   0x0000001c   Code   RO          797    i.PORT_ResetBits    mdr32f9qx_port.o
    0x08000824   0x08000824   0x0000001c   Code   RO          798    i.PORT_SetBits      mdr32f9qx_port.o
    0x08000840   0x08000840   0x00000002   Code   RO          177    i.POWER_IRQHandler  1986be9x_it.o
    0x08000842   0x08000842   0x00000002   Code   RO          178    i.PendSV_Handler    1986be9x_it.o
    0x08000844   0x08000844   0x00000040   Code   RO          865    i.RST_CLK_CPU_PLLconfig  mdr32f9qx_rst_clk.o
    0x08000884   0x08000884   0x00000274   Code   RO          871    i.RST_CLK_GetClocksFreq  mdr32f9qx_rst_clk.o
    0x08000af8   0x08000af8   0x00000034   Code   RO          872    i.RST_CLK_GetFlagStatus  mdr32f9qx_rst_clk.o
    0x08000b2c   0x08000b2c   0x0000003c   Code   RO          874    i.RST_CLK_HSEconfig  mdr32f9qx_rst_clk.o
    0x08000b68   0x08000b68   0x00000034   Code   RO          875    i.RST_CLK_HSEstatus  mdr32f9qx_rst_clk.o
    0x08000b9c   0x08000b9c   0x0000003c   Code   RO          880    i.RST_CLK_LSEconfig  mdr32f9qx_rst_clk.o
    0x08000bd8   0x08000bd8   0x00000034   Code   RO          881    i.RST_CLK_LSEstatus  mdr32f9qx_rst_clk.o
    0x08000c0c   0x08000c0c   0x00000020   Code   RO          885    i.RST_CLK_PCLKcmd   mdr32f9qx_rst_clk.o
    0x08000c2c   0x08000c2c   0x000000c8   Code   RO          471    i.ReadStatus        mlt_lcd.o
    0x08000cf4   0x08000cf4   0x00000002   Code   RO          179    i.SSP1_IRQHandler   1986be9x_it.o
    0x08000cf6   0x08000cf6   0x00000002   Code   RO          180    i.SSP2_IRQHandler   1986be9x_it.o
    0x08000cf8   0x08000cf8   0x00000002   Code   RO          181    i.SVC_Handler       1986be9x_it.o
    0x08000cfa   0x08000cfa   0x00000002   PAD
    0x08000cfc   0x08000cfc   0x000000d0   Code   RO          472    i.SetAdress         mlt_lcd.o
    0x08000dcc   0x08000dcc   0x00000044   Code   RO          473    i.SetDataBits       mlt_lcd.o
    0x08000e10   0x08000e10   0x000000d0   Code   RO          474    i.SetPage           mlt_lcd.o
    0x08000ee0   0x08000ee0   0x00000054   Code   RO          360    i.Setup_USB         usb_main.o
    0x08000f34   0x08000f34   0x00000002   Code   RO          182    i.SysTick_Handler   1986be9x_it.o
    0x08000f36   0x08000f36   0x00000002   PAD
    0x08000f38   0x08000f38   0x00000090   Code   RO          580    i.SystemCoreClockUpdate  system_mdr32f9qx.o
    0x08000fc8   0x08000fc8   0x00000040   Code   RO          581    i.SystemInit        system_mdr32f9qx.o
    0x08001008   0x08001008   0x00000050   Code   RO           15    i.Tim1Setup         main.o
    0x08001058   0x08001058   0x000003d0   Code   RO          183    i.Timer1_IRQHandler  1986be9x_it.o
    0x08001428   0x08001428   0x00000002   Code   RO          184    i.Timer2_IRQHandler  1986be9x_it.o
    0x0800142a   0x0800142a   0x00000002   Code   RO          185    i.Timer3_IRQHandler  1986be9x_it.o
    0x0800142c   0x0800142c   0x00000002   Code   RO          186    i.UART1_IRQHandler  1986be9x_it.o
    0x0800142e   0x0800142e   0x00000002   Code   RO          187    i.UART2_IRQHandler  1986be9x_it.o
    0x08001430   0x08001430   0x0000003c   Code   RO         1527    i.UART_BRGInit      mdr32f9qx_uart.o
    0x0800146c   0x0800146c   0x00000018   Code   RO         1530    i.UART_Cmd          mdr32f9qx_uart.o
    0x08001484   0x08001484   0x00000010   Code   RO         1534    i.UART_GetFlagStatus  mdr32f9qx_uart.o
    0x08001494   0x08001494   0x000000b0   Code   RO         1538    i.UART_Init         mdr32f9qx_uart.o
    0x08001544   0x08001544   0x00000006   Code   RO         1542    i.UART_SendData     mdr32f9qx_uart.o
    0x0800154a   0x0800154a   0x00000002   PAD
    0x0800154c   0x0800154c   0x00000024   Code   RO           16    i.USBTest           main.o
    0x08001570   0x08001570   0x0000003c   Code   RO         1643    i.USB_BRGInit       mdr32f9qx_usb.o
    0x080015ac   0x080015ac   0x000000a0   Code   RO         2020    i.USB_CDC_ClassRequest  mdr32f9qx_usb_cdc.o
    0x0800164c   0x0800164c   0x00000040   Code   RO         2021    i.USB_CDC_DoDataOut  mdr32f9qx_usb_cdc.o
    0x0800168c   0x0800168c   0x00000064   Code   RO         2026    i.USB_CDC_GetDescriptor  mdr32f9qx_usb_cdc.o
    0x080016f0   0x080016f0   0x00000018   Code   RO          361    i.USB_CDC_GetLineCoding  usb_main.o
    0x08001708   0x08001708   0x0000002c   Code   RO         2027    i.USB_CDC_Init      mdr32f9qx_usb_cdc.o
    0x08001734   0x08001734   0x00000044   Code   RO         2028    i.USB_CDC_OnDataReceive  mdr32f9qx_usb_cdc.o
    0x08001778   0x08001778   0x00000010   Code   RO         2029    i.USB_CDC_OnDataSent  mdr32f9qx_usb_cdc.o
    0x08001788   0x08001788   0x00000014   Code   RO          362    i.USB_CDC_RecieveData  usb_main.o
    0x0800179c   0x0800179c   0x0000004c   Code   RO         2032    i.USB_CDC_Reset     mdr32f9qx_usb_cdc.o
    0x080017e8   0x080017e8   0x00000030   Code   RO         2033    i.USB_CDC_SendData  mdr32f9qx_usb_cdc.o
    0x08001818   0x08001818   0x0000001c   Code   RO          363    i.USB_CDC_SetLineCoding  usb_main.o
    0x08001834   0x08001834   0x00000010   Code   RO         2034    i.USB_CDC_SetReceiveBuffer  mdr32f9qx_usb_cdc.o
    0x08001844   0x08001844   0x0000001a   Code   RO         2127    i.USB_DeviceClearFeature  mdr32f9qx_usb_device.o
    0x0800185e   0x0800185e   0x00000002   PAD
    0x08001860   0x08001860   0x00000084   Code   RO         2128    i.USB_DeviceDispatchEvent  mdr32f9qx_usb_device.o
    0x080018e4   0x080018e4   0x00000016   Code   RO         2130    i.USB_DeviceDoStatusOutAck  mdr32f9qx_usb_device.o
    0x080018fa   0x080018fa   0x00000002   PAD
    0x080018fc   0x080018fc   0x00000058   Code   RO         2143    i.USB_DeviceInit    mdr32f9qx_usb_device.o
    0x08001954   0x08001954   0x00000018   Code   RO         2145    i.USB_DevicePowerOn  mdr32f9qx_usb_device.o
    0x0800196c   0x0800196c   0x00000010   Code   RO         2146    i.USB_DeviceReset   mdr32f9qx_usb_device.o
    0x0800197c   0x0800197c   0x0000001c   Code   RO         2148    i.USB_DeviceSetFeature  mdr32f9qx_usb_device.o
    0x08001998   0x08001998   0x00000268   Code   RO         2149    i.USB_DeviceSetupPacket  mdr32f9qx_usb_device.o
    0x08001c00   0x08001c00   0x00000028   Code   RO         2151    i.USB_Device_setAddressWork  mdr32f9qx_usb_device.o
    0x08001c28   0x08001c28   0x00000040   Code   RO         2152    i.USB_EP_Idle       mdr32f9qx_usb_device.o
    0x08001c68   0x08001c68   0x00000048   Code   RO         2153    i.USB_EP_Init       mdr32f9qx_usb_device.o
    0x08001cb0   0x08001cb0   0x0000002c   Code   RO         2155    i.USB_EP_SetReady   mdr32f9qx_usb_device.o
    0x08001cdc   0x08001cdc   0x00000044   Code   RO         2156    i.USB_EP_Stall      mdr32f9qx_usb_device.o
    0x08001d20   0x08001d20   0x00000250   Code   RO         2157    i.USB_EP_dispatchEvent  mdr32f9qx_usb_device.o
    0x08001f70   0x08001f70   0x0000004c   Code   RO         2158    i.USB_EP_doDataIn   mdr32f9qx_usb_device.o
    0x08001fbc   0x08001fbc   0x0000003c   Code   RO         2159    i.USB_EP_doDataOut  mdr32f9qx_usb_device.o
    0x08001ff8   0x08001ff8   0x0000007c   Code   RO         2160    i.USB_EP_sendInDataPortion  mdr32f9qx_usb_device.o
    0x08002074   0x08002074   0x00000040   Code   RO         2161    i.USB_EP_setSetupHandler  mdr32f9qx_usb_device.o
    0x080020b4   0x080020b4   0x00000010   Code   RO         1668    i.USB_GetSEPxCTRL   mdr32f9qx_usb.o
    0x080020c4   0x080020c4   0x00000010   Code   RO         1671    i.USB_GetSEPxRXFD   mdr32f9qx_usb.o
    0x080020d4   0x080020d4   0x00000010   Code   RO         1672    i.USB_GetSEPxRXFDC  mdr32f9qx_usb.o
    0x080020e4   0x080020e4   0x00000010   Code   RO         1673    i.USB_GetSEPxSTS    mdr32f9qx_usb.o
    0x080020f4   0x080020f4   0x00000010   Code   RO         1674    i.USB_GetSEPxTS     mdr32f9qx_usb.o
    0x08002104   0x08002104   0x0000000c   Code   RO         1679    i.USB_GetSIS        mdr32f9qx_usb.o
    0x08002110   0x08002110   0x00000008   Code   RO         2162    i.USB_IRQHandler    mdr32f9qx_usb_device.o
    0x08002118   0x08002118   0x0000001e   Code   RO         1681    i.USB_Reset         mdr32f9qx_usb.o
    0x08002136   0x08002136   0x00000002   PAD
    0x08002138   0x08002138   0x0000001c   Code   RO         1682    i.USB_SEPxToggleEPDATASEQ  mdr32f9qx_usb.o
    0x08002154   0x08002154   0x00000020   Code   RO         1686    i.USB_SetHSCR       mdr32f9qx_usb.o
    0x08002174   0x08002174   0x0000000c   Code   RO         1695    i.USB_SetSA         mdr32f9qx_usb.o
    0x08002180   0x08002180   0x00000020   Code   RO         1696    i.USB_SetSC         mdr32f9qx_usb.o
    0x080021a0   0x080021a0   0x0000002c   Code   RO         1697    i.USB_SetSEPxCTRL   mdr32f9qx_usb.o
    0x080021cc   0x080021cc   0x00000010   Code   RO         1698    i.USB_SetSEPxRXFC   mdr32f9qx_usb.o
    0x080021dc   0x080021dc   0x00000010   Code   RO         1699    i.USB_SetSEPxTXFD   mdr32f9qx_usb.o
    0x080021ec   0x080021ec   0x00000010   Code   RO         1700    i.USB_SetSEPxTXFDC  mdr32f9qx_usb.o
    0x080021fc   0x080021fc   0x00000020   Code   RO         1701    i.USB_SetSIM        mdr32f9qx_usb.o
    0x0800221c   0x0800221c   0x0000000c   Code   RO         1702    i.USB_SetSIS        mdr32f9qx_usb.o
    0x08002228   0x08002228   0x0000001c   Code   RO          364    i.USB_main          usb_main.o
    0x08002244   0x08002244   0x00000044   Code   RO          432    i.Uart2PinCfg       uart_main.o
    0x08002288   0x08002288   0x0000004c   Code   RO          433    i.Uart2Setup        uart_main.o
    0x080022d4   0x080022d4   0x00000064   Code   RO           17    i.UartTest          main.o
    0x08002338   0x08002338   0x00000004   Code   RO          188    i.UsageFault_Handler  1986be9x_it.o
    0x0800233c   0x0800233c   0x00000018   Code   RO          365    i.VCom_Configuration  usb_main.o
    0x08002354   0x08002354   0x00000002   Code   RO          189    i.WWDG_IRQHandler   1986be9x_it.o
    0x08002356   0x08002356   0x00000002   PAD
    0x08002358   0x08002358   0x000000d0   Code   RO          475    i.WriteData         mlt_lcd.o
    0x08002428   0x08002428   0x000001d4   Code   RO           18    i.main              main.o
    0x080025fc   0x080025fc   0x00000020   Data   RO         2525    Region$$Table       anon$$obj.o


    Execution Region ER_RW (Exec base: 0x20000000, Load base: 0x0800261c, Size: 0x000008f0, Max: 0xffffffff, ABSOLUTE, COMPRESSED[0x000004a4])

    Exec Addr    Load Addr    Size         Type   Attr      Idx    E Section Name        Object

    0x20000000   COMPRESSED   0x00000013   Data   RW           20    .data               main.o
    0x20000013   COMPRESSED   0x00000001   PAD
    0x20000014   COMPRESSED   0x00000858   Data   RW          190    .data               1986be9x_it.o
    0x2000086c   COMPRESSED   0x00000010   Data   RW          367    .data               usb_main.o
    0x2000087c   COMPRESSED   0x00000004   Data   RW          582    .data               system_mdr32f9qx.o
    0x20000880   COMPRESSED   0x00000060   Data   RW         2036    .data               mdr32f9qx_usb_cdc.o
    0x200008e0   COMPRESSED   0x00000010   Data   RW         2164    .data               mdr32f9qx_usb_device.o


    Execution Region ER_ZI (Exec base: 0x200008f0, Load base: 0x08002ac0, Size: 0x000007c0, Max: 0xffffffff, ABSOLUTE)

    Exec Addr    Load Addr    Size         Type   Attr      Idx    E Section Name        Object

    0x200008f0        -       0x0000000c   Zero   RW           19    .bss                main.o
    0x200008fc        -       0x00000070   Zero   RW          366    .bss                usb_main.o
    0x2000096c        -       0x0000001c   Zero   RW          434    .bss                uart_main.o
    0x20000988        -       0x0000000c   Zero   RW         2035    .bss                mdr32f9qx_usb_cdc.o
    0x20000994        -       0x000000bc   Zero   RW         2163    .bss                mdr32f9qx_usb_device.o
    0x20000a50        -       0x00000060   Zero   RW         2399    .bss                c_w.l(libspace.o)
    0x20000ab0        -       0x00000200   Zero   RW          572    HEAP                startup_mdr32f9qx.o
    0x20000cb0        -       0x00000400   Zero   RW          571    STACK               startup_mdr32f9qx.o


==============================================================================

Image component sizes


      Code (inc. data)   RO Data    RW Data    ZI Data      Debug   Object Name

      1040        146          0       2136          0      23843   1986be9x_it.o
       860        118          0         19         12      76390   main.o
       528         18          0          0          0       3804   mdr32f9qx_port.o
      1000         42          0          0          0       9174   mdr32f9qx_rst_clk.o
       282         26          0          0          0       5039   mdr32f9qx_uart.o
       422        102          0          0          0      12530   mdr32f9qx_usb.o
       592         80          0         96         12       8692   mdr32f9qx_usb_cdc.o
      2164        124          0         16        188      45845   mdr32f9qx_usb_device.o
      1646         98          0          0          0       8463   mlt_lcd.o
        64         26        192          0       1536        820   startup_mdr32f9qx.o
       208         24          0          4          0       1471   system_mdr32f9qx.o
       144         18          0          0         28       1187   uart_main.o
       208         26          0         16        112      50197   usb_main.o

    ----------------------------------------------------------------------
      9182        848        224       2288       1888     247455   Object Totals
         0          0         32          0          0          0   (incl. Generated)
        24          0          0          1          0          0   (incl. Padding)

    ----------------------------------------------------------------------

      Code (inc. data)   RO Data    RW Data    ZI Data      Debug   Library Member Name

       100          0          0          0          0          0   __dclz77c.o
         8          0          0          0          0         68   __main.o
         0          0          0          0          0          0   __rtentry.o
        12          0          0          0          0          0   __rtentry2.o
         6          0          0          0          0          0   __rtentry4.o
        52          8          0          0          0          0   __scatter.o
        28          0          0          0          0          0   __scatter_zi.o
        18          0          0          0          0         80   exit.o
         6          0          0          0          0        152   heapauxi.o
         0          0          0          0          0          0   indicate_semi.o
         2          0          0          0          0          0   libinit.o
         2          0          0          0          0          0   libinit2.o
         2          0          0          0          0          0   libshutdown.o
         2          0          0          0          0          0   libshutdown2.o
         8          4          0          0         96         68   libspace.o
         2          0          0          0          0          0   rtexit.o
        10          0          0          0          0          0   rtexit2.o
        12          4          0          0          0         68   sys_exit.o
        74          0          0          0          0         80   sys_stackheap_outer.o
         2          0          0          0          0         68   use_no_semi.o

    ----------------------------------------------------------------------
       350         16          0          0         96        584   Library Totals
         4          0          0          0          0          0   (incl. Padding)

    ----------------------------------------------------------------------

      Code (inc. data)   RO Data    RW Data    ZI Data      Debug   Library Name

       346         16          0          0         96        584   c_w.l

    ----------------------------------------------------------------------
       350         16          0          0         96        584   Library Totals

    ----------------------------------------------------------------------

==============================================================================


      Code (inc. data)   RO Data    RW Data    ZI Data      Debug   

      9532        864        224       2288       1984     241795   Grand Totals
      9532        864        224       1188       1984     241795   ELF Image Totals (compressed)
      9532        864        224       1188          0          0   ROM Totals

==============================================================================

    Total RO  Size (Code + RO Data)                 9756 (   9.53kB)
    Total RW  Size (RW Data + ZI Data)              4272 (   4.17kB)
    Total ROM Size (Code + RO Data + RW Data)      10944 (  10.69kB)

==============================================================================

