Component: ARM Compiler 5.06 update 6 (build 750) Tool: armlink [4d35ed]

==============================================================================

Section Cross References

    main.o(i.ButtonPinGfg) refers to mdr32f9qx_port.o(i.PORT_Init) for PORT_Init
    main.o(i.ButtonPinGfg) refers to main.o(.bss) for PortInit
    main.o(i.CanTest) refers to can_main.o(i.CAN_ports_ini) for CAN_ports_ini
    main.o(i.CanTest) refers to can_main.o(i.CAN_Setup) for CAN_Setup
    main.o(i.CanTest) refers to mdr32f9qx_can.o(i.CAN_Transmit) for CAN_Transmit
    main.o(i.CanTest) refers to mdr32f9qx_port.o(i.PORT_ReadInputDataBit) for PORT_ReadInputDataBit
    main.o(i.CanTest) refers to main.o(.data) for tx_buf
    main.o(i.LedPinGfg) refers to mdr32f9qx_port.o(i.PORT_Init) for PORT_Init
    main.o(i.LedPinGfg) refers to main.o(.bss) for PortInit
    main.o(i.MltPinCfg) refers to mdr32f9qx_port.o(i.PORT_Init) for PORT_Init
    main.o(i.MltPinCfg) refers to main.o(.bss) for PortInit
    main.o(i.SSPTest) refers to ssp_main.o(i.PortsSSP2Init) for PortsSSP2Init
    main.o(i.SSPTest) refers to ssp_main.o(i.SSP2StructInit) for SSP2StructInit
    main.o(i.SSPTest) refers to mdr32f9qx_ssp.o(i.SSP_GetFlagStatus) for SSP_GetFlagStatus
    main.o(i.SSPTest) refers to mdr32f9qx_ssp.o(i.SSP_SendData) for SSP_SendData
    main.o(i.SSPTest) refers to mdr32f9qx_port.o(i.PORT_ReadInputDataBit) for PORT_ReadInputDataBit
    main.o(i.SSPTest) refers to main.o(.data) for TestSSPDone
    main.o(i.Tim1Setup) refers to mdr32f9qx_rst_clk.o(i.RST_CLK_PCLKcmd) for RST_CLK_PCLKcmd
    main.o(i.USBTest) refers to usb_main.o(i.USB_main) for USB_main
    main.o(i.USBTest) refers to mdr32f9qx_port.o(i.PORT_ReadInputDataBit) for PORT_ReadInputDataBit
    main.o(i.USBTest) refers to mdr32f9qx_rst_clk.o(i.RST_CLK_LSEconfig) for RST_CLK_LSEconfig
    main.o(i.USBTest) refers to mdr32f9qx_rst_clk.o(i.RST_CLK_LSEstatus) for RST_CLK_LSEstatus
    main.o(i.USBTest) refers to mdr32f9qx_rst_clk.o(i.RST_CLK_HSEconfig) for RST_CLK_HSEconfig
    main.o(i.USBTest) refers to mdr32f9qx_rst_clk.o(i.RST_CLK_HSEstatus) for RST_CLK_HSEstatus
    main.o(i.USBTest) refers to mdr32f9qx_rst_clk.o(i.RST_CLK_CPU_PLLconfig) for RST_CLK_CPU_PLLconfig
    main.o(i.USBTest) refers to mdr32f9qx_rst_clk.o(i.RST_CLK_CPU_PLLcmd) for RST_CLK_CPU_PLLcmd
    main.o(i.USBTest) refers to mdr32f9qx_rst_clk.o(i.RST_CLK_CPU_PLLstatus) for RST_CLK_CPU_PLLstatus
    main.o(i.USBTest) refers to mdr32f9qx_rst_clk.o(i.RST_CLK_CPUclkPrescaler) for RST_CLK_CPUclkPrescaler
    main.o(i.USBTest) refers to mdr32f9qx_rst_clk.o(i.RST_CLK_CPU_PLLuse) for RST_CLK_CPU_PLLuse
    main.o(i.USBTest) refers to mdr32f9qx_rst_clk.o(i.RST_CLK_CPUclkSelection) for RST_CLK_CPUclkSelection
    main.o(i.USBTest) refers to mdr32f9qx_rst_clk.o(i.RST_CLK_PCLKcmd) for RST_CLK_PCLKcmd
    main.o(i.UartTest) refers to uart_main.o(i.Uart2PinCfg) for Uart2PinCfg
    main.o(i.UartTest) refers to uart_main.o(i.Uart2Setup) for Uart2Setup
    main.o(i.UartTest) refers to mdr32f9qx_port.o(i.PORT_ReadInputDataBit) for PORT_ReadInputDataBit
    main.o(i.UartTest) refers to mdr32f9qx_uart.o(i.UART_GetFlagStatus) for UART_GetFlagStatus
    main.o(i.UartTest) refers to mdr32f9qx_uart.o(i.UART_SendData) for UART_SendData
    main.o(i.UartTest) refers to main.o(.data) for TestUartDone
    main.o(i.main) refers to mdr32f9qx_rst_clk.o(i.RST_CLK_LSEconfig) for RST_CLK_LSEconfig
    main.o(i.main) refers to mdr32f9qx_rst_clk.o(i.RST_CLK_LSEstatus) for RST_CLK_LSEstatus
    main.o(i.main) refers to mdr32f9qx_rst_clk.o(i.RST_CLK_HSEconfig) for RST_CLK_HSEconfig
    main.o(i.main) refers to mdr32f9qx_rst_clk.o(i.RST_CLK_HSEstatus) for RST_CLK_HSEstatus
    main.o(i.main) refers to mdr32f9qx_rst_clk.o(i.RST_CLK_CPU_PLLconfig) for RST_CLK_CPU_PLLconfig
    main.o(i.main) refers to mdr32f9qx_rst_clk.o(i.RST_CLK_CPU_PLLcmd) for RST_CLK_CPU_PLLcmd
    main.o(i.main) refers to mdr32f9qx_rst_clk.o(i.RST_CLK_CPU_PLLstatus) for RST_CLK_CPU_PLLstatus
    main.o(i.main) refers to mdr32f9qx_rst_clk.o(i.RST_CLK_CPUclkPrescaler) for RST_CLK_CPUclkPrescaler
    main.o(i.main) refers to mdr32f9qx_rst_clk.o(i.RST_CLK_CPU_PLLuse) for RST_CLK_CPU_PLLuse
    main.o(i.main) refers to mdr32f9qx_rst_clk.o(i.RST_CLK_CPUclkSelection) for RST_CLK_CPUclkSelection
    main.o(i.main) refers to mdr32f9qx_rst_clk.o(i.RST_CLK_PCLKcmd) for RST_CLK_PCLKcmd
    main.o(i.main) refers to main.o(i.MltPinCfg) for MltPinCfg
    main.o(i.main) refers to main.o(i.ButtonPinGfg) for ButtonPinGfg
    main.o(i.main) refers to mlt_lcd.o(i.LcdInit) for LcdInit
    main.o(i.main) refers to mlt_lcd.o(i.ReadStatus) for ReadStatus
    main.o(i.main) refers to mlt_lcd.o(i.DispOn) for DispOn
    main.o(i.main) refers to mlt_lcd.o(i.LcdClearChip) for LcdClearChip
    main.o(i.main) refers to main.o(i.Tim1Setup) for Tim1Setup
    main.o(i.main) refers to mdr32f9qx_port.o(i.PORT_ReadInputDataBit) for PORT_ReadInputDataBit
    main.o(i.main) refers to main.o(i.CanTest) for CanTest
[...]
    .ARM.Collect$$rtentry$$0000000D          0x0800018e   Section        8  __rtentry2.o(.ARM.Collect$$rtentry$$0000000D)
    .ARM.Collect$$rtexit$$00000000           0x08000196   Section        2  rtexit.o(.ARM.Collect$$rtexit$$00000000)
    .ARM.Collect$$rtexit$$00000002           0x08000198   Section        0  rtexit2.o(.ARM.Collect$$rtexit$$00000002)
    .ARM.Collect$$rtexit$$00000003           0x08000198   Section        4  rtexit2.o(.ARM.Collect$$rtexit$$00000003)
    .ARM.Collect$$rtexit$$00000004           0x0800019c   Section        6  rtexit2.o(.ARM.Collect$$rtexit$$00000004)
    .text                                    0x080001a4   Section       64  startup_mdr32f9qx.o(.text)
    .text                                    0x080001e4   Section        0  heapauxi.o(.text)
    .text                                    0x080001ea   Section       74  sys_stackheap_outer.o(.text)
    .text                                    0x08000234   Section        0  exit.o(.text)
    .text                                    0x08000248   Section        8  libspace.o(.text)
    .text                                    0x08000250   Section        0  sys_exit.o(.text)
    .text                                    0x0800025c   Section        2  use_no_semi.o(.text)
    .text                                    0x0800025e   Section        0  indicate_semi.o(.text)
    i.ADC_IRQHandler                         0x0800025e   Section        0  1986be9x_it.o(i.ADC_IRQHandler)
    i.BACKUP_IRQHandler                      0x08000260   Section        0  1986be9x_it.o(i.BACKUP_IRQHandler)
    i.BusFault_Handler                       0x08000262   Section        0  1986be9x_it.o(i.BusFault_Handler)
    i.ButtonPinGfg                           0x08000268   Section        0  main.o(i.ButtonPinGfg)
    i.CAN1_IRQHandler                        0x080002ac   Section        0  1986be9x_it.o(i.CAN1_IRQHandler)
    i.CAN2_IRQHandler                        0x080002ae   Section        0  1986be9x_it.o(i.CAN2_IRQHandler)
    i.CAN_BRGInit                            0x080002b0   Section        0  mdr32f9qx_can.o(i.CAN_BRGInit)
    i.CAN_Cmd                                0x080002e8   Section        0  mdr32f9qx_can.o(i.CAN_Cmd)
    i.CAN_DeInit                             0x080002fc   Section        0  mdr32f9qx_can.o(i.CAN_DeInit)
    i.CAN_ITConfig                           0x08000326   Section        0  mdr32f9qx_can.o(i.CAN_ITConfig)
    i.CAN_Init                               0x08000338   Section        0  mdr32f9qx_can.o(i.CAN_Init)
    i.CAN_Receive                            0x0800039a   Section        0  mdr32f9qx_can.o(i.CAN_Receive)
    i.CAN_RxITConfig                         0x080003b0   Section        0  mdr32f9qx_can.o(i.CAN_RxITConfig)
    i.CAN_Setup                              0x080003c8   Section        0  can_main.o(i.CAN_Setup)
    i.CAN_StructInit                         0x08000494   Section        0  mdr32f9qx_can.o(i.CAN_StructInit)
    i.CAN_Transmit                           0x080004ba   Section        0  mdr32f9qx_can.o(i.CAN_Transmit)
    i.CAN_TxITConfig                         0x0800051a   Section        0  mdr32f9qx_can.o(i.CAN_TxITConfig)
    i.CAN_ports_ini                          0x08000530   Section        0  can_main.o(i.CAN_ports_ini)
    i.COMPARATOR_IRQHandler                  0x08000588   Section        0  1986be9x_it.o(i.COMPARATOR_IRQHandler)
    i.CanTest                                0x0800058c   Section        0  main.o(i.CanTest)
    i.DMA_IRQHandler                         0x08000600   Section        0  1986be9x_it.o(i.DMA_IRQHandler)
    i.DebugMon_Handler                       0x08000602   Section        0  1986be9x_it.o(i.DebugMon_Handler)
    i.DispOn                                 0x08000604   Section        0  mlt_lcd.o(i.DispOn)
    i.EXT_INT1_IRQHandler                    0x080006d0   Section        0  1986be9x_it.o(i.EXT_INT1_IRQHandler)
    i.EXT_INT2_IRQHandler                    0x080006d2   Section        0  1986be9x_it.o(i.EXT_INT2_IRQHandler)
    i.EXT_INT3_IRQHandler                    0x080006d4   Section        0  1986be9x_it.o(i.EXT_INT3_IRQHandler)
    i.EXT_INT4_IRQHandler                    0x080006d6   Section        0  1986be9x_it.o(i.EXT_INT4_IRQHandler)
    i.HardFault_Handler                      0x080006d8   Section        0  1986be9x_it.o(i.HardFault_Handler)
    i.I2C_IRQHandler                         0x080006dc   Section        0  1986be9x_it.o(i.I2C_IRQHandler)
    i.LcdClearChip                           0x080006de   Section        0  mlt_lcd.o(i.LcdClearChip)
    i.LcdClearPage                           0x080006f6   Section        0  mlt_lcd.o(i.LcdClearPage)
    i.LcdInit                                0x08000738   Section        0  mlt_lcd.o(i.LcdInit)
    i.LcdPutChar                             0x08000778   Section        0  mlt_lcd.o(i.LcdPutChar)
    i.LcdPutString                           0x080007e0   Section        0  mlt_lcd.o(i.LcdPutString)
    i.LcdScrollString                        0x08000878   Section        0  mlt_lcd.o(i.LcdScrollString)
    i.MemManage_Handler                      0x080008fa   Section        0  1986be9x_it.o(i.MemManage_Handler)
    i.MltDelay                               0x080008fe   Section        0  mlt_lcd.o(i.MltDelay)
    i.MltPinCfg                              0x0800090c   Section        0  main.o(i.MltPinCfg)
    i.NMI_Handler                            0x08000974   Section        0  1986be9x_it.o(i.NMI_Handler)
    i.PORT_Init                              0x08000978   Section        0  mdr32f9qx_port.o(i.PORT_Init)
    i.PORT_ReadInputDataBit                  0x08000b40   Section        0  mdr32f9qx_port.o(i.PORT_ReadInputDataBit)
    i.PORT_ResetBits                         0x08000b50   Section        0  mdr32f9qx_port.o(i.PORT_ResetBits)
    i.PORT_SetBits                           0x08000b6c   Section        0  mdr32f9qx_port.o(i.PORT_SetBits)
    i.POWER_IRQHandler                       0x08000b88   Section        0  1986be9x_it.o(i.POWER_IRQHandler)
    i.PendSV_Handler                         0x08000b8a   Section        0  1986be9x_it.o(i.PendSV_Handler)
    i.PortsSSP2Init                          0x08000b8c   Section        0  ssp_main.o(i.PortsSSP2Init)
    i.RST_CLK_CPU_PLLcmd                     0x08000bc4   Section        0  mdr32f9qx_rst_clk.o(i.RST_CLK_CPU_PLLcmd)
    i.RST_CLK_CPU_PLLconfig                  0x08000bd0   Section        0  mdr32f9qx_rst_clk.o(i.RST_CLK_CPU_PLLconfig)
    i.RST_CLK_CPU_PLLstatus                  0x08000c10   Section        0  mdr32f9qx_rst_clk.o(i.RST_CLK_CPU_PLLstatus)
    i.RST_CLK_CPU_PLLuse                     0x08000c44   Section        0  mdr32f9qx_rst_clk.o(i.RST_CLK_CPU_PLLuse)
    i.RST_CLK_CPUclkPrescaler                0x08000c50   Section        0  mdr32f9qx_rst_clk.o(i.RST_CLK_CPUclkPrescaler)
    i.RST_CLK_CPUclkSelection                0x08000c68   Section        0  mdr32f9qx_rst_clk.o(i.RST_CLK_CPUclkSelection)
    i.RST_CLK_GetClocksFreq                  0x08000c7c   Section        0  mdr32f9qx_rst_clk.o(i.RST_CLK_GetClocksFreq)
    i.RST_CLK_GetFlagStatus                  0x08000ef0   Section        0  mdr32f9qx_rst_clk.o(i.RST_CLK_GetFlagStatus)
    i.RST_CLK_HSEconfig                      0x08000f24   Section        0  mdr32f9qx_rst_clk.o(i.RST_CLK_HSEconfig)
    i.RST_CLK_HSEstatus                      0x08000f60   Section        0  mdr32f9qx_rst_clk.o(i.RST_CLK_HSEstatus)
    i.RST_CLK_LSEconfig                      0x08000f94   Section        0  mdr32f9qx_rst_clk.o(i.RST_CLK_LSEconfig)
    i.RST_CLK_LSEstatus                      0x08000fd0   Section        0  mdr32f9qx_rst_clk.o(i.RST_CLK_LSEstatus)
    i.RST_CLK_PCLKcmd                        0x08001004   Section        0  mdr32f9qx_rst_clk.o(i.RST_CLK_PCLKcmd)
    i.ReadStatus                             0x08001024   Section        0  mlt_lcd.o(i.ReadStatus)
    i.SSP1_IRQHandler                        0x080010ec   Section        0  1986be9x_it.o(i.SSP1_IRQHandler)
    i.SSP2StructInit                         0x080010f0   Section        0  ssp_main.o(i.SSP2StructInit)
    i.SSP2_IRQHandler                        0x08001148   Section        0  1986be9x_it.o(i.SSP2_IRQHandler)
    i.SSPTest                                0x0800114c   Section        0  main.o(i.SSPTest)
    i.SSP_BRGInit                            0x080011a4   Section        0  mdr32f9qx_ssp.o(i.SSP_BRGInit)
    i.SSP_Cmd                                0x080011e0   Section        0  mdr32f9qx_ssp.o(i.SSP_Cmd)
    i.SSP_DeInit                             0x080011f8   Section        0  mdr32f9qx_ssp.o(i.SSP_DeInit)
    i.SSP_GetFlagStatus                      0x0800120a   Section        0  mdr32f9qx_ssp.o(i.SSP_GetFlagStatus)
    i.SSP_Init                               0x0800121a   Section        0  mdr32f9qx_ssp.o(i.SSP_Init)
    i.SSP_SendData                           0x08001240   Section        0  mdr32f9qx_ssp.o(i.SSP_SendData)
    i.SSP_StructInit                         0x08001244   Section        0  mdr32f9qx_ssp.o(i.SSP_StructInit)
    i.SVC_Handler                            0x08001260   Section        0  1986be9x_it.o(i.SVC_Handler)
    i.SetAdress                              0x08001264   Section        0  mlt_lcd.o(i.SetAdress)
    i.SetDataBits                            0x08001334   Section        0  mlt_lcd.o(i.SetDataBits)
    i.SetPage                                0x08001378   Section        0  mlt_lcd.o(i.SetPage)
    i.Setup_CPU_Clock                        0x08001448   Section        0  usb_main.o(i.Setup_CPU_Clock)
    i.Setup_USB                              0x0800147c   Section        0  usb_main.o(i.Setup_USB)
    Setup_USB                                0x0800147d   Thumb Code    76  usb_main.o(i.Setup_USB)
    i.SysTick_Handler                        0x080014d0   Section        0  1986be9x_it.o(i.SysTick_Handler)
    i.SystemCoreClockUpdate                  0x080014d4   Section        0  system_mdr32f9qx.o(i.SystemCoreClockUpdate)
    i.SystemInit                             0x08001564   Section        0  system_mdr32f9qx.o(i.SystemInit)
    i.Tim1Setup                              0x080015a4   Section        0  main.o(i.Tim1Setup)
    i.Timer1_IRQHandler                      0x080015f4   Section        0  1986be9x_it.o(i.Timer1_IRQHandler)
    i.Timer2_IRQHandler                      0x080019b8   Section        0  1986be9x_it.o(i.Timer2_IRQHandler)
    i.Timer3_IRQHandler                      0x080019ba   Section        0  1986be9x_it.o(i.Timer3_IRQHandler)
    i.UART1_IRQHandler                       0x080019bc   Section        0  1986be9x_it.o(i.UART1_IRQHandler)
    i.UART2_IRQHandler                       0x080019be   Section        0  1986be9x_it.o(i.UART2_IRQHandler)
    i.UART_BRGInit                           0x080019c0   Section        0  mdr32f9qx_uart.o(i.UART_BRGInit)
    i.UART_Cmd                               0x080019fc   Section        0  mdr32f9qx_uart.o(i.UART_Cmd)
    i.UART_GetFlagStatus                     0x08001a14   Section        0  mdr32f9qx_uart.o(i.UART_GetFlagStatus)
    i.UART_Init                              0x08001a24   Section        0  mdr32f9qx_uart.o(i.UART_Init)
    i.UART_SendData                          0x08001ad4   Section        0  mdr32f9qx_uart.o(i.UART_SendData)
    i.USBTest                                0x08001adc   Section        0  main.o(i.USBTest)
    i.USB_BRGInit                            0x08001b7c   Section        0  mdr32f9qx_usb.o(i.USB_BRGInit)
    i.USB_CDC_ClassRequest                   0x08001bb8   Section        0  mdr32f9qx_usb_cdc.o(i.USB_CDC_ClassRequest)
    i.USB_CDC_DoDataOut                      0x08001c58   Section        0  mdr32f9qx_usb_cdc.o(i.USB_CDC_DoDataOut)
    USB_CDC_DoDataOut                        0x08001c59   Thumb Code    60  mdr32f9qx_usb_cdc.o(i.USB_CDC_DoDataOut)
    i.USB_CDC_GetDescriptor                  0x08001c98   Section        0  mdr32f9qx_usb_cdc.o(i.USB_CDC_GetDescriptor)
    i.USB_CDC_GetLineCoding                  0x08001cfc   Section        0  usb_main.o(i.USB_CDC_GetLineCoding)
    i.USB_CDC_Init                           0x08001d14   Section        0  mdr32f9qx_usb_cdc.o(i.USB_CDC_Init)
    i.USB_CDC_OnDataReceive                  0x08001d40   Section        0  mdr32f9qx_usb_cdc.o(i.USB_CDC_OnDataReceive)
    USB_CDC_OnDataReceive                    0x08001d41   Thumb Code    58  mdr32f9qx_usb_cdc.o(i.USB_CDC_OnDataReceive)
    i.USB_CDC_OnDataSent                     0x08001d84   Section        0  mdr32f9qx_usb_cdc.o(i.USB_CDC_OnDataSent)
    USB_CDC_OnDataSent                       0x08001d85   Thumb Code    12  mdr32f9qx_usb_cdc.o(i.USB_CDC_OnDataSent)
    i.USB_CDC_RecieveData                    0x08001d94   Section        0  usb_main.o(i.USB_CDC_RecieveData)
    i.USB_CDC_Reset                          0x08001da8   Section        0  mdr32f9qx_usb_cdc.o(i.USB_CDC_Reset)
    i.USB_CDC_SendData                       0x08001df4   Section        0  mdr32f9qx_usb_cdc.o(i.USB_CDC_SendData)
    i.USB_CDC_SetLineCoding                  0x08001e24   Section        0  usb_main.o(i.USB_CDC_SetLineCoding)
    i.USB_CDC_SetReceiveBuffer               0x08001e40   Section        0  mdr32f9qx_usb_cdc.o(i.USB_CDC_SetReceiveBuffer)
    i.USB_DeviceClearFeature                 0x08001e50   Section        0  mdr32f9qx_usb_device.o(i.USB_DeviceClearFeature)
    i.USB_DeviceDispatchEvent                0x08001e6c   Section        0  mdr32f9qx_usb_device.o(i.USB_DeviceDispatchEvent)
    i.USB_DeviceDoStatusOutAck               0x08001ef0   Section        0  mdr32f9qx_usb_device.o(i.USB_DeviceDoStatusOutAck)
    i.USB_DeviceInit                         0x08001f08   Section        0  mdr32f9qx_usb_device.o(i.USB_DeviceInit)
    i.USB_DevicePowerOn                      0x08001f60   Section        0  mdr32f9qx_usb_device.o(i.USB_DevicePowerOn)
    i.USB_DeviceReset                        0x08001f78   Section        0  mdr32f9qx_usb_device.o(i.USB_DeviceReset)
    i.USB_DeviceSetFeature                   0x08001f88   Section        0  mdr32f9qx_usb_device.o(i.USB_DeviceSetFeature)
    i.USB_DeviceSetupPacket                  0x08001fa4   Section        0  mdr32f9qx_usb_device.o(i.USB_DeviceSetupPacket)
    i.USB_Device_setAddressWork              0x0800220c   Section        0  mdr32f9qx_usb_device.o(i.USB_Device_setAddressWork)
    USB_Device_setAddressWork                0x0800220d   Thumb Code    36  mdr32f9qx_usb_device.o(i.USB_Device_setAddressWork)
    i.USB_EP_Idle                            0x08002234   Section        0  mdr32f9qx_usb_device.o(i.USB_EP_Idle)
    i.USB_EP_Init                            0x08002274   Section        0  mdr32f9qx_usb_device.o(i.USB_EP_Init)
    i.USB_EP_SetReady                        0x080022bc   Section        0  mdr32f9qx_usb_device.o(i.USB_EP_SetReady)
    USB_EP_SetReady                          0x080022bd   Thumb Code    40  mdr32f9qx_usb_device.o(i.USB_EP_SetReady)
    i.USB_EP_Stall                           0x080022e8   Section        0  mdr32f9qx_usb_device.o(i.USB_EP_Stall)
    i.USB_EP_dispatchEvent                   0x0800232c   Section        0  mdr32f9qx_usb_device.o(i.USB_EP_dispatchEvent)
    i.USB_EP_doDataIn                        0x0800257c   Section        0  mdr32f9qx_usb_device.o(i.USB_EP_doDataIn)
    i.USB_EP_doDataOut                       0x080025c8   Section        0  mdr32f9qx_usb_device.o(i.USB_EP_doDataOut)
    i.USB_EP_sendInDataPortion               0x08002604   Section        0  mdr32f9qx_usb_device.o(i.USB_EP_sendInDataPortion)
    USB_EP_sendInDataPortion                 0x08002605   Thumb Code   120  mdr32f9qx_usb_device.o(i.USB_EP_sendInDataPortion)
    i.USB_EP_setSetupHandler                 0x08002680   Section        0  mdr32f9qx_usb_device.o(i.USB_EP_setSetupHandler)
    i.USB_GetSEPxCTRL                        0x080026c0   Section        0  mdr32f9qx_usb.o(i.USB_GetSEPxCTRL)
    i.USB_GetSEPxRXFD                        0x080026d0   Section        0  mdr32f9qx_usb.o(i.USB_GetSEPxRXFD)
    i.USB_GetSEPxRXFDC                       0x080026e0   Section        0  mdr32f9qx_usb.o(i.USB_GetSEPxRXFDC)
    i.USB_GetSEPxSTS                         0x080026f0   Section        0  mdr32f9qx_usb.o(i.USB_GetSEPxSTS)
    i.USB_GetSEPxTS                          0x08002700   Section        0  mdr32f9qx_usb.o(i.USB_GetSEPxTS)
    i.USB_GetSIS                             0x08002710   Section        0  mdr32f9qx_usb.o(i.USB_GetSIS)
    i.USB_IRQHandler                         0x0800271c   Section        0  mdr32f9qx_usb_device.o(i.USB_IRQHandler)
    i.USB_Reset                              0x08002724   Section        0  mdr32f9qx_usb.o(i.USB_Reset)
    i.USB_SEPxToggleEPDATASEQ                0x08002744   Section        0  mdr32f9qx_usb.o(i.USB_SEPxToggleEPDATASEQ)
    i.USB_SetHSCR                            0x08002760   Section        0  mdr32f9qx_usb.o(i.USB_SetHSCR)
    i.USB_SetSA                              0x08002780   Section        0  mdr32f9qx_usb.o(i.USB_SetSA)
    i.USB_SetSC                              0x0800278c   Section        0  mdr32f9qx_usb.o(i.USB_SetSC)
    i.USB_SetSEPxCTRL                        0x080027ac   Section        0  mdr32f9qx_usb.o(i.USB_SetSEPxCTRL)
    i.USB_SetSEPxRXFC                        0x080027d8   Section        0  mdr32f9qx_usb.o(i.USB_SetSEPxRXFC)
    i.USB_SetSEPxTXFD                        0x080027e8   Section        0  mdr32f9qx_usb.o(i.USB_SetSEPxTXFD)
    i.USB_SetSEPxTXFDC                       0x080027f8   Section        0  mdr32f9qx_usb.o(i.USB_SetSEPxTXFDC)
    i.USB_SetSIM                             0x08002808   Section        0  mdr32f9qx_usb.o(i.USB_SetSIM)
    i.USB_SetSIS                             0x08002828   Section        0  mdr32f9qx_usb.o(i.USB_SetSIS)
    i.USB_main                               0x08002834   Section        0  usb_main.o(i.USB_main)
    i.Uart2PinCfg                            0x08002854   Section        0  uart_main.o(i.Uart2PinCfg)
    i.Uart2Setup                             0x08002898   Section        0  uart_main.o(i.Uart2Setup)
    i.UartTest                               0x080028e4   Section        0  main.o(i.UartTest)
    i.UsageFault_Handler                     0x08002948   Section        0  1986be9x_it.o(i.UsageFault_Handler)
    i.VCom_Configuration                     0x0800294c   Section        0  usb_main.o(i.VCom_Configuration)
    VCom_Configuration                       0x0800294d   Thumb Code    20  usb_main.o(i.VCom_Configuration)
    i.WWDG_IRQHandler                        0x08002964   Section        0  1986be9x_it.o(i.WWDG_IRQHandler)
    i.WriteData                              0x08002968   Section        0  mlt_lcd.o(i.WriteData)
    i.main                                   0x08002a38   Section        0  main.o(i.main)
    .data                                    0x20000000   Section       24  main.o(.data)
    .data                                    0x20000018   Section     2044  1986be9x_it.o(.data)
    .data                                    0x20000814   Section       16  usb_main.o(.data)
    LineCoding                               0x2000081c   Data           8  usb_main.o(.data)
    .data                                    0x20000824   Section        9  can_main.o(.data)
    .data                                    0x20000830   Section        4  system_mdr32f9qx.o(.data)
    .data                                    0x20000834   Section       96  mdr32f9qx_usb_cdc.o(.data)
    Usb_CDC_Device_Descriptor                0x20000834   Data          18  mdr32f9qx_usb_cdc.o(.data)
    Usb_CDC_Configuration_Descriptor         0x20000846   Data          67  mdr32f9qx_usb_cdc.o(.data)
    CDC_ClassPacketData                      0x2000088c   Data           8  mdr32f9qx_usb_cdc.o(.data)
    .data                                    0x20000894   Section       16  mdr32f9qx_usb_device.o(.data)
    SetupPacketData                          0x2000089c   Data           2  mdr32f9qx_usb_device.o(.data)
    bHandling                                0x200008a0   Data           4  mdr32f9qx_usb_device.o(.data)
    .bss                                     0x200008a4   Section       12  main.o(.bss)
    PortInit                                 0x200008a4   Data          12  main.o(.bss)
    .bss                                     0x200008b0   Section      112  usb_main.o(.bss)
    Buffer                                   0x200008bc   Data         100  usb_main.o(.bss)
    .bss                                     0x20000920   Section       28  uart_main.o(.bss)
    PortInit                                 0x20000920   Data          12  uart_main.o(.bss)
    UART_InitStructure                       0x2000092c   Data          16  uart_main.o(.bss)
    .bss                                     0x2000093c   Section       28  ssp_main.o(.bss)
    .bss                                     0x20000958   Section       12  mdr32f9qx_usb_cdc.o(.bss)
    USB_CDCContext                           0x20000958   Data          12  mdr32f9qx_usb_cdc.o(.bss)
    .bss                                     0x20000964   Section      188  mdr32f9qx_usb_device.o(.bss)
    .bss                                     0x20000a20   Section       96  libspace.o(.bss)
    HEAP                                     0x20000a80   Section      512  startup_mdr32f9qx.o(HEAP)
    Heap_Mem                                 0x20000a80   Data         512  startup_mdr32f9qx.o(HEAP)
    STACK                                    0x20000c80   Section     1024  startup_mdr32f9qx.o(STACK)
    Stack_Mem                                0x20000c80   Data        1024  startup_mdr32f9qx.o(STACK)
    __initial_sp                             0x20001080   Data           0  startup_mdr32f9qx.o(STACK)

    Global Symbols

    Symbol Name                              Value     Ov Type        Size  Object(Section)

    BuildAttributes$$THM_ISAv4$P$D$K$B$S$PE$A:L22UL41UL21$X:L11$S22US41US21$IEEE1$IW$USESV6$~STKCKD$USESV7$~SHL$OSPACE$ROPI$EBA8$UX$STANDARDLIB$REQ8$PRES8$EABIv2 0x00000000   Number         0  anon$$obj.o ABSOLUTE
    __ARM_use_no_argv                        0x00000000   Number         0  main.o ABSOLUTE
    __ARM_exceptions_init                     - Undefined Weak Reference
    __alloca_initialize                       - Undefined Weak Reference
    __arm_preinit_                            - Undefined Weak Reference
    __cpp_initialize__aeabi_                  - Undefined Weak Reference
    __cxa_finalize                            - Undefined Weak Reference
    __rt_locale                               - Undefined Weak Reference
    __sigvec_lookup                           - Undefined Weak Reference
    _atexit_init                              - Undefined Weak Reference
    _call_atexit_fns                          - Undefined Weak Reference
    _clock_init                               - Undefined Weak Reference
    _fp_trap_init                             - Undefined Weak Reference
    _fp_trap_shutdown                         - Undefined Weak Reference
    _get_lc_collate                           - Undefined Weak Reference
    _get_lc_ctype                             - Undefined Weak Reference
    _get_lc_monetary                          - Undefined Weak Reference
    _get_lc_numeric                           - Undefined Weak Reference
    _get_lc_time                              - Undefined Weak Reference
    _getenv_init                              - Undefined Weak Reference
    _handle_redirection                       - Undefined Weak Reference
    _init_alloc                               - Undefined Weak Reference
    _init_user_alloc                          - Undefined Weak Reference
    _initio                                   - Undefined Weak Reference
    _rand_init                                - Undefined Weak Reference
    _signal_finish                            - Undefined Weak Reference
    _signal_init                              - Undefined Weak Reference
    _terminate_alloc                          - Undefined Weak Reference
    _terminate_user_alloc                     - Undefined Weak Reference
    _terminateio                              - Undefined Weak Reference
    __Vectors_Size                           0x000000c0   Number         0  startup_mdr32f9qx.o ABSOLUTE
    __Vectors                                0x08000000   Data           4  startup_mdr32f9qx.o(RESET)
    __Vectors_End                            0x080000c0   Data           0  startup_mdr32f9qx.o(RESET)
    __main                                   0x080000c1   Thumb Code     8  __main.o(!!!main)
    __scatterload                            0x080000c9   Thumb Code     0  __scatter.o(!!!scatter)
    __scatterload_rt2                        0x080000c9   Thumb Code    44  __scatter.o(!!!scatter)
    __scatterload_rt2_thumb_only             0x080000c9   Thumb Code     0  __scatter.o(!!!scatter)
    __scatterload_null                       0x080000d7   Thumb Code     0  __scatter.o(!!!scatter)
    __decompress                             0x080000fd   Thumb Code   100  __dclz77c.o(!!dclz77c)
    __decompress2                            0x080000fd   Thumb Code     0  __dclz77c.o(!!dclz77c)
    __scatterload_zeroinit                   0x08000161   Thumb Code    28  __scatter_zi.o(!!handler_zi)
    __rt_lib_init                            0x0800017d   Thumb Code     0  libinit.o(.ARM.Collect$$libinit$$00000000)
    __rt_lib_init_alloca_1                   0x0800017f   Thumb Code     0  libinit2.o(.ARM.Collect$$libinit$$0000002E)
    __rt_lib_init_argv_1                     0x0800017f   Thumb Code     0  libinit2.o(.ARM.Collect$$libinit$$0000002C)
    __rt_lib_init_atexit_1                   0x0800017f   Thumb Code     0  libinit2.o(.ARM.Collect$$libinit$$0000001B)
    __rt_lib_init_clock_1                    0x0800017f   Thumb Code     0  libinit2.o(.ARM.Collect$$libinit$$00000021)
    __rt_lib_init_cpp_1                      0x0800017f   Thumb Code     0  libinit2.o(.ARM.Collect$$libinit$$00000032)
    __rt_lib_init_exceptions_1               0x0800017f   Thumb Code     0  libinit2.o(.ARM.Collect$$libinit$$00000030)
    __rt_lib_init_fp_1                       0x0800017f   Thumb Code     0  libinit2.o(.ARM.Collect$$libinit$$00000002)
    __rt_lib_init_fp_trap_1                  0x0800017f   Thumb Code     0  libinit2.o(.ARM.Collect$$libinit$$0000001F)
    __rt_lib_init_getenv_1                   0x0800017f   Thumb Code     0  libinit2.o(.ARM.Collect$$libinit$$00000023)
    __rt_lib_init_heap_1                     0x0800017f   Thumb Code     0  libinit2.o(.ARM.Collect$$libinit$$0000000A)
    __rt_lib_init_lc_collate_1               0x0800017f   Thumb Code     0  libinit2.o(.ARM.Collect$$libinit$$00000011)
    __rt_lib_init_lc_ctype_1                 0x0800017f   Thumb Code     0  libinit2.o(.ARM.Collect$$libinit$$00000013)
    __rt_lib_init_lc_monetary_1              0x0800017f   Thumb Code     0  libinit2.o(.ARM.Collect$$libinit$$00000015)
    __rt_lib_init_lc_numeric_1               0x0800017f   Thumb Code     0  libinit2.o(.ARM.Collect$$libinit$$00000017)
    __rt_lib_init_lc_time_1                  0x0800017f   Thumb Code     0  libinit2.o(.ARM.Collect$$libinit$$00000019)
    __rt_lib_init_preinit_1                  0x0800017f   Thumb Code     0  libinit2.o(.ARM.Collect$$libinit$$00000004)
    __rt_lib_init_rand_1                     0x0800017f   Thumb Code     0  libinit2.o(.ARM.Collect$$libinit$$0000000E)
    __rt_lib_init_return                     0x0800017f   Thumb Code     0  libinit2.o(.ARM.Collect$$libinit$$00000033)
    __rt_lib_init_signal_1                   0x0800017f   Thumb Code     0  libinit2.o(.ARM.Collect$$libinit$$0000001D)
    __rt_lib_init_stdio_1                    0x0800017f   Thumb Code     0  libinit2.o(.ARM.Collect$$libinit$$00000025)
    __rt_lib_init_user_alloc_1               0x0800017f   Thumb Code     0  libinit2.o(.ARM.Collect$$libinit$$0000000C)
    __rt_lib_shutdown                        0x08000181   Thumb Code     0  libshutdown.o(.ARM.Collect$$libshutdown$$00000000)
    __rt_lib_shutdown_cpp_1                  0x08000183   Thumb Code     0  libshutdown2.o(.ARM.Collect$$libshutdown$$00000002)
    __rt_lib_shutdown_fp_trap_1              0x08000183   Thumb Code     0  libshutdown2.o(.ARM.Collect$$libshutdown$$00000007)
    __rt_lib_shutdown_heap_1                 0x08000183   Thumb Code     0  libshutdown2.o(.ARM.Collect$$libshutdown$$0000000F)
    __rt_lib_shutdown_return                 0x08000183   Thumb Code     0  libshutdown2.o(.ARM.Collect$$libshutdown$$00000010)
    __rt_lib_shutdown_signal_1               0x08000183   Thumb Code     0  libshutdown2.o(.ARM.Collect$$libshutdown$$0000000A)
    __rt_lib_shutdown_stdio_1                0x08000183   Thumb Code     0  libshutdown2.o(.ARM.Collect$$libshutdown$$00000004)
    __rt_lib_shutdown_user_alloc_1           0x08000183   Thumb Code     0  libshutdown2.o(.ARM.Collect$$libshutdown$$0000000C)
    __rt_entry                               0x08000185   Thumb Code     0  __rtentry.o(.ARM.Collect$$rtentry$$00000000)
    __rt_entry_presh_1                       0x08000185   Thumb Code     0  __rtentry2.o(.ARM.Collect$$rtentry$$00000002)
    __rt_entry_sh                            0x08000185   Thumb Code     0  __rtentry4.o(.ARM.Collect$$rtentry$$00000004)
    __rt_entry_li                            0x0800018b   Thumb Code     0  __rtentry2.o(.ARM.Collect$$rtentry$$0000000A)
    __rt_entry_postsh_1                      0x0800018b   Thumb Code     0  __rtentry2.o(.ARM.Collect$$rtentry$$00000009)
    __rt_entry_main                          0x0800018f   Thumb Code     0  __rtentry2.o(.ARM.Collect$$rtentry$$0000000D)
    __rt_entry_postli_1                      0x0800018f   Thumb Code     0  __rtentry2.o(.ARM.Collect$$rtentry$$0000000C)
    __rt_exit                                0x08000197   Thumb Code     0  rtexit.o(.ARM.Collect$$rtexit$$00000000)
    __rt_exit_ls                             0x08000199   Thumb Code     0  rtexit2.o(.ARM.Collect$$rtexit$$00000003)
    __rt_exit_prels_1                        0x08000199   Thumb Code     0  rtexit2.o(.ARM.Collect$$rtexit$$00000002)
    __rt_exit_exit                           0x0800019d   Thumb Code     0  rtexit2.o(.ARM.Collect$$rtexit$$00000004)
    Reset_Handler                            0x080001a5   Thumb Code     8  startup_mdr32f9qx.o(.text)
    __user_initial_stackheap                 0x080001c1   Thumb Code     0  startup_mdr32f9qx.o(.text)
    __use_two_region_memory                  0x080001e5   Thumb Code     2  heapauxi.o(.text)
    __rt_heap_escrow$2region                 0x080001e7   Thumb Code     2  heapauxi.o(.text)
    __rt_heap_expand$2region                 0x080001e9   Thumb Code     2  heapauxi.o(.text)
    __user_setup_stackheap                   0x080001eb   Thumb Code    74  sys_stackheap_outer.o(.text)
    exit                                     0x08000235   Thumb Code    18  exit.o(.text)
    __user_libspace                          0x08000249   Thumb Code     8  libspace.o(.text)
    __user_perproc_libspace                  0x08000249   Thumb Code     0  libspace.o(.text)
    __user_perthread_libspace                0x08000249   Thumb Code     0  libspace.o(.text)
    _sys_exit                                0x08000251   Thumb Code     8  sys_exit.o(.text)
    __I$use$semihosting                      0x0800025d   Thumb Code     0  use_no_semi.o(.text)
    __use_no_semihosting_swi                 0x0800025d   Thumb Code     2  use_no_semi.o(.text)
    ADC_IRQHandler                           0x0800025f   Thumb Code     2  1986be9x_it.o(i.ADC_IRQHandler)
    __semihosting_library_function           0x0800025f   Thumb Code     0  indicate_semi.o(.text)
    BACKUP_IRQHandler                        0x08000261   Thumb Code     2  1986be9x_it.o(i.BACKUP_IRQHandler)
    BusFault_Handler                         0x08000263   Thumb Code     4  1986be9x_it.o(i.BusFault_Handler)
    ButtonPinGfg                             0x08000269   Thumb Code    52  main.o(i.ButtonPinGfg)
    CAN1_IRQHandler                          0x080002ad   Thumb Code     2  1986be9x_it.o(i.CAN1_IRQHandler)
    CAN2_IRQHandler                          0x080002af   Thumb Code     2  1986be9x_it.o(i.CAN2_IRQHandler)
    CAN_BRGInit                              0x080002b1   Thumb Code    48  mdr32f9qx_can.o(i.CAN_BRGInit)
    CAN_Cmd                                  0x080002e9   Thumb Code    20  mdr32f9qx_can.o(i.CAN_Cmd)
    CAN_DeInit                               0x080002fd   Thumb Code    42  mdr32f9qx_can.o(i.CAN_DeInit)
    CAN_ITConfig                             0x08000327   Thumb Code    18  mdr32f9qx_can.o(i.CAN_ITConfig)
    CAN_Init                                 0x08000339   Thumb Code    98  mdr32f9qx_can.o(i.CAN_Init)
    CAN_Receive                              0x0800039b   Thumb Code    22  mdr32f9qx_can.o(i.CAN_Receive)
    CAN_RxITConfig                           0x080003b1   Thumb Code    22  mdr32f9qx_can.o(i.CAN_RxITConfig)
    CAN_Setup                                0x080003c9   Thumb Code   196  can_main.o(i.CAN_Setup)
    CAN_StructInit                           0x08000495   Thumb Code    38  mdr32f9qx_can.o(i.CAN_StructInit)
    CAN_Transmit                             0x080004bb   Thumb Code    96  mdr32f9qx_can.o(i.CAN_Transmit)
    CAN_TxITConfig                           0x0800051b   Thumb Code    22  mdr32f9qx_can.o(i.CAN_TxITConfig)
    CAN_ports_ini                            0x08000531   Thumb Code    84  can_main.o(i.CAN_ports_ini)
    COMPARATOR_IRQHandler                    0x08000589   Thumb Code     2  1986be9x_it.o(i.COMPARATOR_IRQHandler)
    CanTest                                  0x0800058d   Thumb Code    92  main.o(i.CanTest)
    DMA_IRQHandler                           0x08000601   Thumb Code     2  1986be9x_it.o(i.DMA_IRQHandler)
    DebugMon_Handler                         0x08000603   Thumb Code     2  1986be9x_it.o(i.DebugMon_Handler)
    DispOn                                   0x08000605   Thumb Code   188  mlt_lcd.o(i.DispOn)
    EXT_INT1_IRQHandler                      0x080006d1   Thumb Code     2  1986be9x_it.o(i.EXT_INT1_IRQHandler)
    EXT_INT2_IRQHandler                      0x080006d3   Thumb Code     2  1986be9x_it.o(i.EXT_INT2_IRQHandler)
    EXT_INT3_IRQHandler                      0x080006d5   Thumb Code     2  1986be9x_it.o(i.EXT_INT3_IRQHandler)
    EXT_INT4_IRQHandler                      0x080006d7   Thumb Code     2  1986be9x_it.o(i.EXT_INT4_IRQHandler)
    HardFault_Handler                        0x080006d9   Thumb Code     4  1986be9x_it.o(i.HardFault_Handler)
    I2C_IRQHandler                           0x080006dd   Thumb Code     2  1986be9x_it.o(i.I2C_IRQHandler)
    LcdClearChip                             0x080006df   Thumb Code    24  mlt_lcd.o(i.LcdClearChip)
    LcdClearPage                             0x080006f7   Thumb Code    64  mlt_lcd.o(i.LcdClearPage)
    LcdInit                                  0x08000739   Thumb Code    58  mlt_lcd.o(i.LcdInit)
    LcdPutChar                               0x08000779   Thumb Code   104  mlt_lcd.o(i.LcdPutChar)
    LcdPutString                             0x080007e1   Thumb Code   152  mlt_lcd.o(i.LcdPutString)
    LcdScrollString                          0x08000879   Thumb Code   130  mlt_lcd.o(i.LcdScrollString)
    MemManage_Handler                        0x080008fb   Thumb Code     4  1986be9x_it.o(i.MemManage_Handler)
    MltDelay                                 0x080008ff   Thumb Code    12  mlt_lcd.o(i.MltDelay)
    MltPinCfg                                0x0800090d   Thumb Code    82  main.o(i.MltPinCfg)
    NMI_Handler                              0x08000975   Thumb Code     2  1986be9x_it.o(i.NMI_Handler)
    PORT_Init                                0x08000979   Thumb Code   450  mdr32f9qx_port.o(i.PORT_Init)
    PORT_ReadInputDataBit                    0x08000b41   Thumb Code    16  mdr32f9qx_port.o(i.PORT_ReadInputDataBit)
    PORT_ResetBits                           0x08000b51   Thumb Code    22  mdr32f9qx_port.o(i.PORT_ResetBits)
    PORT_SetBits                             0x08000b6d   Thumb Code    22  mdr32f9qx_port.o(i.PORT_SetBits)
    POWER_IRQHandler                         0x08000b89   Thumb Code     2  1986be9x_it.o(i.POWER_IRQHandler)
    PendSV_Handler                           0x08000b8b   Thumb Code     2  1986be9x_it.o(i.PendSV_Handler)
    PortsSSP2Init                            0x08000b8d   Thumb Code    48  ssp_main.o(i.PortsSSP2Init)
    RST_CLK_CPU_PLLcmd                       0x08000bc5   Thumb Code     6  mdr32f9qx_rst_clk.o(i.RST_CLK_CPU_PLLcmd)
    RST_CLK_CPU_PLLconfig                    0x08000bd1   Thumb Code    54  mdr32f9qx_rst_clk.o(i.RST_CLK_CPU_PLLconfig)
    RST_CLK_CPU_PLLstatus                    0x08000c11   Thumb Code    52  mdr32f9qx_rst_clk.o(i.RST_CLK_CPU_PLLstatus)
    RST_CLK_CPU_PLLuse                       0x08000c45   Thumb Code     6  mdr32f9qx_rst_clk.o(i.RST_CLK_CPU_PLLuse)
    RST_CLK_CPUclkPrescaler                  0x08000c51   Thumb Code    18  mdr32f9qx_rst_clk.o(i.RST_CLK_CPUclkPrescaler)
    RST_CLK_CPUclkSelection                  0x08000c69   Thumb Code    16  mdr32f9qx_rst_clk.o(i.RST_CLK_CPUclkSelection)
    RST_CLK_GetClocksFreq                    0x08000c7d   Thumb Code   620  mdr32f9qx_rst_clk.o(i.RST_CLK_GetClocksFreq)
    RST_CLK_GetFlagStatus                    0x08000ef1   Thumb Code    42  mdr32f9qx_rst_clk.o(i.RST_CLK_GetFlagStatus)
    RST_CLK_HSEconfig                        0x08000f25   Thumb Code    56  mdr32f9qx_rst_clk.o(i.RST_CLK_HSEconfig)
    RST_CLK_HSEstatus                        0x08000f61   Thumb Code    52  mdr32f9qx_rst_clk.o(i.RST_CLK_HSEstatus)
    RST_CLK_LSEconfig                        0x08000f95   Thumb Code    56  mdr32f9qx_rst_clk.o(i.RST_CLK_LSEconfig)
    RST_CLK_LSEstatus                        0x08000fd1   Thumb Code    52  mdr32f9qx_rst_clk.o(i.RST_CLK_LSEstatus)
    RST_CLK_PCLKcmd                          0x08001005   Thumb Code    26  mdr32f9qx_rst_clk.o(i.RST_CLK_PCLKcmd)
    ReadStatus                               0x08001025   Thumb Code   182  mlt_lcd.o(i.ReadStatus)
    SSP1_IRQHandler                          0x080010ed   Thumb Code     2  1986be9x_it.o(i.SSP1_IRQHandler)
    SSP2StructInit                           0x080010f1   Thumb Code    76  ssp_main.o(i.SSP2StructInit)
    SSP2_IRQHandler                          0x08001149   Thumb Code     2  1986be9x_it.o(i.SSP2_IRQHandler)
    SSPTest                                  0x0800114d   Thumb Code    70  main.o(i.SSPTest)
    SSP_BRGInit                              0x080011a5   Thumb Code    48  mdr32f9qx_ssp.o(i.SSP_BRGInit)
    SSP_Cmd                                  0x080011e1   Thumb Code    24  mdr32f9qx_ssp.o(i.SSP_Cmd)
    SSP_DeInit                               0x080011f9   Thumb Code    18  mdr32f9qx_ssp.o(i.SSP_DeInit)
    SSP_GetFlagStatus                        0x0800120b   Thumb Code    16  mdr32f9qx_ssp.o(i.SSP_GetFlagStatus)
    SSP_Init                                 0x0800121b   Thumb Code    38  mdr32f9qx_ssp.o(i.SSP_Init)
    SSP_SendData                             0x08001241   Thumb Code     4  mdr32f9qx_ssp.o(i.SSP_SendData)
    SSP_StructInit                           0x08001245   Thumb Code    28  mdr32f9qx_ssp.o(i.SSP_StructInit)
    SVC_Handler                              0x08001261   Thumb Code     2  1986be9x_it.o(i.SVC_Handler)
    SetAdress                                0x08001265   Thumb Code   192  mlt_lcd.o(i.SetAdress)
    SetDataBits                              0x08001335   Thumb Code    60  mlt_lcd.o(i.SetDataBits)
    SetPage                                  0x08001379   Thumb Code   192  mlt_lcd.o(i.SetPage)
    Setup_CPU_Clock                          0x08001449   Thumb Code    50  usb_main.o(i.Setup_CPU_Clock)
    SysTick_Handler                          0x080014d1   Thumb Code     2  1986be9x_it.o(i.SysTick_Handler)
    SystemCoreClockUpdate                    0x080014d5   Thumb Code   130  system_mdr32f9qx.o(i.SystemCoreClockUpdate)
    SystemInit                               0x08001565   Thumb Code    54  system_mdr32f9qx.o(i.SystemInit)
    Tim1Setup                                0x080015a5   Thumb Code    72  main.o(i.Tim1Setup)
    Timer1_IRQHandler                        0x080015f5   Thumb Code   806  1986be9x_it.o(i.Timer1_IRQHandler)
    Timer2_IRQHandler                        0x080019b9   Thumb Code     2  1986be9x_it.o(i.Timer2_IRQHandler)
    Timer3_IRQHandler                        0x080019bb   Thumb Code     2  1986be9x_it.o(i.Timer3_IRQHandler)
    UART1_IRQHandler                         0x080019bd   Thumb Code     2  1986be9x_it.o(i.UART1_IRQHandler)
    UART2_IRQHandler                         0x080019bf   Thumb Code     2  1986be9x_it.o(i.UART2_IRQHandler)
    UART_BRGInit                             0x080019c1   Thumb Code    48  mdr32f9qx_uart.o(i.UART_BRGInit)
    UART_Cmd                                 0x080019fd   Thumb Code    24  mdr32f9qx_uart.o(i.UART_Cmd)
    UART_GetFlagStatus                       0x08001a15   Thumb Code    16  mdr32f9qx_uart.o(i.UART_GetFlagStatus)
    UART_Init                                0x08001a25   Thumb Code   162  mdr32f9qx_uart.o(i.UART_Init)
    UART_SendData                            0x08001ad5   Thumb Code     6  mdr32f9qx_uart.o(i.UART_SendData)
    USBTest                                  0x08001add   Thumb Code   154  main.o(i.USBTest)
    USB_BRGInit                              0x08001b7d   Thumb Code    54  mdr32f9qx_usb.o(i.USB_BRGInit)
    USB_CDC_ClassRequest                     0x08001bb9   Thumb Code   142  mdr32f9qx_usb_cdc.o(i.USB_CDC_ClassRequest)
    USB_CDC_GetDescriptor                    0x08001c99   Thumb Code    86  mdr32f9qx_usb_cdc.o(i.USB_CDC_GetDescriptor)
    USB_CDC_GetLineCoding                    0x08001cfd   Thumb Code    20  usb_main.o(i.USB_CDC_GetLineCoding)
    USB_CDC_Init                             0x08001d15   Thumb Code    38  mdr32f9qx_usb_cdc.o(i.USB_CDC_Init)
    USB_CDC_RecieveData                      0x08001d95   Thumb Code    20  usb_main.o(i.USB_CDC_RecieveData)
    USB_CDC_Reset                            0x08001da9   Thumb Code    66  mdr32f9qx_usb_cdc.o(i.USB_CDC_Reset)
    USB_CDC_SendData                         0x08001df5   Thumb Code    38  mdr32f9qx_usb_cdc.o(i.USB_CDC_SendData)
    USB_CDC_SetLineCoding                    0x08001e25   Thumb Code    22  usb_main.o(i.USB_CDC_SetLineCoding)
    USB_CDC_SetReceiveBuffer                 0x08001e41   Thumb Code    12  mdr32f9qx_usb_cdc.o(i.USB_CDC_SetReceiveBuffer)
    USB_DeviceClearFeature                   0x08001e51   Thumb Code    26  mdr32f9qx_usb_device.o(i.USB_DeviceClearFeature)
    USB_DeviceDispatchEvent                  0x08001e6d   Thumb Code   120  mdr32f9qx_usb_device.o(i.USB_DeviceDispatchEvent)
    USB_DeviceDoStatusOutAck                 0x08001ef1   Thumb Code    22  mdr32f9qx_usb_device.o(i.USB_DeviceDoStatusOutAck)
    USB_DeviceInit                           0x08001f09   Thumb Code    74  mdr32f9qx_usb_device.o(i.USB_DeviceInit)
    USB_DevicePowerOn                        0x08001f61   Thumb Code    18  mdr32f9qx_usb_device.o(i.USB_DevicePowerOn)
    USB_DeviceReset                          0x08001f79   Thumb Code    10  mdr32f9qx_usb_device.o(i.USB_DeviceReset)
    USB_DeviceSetFeature                     0x08001f89   Thumb Code    28  mdr32f9qx_usb_device.o(i.USB_DeviceSetFeature)
    USB_DeviceSetupPacket                    0x08001fa5   Thumb Code   596  mdr32f9qx_usb_device.o(i.USB_DeviceSetupPacket)
    USB_EP_Idle                              0x08002235   Thumb Code    60  mdr32f9qx_usb_device.o(i.USB_EP_Idle)
    USB_EP_Init                              0x08002275   Thumb Code    66  mdr32f9qx_usb_device.o(i.USB_EP_Init)
    USB_EP_Stall                             0x080022e9   Thumb Code    64  mdr32f9qx_usb_device.o(i.USB_EP_Stall)
    USB_EP_dispatchEvent                     0x0800232d   Thumb Code   586  mdr32f9qx_usb_device.o(i.USB_EP_dispatchEvent)
    USB_EP_doDataIn                          0x0800257d   Thumb Code    72  mdr32f9qx_usb_device.o(i.USB_EP_doDataIn)
    USB_EP_doDataOut                         0x080025c9   Thumb Code    56  mdr32f9qx_usb_device.o(i.USB_EP_doDataOut)
    USB_EP_setSetupHandler                   0x08002681   Thumb Code    58  mdr32f9qx_usb_device.o(i.USB_EP_setSetupHandler)
    USB_GetSEPxCTRL                          0x080026c1   Thumb Code    12  mdr32f9qx_usb.o(i.USB_GetSEPxCTRL)
    USB_GetSEPxRXFD                          0x080026d1   Thumb Code    12  mdr32f9qx_usb.o(i.USB_GetSEPxRXFD)
    USB_GetSEPxRXFDC                         0x080026e1   Thumb Code    12  mdr32f9qx_usb.o(i.USB_GetSEPxRXFDC)
    USB_GetSEPxSTS                           0x080026f1   Thumb Code    12  mdr32f9qx_usb.o(i.USB_GetSEPxSTS)
    USB_GetSEPxTS                            0x08002701   Thumb Code    12  mdr32f9qx_usb.o(i.USB_GetSEPxTS)
    USB_GetSIS                               0x08002711   Thumb Code     6  mdr32f9qx_usb.o(i.USB_GetSIS)
    USB_IRQHandler                           0x0800271d   Thumb Code     8  mdr32f9qx_usb_device.o(i.USB_IRQHandler)
    USB_Reset                                0x08002725   Thumb Code    30  mdr32f9qx_usb.o(i.USB_Reset)
    USB_SEPxToggleEPDATASEQ                  0x08002745   Thumb Code    22  mdr32f9qx_usb.o(i.USB_SEPxToggleEPDATASEQ)
    USB_SetHSCR                              0x08002761   Thumb Code    24  mdr32f9qx_usb.o(i.USB_SetHSCR)
    USB_SetSA                                0x08002781   Thumb Code     6  mdr32f9qx_usb.o(i.USB_SetSA)
    USB_SetSC                                0x0800278d   Thumb Code    24  mdr32f9qx_usb.o(i.USB_SetSC)
    USB_SetSEPxCTRL                          0x080027ad   Thumb Code    34  mdr32f9qx_usb.o(i.USB_SetSEPxCTRL)
    USB_SetSEPxRXFC                          0x080027d9   Thumb Code    10  mdr32f9qx_usb.o(i.USB_SetSEPxRXFC)
    USB_SetSEPxTXFD                          0x080027e9   Thumb Code    10  mdr32f9qx_usb.o(i.USB_SetSEPxTXFD)
    USB_SetSEPxTXFDC                         0x080027f9   Thumb Code    10  mdr32f9qx_usb.o(i.USB_SetSEPxTXFDC)
    USB_SetSIM                               0x08002809   Thumb Code    24  mdr32f9qx_usb.o(i.USB_SetSIM)
    USB_SetSIS                               0x08002829   Thumb Code     6  mdr32f9qx_usb.o(i.USB_SetSIS)
    USB_main                                 0x08002835   Thumb Code    28  usb_main.o(i.USB_main)
    Uart2PinCfg                              0x08002855   Thumb Code    58  uart_main.o(i.Uart2PinCfg)
    Uart2Setup                               0x08002899   Thumb Code    68  uart_main.o(i.Uart2Setup)
    UartTest                                 0x080028e5   Thumb Code    82  main.o(i.UartTest)
    UsageFault_Handler                       0x08002949   Thumb Code     4  1986be9x_it.o(i.UsageFault_Handler)
    WWDG_IRQHandler                          0x08002965   Thumb Code     2  1986be9x_it.o(i.WWDG_IRQHandler)
    WriteData                                0x08002969   Thumb Code   190  mlt_lcd.o(i.WriteData)
    main                                     0x08002a39   Thumb Code   472  main.o(i.main)
    Region$$Table$$Base                      0x08002c4c   Number         0  anon$$obj.o(Region$$Table)
    Region$$Table$$Limit                     0x08002c6c   Number         0  anon$$obj.o(Region$$Table)
    count_title                              0x20000000   Data           4  main.o(.data)
    MenuMainItem                             0x20000004   Data           4  main.o(.data)
    CursorPosItem                            0x20000008   Data           4  main.o(.data)
    UartFlag                                 0x2000000c   Data           1  main.o(.data)
    SSPFlag                                  0x2000000d   Data           1  main.o(.data)
    TestSSPDone                              0x2000000e   Data           1  main.o(.data)
    TestCanDone                              0x2000000f   Data           1  main.o(.data)
    TestUartDone                             0x20000010   Data           1  main.o(.data)
    USBFlag                                  0x20000011   Data           1  main.o(.data)
    CanFlag                                  0x20000012   Data           1  main.o(.data)
    tx_buf                                   0x20000014   Data           4  main.o(.data)
    dig_0                                    0x20000018   Data           8  1986be9x_it.o(.data)
    dig_1                                    0x20000020   Data           8  1986be9x_it.o(.data)
    dig_2                                    0x20000028   Data           8  1986be9x_it.o(.data)
    dig_3                                    0x20000030   Data           8  1986be9x_it.o(.data)
    dig_4                                    0x20000038   Data           8  1986be9x_it.o(.data)
    dig_5                                    0x20000040   Data           8  1986be9x_it.o(.data)
    dig_6                                    0x20000048   Data           8  1986be9x_it.o(.data)
    dig_7                                    0x20000050   Data           8  1986be9x_it.o(.data)
    dig_8                                    0x20000058   Data           8  1986be9x_it.o(.data)
    dig_9                                    0x20000060   Data           8  1986be9x_it.o(.data)
    lat_A                                    0x20000068   Data           8  1986be9x_it.o(.data)
    lat_B                                    0x20000070   Data           8  1986be9x_it.o(.data)
    lat_C                                    0x20000078   Data           8  1986be9x_it.o(.data)
    lat_D                                    0x20000080   Data           8  1986be9x_it.o(.data)
    lat_E                                    0x20000088   Data           8  1986be9x_it.o(.data)
    lat_F                                    0x20000090   Data           8  1986be9x_it.o(.data)
    lat_G                                    0x20000098   Data           8  1986be9x_it.o(.data)
    lat_H                                    0x200000a0   Data           8  1986be9x_it.o(.data)
    lat_I                                    0x200000a8   Data           8  1986be9x_it.o(.data)
    lat_J                                    0x200000b0   Data           8  1986be9x_it.o(.data)
    lat_K                                    0x200000b8   Data           8  1986be9x_it.o(.data)
    lat_L                                    0x200000c0   Data           8  1986be9x_it.o(.data)
    lat_M                                    0x200000c8   Data           8  1986be9x_it.o(.data)
    lat_N                                    0x200000d0   Data           8  1986be9x_it.o(.data)
    lat_O                                    0x200000d8   Data           8  1986be9x_it.o(.data)
    lat_P                                    0x200000e0   Data           8  1986be9x_it.o(.data)
    lat_Q                                    0x200000e8   Data           8  1986be9x_it.o(.data)
    lat_R                                    0x200000f0   Data           8  1986be9x_it.o(.data)
    lat_S                                    0x200000f8   Data           8  1986be9x_it.o(.data)
    lat_T                                    0x20000100   Data           8  1986be9x_it.o(.data)
    lat_U                                    0x20000108   Data           8  1986be9x_it.o(.data)
    lat_V                                    0x20000110   Data           8  1986be9x_it.o(.data)
    lat_W                                    0x20000118   Data           8  1986be9x_it.o(.data)
    lat_X                                    0x20000120   Data           8  1986be9x_it.o(.data)
    lat_Y                                    0x20000128   Data           8  1986be9x_it.o(.data)
    lat_Z                                    0x20000130   Data           8  1986be9x_it.o(.data)
    lat_a                                    0x20000138   Data           8  1986be9x_it.o(.data)
    lat_b                                    0x20000140   Data           8  1986be9x_it.o(.data)
    lat_c                                    0x20000148   Data           8  1986be9x_it.o(.data)
    lat_d                                    0x20000150   Data           8  1986be9x_it.o(.data)
    lat_e                                    0x20000158   Data           8  1986be9x_it.o(.data)
    lat_f                                    0x20000160   Data           8  1986be9x_it.o(.data)
    lat_g                                    0x20000168   Data           8  1986be9x_it.o(.data)
    lat_h                                    0x20000170   Data           8  1986be9x_it.o(.data)
    lat_i                                    0x20000178   Data           8  1986be9x_it.o(.data)
    lat_j                                    0x20000180   Data           8  1986be9x_it.o(.data)
    lat_k                                    0x20000188   Data           8  1986be9x_it.o(.data)
    lat_l                                    0x20000190   Data           8  1986be9x_it.o(.data)
    lat_m                                    0x20000198   Data           8  1986be9x_it.o(.data)
    lat_n                                    0x200001a0   Data           8  1986be9x_it.o(.data)
    lat_o                                    0x200001a8   Data           8  1986be9x_it.o(.data)
    lat_p                                    0x200001b0   Data           8  1986be9x_it.o(.data)
    lat_q                                    0x200001b8   Data           8  1986be9x_it.o(.data)
    lat_r                                    0x200001c0   Data           8  1986be9x_it.o(.data)
    lat_s                                    0x200001c8   Data           8  1986be9x_it.o(.data)
    lat_t                                    0x200001d0   Data           8  1986be9x_it.o(.data)
    lat_u                                    0x200001d8   Data           8  1986be9x_it.o(.data)
    lat_v                                    0x200001e0   Data           8  1986be9x_it.o(.data)
    lat_w                                    0x200001e8   Data           8  1986be9x_it.o(.data)
    lat_x                                    0x200001f0   Data           8  1986be9x_it.o(.data)
    lat_y                                    0x200001f8   Data           8  1986be9x_it.o(.data)
    lat_z                                    0x20000200   Data           8  1986be9x_it.o(.data)
    cyr_A                                    0x20000208   Data           8  1986be9x_it.o(.data)
    cyr_B                                    0x20000210   Data           8  1986be9x_it.o(.data)
    cyr_V                                    0x20000218   Data           8  1986be9x_it.o(.data)
    cyr_G                                    0x20000220   Data           8  1986be9x_it.o(.data)
    cyr_D                                    0x20000228   Data           8  1986be9x_it.o(.data)
    cyr_E                                    0x20000230   Data           8  1986be9x_it.o(.data)
    cyr_JO                                   0x20000238   Data           8  1986be9x_it.o(.data)
    cyr_ZH                                   0x20000240   Data           8  1986be9x_it.o(.data)
    cyr_Z                                    0x20000248   Data           8  1986be9x_it.o(.data)
    cyr_I                                    0x20000250   Data           8  1986be9x_it.o(.data)
    cyr_JJ                                   0x20000258   Data           8  1986be9x_it.o(.data)
    cyr_K                                    0x20000260   Data           8  1986be9x_it.o(.data)
    cyr_L                                    0x20000268   Data           8  1986be9x_it.o(.data)
    cyr_M                                    0x20000270   Data           8  1986be9x_it.o(.data)
    cyr_N                                    0x20000278   Data           8  1986be9x_it.o(.data)
    cyr_O                                    0x20000280   Data           8  1986be9x_it.o(.data)
    cyr_P                                    0x20000288   Data           8  1986be9x_it.o(.data)
    cyr_R                                    0x20000290   Data           8  1986be9x_it.o(.data)
    cyr_S                                    0x20000298   Data           8  1986be9x_it.o(.data)
    cyr_T                                    0x200002a0   Data           8  1986be9x_it.o(.data)
    cyr_U                                    0x200002a8   Data           8  1986be9x_it.o(.data)
    cyr_F                                    0x200002b0   Data           8  1986be9x_it.o(.data)
    cyr_KH                                   0x200002b8   Data           8  1986be9x_it.o(.data)
    cyr_C                                    0x200002c0   Data           8  1986be9x_it.o(.data)
    cyr_CH                                   0x200002c8   Data           8  1986be9x_it.o(.data)
    cyr_SH                                   0x200002d0   Data           8  1986be9x_it.o(.data)
    cyr_SHH                                  0x200002d8   Data           8  1986be9x_it.o(.data)
    cyr_TZ                                   0x200002e0   Data           8  1986be9x_it.o(.data)
    cyr_Y                                    0x200002e8   Data           8  1986be9x_it.o(.data)
    cyr_MZ                                   0x200002f0   Data           8  1986be9x_it.o(.data)
    cyr_EH                                   0x200002f8   Data           8  1986be9x_it.o(.data)
    cyr_YU                                   0x20000300   Data           8  1986be9x_it.o(.data)
    cyr_YA                                   0x20000308   Data           8  1986be9x_it.o(.data)
    cyr_a                                    0x20000310   Data           8  1986be9x_it.o(.data)
    cyr_b                                    0x20000318   Data           8  1986be9x_it.o(.data)
    cyr_v                                    0x20000320   Data           8  1986be9x_it.o(.data)
    cyr_g                                    0x20000328   Data           8  1986be9x_it.o(.data)
    cyr_d                                    0x20000330   Data           8  1986be9x_it.o(.data)
    cyr_e                                    0x20000338   Data           8  1986be9x_it.o(.data)
    cyr_jo                                   0x20000340   Data           8  1986be9x_it.o(.data)
    cyr_zh                                   0x20000348   Data           8  1986be9x_it.o(.data)
    cyr_z                                    0x20000350   Data           8  1986be9x_it.o(.data)
    cyr_i                                    0x20000358   Data           8  1986be9x_it.o(.data)
    cyr_jj                                   0x20000360   Data           8  1986be9x_it.o(.data)
    cyr_k                                    0x20000368   Data           8  1986be9x_it.o(.data)
    cyr_l                                    0x20000370   Data           8  1986be9x_it.o(.data)
    cyr_m                                    0x20000378   Data           8  1986be9x_it.o(.data)
    cyr_n                                    0x20000380   Data           8  1986be9x_it.o(.data)
    cyr_o                                    0x20000388   Data           8  1986be9x_it.o(.data)
    cyr_p                                    0x20000390   Data           8  1986be9x_it.o(.data)
    cyr_r                                    0x20000398   Data           8  1986be9x_it.o(.data)
    cyr_s                                    0x200003a0   Data           8  1986be9x_it.o(.data)
    cyr_t                                    0x200003a8   Data           8  1986be9x_it.o(.data)
    cyr_u                                    0x200003b0   Data           8  1986be9x_it.o(.data)
    cyr_f                                    0x200003b8   Data           8  1986be9x_it.o(.data)
    cyr_kh                                   0x200003c0   Data           8  1986be9x_it.o(.data)
    cyr_c                                    0x200003c8   Data           8  1986be9x_it.o(.data)
    cyr_ch                                   0x200003d0   Data           8  1986be9x_it.o(.data)
    cyr_sh                                   0x200003d8   Data           8  1986be9x_it.o(.data)
    cyr_shh                                  0x200003e0   Data           8  1986be9x_it.o(.data)
    cyr_tz                                   0x200003e8   Data           8  1986be9x_it.o(.data)
    cyr_y                                    0x200003f0   Data           8  1986be9x_it.o(.data)
    cyr_mz                                   0x200003f8   Data           8  1986be9x_it.o(.data)
    cyr_eh                                   0x20000400   Data           8  1986be9x_it.o(.data)
    cyr_yu                                   0x20000408   Data           8  1986be9x_it.o(.data)
    cyr_ya                                   0x20000410   Data           8  1986be9x_it.o(.data)
    sym_sp                                   0x20000418   Data           8  1986be9x_it.o(.data)
    sym_pt                                   0x20000420   Data           8  1986be9x_it.o(.data)
    sym_def                                  0x20000428   Data           8  1986be9x_it.o(.data)
    sym_lcm                                  0x20000430   Data           8  1986be9x_it.o(.data)
    sym_rcm                                  0x20000438   Data           8  1986be9x_it.o(.data)
    cursor                                   0x20000440   Data           8  1986be9x_it.o(.data)
    count_main                               0x20000448   Data           4  1986be9x_it.o(.data)
    main_string                              0x2000044c   Data         200  1986be9x_it.o(.data)
    menu_string                              0x20000514   Data         256  1986be9x_it.o(.data)
    usb_string1                              0x20000614   Data          64  1986be9x_it.o(.data)
    uart_string                              0x20000654   Data          64  1986be9x_it.o(.data)
    can_string                               0x20000694   Data          64  1986be9x_it.o(.data)
    ssp_string                               0x200006d4   Data          64  1986be9x_it.o(.data)
    pass_string                              0x20000714   Data          64  1986be9x_it.o(.data)
    get_string                               0x20000754   Data          64  1986be9x_it.o(.data)
    fail_string                              0x20000794   Data          64  1986be9x_it.o(.data)
    empty_string                             0x200007d4   Data          64  1986be9x_it.o(.data)
    USB_Clock_InitStruct                     0x20000814   Data           8  usb_main.o(.data)
    ret                                      0x20000824   Data           4  can_main.o(.data)
    rx_buf                                   0x20000828   Data           4  can_main.o(.data)
    TestRx                                   0x2000082c   Data           1  can_main.o(.data)
    SystemCoreClock                          0x20000830   Data           4  system_mdr32f9qx.o(.data)
    USB_CurrentSetupPacket                   0x20000894   Data           8  mdr32f9qx_usb_device.o(.data)
    USB_DeviceBUSParam                       0x200008b0   Data          12  usb_main.o(.bss)
    sSSP                                     0x2000093c   Data          16  ssp_main.o(.bss)
    PORT_InitStructur                        0x2000094c   Data          12  ssp_main.o(.bss)
    USB_EPContext                            0x20000964   Data         176  mdr32f9qx_usb_device.o(.bss)
    USB_DeviceContext                        0x20000a14   Data          12  mdr32f9qx_usb_device.o(.bss)
    __libspace_start                         0x20000a20   Data          96  libspace.o(.bss)
    __temporary_stack_top$libspace           0x20000a80   Data           0  libspace.o(.bss)



==============================================================================

Memory Map of the image

  Image Entry point : 0x080001a5

  Load Region LR_1 (Base: 0x08000000, Size: 0x00003510, Max: 0xffffffff, ABSOLUTE, COMPRESSED[0x000030ec])

    Execution Region ER_RO (Exec base: 0x08000000, Load base: 0x08000000, Size: 0x00002c6c, Max: 0xffffffff, ABSOLUTE)

    Exec Addr    Load Addr    Size         Type   Attr      Idx    E Section Name        Object

    0x08000000   0x08000000   0x000000c0   Data   RO          610    RESET               startup_mdr32f9qx.o
    0x080000c0   0x080000c0   0x00000008   Code   RO         2401  * !!!main             c_w.l(__main.o)
    0x080000c8   0x080000c8   0x00000034   Code   RO         2560    !!!scatter          c_w.l(__scatter.o)
    0x080000fc   0x080000fc   0x00000064   Code   RO         2558    !!dclz77c           c_w.l(__dclz77c.o)
    0x08000160   0x08000160   0x0000001c   Code   RO         2562    !!handler_zi        c_w.l(__scatter_zi.o)
    0x0800017c   0x0800017c   0x00000002   Code   RO         2428    .ARM.Collect$$libinit$$00000000  c_w.l(libinit.o)
    0x0800017e   0x0800017e   0x00000000   Code   RO         2435    .ARM.Collect$$libinit$$00000002  c_w.l(libinit2.o)
    0x0800017e   0x0800017e   0x00000000   Code   RO         2437    .ARM.Collect$$libinit$$00000004  c_w.l(libinit2.o)
    0x0800017e   0x0800017e   0x00000000   Code   RO         2440    .ARM.Collect$$libinit$$0000000A  c_w.l(libinit2.o)
    0x0800017e   0x0800017e   0x00000000   Code   RO         2442    .ARM.Collect$$libinit$$0000000C  c_w.l(libinit2.o)
    0x0800017e   0x0800017e   0x00000000   Code   RO         2444    .ARM.Collect$$libinit$$0000000E  c_w.l(libinit2.o)
    0x0800017e   0x0800017e   0x00000000   Code   RO         2447    .ARM.Collect$$libinit$$00000011  c_w.l(libinit2.o)
    0x0800017e   0x0800017e   0x00000000   Code   RO         2449    .ARM.Collect$$libinit$$00000013  c_w.l(libinit2.o)
    0x0800017e   0x0800017e   0x00000000   Code   RO         2451    .ARM.Collect$$libinit$$00000015  c_w.l(libinit2.o)
    0x0800017e   0x0800017e   0x00000000   Code   RO         2453    .ARM.Collect$$libinit$$00000017  c_w.l(libinit2.o)
    0x0800017e   0x0800017e   0x00000000   Code   RO         2455    .ARM.Collect$$libinit$$00000019  c_w.l(libinit2.o)
    0x0800017e   0x0800017e   0x00000000   Code   RO         2457    .ARM.Collect$$libinit$$0000001B  c_w.l(libinit2.o)
    0x0800017e   0x0800017e   0x00000000   Code   RO         2459    .ARM.Collect$$libinit$$0000001D  c_w.l(libinit2.o)
    0x0800017e   0x0800017e   0x00000000   Code   RO         2461    .ARM.Collect$$libinit$$0000001F  c_w.l(libinit2.o)
    0x0800017e   0x0800017e   0x00000000   Code   RO         2463    .ARM.Collect$$libinit$$00000021  c_w.l(libinit2.o)
    0x0800017e   0x0800017e   0x00000000   Code   RO         2465    .ARM.Collect$$libinit$$00000023  c_w.l(libinit2.o)
    0x0800017e   0x0800017e   0x00000000   Code   RO         2467    .ARM.Collect$$libinit$$00000025  c_w.l(libinit2.o)
    0x0800017e   0x0800017e   0x00000000   Code   RO         2471    .ARM.Collect$$libinit$$0000002C  c_w.l(libinit2.o)
    0x0800017e   0x0800017e   0x00000000   Code   RO         2473    .ARM.Collect$$libinit$$0000002E  c_w.l(libinit2.o)
    0x0800017e   0x0800017e   0x00000000   Code   RO         2475    .ARM.Collect$$libinit$$00000030  c_w.l(libinit2.o)
    0x0800017e   0x0800017e   0x00000000   Code   RO         2477    .ARM.Collect$$libinit$$00000032  c_w.l(libinit2.o)
    0x0800017e   0x0800017e   0x00000002   Code   RO         2478    .ARM.Collect$$libinit$$00000033  c_w.l(libinit2.o)
    0x08000180   0x08000180   0x00000002   Code   RO         2498    .ARM.Collect$$libshutdown$$00000000  c_w.l(libshutdown.o)
    0x08000182   0x08000182   0x00000000   Code   RO         2511    .ARM.Collect$$libshutdown$$00000002  c_w.l(libshutdown2.o)
    0x08000182   0x08000182   0x00000000   Code   RO         2513    .ARM.Collect$$libshutdown$$00000004  c_w.l(libshutdown2.o)
    0x08000182   0x08000182   0x00000000   Code   RO         2516    .ARM.Collect$$libshutdown$$00000007  c_w.l(libshutdown2.o)
    0x08000182   0x08000182   0x00000000   Code   RO         2519    .ARM.Collect$$libshutdown$$0000000A  c_w.l(libshutdown2.o)
    0x08000182   0x08000182   0x00000000   Code   RO         2521    .ARM.Collect$$libshutdown$$0000000C  c_w.l(libshutdown2.o)
    0x08000182   0x08000182   0x00000000   Code   RO         2524    .ARM.Collect$$libshutdown$$0000000F  c_w.l(libshutdown2.o)
    0x08000182   0x08000182   0x00000002   Code   RO         2525    .ARM.Collect$$libshutdown$$00000010  c_w.l(libshutdown2.o)
    0x08000184   0x08000184   0x00000000   Code   RO         2403    .ARM.Collect$$rtentry$$00000000  c_w.l(__rtentry.o)
    0x08000184   0x08000184   0x00000000   Code   RO         2405    .ARM.Collect$$rtentry$$00000002  c_w.l(__rtentry2.o)
    0x08000184   0x08000184   0x00000006   Code   RO         2417    .ARM.Collect$$rtentry$$00000004  c_w.l(__rtentry4.o)
    0x0800018a   0x0800018a   0x00000000   Code   RO         2407    .ARM.Collect$$rtentry$$00000009  c_w.l(__rtentry2.o)
    0x0800018a   0x0800018a   0x00000004   Code   RO         2408    .ARM.Collect$$rtentry$$0000000A  c_w.l(__rtentry2.o)
    0x0800018e   0x0800018e   0x00000000   Code   RO         2410    .ARM.Collect$$rtentry$$0000000C  c_w.l(__rtentry2.o)
    0x0800018e   0x0800018e   0x00000008   Code   RO         2411    .ARM.Collect$$rtentry$$0000000D  c_w.l(__rtentry2.o)
    0x08000196   0x08000196   0x00000002   Code   RO         2432    .ARM.Collect$$rtexit$$00000000  c_w.l(rtexit.o)
    0x08000198   0x08000198   0x00000000   Code   RO         2480    .ARM.Collect$$rtexit$$00000002  c_w.l(rtexit2.o)
    0x08000198   0x08000198   0x00000004   Code   RO         2481    .ARM.Collect$$rtexit$$00000003  c_w.l(rtexit2.o)
    0x0800019c   0x0800019c   0x00000006   Code   RO         2482    .ARM.Collect$$rtexit$$00000004  c_w.l(rtexit2.o)
    0x080001a2   0x080001a2   0x00000002   PAD
    0x080001a4   0x080001a4   0x00000040   Code   RO          611  * .text               startup_mdr32f9qx.o
    0x080001e4   0x080001e4   0x00000006   Code   RO         2399    .text               c_w.l(heapauxi.o)
    0x080001ea   0x080001ea   0x0000004a   Code   RO         2419    .text               c_w.l(sys_stackheap_outer.o)
    0x08000234   0x08000234   0x00000012   Code   RO         2421    .text               c_w.l(exit.o)
    0x08000246   0x08000246   0x00000002   PAD
    0x08000248   0x08000248   0x00000008   Code   RO         2429    .text               c_w.l(libspace.o)
    0x08000250   0x08000250   0x0000000c   Code   RO         2490    .text               c_w.l(sys_exit.o)
    0x0800025c   0x0800025c   0x00000002   Code   RO         2501    .text               c_w.l(use_no_semi.o)
    0x0800025e   0x0800025e   0x00000000   Code   RO         2503    .text               c_w.l(indicate_semi.o)
    0x0800025e   0x0800025e   0x00000002   Code   RO          131    i.ADC_IRQHandler    1986be9x_it.o
    0x08000260   0x08000260   0x00000002   Code   RO          132    i.BACKUP_IRQHandler  1986be9x_it.o
    0x08000262   0x08000262   0x00000004   Code   RO          133    i.BusFault_Handler  1986be9x_it.o
    0x08000266   0x08000266   0x00000002   PAD
    0x08000268   0x08000268   0x00000044   Code   RO            3    i.ButtonPinGfg      main.o
    0x080002ac   0x080002ac   0x00000002   Code   RO          134    i.CAN1_IRQHandler   1986be9x_it.o
    0x080002ae   0x080002ae   0x00000002   Code   RO          135    i.CAN2_IRQHandler   1986be9x_it.o
    0x080002b0   0x080002b0   0x00000038   Code   RO          652    i.CAN_BRGInit       mdr32f9qx_can.o
    0x080002e8   0x080002e8   0x00000014   Code   RO          654    i.CAN_Cmd           mdr32f9qx_can.o
    0x080002fc   0x080002fc   0x0000002a   Code   RO          655    i.CAN_DeInit        mdr32f9qx_can.o
    0x08000326   0x08000326   0x00000012   Code   RO          669    i.CAN_ITConfig      mdr32f9qx_can.o
    0x08000338   0x08000338   0x00000062   Code   RO          670    i.CAN_Init          mdr32f9qx_can.o
    0x0800039a   0x0800039a   0x00000016   Code   RO          673    i.CAN_Receive       mdr32f9qx_can.o
    0x080003b0   0x080003b0   0x00000016   Code   RO          674    i.CAN_RxITConfig    mdr32f9qx_can.o
    0x080003c6   0x080003c6   0x00000002   PAD
    0x080003c8   0x080003c8   0x000000cc   Code   RO          436    i.CAN_Setup         can_main.o
    0x08000494   0x08000494   0x00000026   Code   RO          676    i.CAN_StructInit    mdr32f9qx_can.o
    0x080004ba   0x080004ba   0x00000060   Code   RO          677    i.CAN_Transmit      mdr32f9qx_can.o
    0x0800051a   0x0800051a   0x00000016   Code   RO          678    i.CAN_TxITConfig    mdr32f9qx_can.o
    0x08000530   0x08000530   0x00000058   Code   RO          437    i.CAN_ports_ini     can_main.o
    0x08000588   0x08000588   0x00000002   Code   RO          136    i.COMPARATOR_IRQHandler  1986be9x_it.o
    0x0800058a   0x0800058a   0x00000002   PAD
    0x0800058c   0x0800058c   0x00000074   Code   RO            4    i.CanTest           main.o
    0x08000600   0x08000600   0x00000002   Code   RO          137    i.DMA_IRQHandler    1986be9x_it.o
    0x08000602   0x08000602   0x00000002   Code   RO          138    i.DebugMon_Handler  1986be9x_it.o
    0x08000604   0x08000604   0x000000cc   Code   RO          498    i.DispOn            mlt_lcd.o
    0x080006d0   0x080006d0   0x00000002   Code   RO          139    i.EXT_INT1_IRQHandler  1986be9x_it.o
    0x080006d2   0x080006d2   0x00000002   Code   RO          140    i.EXT_INT2_IRQHandler  1986be9x_it.o
    0x080006d4   0x080006d4   0x00000002   Code   RO          141    i.EXT_INT3_IRQHandler  1986be9x_it.o
    0x080006d6   0x080006d6   0x00000002   Code   RO          142    i.EXT_INT4_IRQHandler  1986be9x_it.o
    0x080006d8   0x080006d8   0x00000004   Code   RO          143    i.HardFault_Handler  1986be9x_it.o
    0x080006dc   0x080006dc   0x00000002   Code   RO          144    i.I2C_IRQHandler    1986be9x_it.o
    0x080006de   0x080006de   0x00000018   Code   RO          499    i.LcdClearChip      mlt_lcd.o
    0x080006f6   0x080006f6   0x00000040   Code   RO          500    i.LcdClearPage      mlt_lcd.o
    0x08000736   0x08000736   0x00000002   PAD
    0x08000738   0x08000738   0x00000040   Code   RO          501    i.LcdInit           mlt_lcd.o
    0x08000778   0x08000778   0x00000068   Code   RO          502    i.LcdPutChar        mlt_lcd.o
    0x080007e0   0x080007e0   0x00000098   Code   RO          504    i.LcdPutString      mlt_lcd.o
    0x08000878   0x08000878   0x00000082   Code   RO          505    i.LcdScrollString   mlt_lcd.o
    0x080008fa   0x080008fa   0x00000004   Code   RO          145    i.MemManage_Handler  1986be9x_it.o
    0x080008fe   0x080008fe   0x0000000c   Code   RO          506    i.MltDelay          mlt_lcd.o
    0x0800090a   0x0800090a   0x00000002   PAD
    0x0800090c   0x0800090c   0x00000068   Code   RO            7    i.MltPinCfg         main.o
    0x08000974   0x08000974   0x00000002   Code   RO          146    i.NMI_Handler       1986be9x_it.o
    0x08000976   0x08000976   0x00000002   PAD
    0x08000978   0x08000978   0x000001c8   Code   RO          828    i.PORT_Init         mdr32f9qx_port.o
    0x08000b40   0x08000b40   0x00000010   Code   RO          830    i.PORT_ReadInputDataBit  mdr32f9qx_port.o
    0x08000b50   0x08000b50   0x0000001c   Code   RO          831    i.PORT_ResetBits    mdr32f9qx_port.o
    0x08000b6c   0x08000b6c   0x0000001c   Code   RO          832    i.PORT_SetBits      mdr32f9qx_port.o
    0x08000b88   0x08000b88   0x00000002   Code   RO          147    i.POWER_IRQHandler  1986be9x_it.o
    0x08000b8a   0x08000b8a   0x00000002   Code   RO          148    i.PendSV_Handler    1986be9x_it.o
    0x08000b8c   0x08000b8c   0x00000038   Code   RO          467    i.PortsSSP2Init     ssp_main.o
    0x08000bc4   0x08000bc4   0x0000000c   Code   RO          898    i.RST_CLK_CPU_PLLcmd  mdr32f9qx_rst_clk.o
    0x08000bd0   0x08000bd0   0x00000040   Code   RO          899    i.RST_CLK_CPU_PLLconfig  mdr32f9qx_rst_clk.o
    0x08000c10   0x08000c10   0x00000034   Code   RO          900    i.RST_CLK_CPU_PLLstatus  mdr32f9qx_rst_clk.o
    0x08000c44   0x08000c44   0x0000000c   Code   RO          901    i.RST_CLK_CPU_PLLuse  mdr32f9qx_rst_clk.o
    0x08000c50   0x08000c50   0x00000018   Code   RO          902    i.RST_CLK_CPUclkPrescaler  mdr32f9qx_rst_clk.o
    0x08000c68   0x08000c68   0x00000014   Code   RO          903    i.RST_CLK_CPUclkSelection  mdr32f9qx_rst_clk.o
    0x08000c7c   0x08000c7c   0x00000274   Code   RO          905    i.RST_CLK_GetClocksFreq  mdr32f9qx_rst_clk.o
    0x08000ef0   0x08000ef0   0x00000034   Code   RO          906    i.RST_CLK_GetFlagStatus  mdr32f9qx_rst_clk.o
    0x08000f24   0x08000f24   0x0000003c   Code   RO          908    i.RST_CLK_HSEconfig  mdr32f9qx_rst_clk.o
    0x08000f60   0x08000f60   0x00000034   Code   RO          909    i.RST_CLK_HSEstatus  mdr32f9qx_rst_clk.o
    0x08000f94   0x08000f94   0x0000003c   Code   RO          914    i.RST_CLK_LSEconfig  mdr32f9qx_rst_clk.o
    0x08000fd0   0x08000fd0   0x00000034   Code   RO          915    i.RST_CLK_LSEstatus  mdr32f9qx_rst_clk.o
    0x08001004   0x08001004   0x00000020   Code   RO          919    i.RST_CLK_PCLKcmd   mdr32f9qx_rst_clk.o
    0x08001024   0x08001024   0x000000c8   Code   RO          508    i.ReadStatus        mlt_lcd.o
    0x080010ec   0x080010ec   0x00000002   Code   RO          149    i.SSP1_IRQHandler   1986be9x_it.o
    0x080010ee   0x080010ee   0x00000002   PAD
    0x080010f0   0x080010f0   0x00000058   Code   RO          468    i.SSP2StructInit    ssp_main.o
    0x08001148   0x08001148   0x00000002   Code   RO          150    i.SSP2_IRQHandler   1986be9x_it.o
    0x0800114a   0x0800114a   0x00000002   PAD
    0x0800114c   0x0800114c   0x00000058   Code   RO            8    i.SSPTest           main.o
    0x080011a4   0x080011a4   0x0000003c   Code   RO         1113    i.SSP_BRGInit       mdr32f9qx_ssp.o
    0x080011e0   0x080011e0   0x00000018   Code   RO         1115    i.SSP_Cmd           mdr32f9qx_ssp.o
    0x080011f8   0x080011f8   0x00000012   Code   RO         1117    i.SSP_DeInit        mdr32f9qx_ssp.o
    0x0800120a   0x0800120a   0x00000010   Code   RO         1118    i.SSP_GetFlagStatus  mdr32f9qx_ssp.o
    0x0800121a   0x0800121a   0x00000026   Code   RO         1122    i.SSP_Init          mdr32f9qx_ssp.o
    0x08001240   0x08001240   0x00000004   Code   RO         1124    i.SSP_SendData      mdr32f9qx_ssp.o
    0x08001244   0x08001244   0x0000001c   Code   RO         1125    i.SSP_StructInit    mdr32f9qx_ssp.o
    0x08001260   0x08001260   0x00000002   Code   RO          151    i.SVC_Handler       1986be9x_it.o
    0x08001262   0x08001262   0x00000002   PAD
    0x08001264   0x08001264   0x000000d0   Code   RO          509    i.SetAdress         mlt_lcd.o
    0x08001334   0x08001334   0x00000044   Code   RO          510    i.SetDataBits       mlt_lcd.o
    0x08001378   0x08001378   0x000000d0   Code   RO          511    i.SetPage           mlt_lcd.o
    0x08001448   0x08001448   0x00000032   Code   RO          330    i.Setup_CPU_Clock   usb_main.o
    0x0800147a   0x0800147a   0x00000002   PAD
    0x0800147c   0x0800147c   0x00000054   Code   RO          331    i.Setup_USB         usb_main.o
    0x080014d0   0x080014d0   0x00000002   Code   RO          152    i.SysTick_Handler   1986be9x_it.o
    0x080014d2   0x080014d2   0x00000002   PAD
    0x080014d4   0x080014d4   0x00000090   Code   RO          617    i.SystemCoreClockUpdate  system_mdr32f9qx.o
    0x08001564   0x08001564   0x00000040   Code   RO          618    i.SystemInit        system_mdr32f9qx.o
    0x080015a4   0x080015a4   0x00000050   Code   RO            9    i.Tim1Setup         main.o
    0x080015f4   0x080015f4   0x000003c4   Code   RO          153    i.Timer1_IRQHandler  1986be9x_it.o
    0x080019b8   0x080019b8   0x00000002   Code   RO          154    i.Timer2_IRQHandler  1986be9x_it.o
    0x080019ba   0x080019ba   0x00000002   Code   RO          155    i.Timer3_IRQHandler  1986be9x_it.o
    0x080019bc   0x080019bc   0x00000002   Code   RO          156    i.UART1_IRQHandler  1986be9x_it.o
    0x080019be   0x080019be   0x00000002   Code   RO          157    i.UART2_IRQHandler  1986be9x_it.o
    0x080019c0   0x080019c0   0x0000003c   Code   RO         1558    i.UART_BRGInit      mdr32f9qx_uart.o
    0x080019fc   0x080019fc   0x00000018   Code   RO         1561    i.UART_Cmd          mdr32f9qx_uart.o
    0x08001a14   0x08001a14   0x00000010   Code   RO         1565    i.UART_GetFlagStatus  mdr32f9qx_uart.o
    0x08001a24   0x08001a24   0x000000b0   Code   RO         1569    i.UART_Init         mdr32f9qx_uart.o
    0x08001ad4   0x08001ad4   0x00000006   Code   RO         1573    i.UART_SendData     mdr32f9qx_uart.o
    0x08001ada   0x08001ada   0x00000002   PAD
    0x08001adc   0x08001adc   0x000000a0   Code   RO           10    i.USBTest           main.o
    0x08001b7c   0x08001b7c   0x0000003c   Code   RO         1674    i.USB_BRGInit       mdr32f9qx_usb.o
    0x08001bb8   0x08001bb8   0x000000a0   Code   RO         2051    i.USB_CDC_ClassRequest  mdr32f9qx_usb_cdc.o
    0x08001c58   0x08001c58   0x00000040   Code   RO         2052    i.USB_CDC_DoDataOut  mdr32f9qx_usb_cdc.o
    0x08001c98   0x08001c98   0x00000064   Code   RO         2057    i.USB_CDC_GetDescriptor  mdr32f9qx_usb_cdc.o
    0x08001cfc   0x08001cfc   0x00000018   Code   RO          332    i.USB_CDC_GetLineCoding  usb_main.o
    0x08001d14   0x08001d14   0x0000002c   Code   RO         2058    i.USB_CDC_Init      mdr32f9qx_usb_cdc.o
    0x08001d40   0x08001d40   0x00000044   Code   RO         2059    i.USB_CDC_OnDataReceive  mdr32f9qx_usb_cdc.o
    0x08001d84   0x08001d84   0x00000010   Code   RO         2060    i.USB_CDC_OnDataSent  mdr32f9qx_usb_cdc.o
    0x08001d94   0x08001d94   0x00000014   Code   RO          333    i.USB_CDC_RecieveData  usb_main.o
    0x08001da8   0x08001da8   0x0000004c   Code   RO         2063    i.USB_CDC_Reset     mdr32f9qx_usb_cdc.o
    0x08001df4   0x08001df4   0x00000030   Code   RO         2064    i.USB_CDC_SendData  mdr32f9qx_usb_cdc.o
    0x08001e24   0x08001e24   0x0000001c   Code   RO          334    i.USB_CDC_SetLineCoding  usb_main.o
    0x08001e40   0x08001e40   0x00000010   Code   RO         2065    i.USB_CDC_SetReceiveBuffer  mdr32f9qx_usb_cdc.o
    0x08001e50   0x08001e50   0x0000001a   Code   RO         2158    i.USB_DeviceClearFeature  mdr32f9qx_usb_device.o
    0x08001e6a   0x08001e6a   0x00000002   PAD
    0x08001e6c   0x08001e6c   0x00000084   Code   RO         2159    i.USB_DeviceDispatchEvent  mdr32f9qx_usb_device.o
    0x08001ef0   0x08001ef0   0x00000016   Code   RO         2161    i.USB_DeviceDoStatusOutAck  mdr32f9qx_usb_device.o
    0x08001f06   0x08001f06   0x00000002   PAD
    0x08001f08   0x08001f08   0x00000058   Code   RO         2174    i.USB_DeviceInit    mdr32f9qx_usb_device.o
    0x08001f60   0x08001f60   0x00000018   Code   RO         2176    i.USB_DevicePowerOn  mdr32f9qx_usb_device.o
    0x08001f78   0x08001f78   0x00000010   Code   RO         2177    i.USB_DeviceReset   mdr32f9qx_usb_device.o
    0x08001f88   0x08001f88   0x0000001c   Code   RO         2179    i.USB_DeviceSetFeature  mdr32f9qx_usb_device.o
    0x08001fa4   0x08001fa4   0x00000268   Code   RO         2180    i.USB_DeviceSetupPacket  mdr32f9qx_usb_device.o
    0x0800220c   0x0800220c   0x00000028   Code   RO         2182    i.USB_Device_setAddressWork  mdr32f9qx_usb_device.o
    0x08002234   0x08002234   0x00000040   Code   RO         2183    i.USB_EP_Idle       mdr32f9qx_usb_device.o
    0x08002274   0x08002274   0x00000048   Code   RO         2184    i.USB_EP_Init       mdr32f9qx_usb_device.o
    0x080022bc   0x080022bc   0x0000002c   Code   RO         2186    i.USB_EP_SetReady   mdr32f9qx_usb_device.o
    0x080022e8   0x080022e8   0x00000044   Code   RO         2187    i.USB_EP_Stall      mdr32f9qx_usb_device.o
    0x0800232c   0x0800232c   0x00000250   Code   RO         2188    i.USB_EP_dispatchEvent  mdr32f9qx_usb_device.o
    0x0800257c   0x0800257c   0x0000004c   Code   RO         2189    i.USB_EP_doDataIn   mdr32f9qx_usb_device.o
    0x080025c8   0x080025c8   0x0000003c   Code   RO         2190    i.USB_EP_doDataOut  mdr32f9qx_usb_device.o
    0x08002604   0x08002604   0x0000007c   Code   RO         2191    i.USB_EP_sendInDataPortion  mdr32f9qx_usb_device.o
    0x08002680   0x08002680   0x00000040   Code   RO         2192    i.USB_EP_setSetupHandler  mdr32f9qx_usb_device.o
    0x080026c0   0x080026c0   0x00000010   Code   RO         1699    i.USB_GetSEPxCTRL   mdr32f9qx_usb.o
    0x080026d0   0x080026d0   0x00000010   Code   RO         1702    i.USB_GetSEPxRXFD   mdr32f9qx_usb.o
    0x080026e0   0x080026e0   0x00000010   Code   RO         1703    i.USB_GetSEPxRXFDC  mdr32f9qx_usb.o
    0x080026f0   0x080026f0   0x00000010   Code   RO         1704    i.USB_GetSEPxSTS    mdr32f9qx_usb.o
    0x08002700   0x08002700   0x00000010   Code   RO         1705    i.USB_GetSEPxTS     mdr32f9qx_usb.o
    0x08002710   0x08002710   0x0000000c   Code   RO         1710    i.USB_GetSIS        mdr32f9qx_usb.o
    0x0800271c   0x0800271c   0x00000008   Code   RO         2193    i.USB_IRQHandler    mdr32f9qx_usb_device.o
    0x08002724   0x08002724   0x0000001e   Code   RO         1712    i.USB_Reset         mdr32f9qx_usb.o
    0x08002742   0x08002742   0x00000002   PAD
    0x08002744   0x08002744   0x0000001c   Code   RO         1713    i.USB_SEPxToggleEPDATASEQ  mdr32f9qx_usb.o
    0x08002760   0x08002760   0x00000020   Code   RO         1717    i.USB_SetHSCR       mdr32f9qx_usb.o
    0x08002780   0x08002780   0x0000000c   Code   RO         1726    i.USB_SetSA         mdr32f9qx_usb.o
    0x0800278c   0x0800278c   0x00000020   Code   RO         1727    i.USB_SetSC         mdr32f9qx_usb.o
    0x080027ac   0x080027ac   0x0000002c   Code   RO         1728    i.USB_SetSEPxCTRL   mdr32f9qx_usb.o
    0x080027d8   0x080027d8   0x00000010   Code   RO         1729    i.USB_SetSEPxRXFC   mdr32f9qx_usb.o
    0x080027e8   0x080027e8   0x00000010   Code   RO         1730    i.USB_SetSEPxTXFD   mdr32f9qx_usb.o
    0x080027f8   0x080027f8   0x00000010   Code   RO         1731    i.USB_SetSEPxTXFDC  mdr32f9qx_usb.o
    0x08002808   0x08002808   0x00000020   Code   RO         1732    i.USB_SetSIM        mdr32f9qx_usb.o
    0x08002828   0x08002828   0x0000000c   Code   RO         1733    i.USB_SetSIS        mdr32f9qx_usb.o
    0x08002834   0x08002834   0x00000020   Code   RO          335    i.USB_main          usb_main.o
    0x08002854   0x08002854   0x00000044   Code   RO          408    i.Uart2PinCfg       uart_main.o
    0x08002898   0x08002898   0x0000004c   Code   RO          409    i.Uart2Setup        uart_main.o
    0x080028e4   0x080028e4   0x00000064   Code   RO           11    i.UartTest          main.o
    0x08002948   0x08002948   0x00000004   Code   RO          158    i.UsageFault_Handler  1986be9x_it.o
    0x0800294c   0x0800294c   0x00000018   Code   RO          336    i.VCom_Configuration  usb_main.o
    0x08002964   0x08002964   0x00000002   Code   RO          159    i.WWDG_IRQHandler   1986be9x_it.o
    0x08002966   0x08002966   0x00000002   PAD
    0x08002968   0x08002968   0x000000d0   Code   RO          512    i.WriteData         mlt_lcd.o
    0x08002a38   0x08002a38   0x00000214   Code   RO           12    i.main              main.o
    0x08002c4c   0x08002c4c   0x00000020   Data   RO         2556    Region$$Table       anon$$obj.o


    Execution Region ER_RW (Exec base: 0x20000000, Load base: 0x08002c6c, Size: 0x000008a4, Max: 0xffffffff, ABSOLUTE, COMPRESSED[0x00000480])

    Exec Addr    Load Addr    Size         Type   Attr      Idx    E Section Name        Object

    0x20000000   COMPRESSED   0x00000018   Data   RW           14    .data               main.o
    0x20000018   COMPRESSED   0x000007fc   Data   RW          160    .data               1986be9x_it.o
    0x20000814   COMPRESSED   0x00000010   Data   RW          338    .data               usb_main.o
    0x20000824   COMPRESSED   0x00000009   Data   RW          439    .data               can_main.o
    0x2000082d   COMPRESSED   0x00000003   PAD
    0x20000830   COMPRESSED   0x00000004   Data   RW          619    .data               system_mdr32f9qx.o
    0x20000834   COMPRESSED   0x00000060   Data   RW         2067    .data               mdr32f9qx_usb_cdc.o
    0x20000894   COMPRESSED   0x00000010   Data   RW         2195    .data               mdr32f9qx_usb_device.o


    Execution Region ER_ZI (Exec base: 0x200008a4, Load base: 0x080030ec, Size: 0x000007dc, Max: 0xffffffff, ABSOLUTE)

    Exec Addr    Load Addr    Size         Type   Attr      Idx    E Section Name        Object

    0x200008a4        -       0x0000000c   Zero   RW           13    .bss                main.o
    0x200008b0        -       0x00000070   Zero   RW          337    .bss                usb_main.o
    0x20000920        -       0x0000001c   Zero   RW          410    .bss                uart_main.o
    0x2000093c        -       0x0000001c   Zero   RW          469    .bss                ssp_main.o
    0x20000958        -       0x0000000c   Zero   RW         2066    .bss                mdr32f9qx_usb_cdc.o
    0x20000964        -       0x000000bc   Zero   RW         2194    .bss                mdr32f9qx_usb_device.o
    0x20000a20        -       0x00000060   Zero   RW         2430    .bss                c_w.l(libspace.o)
    0x20000a80        -       0x00000200   Zero   RW          609    HEAP                startup_mdr32f9qx.o
    0x20000c80        -       0x00000400   Zero   RW          608    STACK               startup_mdr32f9qx.o


==============================================================================

Image component sizes


      Code (inc. data)   RO Data    RW Data    ZI Data      Debug   Object Name

      1028        158          0       2044          0      23901   1986be9x_it.o
       292         12          0          9          0       2432   can_main.o
      1248        172          0         24         12      90441   main.o
       434          8          0          0          0       7911   mdr32f9qx_can.o
       528         18          0          0          0       3804   mdr32f9qx_port.o
      1120         64          0          0          0      12452   mdr32f9qx_rst_clk.o
       188         12          0          0          0       5328   mdr32f9qx_ssp.o
       282         26          0          0          0       5039   mdr32f9qx_uart.o
       422        102          0          0          0      12530   mdr32f9qx_usb.o
       592         80          0         96         12       8692   mdr32f9qx_usb_cdc.o
      2164        124          0         16        188      45845   mdr32f9qx_usb_device.o
      1646         98          0          0          0       8463   mlt_lcd.o
       144         20          0          0         28       1358   ssp_main.o
        64         26        192          0       1536        820   startup_mdr32f9qx.o
       208         24          0          4          0       1471   system_mdr32f9qx.o
       144         18          0          0         28       1187   uart_main.o
       262         26          0         16        112      50687   usb_main.o

    ----------------------------------------------------------------------
     10798        988        224       2212       1916     282361   Object Totals
         0          0         32          0          0          0   (incl. Generated)
        32          0          0          3          0          0   (incl. Padding)

    ----------------------------------------------------------------------

      Code (inc. data)   RO Data    RW Data    ZI Data      Debug   Library Member Name

       100          0          0          0          0          0   __dclz77c.o
         8          0          0          0          0         68   __main.o
         0          0          0          0          0          0   __rtentry.o
        12          0          0          0          0          0   __rtentry2.o
         6          0          0          0          0          0   __rtentry4.o
        52          8          0          0          0          0   __scatter.o
        28          0          0          0          0          0   __scatter_zi.o
        18          0          0          0          0         80   exit.o
         6          0          0          0          0        152   heapauxi.o
         0          0          0          0          0          0   indicate_semi.o
         2          0          0          0          0          0   libinit.o
         2          0          0          0          0          0   libinit2.o
         2          0          0          0          0          0   libshutdown.o
         2          0          0          0          0          0   libshutdown2.o
         8          4          0          0         96         68   libspace.o
         2          0          0          0          0          0   rtexit.o
        10          0          0          0          0          0   rtexit2.o
        12          4          0          0          0         68   sys_exit.o
        74          0          0          0          0         80   sys_stackheap_outer.o
         2          0          0          0          0         68   use_no_semi.o

    ----------------------------------------------------------------------
       350         16          0          0         96        584   Library Totals
         4          0          0          0          0          0   (incl. Padding)

    ----------------------------------------------------------------------

      Code (inc. data)   RO Data    RW Data    ZI Data      Debug   Library Name

       346         16          0          0         96        584   c_w.l

    ----------------------------------------------------------------------
       350         16          0          0         96        584   Library Totals

    ----------------------------------------------------------------------

==============================================================================


      Code (inc. data)   RO Data    RW Data    ZI Data      Debug   

     11148       1004        224       2212       2012     275245   Grand Totals
     11148       1004        224       1152       2012     275245   ELF Image Totals (compressed)
     11148       1004        224       1152          0          0   ROM Totals

==============================================================================

    Total RO  Size (Code + RO Data)                11372 (  11.11kB)
    Total RW  Size (RW Data + ZI Data)              4224 (   4.13kB)
    Total ROM Size (Code + RO Data + RW Data)      12524 (  12.23kB)

==============================================================================

