Component: ARM Compiler 5.06 update 6 (build 750) Tool: armlink [4d35ed]

==============================================================================

Section Cross References

    main.o(i.BlinkLED1) refers to main.o(i.LEDOn) for LEDOn
    main.o(i.BlinkLED1) refers to main.o(i.Delay) for Delay
    main.o(i.BlinkLED1) refers to main.o(i.LEDOff) for LEDOff
    main.o(i.ButtonPinGfg) refers to mdr32f9qx_port.o(i.PORT_Init) for PORT_Init
    main.o(i.ButtonPinGfg) refers to main.o(.bss) for PortInit
    main.o(i.CanTest) refers to can_main.o(i.CAN_ports_ini) for CAN_ports_ini
    main.o(i.CanTest) refers to can_main.o(i.CAN_Setup) for CAN_Setup
    main.o(i.CanTest) refers to mdr32f9qx_can.o(i.CAN_Transmit) for CAN_Transmit
    main.o(i.CanTest) refers to mdr32f9qx_port.o(i.PORT_ReadInputDataBit) for PORT_ReadInputDataBit
    main.o(i.CanTest) refers to main.o(.data) for tx_buf
    main.o(i.LEDOff) refers to mdr32f9qx_port.o(i.PORT_ResetBits) for PORT_ResetBits
    main.o(i.LEDOn) refers to mdr32f9qx_port.o(i.PORT_SetBits) for PORT_SetBits
    main.o(i.LedPinGfg) refers to mdr32f9qx_port.o(i.PORT_Init) for PORT_Init
    main.o(i.LedPinGfg) refers to main.o(.bss) for PortInit
    main.o(i.MltPinCfg) refers to mdr32f9qx_port.o(i.PORT_Init) for PORT_Init
    main.o(i.MltPinCfg) refers to main.o(.bss) for PortInit
    main.o(i.Tim1Setup) refers to mdr32f9qx_rst_clk.o(i.RST_CLK_PCLKcmd) for RST_CLK_PCLKcmd
    main.o(i.USBTest) refers to usb_main.o(i.USB_main) for USB_main
    main.o(i.USBTest) refers to mdr32f9qx_port.o(i.PORT_ReadInputDataBit) for PORT_ReadInputDataBit
    main.o(i.UartTest) refers to uart_main.o(i.Uart2PinCfg) for Uart2PinCfg
    main.o(i.UartTest) refers to uart_main.o(i.Uart2Setup) for Uart2Setup
    main.o(i.UartTest) refers to mdr32f9qx_port.o(i.PORT_ReadInputDataBit) for PORT_ReadInputDataBit
    main.o(i.UartTest) refers to mdr32f9qx_uart.o(i.UART_GetFlagStatus) for UART_GetFlagStatus
    main.o(i.UartTest) refers to mdr32f9qx_uart.o(i.UART_SendData) for UART_SendData
    main.o(i.UartTest) refers to main.o(.data) for TestUartDone
    main.o(i.main) refers to mdr32f9qx_rst_clk.o(i.RST_CLK_LSEconfig) for RST_CLK_LSEconfig
    main.o(i.main) refers to mdr32f9qx_rst_clk.o(i.RST_CLK_LSEstatus) for RST_CLK_LSEstatus
    main.o(i.main) refers to mdr32f9qx_rst_clk.o(i.RST_CLK_HSEconfig) for RST_CLK_HSEconfig
    main.o(i.main) refers to mdr32f9qx_rst_clk.o(i.RST_CLK_HSEstatus) for RST_CLK_HSEstatus
    main.o(i.main) refers to mdr32f9qx_rst_clk.o(i.RST_CLK_PCLKcmd) for RST_CLK_PCLKcmd
    main.o(i.main) refers to main.o(i.MltPinCfg) for MltPinCfg
    main.o(i.main) refers to main.o(i.ButtonPinGfg) for ButtonPinGfg
    main.o(i.main) refers to mlt_lcd.o(i.LcdInit) for LcdInit
    main.o(i.main) refers to mlt_lcd.o(i.ReadStatus) for ReadStatus
    main.o(i.main) refers to mlt_lcd.o(i.DispOn) for DispOn
    main.o(i.main) refers to mlt_lcd.o(i.LcdClearChip) for LcdClearChip
    main.o(i.main) refers to main.o(i.Tim1Setup) for Tim1Setup
    main.o(i.main) refers to mdr32f9qx_port.o(i.PORT_ReadInputDataBit) for PORT_ReadInputDataBit
    main.o(i.main) refers to main.o(i.CanTest) for CanTest
    main.o(i.main) refers to main.o(i.UartTest) for UartTest
    main.o(i.main) refers to main.o(i.USBTest) for USBTest
    main.o(i.main) refers to main.o(.data) for MenuMainItem
    1986be9x_it.o(i.Timer1_IRQHandler) refers to mlt_lcd.o(i.LcdPutChar) for LcdPutChar
    1986be9x_it.o(i.Timer1_IRQHandler) refers to mlt_lcd.o(i.LcdScrollString) for LcdScrollString
    1986be9x_it.o(i.Timer1_IRQHandler) refers to mlt_lcd.o(i.LcdPutString) for LcdPutString
    1986be9x_it.o(i.Timer1_IRQHandler) refers to main.o(.data) for count_title
    1986be9x_it.o(i.Timer1_IRQHandler) refers to 1986be9x_it.o(.data) for cyr_SH
    usb_main.o(i.Setup_USB) refers to mdr32f9qx_rst_clk.o(i.RST_CLK_PCLKcmd) for RST_CLK_PCLKcmd
    usb_main.o(i.Setup_USB) refers to mdr32f9qx_usb_device.o(i.USB_DeviceInit) for USB_DeviceInit
    usb_main.o(i.Setup_USB) refers to mdr32f9qx_usb.o(i.USB_SetSIM) for USB_SetSIM
    usb_main.o(i.Setup_USB) refers to mdr32f9qx_usb_device.o(i.USB_DevicePowerOn) for USB_DevicePowerOn
    usb_main.o(i.Setup_USB) refers to mdr32f9qx_usb_cdc.o(i.USB_CDC_Reset) for USB_CDC_Reset
    usb_main.o(i.Setup_USB) refers to usb_main.o(.data) for USB_Clock_InitStruct
    usb_main.o(i.Setup_USB) refers to usb_main.o(.bss) for USB_DeviceBUSParam
    usb_main.o(i.USB_CDC_GetLineCoding) refers to usb_main.o(.data) for LineCoding
    usb_main.o(i.USB_CDC_RecieveData) refers to mdr32f9qx_usb_cdc.o(i.USB_CDC_SendData) for USB_CDC_SendData
    usb_main.o(i.USB_CDC_SetLineCoding) refers to usb_main.o(.data) for LineCoding
    usb_main.o(i.USB_main) refers to usb_main.o(i.VCom_Configuration) for VCom_Configuration
    usb_main.o(i.USB_main) refers to mdr32f9qx_usb_cdc.o(i.USB_CDC_Init) for USB_CDC_Init
    usb_main.o(i.USB_main) refers to usb_main.o(i.Setup_USB) for Setup_USB
[...]
    UART_main.c                              0x00000000   Number         0  uart_main.o ABSOLUTE
    USB_main.c                               0x00000000   Number         0  usb_main.o ABSOLUTE
    USB_main.c                               0x00000000   Number         0  usb_main.o ABSOLUTE
    dc.s                                     0x00000000   Number         0  dc.o ABSOLUTE
    main.c                                   0x00000000   Number         0  main.o ABSOLUTE
    main.c                                   0x00000000   Number         0  main.o ABSOLUTE
    mlt\\mlt_lcd.c                           0x00000000   Number         0  mlt_lcd.o ABSOLUTE
    mlt\mlt_lcd.c                            0x00000000   Number         0  mlt_lcd.o ABSOLUTE
    RESET                                    0x08000000   Section      192  startup_mdr32f9qx.o(RESET)
    !!!main                                  0x080000c0   Section        8  __main.o(!!!main)
    !!!scatter                               0x080000c8   Section       52  __scatter.o(!!!scatter)
    !!dclz77c                                0x080000fc   Section      100  __dclz77c.o(!!dclz77c)
    !!handler_zi                             0x08000160   Section       28  __scatter_zi.o(!!handler_zi)
    .ARM.Collect$$libinit$$00000000          0x0800017c   Section        2  libinit.o(.ARM.Collect$$libinit$$00000000)
    .ARM.Collect$$libinit$$00000002          0x0800017e   Section        0  libinit2.o(.ARM.Collect$$libinit$$00000002)
    .ARM.Collect$$libinit$$00000004          0x0800017e   Section        0  libinit2.o(.ARM.Collect$$libinit$$00000004)
    .ARM.Collect$$libinit$$0000000A          0x0800017e   Section        0  libinit2.o(.ARM.Collect$$libinit$$0000000A)
    .ARM.Collect$$libinit$$0000000C          0x0800017e   Section        0  libinit2.o(.ARM.Collect$$libinit$$0000000C)
    .ARM.Collect$$libinit$$0000000E          0x0800017e   Section        0  libinit2.o(.ARM.Collect$$libinit$$0000000E)
    .ARM.Collect$$libinit$$00000011          0x0800017e   Section        0  libinit2.o(.ARM.Collect$$libinit$$00000011)
    .ARM.Collect$$libinit$$00000013          0x0800017e   Section        0  libinit2.o(.ARM.Collect$$libinit$$00000013)
    .ARM.Collect$$libinit$$00000015          0x0800017e   Section        0  libinit2.o(.ARM.Collect$$libinit$$00000015)
    .ARM.Collect$$libinit$$00000017          0x0800017e   Section        0  libinit2.o(.ARM.Collect$$libinit$$00000017)
    .ARM.Collect$$libinit$$00000019          0x0800017e   Section        0  libinit2.o(.ARM.Collect$$libinit$$00000019)
    .ARM.Collect$$libinit$$0000001B          0x0800017e   Section        0  libinit2.o(.ARM.Collect$$libinit$$0000001B)
    .ARM.Collect$$libinit$$0000001D          0x0800017e   Section        0  libinit2.o(.ARM.Collect$$libinit$$0000001D)
    .ARM.Collect$$libinit$$0000001F          0x0800017e   Section        0  libinit2.o(.ARM.Collect$$libinit$$0000001F)
    .ARM.Collect$$libinit$$00000021          0x0800017e   Section        0  libinit2.o(.ARM.Collect$$libinit$$00000021)
    .ARM.Collect$$libinit$$00000023          0x0800017e   Section        0  libinit2.o(.ARM.Collect$$libinit$$00000023)
    .ARM.Collect$$libinit$$00000025          0x0800017e   Section        0  libinit2.o(.ARM.Collect$$libinit$$00000025)
    .ARM.Collect$$libinit$$0000002C          0x0800017e   Section        0  libinit2.o(.ARM.Collect$$libinit$$0000002C)
    .ARM.Collect$$libinit$$0000002E          0x0800017e   Section        0  libinit2.o(.ARM.Collect$$libinit$$0000002E)
    .ARM.Collect$$libinit$$00000030          0x0800017e   Section        0  libinit2.o(.ARM.Collect$$libinit$$00000030)
    .ARM.Collect$$libinit$$00000032          0x0800017e   Section        0  libinit2.o(.ARM.Collect$$libinit$$00000032)
    .ARM.Collect$$libinit$$00000033          0x0800017e   Section        2  libinit2.o(.ARM.Collect$$libinit$$00000033)
    .ARM.Collect$$libshutdown$$00000000      0x08000180   Section        2  libshutdown.o(.ARM.Collect$$libshutdown$$00000000)
    .ARM.Collect$$libshutdown$$00000002      0x08000182   Section        0  libshutdown2.o(.ARM.Collect$$libshutdown$$00000002)
    .ARM.Collect$$libshutdown$$00000004      0x08000182   Section        0  libshutdown2.o(.ARM.Collect$$libshutdown$$00000004)
    .ARM.Collect$$libshutdown$$00000007      0x08000182   Section        0  libshutdown2.o(.ARM.Collect$$libshutdown$$00000007)
    .ARM.Collect$$libshutdown$$0000000A      0x08000182   Section        0  libshutdown2.o(.ARM.Collect$$libshutdown$$0000000A)
    .ARM.Collect$$libshutdown$$0000000C      0x08000182   Section        0  libshutdown2.o(.ARM.Collect$$libshutdown$$0000000C)
    .ARM.Collect$$libshutdown$$0000000F      0x08000182   Section        0  libshutdown2.o(.ARM.Collect$$libshutdown$$0000000F)
    .ARM.Collect$$libshutdown$$00000010      0x08000182   Section        2  libshutdown2.o(.ARM.Collect$$libshutdown$$00000010)
    .ARM.Collect$$rtentry$$00000000          0x08000184   Section        0  __rtentry.o(.ARM.Collect$$rtentry$$00000000)
    .ARM.Collect$$rtentry$$00000002          0x08000184   Section        0  __rtentry2.o(.ARM.Collect$$rtentry$$00000002)
    .ARM.Collect$$rtentry$$00000004          0x08000184   Section        6  __rtentry4.o(.ARM.Collect$$rtentry$$00000004)
    .ARM.Collect$$rtentry$$00000009          0x0800018a   Section        0  __rtentry2.o(.ARM.Collect$$rtentry$$00000009)
    .ARM.Collect$$rtentry$$0000000A          0x0800018a   Section        4  __rtentry2.o(.ARM.Collect$$rtentry$$0000000A)
    .ARM.Collect$$rtentry$$0000000C          0x0800018e   Section        0  __rtentry2.o(.ARM.Collect$$rtentry$$0000000C)
    .ARM.Collect$$rtentry$$0000000D          0x0800018e   Section        8  __rtentry2.o(.ARM.Collect$$rtentry$$0000000D)
    .ARM.Collect$$rtexit$$00000000           0x08000196   Section        2  rtexit.o(.ARM.Collect$$rtexit$$00000000)
    .ARM.Collect$$rtexit$$00000002           0x08000198   Section        0  rtexit2.o(.ARM.Collect$$rtexit$$00000002)
    .ARM.Collect$$rtexit$$00000003           0x08000198   Section        4  rtexit2.o(.ARM.Collect$$rtexit$$00000003)
    .ARM.Collect$$rtexit$$00000004           0x0800019c   Section        6  rtexit2.o(.ARM.Collect$$rtexit$$00000004)
    .text                                    0x080001a4   Section       64  startup_mdr32f9qx.o(.text)
    .text                                    0x080001e4   Section        0  heapauxi.o(.text)
    .text                                    0x080001ea   Section       74  sys_stackheap_outer.o(.text)
    .text                                    0x08000234   Section        0  exit.o(.text)
    .text                                    0x08000248   Section        8  libspace.o(.text)
    .text                                    0x08000250   Section        0  sys_exit.o(.text)
    .text                                    0x0800025c   Section        2  use_no_semi.o(.text)
    .text                                    0x0800025e   Section        0  indicate_semi.o(.text)
    i.ADC_IRQHandler                         0x0800025e   Section        0  1986be9x_it.o(i.ADC_IRQHandler)
    i.BACKUP_IRQHandler                      0x08000260   Section        0  1986be9x_it.o(i.BACKUP_IRQHandler)
    i.BusFault_Handler                       0x08000262   Section        0  1986be9x_it.o(i.BusFault_Handler)
    i.ButtonPinGfg                           0x08000268   Section        0  main.o(i.ButtonPinGfg)
    i.CAN1_IRQHandler                        0x080002ac   Section        0  1986be9x_it.o(i.CAN1_IRQHandler)
    i.CAN2_IRQHandler                        0x080002ae   Section        0  1986be9x_it.o(i.CAN2_IRQHandler)
    i.CAN_BRGInit                            0x080002b0   Section        0  mdr32f9qx_can.o(i.CAN_BRGInit)
    i.CAN_Cmd                                0x080002e8   Section        0  mdr32f9qx_can.o(i.CAN_Cmd)
    i.CAN_DeInit                             0x080002fc   Section        0  mdr32f9qx_can.o(i.CAN_DeInit)
    i.CAN_ITConfig                           0x08000326   Section        0  mdr32f9qx_can.o(i.CAN_ITConfig)
    i.CAN_Init                               0x08000338   Section        0  mdr32f9qx_can.o(i.CAN_Init)
    i.CAN_Receive                            0x0800039a   Section        0  mdr32f9qx_can.o(i.CAN_Receive)
    i.CAN_RxITConfig                         0x080003b0   Section        0  mdr32f9qx_can.o(i.CAN_RxITConfig)
    i.CAN_Setup                              0x080003c8   Section        0  can_main.o(i.CAN_Setup)
    i.CAN_StructInit                         0x0800048c   Section        0  mdr32f9qx_can.o(i.CAN_StructInit)
    i.CAN_Transmit                           0x080004b2   Section        0  mdr32f9qx_can.o(i.CAN_Transmit)
    i.CAN_TxITConfig                         0x08000512   Section        0  mdr32f9qx_can.o(i.CAN_TxITConfig)
    i.CAN_ports_ini                          0x08000528   Section        0  can_main.o(i.CAN_ports_ini)
    i.COMPARATOR_IRQHandler                  0x08000580   Section        0  1986be9x_it.o(i.COMPARATOR_IRQHandler)
    i.CanTest                                0x08000584   Section        0  main.o(i.CanTest)
    i.DMA_IRQHandler                         0x080005f8   Section        0  1986be9x_it.o(i.DMA_IRQHandler)
    i.DebugMon_Handler                       0x080005fa   Section        0  1986be9x_it.o(i.DebugMon_Handler)
    i.DispOn                                 0x080005fc   Section        0  mlt_lcd.o(i.DispOn)
    i.EXT_INT1_IRQHandler                    0x080006c8   Section        0  1986be9x_it.o(i.EXT_INT1_IRQHandler)
    i.EXT_INT2_IRQHandler                    0x080006ca   Section        0  1986be9x_it.o(i.EXT_INT2_IRQHandler)
    i.EXT_INT3_IRQHandler                    0x080006cc   Section        0  1986be9x_it.o(i.EXT_INT3_IRQHandler)
    i.EXT_INT4_IRQHandler                    0x080006ce   Section        0  1986be9x_it.o(i.EXT_INT4_IRQHandler)
    i.HardFault_Handler                      0x080006d0   Section        0  1986be9x_it.o(i.HardFault_Handler)
    i.I2C_IRQHandler                         0x080006d4   Section        0  1986be9x_it.o(i.I2C_IRQHandler)
    i.LcdClearChip                           0x080006d6   Section        0  mlt_lcd.o(i.LcdClearChip)
    i.LcdClearPage                           0x080006ee   Section        0  mlt_lcd.o(i.LcdClearPage)
    i.LcdInit                                0x08000730   Section        0  mlt_lcd.o(i.LcdInit)
    i.LcdPutChar                             0x08000770   Section        0  mlt_lcd.o(i.LcdPutChar)
    i.LcdPutString                           0x080007d8   Section        0  mlt_lcd.o(i.LcdPutString)
    i.LcdScrollString                        0x08000870   Section        0  mlt_lcd.o(i.LcdScrollString)
    i.MemManage_Handler                      0x080008f2   Section        0  1986be9x_it.o(i.MemManage_Handler)
    i.MltDelay                               0x080008f6   Section        0  mlt_lcd.o(i.MltDelay)
    i.MltPinCfg                              0x08000904   Section        0  main.o(i.MltPinCfg)
    i.NMI_Handler                            0x0800096c   Section        0  1986be9x_it.o(i.NMI_Handler)
    i.PORT_Init                              0x08000970   Section        0  mdr32f9qx_port.o(i.PORT_Init)
    i.PORT_ReadInputDataBit                  0x08000b38   Section        0  mdr32f9qx_port.o(i.PORT_ReadInputDataBit)
    i.PORT_ResetBits                         0x08000b48   Section        0  mdr32f9qx_port.o(i.PORT_ResetBits)
    i.PORT_SetBits                           0x08000b64   Section        0  mdr32f9qx_port.o(i.PORT_SetBits)
    i.POWER_IRQHandler                       0x08000b80   Section        0  1986be9x_it.o(i.POWER_IRQHandler)
    i.PendSV_Handler                         0x08000b82   Section        0  1986be9x_it.o(i.PendSV_Handler)
    i.RST_CLK_CPU_PLLconfig                  0x08000b84   Section        0  mdr32f9qx_rst_clk.o(i.RST_CLK_CPU_PLLconfig)
    i.RST_CLK_GetClocksFreq                  0x08000bc4   Section        0  mdr32f9qx_rst_clk.o(i.RST_CLK_GetClocksFreq)
    i.RST_CLK_GetFlagStatus                  0x08000e38   Section        0  mdr32f9qx_rst_clk.o(i.RST_CLK_GetFlagStatus)
    i.RST_CLK_HSEconfig                      0x08000e6c   Section        0  mdr32f9qx_rst_clk.o(i.RST_CLK_HSEconfig)
    i.RST_CLK_HSEstatus                      0x08000ea8   Section        0  mdr32f9qx_rst_clk.o(i.RST_CLK_HSEstatus)
    i.RST_CLK_LSEconfig                      0x08000edc   Section        0  mdr32f9qx_rst_clk.o(i.RST_CLK_LSEconfig)
    i.RST_CLK_LSEstatus                      0x08000f18   Section        0  mdr32f9qx_rst_clk.o(i.RST_CLK_LSEstatus)
    i.RST_CLK_PCLKcmd                        0x08000f4c   Section        0  mdr32f9qx_rst_clk.o(i.RST_CLK_PCLKcmd)
    i.ReadStatus                             0x08000f6c   Section        0  mlt_lcd.o(i.ReadStatus)
    i.SSP1_IRQHandler                        0x08001034   Section        0  1986be9x_it.o(i.SSP1_IRQHandler)
    i.SSP2_IRQHandler                        0x08001036   Section        0  1986be9x_it.o(i.SSP2_IRQHandler)
    i.SVC_Handler                            0x08001038   Section        0  1986be9x_it.o(i.SVC_Handler)
    i.SetAdress                              0x0800103c   Section        0  mlt_lcd.o(i.SetAdress)
    i.SetDataBits                            0x0800110c   Section        0  mlt_lcd.o(i.SetDataBits)
    i.SetPage                                0x08001150   Section        0  mlt_lcd.o(i.SetPage)
    i.Setup_USB                              0x08001220   Section        0  usb_main.o(i.Setup_USB)
    Setup_USB                                0x08001221   Thumb Code    76  usb_main.o(i.Setup_USB)
    i.SysTick_Handler                        0x08001274   Section        0  1986be9x_it.o(i.SysTick_Handler)
    i.SystemCoreClockUpdate                  0x08001278   Section        0  system_mdr32f9qx.o(i.SystemCoreClockUpdate)
    i.SystemInit                             0x08001308   Section        0  system_mdr32f9qx.o(i.SystemInit)
    i.Tim1Setup                              0x08001348   Section        0  main.o(i.Tim1Setup)
    i.Timer1_IRQHandler                      0x08001398   Section        0  1986be9x_it.o(i.Timer1_IRQHandler)
    i.Timer2_IRQHandler                      0x08001764   Section        0  1986be9x_it.o(i.Timer2_IRQHandler)
    i.Timer3_IRQHandler                      0x08001766   Section        0  1986be9x_it.o(i.Timer3_IRQHandler)
    i.UART1_IRQHandler                       0x08001768   Section        0  1986be9x_it.o(i.UART1_IRQHandler)
    i.UART2_IRQHandler                       0x0800176a   Section        0  1986be9x_it.o(i.UART2_IRQHandler)
    i.UART_BRGInit                           0x0800176c   Section        0  mdr32f9qx_uart.o(i.UART_BRGInit)
    i.UART_Cmd                               0x080017a8   Section        0  mdr32f9qx_uart.o(i.UART_Cmd)
    i.UART_GetFlagStatus                     0x080017c0   Section        0  mdr32f9qx_uart.o(i.UART_GetFlagStatus)
    i.UART_Init                              0x080017d0   Section        0  mdr32f9qx_uart.o(i.UART_Init)
    i.UART_SendData                          0x08001880   Section        0  mdr32f9qx_uart.o(i.UART_SendData)
    i.USBTest                                0x08001888   Section        0  main.o(i.USBTest)
    i.USB_BRGInit                            0x080018ac   Section        0  mdr32f9qx_usb.o(i.USB_BRGInit)
    i.USB_CDC_ClassRequest                   0x080018e8   Section        0  mdr32f9qx_usb_cdc.o(i.USB_CDC_ClassRequest)
    i.USB_CDC_DoDataOut                      0x08001988   Section        0  mdr32f9qx_usb_cdc.o(i.USB_CDC_DoDataOut)
    USB_CDC_DoDataOut                        0x08001989   Thumb Code    60  mdr32f9qx_usb_cdc.o(i.USB_CDC_DoDataOut)
    i.USB_CDC_GetDescriptor                  0x080019c8   Section        0  mdr32f9qx_usb_cdc.o(i.USB_CDC_GetDescriptor)
    i.USB_CDC_GetLineCoding                  0x08001a2c   Section        0  usb_main.o(i.USB_CDC_GetLineCoding)
    i.USB_CDC_Init                           0x08001a44   Section        0  mdr32f9qx_usb_cdc.o(i.USB_CDC_Init)
    i.USB_CDC_OnDataReceive                  0x08001a70   Section        0  mdr32f9qx_usb_cdc.o(i.USB_CDC_OnDataReceive)
    USB_CDC_OnDataReceive                    0x08001a71   Thumb Code    58  mdr32f9qx_usb_cdc.o(i.USB_CDC_OnDataReceive)
    i.USB_CDC_OnDataSent                     0x08001ab4   Section        0  mdr32f9qx_usb_cdc.o(i.USB_CDC_OnDataSent)
    USB_CDC_OnDataSent                       0x08001ab5   Thumb Code    12  mdr32f9qx_usb_cdc.o(i.USB_CDC_OnDataSent)
    i.USB_CDC_RecieveData                    0x08001ac4   Section        0  usb_main.o(i.USB_CDC_RecieveData)
    i.USB_CDC_Reset                          0x08001ad8   Section        0  mdr32f9qx_usb_cdc.o(i.USB_CDC_Reset)
    i.USB_CDC_SendData                       0x08001b24   Section        0  mdr32f9qx_usb_cdc.o(i.USB_CDC_SendData)
    i.USB_CDC_SetLineCoding                  0x08001b54   Section        0  usb_main.o(i.USB_CDC_SetLineCoding)
    i.USB_CDC_SetReceiveBuffer               0x08001b70   Section        0  mdr32f9qx_usb_cdc.o(i.USB_CDC_SetReceiveBuffer)
    i.USB_DeviceClearFeature                 0x08001b80   Section        0  mdr32f9qx_usb_device.o(i.USB_DeviceClearFeature)
    i.USB_DeviceDispatchEvent                0x08001b9c   Section        0  mdr32f9qx_usb_device.o(i.USB_DeviceDispatchEvent)
    i.USB_DeviceDoStatusOutAck               0x08001c20   Section        0  mdr32f9qx_usb_device.o(i.USB_DeviceDoStatusOutAck)
    i.USB_DeviceInit                         0x08001c38   Section        0  mdr32f9qx_usb_device.o(i.USB_DeviceInit)
    i.USB_DevicePowerOn                      0x08001c90   Section        0  mdr32f9qx_usb_device.o(i.USB_DevicePowerOn)
    i.USB_DeviceReset                        0x08001ca8   Section        0  mdr32f9qx_usb_device.o(i.USB_DeviceReset)
    i.USB_DeviceSetFeature                   0x08001cb8   Section        0  mdr32f9qx_usb_device.o(i.USB_DeviceSetFeature)
    i.USB_DeviceSetupPacket                  0x08001cd4   Section        0  mdr32f9qx_usb_device.o(i.USB_DeviceSetupPacket)
    i.USB_Device_setAddressWork              0x08001f3c   Section        0  mdr32f9qx_usb_device.o(i.USB_Device_setAddressWork)
    USB_Device_setAddressWork                0x08001f3d   Thumb Code    36  mdr32f9qx_usb_device.o(i.USB_Device_setAddressWork)
    i.USB_EP_Idle                            0x08001f64   Section        0  mdr32f9qx_usb_device.o(i.USB_EP_Idle)
    i.USB_EP_Init                            0x08001fa4   Section        0  mdr32f9qx_usb_device.o(i.USB_EP_Init)
    i.USB_EP_SetReady                        0x08001fec   Section        0  mdr32f9qx_usb_device.o(i.USB_EP_SetReady)
    USB_EP_SetReady                          0x08001fed   Thumb Code    40  mdr32f9qx_usb_device.o(i.USB_EP_SetReady)
    i.USB_EP_Stall                           0x08002018   Section        0  mdr32f9qx_usb_device.o(i.USB_EP_Stall)
    i.USB_EP_dispatchEvent                   0x0800205c   Section        0  mdr32f9qx_usb_device.o(i.USB_EP_dispatchEvent)
    i.USB_EP_doDataIn                        0x080022ac   Section        0  mdr32f9qx_usb_device.o(i.USB_EP_doDataIn)
    i.USB_EP_doDataOut                       0x080022f8   Section        0  mdr32f9qx_usb_device.o(i.USB_EP_doDataOut)
    i.USB_EP_sendInDataPortion               0x08002334   Section        0  mdr32f9qx_usb_device.o(i.USB_EP_sendInDataPortion)
    USB_EP_sendInDataPortion                 0x08002335   Thumb Code   120  mdr32f9qx_usb_device.o(i.USB_EP_sendInDataPortion)
    i.USB_EP_setSetupHandler                 0x080023b0   Section        0  mdr32f9qx_usb_device.o(i.USB_EP_setSetupHandler)
    i.USB_GetSEPxCTRL                        0x080023f0   Section        0  mdr32f9qx_usb.o(i.USB_GetSEPxCTRL)
    i.USB_GetSEPxRXFD                        0x08002400   Section        0  mdr32f9qx_usb.o(i.USB_GetSEPxRXFD)
    i.USB_GetSEPxRXFDC                       0x08002410   Section        0  mdr32f9qx_usb.o(i.USB_GetSEPxRXFDC)
    i.USB_GetSEPxSTS                         0x08002420   Section        0  mdr32f9qx_usb.o(i.USB_GetSEPxSTS)
    i.USB_GetSEPxTS                          0x08002430   Section        0  mdr32f9qx_usb.o(i.USB_GetSEPxTS)
    i.USB_GetSIS                             0x08002440   Section        0  mdr32f9qx_usb.o(i.USB_GetSIS)
    i.USB_IRQHandler                         0x0800244c   Section        0  mdr32f9qx_usb_device.o(i.USB_IRQHandler)
    i.USB_Reset                              0x08002454   Section        0  mdr32f9qx_usb.o(i.USB_Reset)
    i.USB_SEPxToggleEPDATASEQ                0x08002474   Section        0  mdr32f9qx_usb.o(i.USB_SEPxToggleEPDATASEQ)
    i.USB_SetHSCR                            0x08002490   Section        0  mdr32f9qx_usb.o(i.USB_SetHSCR)
    i.USB_SetSA                              0x080024b0   Section        0  mdr32f9qx_usb.o(i.USB_SetSA)
    i.USB_SetSC                              0x080024bc   Section        0  mdr32f9qx_usb.o(i.USB_SetSC)
    i.USB_SetSEPxCTRL                        0x080024dc   Section        0  mdr32f9qx_usb.o(i.USB_SetSEPxCTRL)
    i.USB_SetSEPxRXFC                        0x08002508   Section        0  mdr32f9qx_usb.o(i.USB_SetSEPxRXFC)
    i.USB_SetSEPxTXFD                        0x08002518   Section        0  mdr32f9qx_usb.o(i.USB_SetSEPxTXFD)
    i.USB_SetSEPxTXFDC                       0x08002528   Section        0  mdr32f9qx_usb.o(i.USB_SetSEPxTXFDC)
    i.USB_SetSIM                             0x08002538   Section        0  mdr32f9qx_usb.o(i.USB_SetSIM)
    i.USB_SetSIS                             0x08002558   Section        0  mdr32f9qx_usb.o(i.USB_SetSIS)
    i.USB_main                               0x08002564   Section        0  usb_main.o(i.USB_main)
    i.Uart2PinCfg                            0x08002580   Section        0  uart_main.o(i.Uart2PinCfg)
    i.Uart2Setup                             0x080025c4   Section        0  uart_main.o(i.Uart2Setup)
    i.UartTest                               0x08002610   Section        0  main.o(i.UartTest)
    i.UsageFault_Handler                     0x08002674   Section        0  1986be9x_it.o(i.UsageFault_Handler)
    i.VCom_Configuration                     0x08002678   Section        0  usb_main.o(i.VCom_Configuration)
    VCom_Configuration                       0x08002679   Thumb Code    20  usb_main.o(i.VCom_Configuration)
    i.WWDG_IRQHandler                        0x08002690   Section        0  1986be9x_it.o(i.WWDG_IRQHandler)
    i.WriteData                              0x08002694   Section        0  mlt_lcd.o(i.WriteData)
    i.main                                   0x08002764   Section        0  main.o(i.main)
    .data                                    0x20000000   Section       28  main.o(.data)
    .data                                    0x2000001c   Section     2108  1986be9x_it.o(.data)
    .data                                    0x20000858   Section       16  usb_main.o(.data)
    LineCoding                               0x20000860   Data           8  usb_main.o(.data)
    .data                                    0x20000868   Section        9  can_main.o(.data)
    .data                                    0x20000874   Section        4  system_mdr32f9qx.o(.data)
    .data                                    0x20000878   Section       96  mdr32f9qx_usb_cdc.o(.data)
    Usb_CDC_Device_Descriptor                0x20000878   Data          18  mdr32f9qx_usb_cdc.o(.data)
    Usb_CDC_Configuration_Descriptor         0x2000088a   Data          67  mdr32f9qx_usb_cdc.o(.data)
    CDC_ClassPacketData                      0x200008d0   Data           8  mdr32f9qx_usb_cdc.o(.data)
    .data                                    0x200008d8   Section       16  mdr32f9qx_usb_device.o(.data)
    SetupPacketData                          0x200008e0   Data           2  mdr32f9qx_usb_device.o(.data)
    bHandling                                0x200008e4   Data           4  mdr32f9qx_usb_device.o(.data)
    .bss                                     0x200008e8   Section       12  main.o(.bss)
    PortInit                                 0x200008e8   Data          12  main.o(.bss)
    .bss                                     0x200008f4   Section      112  usb_main.o(.bss)
    Buffer                                   0x20000900   Data         100  usb_main.o(.bss)
    .bss                                     0x20000964   Section       28  uart_main.o(.bss)
    PortInit                                 0x20000964   Data          12  uart_main.o(.bss)
    UART_InitStructure                       0x20000970   Data          16  uart_main.o(.bss)
    .bss                                     0x20000980   Section       12  mdr32f9qx_usb_cdc.o(.bss)
    USB_CDCContext                           0x20000980   Data          12  mdr32f9qx_usb_cdc.o(.bss)
    .bss                                     0x2000098c   Section      188  mdr32f9qx_usb_device.o(.bss)
    .bss                                     0x20000a48   Section       96  libspace.o(.bss)
    HEAP                                     0x20000aa8   Section      512  startup_mdr32f9qx.o(HEAP)
    Heap_Mem                                 0x20000aa8   Data         512  startup_mdr32f9qx.o(HEAP)
    STACK                                    0x20000ca8   Section     1024  startup_mdr32f9qx.o(STACK)
    Stack_Mem                                0x20000ca8   Data        1024  startup_mdr32f9qx.o(STACK)
    __initial_sp                             0x200010a8   Data           0  startup_mdr32f9qx.o(STACK)

    Global Symbols

    Symbol Name                              Value     Ov Type        Size  Object(Section)

    BuildAttributes$$THM_ISAv4$P$D$K$B$S$PE$A:L22UL41UL21$X:L11$S22US41US21$IEEE1$IW$USESV6$~STKCKD$USESV7$~SHL$OSPACE$ROPI$EBA8$UX$STANDARDLIB$REQ8$PRES8$EABIv2 0x00000000   Number         0  anon$$obj.o ABSOLUTE
    __ARM_use_no_argv                        0x00000000   Number         0  main.o ABSOLUTE
    __ARM_exceptions_init                     - Undefined Weak Reference
    __alloca_initialize                       - Undefined Weak Reference
    __arm_preinit_                            - Undefined Weak Reference
    __cpp_initialize__aeabi_                  - Undefined Weak Reference
    __cxa_finalize                            - Undefined Weak Reference
    __rt_locale                               - Undefined Weak Reference
    __sigvec_lookup                           - Undefined Weak Reference
    _atexit_init                              - Undefined Weak Reference
    _call_atexit_fns                          - Undefined Weak Reference
    _clock_init                               - Undefined Weak Reference
    _fp_trap_init                             - Undefined Weak Reference
    _fp_trap_shutdown                         - Undefined Weak Reference
    _get_lc_collate                           - Undefined Weak Reference
    _get_lc_ctype                             - Undefined Weak Reference
    _get_lc_monetary                          - Undefined Weak Reference
    _get_lc_numeric                           - Undefined Weak Reference
    _get_lc_time                              - Undefined Weak Reference
    _getenv_init                              - Undefined Weak Reference
    _handle_redirection                       - Undefined Weak Reference
    _init_alloc                               - Undefined Weak Reference
    _init_user_alloc                          - Undefined Weak Reference
    _initio                                   - Undefined Weak Reference
    _rand_init                                - Undefined Weak Reference
    _signal_finish                            - Undefined Weak Reference
    _signal_init                              - Undefined Weak Reference
    _terminate_alloc                          - Undefined Weak Reference
    _terminate_user_alloc                     - Undefined Weak Reference
    _terminateio                              - Undefined Weak Reference
    __Vectors_Size                           0x000000c0   Number         0  startup_mdr32f9qx.o ABSOLUTE
    __Vectors                                0x08000000   Data           4  startup_mdr32f9qx.o(RESET)
    __Vectors_End                            0x080000c0   Data           0  startup_mdr32f9qx.o(RESET)
    __main                                   0x080000c1   Thumb Code     8  __main.o(!!!main)
    __scatterload                            0x080000c9   Thumb Code     0  __scatter.o(!!!scatter)
    __scatterload_rt2                        0x080000c9   Thumb Code    44  __scatter.o(!!!scatter)
    __scatterload_rt2_thumb_only             0x080000c9   Thumb Code     0  __scatter.o(!!!scatter)
    __scatterload_null                       0x080000d7   Thumb Code     0  __scatter.o(!!!scatter)
    __decompress                             0x080000fd   Thumb Code   100  __dclz77c.o(!!dclz77c)
    __decompress2                            0x080000fd   Thumb Code     0  __dclz77c.o(!!dclz77c)
    __scatterload_zeroinit                   0x08000161   Thumb Code    28  __scatter_zi.o(!!handler_zi)
    __rt_lib_init                            0x0800017d   Thumb Code     0  libinit.o(.ARM.Collect$$libinit$$00000000)
    __rt_lib_init_alloca_1                   0x0800017f   Thumb Code     0  libinit2.o(.ARM.Collect$$libinit$$0000002E)
    __rt_lib_init_argv_1                     0x0800017f   Thumb Code     0  libinit2.o(.ARM.Collect$$libinit$$0000002C)
    __rt_lib_init_atexit_1                   0x0800017f   Thumb Code     0  libinit2.o(.ARM.Collect$$libinit$$0000001B)
    __rt_lib_init_clock_1                    0x0800017f   Thumb Code     0  libinit2.o(.ARM.Collect$$libinit$$00000021)
    __rt_lib_init_cpp_1                      0x0800017f   Thumb Code     0  libinit2.o(.ARM.Collect$$libinit$$00000032)
    __rt_lib_init_exceptions_1               0x0800017f   Thumb Code     0  libinit2.o(.ARM.Collect$$libinit$$00000030)
    __rt_lib_init_fp_1                       0x0800017f   Thumb Code     0  libinit2.o(.ARM.Collect$$libinit$$00000002)
    __rt_lib_init_fp_trap_1                  0x0800017f   Thumb Code     0  libinit2.o(.ARM.Collect$$libinit$$0000001F)
    __rt_lib_init_getenv_1                   0x0800017f   Thumb Code     0  libinit2.o(.ARM.Collect$$libinit$$00000023)
    __rt_lib_init_heap_1                     0x0800017f   Thumb Code     0  libinit2.o(.ARM.Collect$$libinit$$0000000A)
    __rt_lib_init_lc_collate_1               0x0800017f   Thumb Code     0  libinit2.o(.ARM.Collect$$libinit$$00000011)
    __rt_lib_init_lc_ctype_1                 0x0800017f   Thumb Code     0  libinit2.o(.ARM.Collect$$libinit$$00000013)
    __rt_lib_init_lc_monetary_1              0x0800017f   Thumb Code     0  libinit2.o(.ARM.Collect$$libinit$$00000015)
    __rt_lib_init_lc_numeric_1               0x0800017f   Thumb Code     0  libinit2.o(.ARM.Collect$$libinit$$00000017)
    __rt_lib_init_lc_time_1                  0x0800017f   Thumb Code     0  libinit2.o(.ARM.Collect$$libinit$$00000019)
    __rt_lib_init_preinit_1                  0x0800017f   Thumb Code     0  libinit2.o(.ARM.Collect$$libinit$$00000004)
    __rt_lib_init_rand_1                     0x0800017f   Thumb Code     0  libinit2.o(.ARM.Collect$$libinit$$0000000E)
    __rt_lib_init_return                     0x0800017f   Thumb Code     0  libinit2.o(.ARM.Collect$$libinit$$00000033)
    __rt_lib_init_signal_1                   0x0800017f   Thumb Code     0  libinit2.o(.ARM.Collect$$libinit$$0000001D)
    __rt_lib_init_stdio_1                    0x0800017f   Thumb Code     0  libinit2.o(.ARM.Collect$$libinit$$00000025)
    __rt_lib_init_user_alloc_1               0x0800017f   Thumb Code     0  libinit2.o(.ARM.Collect$$libinit$$0000000C)
    __rt_lib_shutdown                        0x08000181   Thumb Code     0  libshutdown.o(.ARM.Collect$$libshutdown$$00000000)
    __rt_lib_shutdown_cpp_1                  0x08000183   Thumb Code     0  libshutdown2.o(.ARM.Collect$$libshutdown$$00000002)
    __rt_lib_shutdown_fp_trap_1              0x08000183   Thumb Code     0  libshutdown2.o(.ARM.Collect$$libshutdown$$00000007)
    __rt_lib_shutdown_heap_1                 0x08000183   Thumb Code     0  libshutdown2.o(.ARM.Collect$$libshutdown$$0000000F)
    __rt_lib_shutdown_return                 0x08000183   Thumb Code     0  libshutdown2.o(.ARM.Collect$$libshutdown$$00000010)
    __rt_lib_shutdown_signal_1               0x08000183   Thumb Code     0  libshutdown2.o(.ARM.Collect$$libshutdown$$0000000A)
    __rt_lib_shutdown_stdio_1                0x08000183   Thumb Code     0  libshutdown2.o(.ARM.Collect$$libshutdown$$00000004)
    __rt_lib_shutdown_user_alloc_1           0x08000183   Thumb Code     0  libshutdown2.o(.ARM.Collect$$libshutdown$$0000000C)
    __rt_entry                               0x08000185   Thumb Code     0  __rtentry.o(.ARM.Collect$$rtentry$$00000000)
    __rt_entry_presh_1                       0x08000185   Thumb Code     0  __rtentry2.o(.ARM.Collect$$rtentry$$00000002)
    __rt_entry_sh                            0x08000185   Thumb Code     0  __rtentry4.o(.ARM.Collect$$rtentry$$00000004)
    __rt_entry_li                            0x0800018b   Thumb Code     0  __rtentry2.o(.ARM.Collect$$rtentry$$0000000A)
    __rt_entry_postsh_1                      0x0800018b   Thumb Code     0  __rtentry2.o(.ARM.Collect$$rtentry$$00000009)
    __rt_entry_main                          0x0800018f   Thumb Code     0  __rtentry2.o(.ARM.Collect$$rtentry$$0000000D)
    __rt_entry_postli_1                      0x0800018f   Thumb Code     0  __rtentry2.o(.ARM.Collect$$rtentry$$0000000C)
    __rt_exit                                0x08000197   Thumb Code     0  rtexit.o(.ARM.Collect$$rtexit$$00000000)
    __rt_exit_ls                             0x08000199   Thumb Code     0  rtexit2.o(.ARM.Collect$$rtexit$$00000003)
    __rt_exit_prels_1                        0x08000199   Thumb Code     0  rtexit2.o(.ARM.Collect$$rtexit$$00000002)
    __rt_exit_exit                           0x0800019d   Thumb Code     0  rtexit2.o(.ARM.Collect$$rtexit$$00000004)
    Reset_Handler                            0x080001a5   Thumb Code     8  startup_mdr32f9qx.o(.text)
    __user_initial_stackheap                 0x080001c1   Thumb Code     0  startup_mdr32f9qx.o(.text)
    __use_two_region_memory                  0x080001e5   Thumb Code     2  heapauxi.o(.text)
    __rt_heap_escrow$2region                 0x080001e7   Thumb Code     2  heapauxi.o(.text)
    __rt_heap_expand$2region                 0x080001e9   Thumb Code     2  heapauxi.o(.text)
    __user_setup_stackheap                   0x080001eb   Thumb Code    74  sys_stackheap_outer.o(.text)
    exit                                     0x08000235   Thumb Code    18  exit.o(.text)
    __user_libspace                          0x08000249   Thumb Code     8  libspace.o(.text)
    __user_perproc_libspace                  0x08000249   Thumb Code     0  libspace.o(.text)
    __user_perthread_libspace                0x08000249   Thumb Code     0  libspace.o(.text)
    _sys_exit                                0x08000251   Thumb Code     8  sys_exit.o(.text)
    __I$use$semihosting                      0x0800025d   Thumb Code     0  use_no_semi.o(.text)
    __use_no_semihosting_swi                 0x0800025d   Thumb Code     2  use_no_semi.o(.text)
    ADC_IRQHandler                           0x0800025f   Thumb Code     2  1986be9x_it.o(i.ADC_IRQHandler)
    __semihosting_library_function           0x0800025f   Thumb Code     0  indicate_semi.o(.text)
    BACKUP_IRQHandler                        0x08000261   Thumb Code     2  1986be9x_it.o(i.BACKUP_IRQHandler)
    BusFault_Handler                         0x08000263   Thumb Code     4  1986be9x_it.o(i.BusFault_Handler)
    ButtonPinGfg                             0x08000269   Thumb Code    52  main.o(i.ButtonPinGfg)
    CAN1_IRQHandler                          0x080002ad   Thumb Code     2  1986be9x_it.o(i.CAN1_IRQHandler)
    CAN2_IRQHandler                          0x080002af   Thumb Code     2  1986be9x_it.o(i.CAN2_IRQHandler)
    CAN_BRGInit                              0x080002b1   Thumb Code    48  mdr32f9qx_can.o(i.CAN_BRGInit)
    CAN_Cmd                                  0x080002e9   Thumb Code    20  mdr32f9qx_can.o(i.CAN_Cmd)
    CAN_DeInit                               0x080002fd   Thumb Code    42  mdr32f9qx_can.o(i.CAN_DeInit)
    CAN_ITConfig                             0x08000327   Thumb Code    18  mdr32f9qx_can.o(i.CAN_ITConfig)
    CAN_Init                                 0x08000339   Thumb Code    98  mdr32f9qx_can.o(i.CAN_Init)
    CAN_Receive                              0x0800039b   Thumb Code    22  mdr32f9qx_can.o(i.CAN_Receive)
    CAN_RxITConfig                           0x080003b1   Thumb Code    22  mdr32f9qx_can.o(i.CAN_RxITConfig)
    CAN_Setup                                0x080003c9   Thumb Code   188  can_main.o(i.CAN_Setup)
    CAN_StructInit                           0x0800048d   Thumb Code    38  mdr32f9qx_can.o(i.CAN_StructInit)
    CAN_Transmit                             0x080004b3   Thumb Code    96  mdr32f9qx_can.o(i.CAN_Transmit)
    CAN_TxITConfig                           0x08000513   Thumb Code    22  mdr32f9qx_can.o(i.CAN_TxITConfig)
    CAN_ports_ini                            0x08000529   Thumb Code    84  can_main.o(i.CAN_ports_ini)
    COMPARATOR_IRQHandler                    0x08000581   Thumb Code     2  1986be9x_it.o(i.COMPARATOR_IRQHandler)
    CanTest                                  0x08000585   Thumb Code    92  main.o(i.CanTest)
    DMA_IRQHandler                           0x080005f9   Thumb Code     2  1986be9x_it.o(i.DMA_IRQHandler)
    DebugMon_Handler                         0x080005fb   Thumb Code     2  1986be9x_it.o(i.DebugMon_Handler)
    DispOn                                   0x080005fd   Thumb Code   188  mlt_lcd.o(i.DispOn)
    EXT_INT1_IRQHandler                      0x080006c9   Thumb Code     2  1986be9x_it.o(i.EXT_INT1_IRQHandler)
    EXT_INT2_IRQHandler                      0x080006cb   Thumb Code     2  1986be9x_it.o(i.EXT_INT2_IRQHandler)
    EXT_INT3_IRQHandler                      0x080006cd   Thumb Code     2  1986be9x_it.o(i.EXT_INT3_IRQHandler)
    EXT_INT4_IRQHandler                      0x080006cf   Thumb Code     2  1986be9x_it.o(i.EXT_INT4_IRQHandler)
    HardFault_Handler                        0x080006d1   Thumb Code     4  1986be9x_it.o(i.HardFault_Handler)
    I2C_IRQHandler                           0x080006d5   Thumb Code     2  1986be9x_it.o(i.I2C_IRQHandler)
    LcdClearChip                             0x080006d7   Thumb Code    24  mlt_lcd.o(i.LcdClearChip)
    LcdClearPage                             0x080006ef   Thumb Code    64  mlt_lcd.o(i.LcdClearPage)
    LcdInit                                  0x08000731   Thumb Code    58  mlt_lcd.o(i.LcdInit)
    LcdPutChar                               0x08000771   Thumb Code   104  mlt_lcd.o(i.LcdPutChar)
    LcdPutString                             0x080007d9   Thumb Code   152  mlt_lcd.o(i.LcdPutString)
    LcdScrollString                          0x08000871   Thumb Code   130  mlt_lcd.o(i.LcdScrollString)
    MemManage_Handler                        0x080008f3   Thumb Code     4  1986be9x_it.o(i.MemManage_Handler)
    MltDelay                                 0x080008f7   Thumb Code    12  mlt_lcd.o(i.MltDelay)
    MltPinCfg                                0x08000905   Thumb Code    82  main.o(i.MltPinCfg)
    NMI_Handler                              0x0800096d   Thumb Code     2  1986be9x_it.o(i.NMI_Handler)
    PORT_Init                                0x08000971   Thumb Code   450  mdr32f9qx_port.o(i.PORT_Init)
    PORT_ReadInputDataBit                    0x08000b39   Thumb Code    16  mdr32f9qx_port.o(i.PORT_ReadInputDataBit)
    PORT_ResetBits                           0x08000b49   Thumb Code    22  mdr32f9qx_port.o(i.PORT_ResetBits)
    PORT_SetBits                             0x08000b65   Thumb Code    22  mdr32f9qx_port.o(i.PORT_SetBits)
    POWER_IRQHandler                         0x08000b81   Thumb Code     2  1986be9x_it.o(i.POWER_IRQHandler)
    PendSV_Handler                           0x08000b83   Thumb Code     2  1986be9x_it.o(i.PendSV_Handler)
    RST_CLK_CPU_PLLconfig                    0x08000b85   Thumb Code    54  mdr32f9qx_rst_clk.o(i.RST_CLK_CPU_PLLconfig)
    RST_CLK_GetClocksFreq                    0x08000bc5   Thumb Code   620  mdr32f9qx_rst_clk.o(i.RST_CLK_GetClocksFreq)
    RST_CLK_GetFlagStatus                    0x08000e39   Thumb Code    42  mdr32f9qx_rst_clk.o(i.RST_CLK_GetFlagStatus)
    RST_CLK_HSEconfig                        0x08000e6d   Thumb Code    56  mdr32f9qx_rst_clk.o(i.RST_CLK_HSEconfig)
    RST_CLK_HSEstatus                        0x08000ea9   Thumb Code    52  mdr32f9qx_rst_clk.o(i.RST_CLK_HSEstatus)
    RST_CLK_LSEconfig                        0x08000edd   Thumb Code    56  mdr32f9qx_rst_clk.o(i.RST_CLK_LSEconfig)
    RST_CLK_LSEstatus                        0x08000f19   Thumb Code    52  mdr32f9qx_rst_clk.o(i.RST_CLK_LSEstatus)
    RST_CLK_PCLKcmd                          0x08000f4d   Thumb Code    26  mdr32f9qx_rst_clk.o(i.RST_CLK_PCLKcmd)
    ReadStatus                               0x08000f6d   Thumb Code   182  mlt_lcd.o(i.ReadStatus)
    SSP1_IRQHandler                          0x08001035   Thumb Code     2  1986be9x_it.o(i.SSP1_IRQHandler)
    SSP2_IRQHandler                          0x08001037   Thumb Code     2  1986be9x_it.o(i.SSP2_IRQHandler)
    SVC_Handler                              0x08001039   Thumb Code     2  1986be9x_it.o(i.SVC_Handler)
    SetAdress                                0x0800103d   Thumb Code   192  mlt_lcd.o(i.SetAdress)
    SetDataBits                              0x0800110d   Thumb Code    60  mlt_lcd.o(i.SetDataBits)
    SetPage                                  0x08001151   Thumb Code   192  mlt_lcd.o(i.SetPage)
    SysTick_Handler                          0x08001275   Thumb Code     2  1986be9x_it.o(i.SysTick_Handler)
    SystemCoreClockUpdate                    0x08001279   Thumb Code   130  system_mdr32f9qx.o(i.SystemCoreClockUpdate)
    SystemInit                               0x08001309   Thumb Code    54  system_mdr32f9qx.o(i.SystemInit)
    Tim1Setup                                0x08001349   Thumb Code    72  main.o(i.Tim1Setup)
    Timer1_IRQHandler                        0x08001399   Thumb Code   818  1986be9x_it.o(i.Timer1_IRQHandler)
    Timer2_IRQHandler                        0x08001765   Thumb Code     2  1986be9x_it.o(i.Timer2_IRQHandler)
    Timer3_IRQHandler                        0x08001767   Thumb Code     2  1986be9x_it.o(i.Timer3_IRQHandler)
    UART1_IRQHandler                         0x08001769   Thumb Code     2  1986be9x_it.o(i.UART1_IRQHandler)
    UART2_IRQHandler                         0x0800176b   Thumb Code     2  1986be9x_it.o(i.UART2_IRQHandler)
    UART_BRGInit                             0x0800176d   Thumb Code    48  mdr32f9qx_uart.o(i.UART_BRGInit)
    UART_Cmd                                 0x080017a9   Thumb Code    24  mdr32f9qx_uart.o(i.UART_Cmd)
    UART_GetFlagStatus                       0x080017c1   Thumb Code    16  mdr32f9qx_uart.o(i.UART_GetFlagStatus)
    UART_Init                                0x080017d1   Thumb Code   162  mdr32f9qx_uart.o(i.UART_Init)
    UART_SendData                            0x08001881   Thumb Code     6  mdr32f9qx_uart.o(i.UART_SendData)
    USBTest                                  0x08001889   Thumb Code    30  main.o(i.USBTest)
    USB_BRGInit                              0x080018ad   Thumb Code    54  mdr32f9qx_usb.o(i.USB_BRGInit)
    USB_CDC_ClassRequest                     0x080018e9   Thumb Code   142  mdr32f9qx_usb_cdc.o(i.USB_CDC_ClassRequest)
    USB_CDC_GetDescriptor                    0x080019c9   Thumb Code    86  mdr32f9qx_usb_cdc.o(i.USB_CDC_GetDescriptor)
    USB_CDC_GetLineCoding                    0x08001a2d   Thumb Code    20  usb_main.o(i.USB_CDC_GetLineCoding)
    USB_CDC_Init                             0x08001a45   Thumb Code    38  mdr32f9qx_usb_cdc.o(i.USB_CDC_Init)
    USB_CDC_RecieveData                      0x08001ac5   Thumb Code    20  usb_main.o(i.USB_CDC_RecieveData)
    USB_CDC_Reset                            0x08001ad9   Thumb Code    66  mdr32f9qx_usb_cdc.o(i.USB_CDC_Reset)
    USB_CDC_SendData                         0x08001b25   Thumb Code    38  mdr32f9qx_usb_cdc.o(i.USB_CDC_SendData)
    USB_CDC_SetLineCoding                    0x08001b55   Thumb Code    22  usb_main.o(i.USB_CDC_SetLineCoding)
    USB_CDC_SetReceiveBuffer                 0x08001b71   Thumb Code    12  mdr32f9qx_usb_cdc.o(i.USB_CDC_SetReceiveBuffer)
    USB_DeviceClearFeature                   0x08001b81   Thumb Code    26  mdr32f9qx_usb_device.o(i.USB_DeviceClearFeature)
    USB_DeviceDispatchEvent                  0x08001b9d   Thumb Code   120  mdr32f9qx_usb_device.o(i.USB_DeviceDispatchEvent)
    USB_DeviceDoStatusOutAck                 0x08001c21   Thumb Code    22  mdr32f9qx_usb_device.o(i.USB_DeviceDoStatusOutAck)
    USB_DeviceInit                           0x08001c39   Thumb Code    74  mdr32f9qx_usb_device.o(i.USB_DeviceInit)
    USB_DevicePowerOn                        0x08001c91   Thumb Code    18  mdr32f9qx_usb_device.o(i.USB_DevicePowerOn)
    USB_DeviceReset                          0x08001ca9   Thumb Code    10  mdr32f9qx_usb_device.o(i.USB_DeviceReset)
    USB_DeviceSetFeature                     0x08001cb9   Thumb Code    28  mdr32f9qx_usb_device.o(i.USB_DeviceSetFeature)
    USB_DeviceSetupPacket                    0x08001cd5   Thumb Code   596  mdr32f9qx_usb_device.o(i.USB_DeviceSetupPacket)
    USB_EP_Idle                              0x08001f65   Thumb Code    60  mdr32f9qx_usb_device.o(i.USB_EP_Idle)
    USB_EP_Init                              0x08001fa5   Thumb Code    66  mdr32f9qx_usb_device.o(i.USB_EP_Init)
    USB_EP_Stall                             0x08002019   Thumb Code    64  mdr32f9qx_usb_device.o(i.USB_EP_Stall)
    USB_EP_dispatchEvent                     0x0800205d   Thumb Code   586  mdr32f9qx_usb_device.o(i.USB_EP_dispatchEvent)
    USB_EP_doDataIn                          0x080022ad   Thumb Code    72  mdr32f9qx_usb_device.o(i.USB_EP_doDataIn)
    USB_EP_doDataOut                         0x080022f9   Thumb Code    56  mdr32f9qx_usb_device.o(i.USB_EP_doDataOut)
    USB_EP_setSetupHandler                   0x080023b1   Thumb Code    58  mdr32f9qx_usb_device.o(i.USB_EP_setSetupHandler)
    USB_GetSEPxCTRL                          0x080023f1   Thumb Code    12  mdr32f9qx_usb.o(i.USB_GetSEPxCTRL)
    USB_GetSEPxRXFD                          0x08002401   Thumb Code    12  mdr32f9qx_usb.o(i.USB_GetSEPxRXFD)
    USB_GetSEPxRXFDC                         0x08002411   Thumb Code    12  mdr32f9qx_usb.o(i.USB_GetSEPxRXFDC)
    USB_GetSEPxSTS                           0x08002421   Thumb Code    12  mdr32f9qx_usb.o(i.USB_GetSEPxSTS)
    USB_GetSEPxTS                            0x08002431   Thumb Code    12  mdr32f9qx_usb.o(i.USB_GetSEPxTS)
    USB_GetSIS                               0x08002441   Thumb Code     6  mdr32f9qx_usb.o(i.USB_GetSIS)
    USB_IRQHandler                           0x0800244d   Thumb Code     8  mdr32f9qx_usb_device.o(i.USB_IRQHandler)
    USB_Reset                                0x08002455   Thumb Code    30  mdr32f9qx_usb.o(i.USB_Reset)
    USB_SEPxToggleEPDATASEQ                  0x08002475   Thumb Code    22  mdr32f9qx_usb.o(i.USB_SEPxToggleEPDATASEQ)
    USB_SetHSCR                              0x08002491   Thumb Code    24  mdr32f9qx_usb.o(i.USB_SetHSCR)
    USB_SetSA                                0x080024b1   Thumb Code     6  mdr32f9qx_usb.o(i.USB_SetSA)
    USB_SetSC                                0x080024bd   Thumb Code    24  mdr32f9qx_usb.o(i.USB_SetSC)
    USB_SetSEPxCTRL                          0x080024dd   Thumb Code    34  mdr32f9qx_usb.o(i.USB_SetSEPxCTRL)
    USB_SetSEPxRXFC                          0x08002509   Thumb Code    10  mdr32f9qx_usb.o(i.USB_SetSEPxRXFC)
    USB_SetSEPxTXFD                          0x08002519   Thumb Code    10  mdr32f9qx_usb.o(i.USB_SetSEPxTXFD)
    USB_SetSEPxTXFDC                         0x08002529   Thumb Code    10  mdr32f9qx_usb.o(i.USB_SetSEPxTXFDC)
    USB_SetSIM                               0x08002539   Thumb Code    24  mdr32f9qx_usb.o(i.USB_SetSIM)
    USB_SetSIS                               0x08002559   Thumb Code     6  mdr32f9qx_usb.o(i.USB_SetSIS)
    USB_main                                 0x08002565   Thumb Code    24  usb_main.o(i.USB_main)
    Uart2PinCfg                              0x08002581   Thumb Code    58  uart_main.o(i.Uart2PinCfg)
    Uart2Setup                               0x080025c5   Thumb Code    68  uart_main.o(i.Uart2Setup)
    UartTest                                 0x08002611   Thumb Code    82  main.o(i.UartTest)
    UsageFault_Handler                       0x08002675   Thumb Code     4  1986be9x_it.o(i.UsageFault_Handler)
    WWDG_IRQHandler                          0x08002691   Thumb Code     2  1986be9x_it.o(i.WWDG_IRQHandler)
    WriteData                                0x08002695   Thumb Code   190  mlt_lcd.o(i.WriteData)
    main                                     0x08002765   Thumb Code   424  main.o(i.main)
    Region$$Table$$Base                      0x08002940   Number         0  anon$$obj.o(Region$$Table)
    Region$$Table$$Limit                     0x08002960   Number         0  anon$$obj.o(Region$$Table)
    count_title                              0x20000000   Data           4  main.o(.data)
    MenuMainItem                             0x20000004   Data           4  main.o(.data)
    CursorPosItem                            0x20000008   Data           4  main.o(.data)
    TestLedDone                              0x2000000c   Data           1  main.o(.data)
    UartFlag                                 0x2000000d   Data           1  main.o(.data)
    Can1Flag                                 0x2000000e   Data           1  main.o(.data)
    Can2Flag                                 0x2000000f   Data           1  main.o(.data)
    LedFlag                                  0x20000010   Data           1  main.o(.data)
    TestCanDone                              0x20000011   Data           1  main.o(.data)
    TestUartDone                             0x20000012   Data           1  main.o(.data)
    USBFlag                                  0x20000013   Data           1  main.o(.data)
    CanFlag                                  0x20000014   Data           1  main.o(.data)
    tx_buf                                   0x20000018   Data           4  main.o(.data)
    dig_0                                    0x2000001c   Data           8  1986be9x_it.o(.data)
    dig_1                                    0x20000024   Data           8  1986be9x_it.o(.data)
    dig_2                                    0x2000002c   Data           8  1986be9x_it.o(.data)
    dig_3                                    0x20000034   Data           8  1986be9x_it.o(.data)
    dig_4                                    0x2000003c   Data           8  1986be9x_it.o(.data)
    dig_5                                    0x20000044   Data           8  1986be9x_it.o(.data)
    dig_6                                    0x2000004c   Data           8  1986be9x_it.o(.data)
    dig_7                                    0x20000054   Data           8  1986be9x_it.o(.data)
    dig_8                                    0x2000005c   Data           8  1986be9x_it.o(.data)
    dig_9                                    0x20000064   Data           8  1986be9x_it.o(.data)
    lat_A                                    0x2000006c   Data           8  1986be9x_it.o(.data)
    lat_B                                    0x20000074   Data           8  1986be9x_it.o(.data)
    lat_C                                    0x2000007c   Data           8  1986be9x_it.o(.data)
    lat_D                                    0x20000084   Data           8  1986be9x_it.o(.data)
    lat_E                                    0x2000008c   Data           8  1986be9x_it.o(.data)
    lat_F                                    0x20000094   Data           8  1986be9x_it.o(.data)
    lat_G                                    0x2000009c   Data           8  1986be9x_it.o(.data)
    lat_H                                    0x200000a4   Data           8  1986be9x_it.o(.data)
    lat_I                                    0x200000ac   Data           8  1986be9x_it.o(.data)
    lat_J                                    0x200000b4   Data           8  1986be9x_it.o(.data)
    lat_K                                    0x200000bc   Data           8  1986be9x_it.o(.data)
    lat_L                                    0x200000c4   Data           8  1986be9x_it.o(.data)
    lat_M                                    0x200000cc   Data           8  1986be9x_it.o(.data)
    lat_N                                    0x200000d4   Data           8  1986be9x_it.o(.data)
    lat_O                                    0x200000dc   Data           8  1986be9x_it.o(.data)
    lat_P                                    0x200000e4   Data           8  1986be9x_it.o(.data)
    lat_Q                                    0x200000ec   Data           8  1986be9x_it.o(.data)
    lat_R                                    0x200000f4   Data           8  1986be9x_it.o(.data)
    lat_S                                    0x200000fc   Data           8  1986be9x_it.o(.data)
    lat_T                                    0x20000104   Data           8  1986be9x_it.o(.data)
    lat_U                                    0x2000010c   Data           8  1986be9x_it.o(.data)
    lat_V                                    0x20000114   Data           8  1986be9x_it.o(.data)
    lat_W                                    0x2000011c   Data           8  1986be9x_it.o(.data)
    lat_X                                    0x20000124   Data           8  1986be9x_it.o(.data)
    lat_Y                                    0x2000012c   Data           8  1986be9x_it.o(.data)
    lat_Z                                    0x20000134   Data           8  1986be9x_it.o(.data)
    lat_a                                    0x2000013c   Data           8  1986be9x_it.o(.data)
    lat_b                                    0x20000144   Data           8  1986be9x_it.o(.data)
    lat_c                                    0x2000014c   Data           8  1986be9x_it.o(.data)
    lat_d                                    0x20000154   Data           8  1986be9x_it.o(.data)
    lat_e                                    0x2000015c   Data           8  1986be9x_it.o(.data)
    lat_f                                    0x20000164   Data           8  1986be9x_it.o(.data)
    lat_g                                    0x2000016c   Data           8  1986be9x_it.o(.data)
    lat_h                                    0x20000174   Data           8  1986be9x_it.o(.data)
    lat_i                                    0x2000017c   Data           8  1986be9x_it.o(.data)
    lat_j                                    0x20000184   Data           8  1986be9x_it.o(.data)
    lat_k                                    0x2000018c   Data           8  1986be9x_it.o(.data)
    lat_l                                    0x20000194   Data           8  1986be9x_it.o(.data)
    lat_m                                    0x2000019c   Data           8  1986be9x_it.o(.data)
    lat_n                                    0x200001a4   Data           8  1986be9x_it.o(.data)
    lat_o                                    0x200001ac   Data           8  1986be9x_it.o(.data)
    lat_p                                    0x200001b4   Data           8  1986be9x_it.o(.data)
    lat_q                                    0x200001bc   Data           8  1986be9x_it.o(.data)
    lat_r                                    0x200001c4   Data           8  1986be9x_it.o(.data)
    lat_s                                    0x200001cc   Data           8  1986be9x_it.o(.data)
    lat_t                                    0x200001d4   Data           8  1986be9x_it.o(.data)
    lat_u                                    0x200001dc   Data           8  1986be9x_it.o(.data)
    lat_v                                    0x200001e4   Data           8  1986be9x_it.o(.data)
    lat_w                                    0x200001ec   Data           8  1986be9x_it.o(.data)
    lat_x                                    0x200001f4   Data           8  1986be9x_it.o(.data)
    lat_y                                    0x200001fc   Data           8  1986be9x_it.o(.data)
    lat_z                                    0x20000204   Data           8  1986be9x_it.o(.data)
    cyr_A                                    0x2000020c   Data           8  1986be9x_it.o(.data)
    cyr_B                                    0x20000214   Data           8  1986be9x_it.o(.data)
    cyr_V                                    0x2000021c   Data           8  1986be9x_it.o(.data)
    cyr_G                                    0x20000224   Data           8  1986be9x_it.o(.data)
    cyr_D                                    0x2000022c   Data           8  1986be9x_it.o(.data)
    cyr_E                                    0x20000234   Data           8  1986be9x_it.o(.data)
    cyr_JO                                   0x2000023c   Data           8  1986be9x_it.o(.data)
    cyr_ZH                                   0x20000244   Data           8  1986be9x_it.o(.data)
    cyr_Z                                    0x2000024c   Data           8  1986be9x_it.o(.data)
    cyr_I                                    0x20000254   Data           8  1986be9x_it.o(.data)
    cyr_JJ                                   0x2000025c   Data           8  1986be9x_it.o(.data)
    cyr_K                                    0x20000264   Data           8  1986be9x_it.o(.data)
    cyr_L                                    0x2000026c   Data           8  1986be9x_it.o(.data)
    cyr_M                                    0x20000274   Data           8  1986be9x_it.o(.data)
    cyr_N                                    0x2000027c   Data           8  1986be9x_it.o(.data)
    cyr_O                                    0x20000284   Data           8  1986be9x_it.o(.data)
    cyr_P                                    0x2000028c   Data           8  1986be9x_it.o(.data)
    cyr_R                                    0x20000294   Data           8  1986be9x_it.o(.data)
    cyr_S                                    0x2000029c   Data           8  1986be9x_it.o(.data)
    cyr_T                                    0x200002a4   Data           8  1986be9x_it.o(.data)
    cyr_U                                    0x200002ac   Data           8  1986be9x_it.o(.data)
    cyr_F                                    0x200002b4   Data           8  1986be9x_it.o(.data)
    cyr_KH                                   0x200002bc   Data           8  1986be9x_it.o(.data)
    cyr_C                                    0x200002c4   Data           8  1986be9x_it.o(.data)
    cyr_CH                                   0x200002cc   Data           8  1986be9x_it.o(.data)
    cyr_SH                                   0x200002d4   Data           8  1986be9x_it.o(.data)
    cyr_SHH                                  0x200002dc   Data           8  1986be9x_it.o(.data)
    cyr_TZ                                   0x200002e4   Data           8  1986be9x_it.o(.data)
    cyr_Y                                    0x200002ec   Data           8  1986be9x_it.o(.data)
    cyr_MZ                                   0x200002f4   Data           8  1986be9x_it.o(.data)
    cyr_EH                                   0x200002fc   Data           8  1986be9x_it.o(.data)
    cyr_YU                                   0x20000304   Data           8  1986be9x_it.o(.data)
    cyr_YA                                   0x2000030c   Data           8  1986be9x_it.o(.data)
    cyr_a                                    0x20000314   Data           8  1986be9x_it.o(.data)
    cyr_b                                    0x2000031c   Data           8  1986be9x_it.o(.data)
    cyr_v                                    0x20000324   Data           8  1986be9x_it.o(.data)
    cyr_g                                    0x2000032c   Data           8  1986be9x_it.o(.data)
    cyr_d                                    0x20000334   Data           8  1986be9x_it.o(.data)
    cyr_e                                    0x2000033c   Data           8  1986be9x_it.o(.data)
    cyr_jo                                   0x20000344   Data           8  1986be9x_it.o(.data)
    cyr_zh                                   0x2000034c   Data           8  1986be9x_it.o(.data)
    cyr_z                                    0x20000354   Data           8  1986be9x_it.o(.data)
    cyr_i                                    0x2000035c   Data           8  1986be9x_it.o(.data)
    cyr_jj                                   0x20000364   Data           8  1986be9x_it.o(.data)
    cyr_k                                    0x2000036c   Data           8  1986be9x_it.o(.data)
    cyr_l                                    0x20000374   Data           8  1986be9x_it.o(.data)
    cyr_m                                    0x2000037c   Data           8  1986be9x_it.o(.data)
    cyr_n                                    0x20000384   Data           8  1986be9x_it.o(.data)
    cyr_o                                    0x2000038c   Data           8  1986be9x_it.o(.data)
    cyr_p                                    0x20000394   Data           8  1986be9x_it.o(.data)
    cyr_r                                    0x2000039c   Data           8  1986be9x_it.o(.data)
    cyr_s                                    0x200003a4   Data           8  1986be9x_it.o(.data)
    cyr_t                                    0x200003ac   Data           8  1986be9x_it.o(.data)
    cyr_u                                    0x200003b4   Data           8  1986be9x_it.o(.data)
    cyr_f                                    0x200003bc   Data           8  1986be9x_it.o(.data)
    cyr_kh                                   0x200003c4   Data           8  1986be9x_it.o(.data)
    cyr_c                                    0x200003cc   Data           8  1986be9x_it.o(.data)
    cyr_ch                                   0x200003d4   Data           8  1986be9x_it.o(.data)
    cyr_sh                                   0x200003dc   Data           8  1986be9x_it.o(.data)
    cyr_shh                                  0x200003e4   Data           8  1986be9x_it.o(.data)
    cyr_tz                                   0x200003ec   Data           8  1986be9x_it.o(.data)
    cyr_y                                    0x200003f4   Data           8  1986be9x_it.o(.data)
    cyr_mz                                   0x200003fc   Data           8  1986be9x_it.o(.data)
    cyr_eh                                   0x20000404   Data           8  1986be9x_it.o(.data)
    cyr_yu                                   0x2000040c   Data           8  1986be9x_it.o(.data)
    cyr_ya                                   0x20000414   Data           8  1986be9x_it.o(.data)
    sym_sp                                   0x2000041c   Data           8  1986be9x_it.o(.data)
    sym_pt                                   0x20000424   Data           8  1986be9x_it.o(.data)
    sym_def                                  0x2000042c   Data           8  1986be9x_it.o(.data)
    sym_lcm                                  0x20000434   Data           8  1986be9x_it.o(.data)
    sym_rcm                                  0x2000043c   Data           8  1986be9x_it.o(.data)
    cursor                                   0x20000444   Data           8  1986be9x_it.o(.data)
    count_main                               0x2000044c   Data           4  1986be9x_it.o(.data)
    main_string                              0x20000450   Data         200  1986be9x_it.o(.data)
    menu_string                              0x20000518   Data         256  1986be9x_it.o(.data)
    usb_string1                              0x20000618   Data          64  1986be9x_it.o(.data)
    uart_string                              0x20000658   Data          64  1986be9x_it.o(.data)
    can_string                               0x20000698   Data          64  1986be9x_it.o(.data)
    pass_string                              0x200006d8   Data          64  1986be9x_it.o(.data)
    get_string                               0x20000718   Data          64  1986be9x_it.o(.data)
    fail_string                              0x20000758   Data          64  1986be9x_it.o(.data)
    led_string                               0x20000798   Data          64  1986be9x_it.o(.data)
    empty_string                             0x200007d8   Data          64  1986be9x_it.o(.data)
    finish_string                            0x20000818   Data          64  1986be9x_it.o(.data)
    USB_Clock_InitStruct                     0x20000858   Data           8  usb_main.o(.data)
    ret                                      0x20000868   Data           4  can_main.o(.data)
    rx_buf                                   0x2000086c   Data           4  can_main.o(.data)
    TestRx                                   0x20000870   Data           1  can_main.o(.data)
    SystemCoreClock                          0x20000874   Data           4  system_mdr32f9qx.o(.data)
    USB_CurrentSetupPacket                   0x200008d8   Data           8  mdr32f9qx_usb_device.o(.data)
    USB_DeviceBUSParam                       0x200008f4   Data          12  usb_main.o(.bss)
    USB_EPContext                            0x2000098c   Data         176  mdr32f9qx_usb_device.o(.bss)
    USB_DeviceContext                        0x20000a3c   Data          12  mdr32f9qx_usb_device.o(.bss)
    __libspace_start                         0x20000a48   Data          96  libspace.o(.bss)
    __temporary_stack_top$libspace           0x20000aa8   Data           0  libspace.o(.bss)



==============================================================================

Memory Map of the image

  Image Entry point : 0x080001a5

  Load Region LR_1 (Base: 0x08000000, Size: 0x00003248, Max: 0xffffffff, ABSOLUTE, COMPRESSED[0x00002df8])

    Execution Region ER_RO (Exec base: 0x08000000, Load base: 0x08000000, Size: 0x00002960, Max: 0xffffffff, ABSOLUTE)

    Exec Addr    Load Addr    Size         Type   Attr      Idx    E Section Name        Object

    0x08000000   0x08000000   0x000000c0   Data   RO          613    RESET               startup_mdr32f9qx.o
    0x080000c0   0x080000c0   0x00000008   Code   RO         2407  * !!!main             c_w.l(__main.o)
    0x080000c8   0x080000c8   0x00000034   Code   RO         2566    !!!scatter          c_w.l(__scatter.o)
    0x080000fc   0x080000fc   0x00000064   Code   RO         2564    !!dclz77c           c_w.l(__dclz77c.o)
    0x08000160   0x08000160   0x0000001c   Code   RO         2568    !!handler_zi        c_w.l(__scatter_zi.o)
    0x0800017c   0x0800017c   0x00000002   Code   RO         2434    .ARM.Collect$$libinit$$00000000  c_w.l(libinit.o)
    0x0800017e   0x0800017e   0x00000000   Code   RO         2441    .ARM.Collect$$libinit$$00000002  c_w.l(libinit2.o)
    0x0800017e   0x0800017e   0x00000000   Code   RO         2443    .ARM.Collect$$libinit$$00000004  c_w.l(libinit2.o)
    0x0800017e   0x0800017e   0x00000000   Code   RO         2446    .ARM.Collect$$libinit$$0000000A  c_w.l(libinit2.o)
    0x0800017e   0x0800017e   0x00000000   Code   RO         2448    .ARM.Collect$$libinit$$0000000C  c_w.l(libinit2.o)
    0x0800017e   0x0800017e   0x00000000   Code   RO         2450    .ARM.Collect$$libinit$$0000000E  c_w.l(libinit2.o)
    0x0800017e   0x0800017e   0x00000000   Code   RO         2453    .ARM.Collect$$libinit$$00000011  c_w.l(libinit2.o)
    0x0800017e   0x0800017e   0x00000000   Code   RO         2455    .ARM.Collect$$libinit$$00000013  c_w.l(libinit2.o)
    0x0800017e   0x0800017e   0x00000000   Code   RO         2457    .ARM.Collect$$libinit$$00000015  c_w.l(libinit2.o)
    0x0800017e   0x0800017e   0x00000000   Code   RO         2459    .ARM.Collect$$libinit$$00000017  c_w.l(libinit2.o)
    0x0800017e   0x0800017e   0x00000000   Code   RO         2461    .ARM.Collect$$libinit$$00000019  c_w.l(libinit2.o)
    0x0800017e   0x0800017e   0x00000000   Code   RO         2463    .ARM.Collect$$libinit$$0000001B  c_w.l(libinit2.o)
    0x0800017e   0x0800017e   0x00000000   Code   RO         2465    .ARM.Collect$$libinit$$0000001D  c_w.l(libinit2.o)
    0x0800017e   0x0800017e   0x00000000   Code   RO         2467    .ARM.Collect$$libinit$$0000001F  c_w.l(libinit2.o)
    0x0800017e   0x0800017e   0x00000000   Code   RO         2469    .ARM.Collect$$libinit$$00000021  c_w.l(libinit2.o)
    0x0800017e   0x0800017e   0x00000000   Code   RO         2471    .ARM.Collect$$libinit$$00000023  c_w.l(libinit2.o)
    0x0800017e   0x0800017e   0x00000000   Code   RO         2473    .ARM.Collect$$libinit$$00000025  c_w.l(libinit2.o)
    0x0800017e   0x0800017e   0x00000000   Code   RO         2477    .ARM.Collect$$libinit$$0000002C  c_w.l(libinit2.o)
    0x0800017e   0x0800017e   0x00000000   Code   RO         2479    .ARM.Collect$$libinit$$0000002E  c_w.l(libinit2.o)
    0x0800017e   0x0800017e   0x00000000   Code   RO         2481    .ARM.Collect$$libinit$$00000030  c_w.l(libinit2.o)
    0x0800017e   0x0800017e   0x00000000   Code   RO         2483    .ARM.Collect$$libinit$$00000032  c_w.l(libinit2.o)
    0x0800017e   0x0800017e   0x00000002   Code   RO         2484    .ARM.Collect$$libinit$$00000033  c_w.l(libinit2.o)
    0x08000180   0x08000180   0x00000002   Code   RO         2504    .ARM.Collect$$libshutdown$$00000000  c_w.l(libshutdown.o)
    0x08000182   0x08000182   0x00000000   Code   RO         2517    .ARM.Collect$$libshutdown$$00000002  c_w.l(libshutdown2.o)
    0x08000182   0x08000182   0x00000000   Code   RO         2519    .ARM.Collect$$libshutdown$$00000004  c_w.l(libshutdown2.o)
    0x08000182   0x08000182   0x00000000   Code   RO         2522    .ARM.Collect$$libshutdown$$00000007  c_w.l(libshutdown2.o)
    0x08000182   0x08000182   0x00000000   Code   RO         2525    .ARM.Collect$$libshutdown$$0000000A  c_w.l(libshutdown2.o)
    0x08000182   0x08000182   0x00000000   Code   RO         2527    .ARM.Collect$$libshutdown$$0000000C  c_w.l(libshutdown2.o)
    0x08000182   0x08000182   0x00000000   Code   RO         2530    .ARM.Collect$$libshutdown$$0000000F  c_w.l(libshutdown2.o)
    0x08000182   0x08000182   0x00000002   Code   RO         2531    .ARM.Collect$$libshutdown$$00000010  c_w.l(libshutdown2.o)
    0x08000184   0x08000184   0x00000000   Code   RO         2409    .ARM.Collect$$rtentry$$00000000  c_w.l(__rtentry.o)
    0x08000184   0x08000184   0x00000000   Code   RO         2411    .ARM.Collect$$rtentry$$00000002  c_w.l(__rtentry2.o)
    0x08000184   0x08000184   0x00000006   Code   RO         2423    .ARM.Collect$$rtentry$$00000004  c_w.l(__rtentry4.o)
    0x0800018a   0x0800018a   0x00000000   Code   RO         2413    .ARM.Collect$$rtentry$$00000009  c_w.l(__rtentry2.o)
    0x0800018a   0x0800018a   0x00000004   Code   RO         2414    .ARM.Collect$$rtentry$$0000000A  c_w.l(__rtentry2.o)
    0x0800018e   0x0800018e   0x00000000   Code   RO         2416    .ARM.Collect$$rtentry$$0000000C  c_w.l(__rtentry2.o)
    0x0800018e   0x0800018e   0x00000008   Code   RO         2417    .ARM.Collect$$rtentry$$0000000D  c_w.l(__rtentry2.o)
    0x08000196   0x08000196   0x00000002   Code   RO         2438    .ARM.Collect$$rtexit$$00000000  c_w.l(rtexit.o)
    0x08000198   0x08000198   0x00000000   Code   RO         2486    .ARM.Collect$$rtexit$$00000002  c_w.l(rtexit2.o)
    0x08000198   0x08000198   0x00000004   Code   RO         2487    .ARM.Collect$$rtexit$$00000003  c_w.l(rtexit2.o)
    0x0800019c   0x0800019c   0x00000006   Code   RO         2488    .ARM.Collect$$rtexit$$00000004  c_w.l(rtexit2.o)
    0x080001a2   0x080001a2   0x00000002   PAD
    0x080001a4   0x080001a4   0x00000040   Code   RO          614  * .text               startup_mdr32f9qx.o
    0x080001e4   0x080001e4   0x00000006   Code   RO         2405    .text               c_w.l(heapauxi.o)
    0x080001ea   0x080001ea   0x0000004a   Code   RO         2425    .text               c_w.l(sys_stackheap_outer.o)
    0x08000234   0x08000234   0x00000012   Code   RO         2427    .text               c_w.l(exit.o)
    0x08000246   0x08000246   0x00000002   PAD
    0x08000248   0x08000248   0x00000008   Code   RO         2435    .text               c_w.l(libspace.o)
    0x08000250   0x08000250   0x0000000c   Code   RO         2496    .text               c_w.l(sys_exit.o)
    0x0800025c   0x0800025c   0x00000002   Code   RO         2507    .text               c_w.l(use_no_semi.o)
    0x0800025e   0x0800025e   0x00000000   Code   RO         2509    .text               c_w.l(indicate_semi.o)
    0x0800025e   0x0800025e   0x00000002   Code   RO          170    i.ADC_IRQHandler    1986be9x_it.o
    0x08000260   0x08000260   0x00000002   Code   RO          171    i.BACKUP_IRQHandler  1986be9x_it.o
    0x08000262   0x08000262   0x00000004   Code   RO          172    i.BusFault_Handler  1986be9x_it.o
    0x08000266   0x08000266   0x00000002   PAD
    0x08000268   0x08000268   0x00000044   Code   RO            4    i.ButtonPinGfg      main.o
    0x080002ac   0x080002ac   0x00000002   Code   RO          173    i.CAN1_IRQHandler   1986be9x_it.o
    0x080002ae   0x080002ae   0x00000002   Code   RO          174    i.CAN2_IRQHandler   1986be9x_it.o
    0x080002b0   0x080002b0   0x00000038   Code   RO          655    i.CAN_BRGInit       mdr32f9qx_can.o
    0x080002e8   0x080002e8   0x00000014   Code   RO          657    i.CAN_Cmd           mdr32f9qx_can.o
    0x080002fc   0x080002fc   0x0000002a   Code   RO          658    i.CAN_DeInit        mdr32f9qx_can.o
    0x08000326   0x08000326   0x00000012   Code   RO          672    i.CAN_ITConfig      mdr32f9qx_can.o
    0x08000338   0x08000338   0x00000062   Code   RO          673    i.CAN_Init          mdr32f9qx_can.o
    0x0800039a   0x0800039a   0x00000016   Code   RO          676    i.CAN_Receive       mdr32f9qx_can.o
    0x080003b0   0x080003b0   0x00000016   Code   RO          677    i.CAN_RxITConfig    mdr32f9qx_can.o
    0x080003c6   0x080003c6   0x00000002   PAD
    0x080003c8   0x080003c8   0x000000c4   Code   RO          469    i.CAN_Setup         can_main.o
    0x0800048c   0x0800048c   0x00000026   Code   RO          679    i.CAN_StructInit    mdr32f9qx_can.o
    0x080004b2   0x080004b2   0x00000060   Code   RO          680    i.CAN_Transmit      mdr32f9qx_can.o
    0x08000512   0x08000512   0x00000016   Code   RO          681    i.CAN_TxITConfig    mdr32f9qx_can.o
    0x08000528   0x08000528   0x00000058   Code   RO          470    i.CAN_ports_ini     can_main.o
    0x08000580   0x08000580   0x00000002   Code   RO          175    i.COMPARATOR_IRQHandler  1986be9x_it.o
    0x08000582   0x08000582   0x00000002   PAD
    0x08000584   0x08000584   0x00000074   Code   RO            9    i.CanTest           main.o
    0x080005f8   0x080005f8   0x00000002   Code   RO          176    i.DMA_IRQHandler    1986be9x_it.o
    0x080005fa   0x080005fa   0x00000002   Code   RO          177    i.DebugMon_Handler  1986be9x_it.o
    0x080005fc   0x080005fc   0x000000cc   Code   RO          501    i.DispOn            mlt_lcd.o
    0x080006c8   0x080006c8   0x00000002   Code   RO          178    i.EXT_INT1_IRQHandler  1986be9x_it.o
    0x080006ca   0x080006ca   0x00000002   Code   RO          179    i.EXT_INT2_IRQHandler  1986be9x_it.o
    0x080006cc   0x080006cc   0x00000002   Code   RO          180    i.EXT_INT3_IRQHandler  1986be9x_it.o
    0x080006ce   0x080006ce   0x00000002   Code   RO          181    i.EXT_INT4_IRQHandler  1986be9x_it.o
    0x080006d0   0x080006d0   0x00000004   Code   RO          182    i.HardFault_Handler  1986be9x_it.o
    0x080006d4   0x080006d4   0x00000002   Code   RO          183    i.I2C_IRQHandler    1986be9x_it.o
    0x080006d6   0x080006d6   0x00000018   Code   RO          502    i.LcdClearChip      mlt_lcd.o
    0x080006ee   0x080006ee   0x00000040   Code   RO          503    i.LcdClearPage      mlt_lcd.o
    0x0800072e   0x0800072e   0x00000002   PAD
    0x08000730   0x08000730   0x00000040   Code   RO          504    i.LcdInit           mlt_lcd.o
    0x08000770   0x08000770   0x00000068   Code   RO          505    i.LcdPutChar        mlt_lcd.o
    0x080007d8   0x080007d8   0x00000098   Code   RO          507    i.LcdPutString      mlt_lcd.o
    0x08000870   0x08000870   0x00000082   Code   RO          508    i.LcdScrollString   mlt_lcd.o
    0x080008f2   0x080008f2   0x00000004   Code   RO          184    i.MemManage_Handler  1986be9x_it.o
    0x080008f6   0x080008f6   0x0000000c   Code   RO          509    i.MltDelay          mlt_lcd.o
    0x08000902   0x08000902   0x00000002   PAD
    0x08000904   0x08000904   0x00000068   Code   RO           15    i.MltPinCfg         main.o
    0x0800096c   0x0800096c   0x00000002   Code   RO          185    i.NMI_Handler       1986be9x_it.o
    0x0800096e   0x0800096e   0x00000002   PAD
    0x08000970   0x08000970   0x000001c8   Code   RO          831    i.PORT_Init         mdr32f9qx_port.o
    0x08000b38   0x08000b38   0x00000010   Code   RO          833    i.PORT_ReadInputDataBit  mdr32f9qx_port.o
    0x08000b48   0x08000b48   0x0000001c   Code   RO          834    i.PORT_ResetBits    mdr32f9qx_port.o
    0x08000b64   0x08000b64   0x0000001c   Code   RO          835    i.PORT_SetBits      mdr32f9qx_port.o
    0x08000b80   0x08000b80   0x00000002   Code   RO          186    i.POWER_IRQHandler  1986be9x_it.o
    0x08000b82   0x08000b82   0x00000002   Code   RO          187    i.PendSV_Handler    1986be9x_it.o
    0x08000b84   0x08000b84   0x00000040   Code   RO          902    i.RST_CLK_CPU_PLLconfig  mdr32f9qx_rst_clk.o
    0x08000bc4   0x08000bc4   0x00000274   Code   RO          908    i.RST_CLK_GetClocksFreq  mdr32f9qx_rst_clk.o
    0x08000e38   0x08000e38   0x00000034   Code   RO          909    i.RST_CLK_GetFlagStatus  mdr32f9qx_rst_clk.o
    0x08000e6c   0x08000e6c   0x0000003c   Code   RO          911    i.RST_CLK_HSEconfig  mdr32f9qx_rst_clk.o
    0x08000ea8   0x08000ea8   0x00000034   Code   RO          912    i.RST_CLK_HSEstatus  mdr32f9qx_rst_clk.o
    0x08000edc   0x08000edc   0x0000003c   Code   RO          917    i.RST_CLK_LSEconfig  mdr32f9qx_rst_clk.o
    0x08000f18   0x08000f18   0x00000034   Code   RO          918    i.RST_CLK_LSEstatus  mdr32f9qx_rst_clk.o
    0x08000f4c   0x08000f4c   0x00000020   Code   RO          922    i.RST_CLK_PCLKcmd   mdr32f9qx_rst_clk.o
    0x08000f6c   0x08000f6c   0x000000c8   Code   RO          511    i.ReadStatus        mlt_lcd.o
    0x08001034   0x08001034   0x00000002   Code   RO          188    i.SSP1_IRQHandler   1986be9x_it.o
    0x08001036   0x08001036   0x00000002   Code   RO          189    i.SSP2_IRQHandler   1986be9x_it.o
    0x08001038   0x08001038   0x00000002   Code   RO          190    i.SVC_Handler       1986be9x_it.o
    0x0800103a   0x0800103a   0x00000002   PAD
    0x0800103c   0x0800103c   0x000000d0   Code   RO          512    i.SetAdress         mlt_lcd.o
    0x0800110c   0x0800110c   0x00000044   Code   RO          513    i.SetDataBits       mlt_lcd.o
    0x08001150   0x08001150   0x000000d0   Code   RO          514    i.SetPage           mlt_lcd.o
    0x08001220   0x08001220   0x00000054   Code   RO          369    i.Setup_USB         usb_main.o
    0x08001274   0x08001274   0x00000002   Code   RO          191    i.SysTick_Handler   1986be9x_it.o
    0x08001276   0x08001276   0x00000002   PAD
    0x08001278   0x08001278   0x00000090   Code   RO          620    i.SystemCoreClockUpdate  system_mdr32f9qx.o
    0x08001308   0x08001308   0x00000040   Code   RO          621    i.SystemInit        system_mdr32f9qx.o
    0x08001348   0x08001348   0x00000050   Code   RO           16    i.Tim1Setup         main.o
    0x08001398   0x08001398   0x000003cc   Code   RO          192    i.Timer1_IRQHandler  1986be9x_it.o
    0x08001764   0x08001764   0x00000002   Code   RO          193    i.Timer2_IRQHandler  1986be9x_it.o
    0x08001766   0x08001766   0x00000002   Code   RO          194    i.Timer3_IRQHandler  1986be9x_it.o
    0x08001768   0x08001768   0x00000002   Code   RO          195    i.UART1_IRQHandler  1986be9x_it.o
    0x0800176a   0x0800176a   0x00000002   Code   RO          196    i.UART2_IRQHandler  1986be9x_it.o
    0x0800176c   0x0800176c   0x0000003c   Code   RO         1564    i.UART_BRGInit      mdr32f9qx_uart.o
    0x080017a8   0x080017a8   0x00000018   Code   RO         1567    i.UART_Cmd          mdr32f9qx_uart.o
    0x080017c0   0x080017c0   0x00000010   Code   RO         1571    i.UART_GetFlagStatus  mdr32f9qx_uart.o
    0x080017d0   0x080017d0   0x000000b0   Code   RO         1575    i.UART_Init         mdr32f9qx_uart.o
    0x08001880   0x08001880   0x00000006   Code   RO         1579    i.UART_SendData     mdr32f9qx_uart.o
    0x08001886   0x08001886   0x00000002   PAD
    0x08001888   0x08001888   0x00000024   Code   RO           17    i.USBTest           main.o
    0x080018ac   0x080018ac   0x0000003c   Code   RO         1680    i.USB_BRGInit       mdr32f9qx_usb.o
    0x080018e8   0x080018e8   0x000000a0   Code   RO         2057    i.USB_CDC_ClassRequest  mdr32f9qx_usb_cdc.o
    0x08001988   0x08001988   0x00000040   Code   RO         2058    i.USB_CDC_DoDataOut  mdr32f9qx_usb_cdc.o
    0x080019c8   0x080019c8   0x00000064   Code   RO         2063    i.USB_CDC_GetDescriptor  mdr32f9qx_usb_cdc.o
    0x08001a2c   0x08001a2c   0x00000018   Code   RO          370    i.USB_CDC_GetLineCoding  usb_main.o
    0x08001a44   0x08001a44   0x0000002c   Code   RO         2064    i.USB_CDC_Init      mdr32f9qx_usb_cdc.o
    0x08001a70   0x08001a70   0x00000044   Code   RO         2065    i.USB_CDC_OnDataReceive  mdr32f9qx_usb_cdc.o
    0x08001ab4   0x08001ab4   0x00000010   Code   RO         2066    i.USB_CDC_OnDataSent  mdr32f9qx_usb_cdc.o
    0x08001ac4   0x08001ac4   0x00000014   Code   RO          371    i.USB_CDC_RecieveData  usb_main.o
    0x08001ad8   0x08001ad8   0x0000004c   Code   RO         2069    i.USB_CDC_Reset     mdr32f9qx_usb_cdc.o
    0x08001b24   0x08001b24   0x00000030   Code   RO         2070    i.USB_CDC_SendData  mdr32f9qx_usb_cdc.o
    0x08001b54   0x08001b54   0x0000001c   Code   RO          372    i.USB_CDC_SetLineCoding  usb_main.o
    0x08001b70   0x08001b70   0x00000010   Code   RO         2071    i.USB_CDC_SetReceiveBuffer  mdr32f9qx_usb_cdc.o
    0x08001b80   0x08001b80   0x0000001a   Code   RO         2164    i.USB_DeviceClearFeature  mdr32f9qx_usb_device.o
    0x08001b9a   0x08001b9a   0x00000002   PAD
    0x08001b9c   0x08001b9c   0x00000084   Code   RO         2165    i.USB_DeviceDispatchEvent  mdr32f9qx_usb_device.o
    0x08001c20   0x08001c20   0x00000016   Code   RO         2167    i.USB_DeviceDoStatusOutAck  mdr32f9qx_usb_device.o
    0x08001c36   0x08001c36   0x00000002   PAD
    0x08001c38   0x08001c38   0x00000058   Code   RO         2180    i.USB_DeviceInit    mdr32f9qx_usb_device.o
    0x08001c90   0x08001c90   0x00000018   Code   RO         2182    i.USB_DevicePowerOn  mdr32f9qx_usb_device.o
    0x08001ca8   0x08001ca8   0x00000010   Code   RO         2183    i.USB_DeviceReset   mdr32f9qx_usb_device.o
    0x08001cb8   0x08001cb8   0x0000001c   Code   RO         2185    i.USB_DeviceSetFeature  mdr32f9qx_usb_device.o
    0x08001cd4   0x08001cd4   0x00000268   Code   RO         2186    i.USB_DeviceSetupPacket  mdr32f9qx_usb_device.o
    0x08001f3c   0x08001f3c   0x00000028   Code   RO         2188    i.USB_Device_setAddressWork  mdr32f9qx_usb_device.o
    0x08001f64   0x08001f64   0x00000040   Code   RO         2189    i.USB_EP_Idle       mdr32f9qx_usb_device.o
    0x08001fa4   0x08001fa4   0x00000048   Code   RO         2190    i.USB_EP_Init       mdr32f9qx_usb_device.o
    0x08001fec   0x08001fec   0x0000002c   Code   RO         2192    i.USB_EP_SetReady   mdr32f9qx_usb_device.o
    0x08002018   0x08002018   0x00000044   Code   RO         2193    i.USB_EP_Stall      mdr32f9qx_usb_device.o
    0x0800205c   0x0800205c   0x00000250   Code   RO         2194    i.USB_EP_dispatchEvent  mdr32f9qx_usb_device.o
    0x080022ac   0x080022ac   0x0000004c   Code   RO         2195    i.USB_EP_doDataIn   mdr32f9qx_usb_device.o
    0x080022f8   0x080022f8   0x0000003c   Code   RO         2196    i.USB_EP_doDataOut  mdr32f9qx_usb_device.o
    0x08002334   0x08002334   0x0000007c   Code   RO         2197    i.USB_EP_sendInDataPortion  mdr32f9qx_usb_device.o
    0x080023b0   0x080023b0   0x00000040   Code   RO         2198    i.USB_EP_setSetupHandler  mdr32f9qx_usb_device.o
    0x080023f0   0x080023f0   0x00000010   Code   RO         1705    i.USB_GetSEPxCTRL   mdr32f9qx_usb.o
    0x08002400   0x08002400   0x00000010   Code   RO         1708    i.USB_GetSEPxRXFD   mdr32f9qx_usb.o
    0x08002410   0x08002410   0x00000010   Code   RO         1709    i.USB_GetSEPxRXFDC  mdr32f9qx_usb.o
    0x08002420   0x08002420   0x00000010   Code   RO         1710    i.USB_GetSEPxSTS    mdr32f9qx_usb.o
    0x08002430   0x08002430   0x00000010   Code   RO         1711    i.USB_GetSEPxTS     mdr32f9qx_usb.o
    0x08002440   0x08002440   0x0000000c   Code   RO         1716    i.USB_GetSIS        mdr32f9qx_usb.o
    0x0800244c   0x0800244c   0x00000008   Code   RO         2199    i.USB_IRQHandler    mdr32f9qx_usb_device.o
    0x08002454   0x08002454   0x0000001e   Code   RO         1718    i.USB_Reset         mdr32f9qx_usb.o
    0x08002472   0x08002472   0x00000002   PAD
    0x08002474   0x08002474   0x0000001c   Code   RO         1719    i.USB_SEPxToggleEPDATASEQ  mdr32f9qx_usb.o
    0x08002490   0x08002490   0x00000020   Code   RO         1723    i.USB_SetHSCR       mdr32f9qx_usb.o
    0x080024b0   0x080024b0   0x0000000c   Code   RO         1732    i.USB_SetSA         mdr32f9qx_usb.o
    0x080024bc   0x080024bc   0x00000020   Code   RO         1733    i.USB_SetSC         mdr32f9qx_usb.o
    0x080024dc   0x080024dc   0x0000002c   Code   RO         1734    i.USB_SetSEPxCTRL   mdr32f9qx_usb.o
    0x08002508   0x08002508   0x00000010   Code   RO         1735    i.USB_SetSEPxRXFC   mdr32f9qx_usb.o
    0x08002518   0x08002518   0x00000010   Code   RO         1736    i.USB_SetSEPxTXFD   mdr32f9qx_usb.o
    0x08002528   0x08002528   0x00000010   Code   RO         1737    i.USB_SetSEPxTXFDC  mdr32f9qx_usb.o
    0x08002538   0x08002538   0x00000020   Code   RO         1738    i.USB_SetSIM        mdr32f9qx_usb.o
    0x08002558   0x08002558   0x0000000c   Code   RO         1739    i.USB_SetSIS        mdr32f9qx_usb.o
    0x08002564   0x08002564   0x0000001c   Code   RO          373    i.USB_main          usb_main.o
    0x08002580   0x08002580   0x00000044   Code   RO          441    i.Uart2PinCfg       uart_main.o
    0x080025c4   0x080025c4   0x0000004c   Code   RO          442    i.Uart2Setup        uart_main.o
    0x08002610   0x08002610   0x00000064   Code   RO           18    i.UartTest          main.o
    0x08002674   0x08002674   0x00000004   Code   RO          197    i.UsageFault_Handler  1986be9x_it.o
    0x08002678   0x08002678   0x00000018   Code   RO          374    i.VCom_Configuration  usb_main.o
    0x08002690   0x08002690   0x00000002   Code   RO          198    i.WWDG_IRQHandler   1986be9x_it.o
    0x08002692   0x08002692   0x00000002   PAD
    0x08002694   0x08002694   0x000000d0   Code   RO          515    i.WriteData         mlt_lcd.o
    0x08002764   0x08002764   0x000001dc   Code   RO           19    i.main              main.o
    0x08002940   0x08002940   0x00000020   Data   RO         2562    Region$$Table       anon$$obj.o


    Execution Region ER_RW (Exec base: 0x20000000, Load base: 0x08002960, Size: 0x000008e8, Max: 0xffffffff, ABSOLUTE, COMPRESSED[0x00000498])

    Exec Addr    Load Addr    Size         Type   Attr      Idx    E Section Name        Object

    0x20000000   COMPRESSED   0x0000001c   Data   RW           21    .data               main.o
    0x2000001c   COMPRESSED   0x0000083c   Data   RW          199    .data               1986be9x_it.o
    0x20000858   COMPRESSED   0x00000010   Data   RW          376    .data               usb_main.o
    0x20000868   COMPRESSED   0x00000009   Data   RW          472    .data               can_main.o
    0x20000871   COMPRESSED   0x00000003   PAD
    0x20000874   COMPRESSED   0x00000004   Data   RW          622    .data               system_mdr32f9qx.o
    0x20000878   COMPRESSED   0x00000060   Data   RW         2073    .data               mdr32f9qx_usb_cdc.o
    0x200008d8   COMPRESSED   0x00000010   Data   RW         2201    .data               mdr32f9qx_usb_device.o


    Execution Region ER_ZI (Exec base: 0x200008e8, Load base: 0x08002df8, Size: 0x000007c0, Max: 0xffffffff, ABSOLUTE)

    Exec Addr    Load Addr    Size         Type   Attr      Idx    E Section Name        Object

    0x200008e8        -       0x0000000c   Zero   RW           20    .bss                main.o
    0x200008f4        -       0x00000070   Zero   RW          375    .bss                usb_main.o
    0x20000964        -       0x0000001c   Zero   RW          443    .bss                uart_main.o
    0x20000980        -       0x0000000c   Zero   RW         2072    .bss                mdr32f9qx_usb_cdc.o
    0x2000098c        -       0x000000bc   Zero   RW         2200    .bss                mdr32f9qx_usb_device.o
    0x20000a48        -       0x00000060   Zero   RW         2436    .bss                c_w.l(libspace.o)
    0x20000aa8        -       0x00000200   Zero   RW          612    HEAP                startup_mdr32f9qx.o
    0x20000ca8        -       0x00000400   Zero   RW          611    STACK               startup_mdr32f9qx.o


==============================================================================

Image component sizes


      Code (inc. data)   RO Data    RW Data    ZI Data      Debug   Object Name

      1036        154          0       2108          0      23936   1986be9x_it.o
       284         12          0          9          0       2428   can_main.o
       980        146          0         28         12      85477   main.o
       434          8          0          0          0       7911   mdr32f9qx_can.o
       528         18          0          0          0       3804   mdr32f9qx_port.o
      1000         42          0          0          0       9174   mdr32f9qx_rst_clk.o
       282         26          0          0          0       5039   mdr32f9qx_uart.o
       422        102          0          0          0      12530   mdr32f9qx_usb.o
       592         80          0         96         12       8692   mdr32f9qx_usb_cdc.o
      2164        124          0         16        188      45845   mdr32f9qx_usb_device.o
      1646         98          0          0          0       8463   mlt_lcd.o
        64         26        192          0       1536        820   startup_mdr32f9qx.o
       208         24          0          4          0       1471   system_mdr32f9qx.o
       144         18          0          0         28       1187   uart_main.o
       208         26          0         16        112      50197   usb_main.o

    ----------------------------------------------------------------------
     10018        904        224       2280       1888     266974   Object Totals
         0          0         32          0          0          0   (incl. Generated)
        26          0          0          3          0          0   (incl. Padding)

    ----------------------------------------------------------------------

      Code (inc. data)   RO Data    RW Data    ZI Data      Debug   Library Member Name

       100          0          0          0          0          0   __dclz77c.o
         8          0          0          0          0         68   __main.o
         0          0          0          0          0          0   __rtentry.o
        12          0          0          0          0          0   __rtentry2.o
         6          0          0          0          0          0   __rtentry4.o
        52          8          0          0          0          0   __scatter.o
        28          0          0          0          0          0   __scatter_zi.o
        18          0          0          0          0         80   exit.o
         6          0          0          0          0        152   heapauxi.o
         0          0          0          0          0          0   indicate_semi.o
         2          0          0          0          0          0   libinit.o
         2          0          0          0          0          0   libinit2.o
         2          0          0          0          0          0   libshutdown.o
         2          0          0          0          0          0   libshutdown2.o
         8          4          0          0         96         68   libspace.o
         2          0          0          0          0          0   rtexit.o
        10          0          0          0          0          0   rtexit2.o
        12          4          0          0          0         68   sys_exit.o
        74          0          0          0          0         80   sys_stackheap_outer.o
         2          0          0          0          0         68   use_no_semi.o

    ----------------------------------------------------------------------
       350         16          0          0         96        584   Library Totals
         4          0          0          0          0          0   (incl. Padding)

    ----------------------------------------------------------------------

      Code (inc. data)   RO Data    RW Data    ZI Data      Debug   Library Name

       346         16          0          0         96        584   c_w.l

    ----------------------------------------------------------------------
       350         16          0          0         96        584   Library Totals

    ----------------------------------------------------------------------

==============================================================================


      Code (inc. data)   RO Data    RW Data    ZI Data      Debug   

     10368        920        224       2280       1984     260690   Grand Totals
     10368        920        224       1176       1984     260690   ELF Image Totals (compressed)
     10368        920        224       1176          0          0   ROM Totals

==============================================================================

    Total RO  Size (Code + RO Data)                10592 (  10.34kB)
    Total RW  Size (RW Data + ZI Data)              4264 (   4.16kB)
    Total ROM Size (Code + RO Data + RW Data)      11768 (  11.49kB)

==============================================================================

