Component: ARM Compiler 5.06 update 6 (build 750) Tool: armlink [4d35ed]

==============================================================================

Section Cross References

    main.o(.text) refers to 1986be9x_port.o(.text) for PORT_SetBits
    main.o(.text) refers to 1986be9x_rst_clk.o(.text) for RST_CLK_CPU_PLLconfig
    main.o(.text) refers to 1986be9x_uart.o(.text) for UART_BRGInit
    main.o(.text) refers to main.o(.bss) for .bss
    main.o(.text) refers to mlt_lcd.o(.text) for LcdInit
    main.o(.text) refers to main.o(.data) for .data
    system_1986be9x.o(.text) refers to system_1986be9x.o(.data) for .data
    startup_1986be9x.o(RESET) refers to startup_1986be9x.o(STACK) for __initial_sp
    startup_1986be9x.o(RESET) refers to startup_1986be9x.o(.text) for Reset_Handler
    startup_1986be9x.o(RESET) refers to 1986be9x_it.o(.text) for NMI_Handler
    startup_1986be9x.o(.text) refers to system_1986be9x.o(.text) for SystemInit
    startup_1986be9x.o(.text) refers to entry.o(.ARM.Collect$$$$00000000) for __main
    1986be9x_uart.o(.text) refers to 1986be9x_rst_clk.o(.text) for RST_CLK_GetClocksFreq
    1986be9x_dma.o(.text) refers to 1986be9x_dma.o(.bss) for .bss
    1986be9x_it.o(.text) refers to mlt_lcd.o(.text) for LcdPutImage
    1986be9x_it.o(.text) refers to main.o(.data) for count_title
    1986be9x_it.o(.text) refers to 1986be9x_it.o(.data) for .data
    1986be9x_it.o(.text) refers to main.o(.data) for UartFlag
    1986be9x_it.o(.data) refers to 1986be9x_it.o(.data) for cyr_O
    1986be9x_it.o(.data) refers to 1986be9x_it.o(.data) for cyr_t
    1986be9x_it.o(.data) refers to 1986be9x_it.o(.data) for cyr_o
    1986be9x_it.o(.data) refers to 1986be9x_it.o(.data) for cyr_ch
    1986be9x_it.o(.data) refers to 1986be9x_it.o(.data) for cyr_y
    1986be9x_it.o(.data) refers to 1986be9x_it.o(.data) for cyr_jj
    1986be9x_it.o(.data) refers to 1986be9x_it.o(.data) for cyr_k
    1986be9x_it.o(.data) refers to 1986be9x_it.o(.data) for cyr_m
    1986be9x_it.o(.data) refers to 1986be9x_it.o(.data) for cyr_p
    1986be9x_it.o(.data) refers to 1986be9x_it.o(.data) for cyr_e
    1986be9x_it.o(.data) refers to 1986be9x_it.o(.data) for cyr_v
    1986be9x_it.o(.data) refers to 1986be9x_it.o(.data) for dig_1
    1986be9x_it.o(.data) refers to 1986be9x_it.o(.data) for dig_9
    1986be9x_it.o(.data) refers to 1986be9x_it.o(.data) for dig_8
    1986be9x_it.o(.data) refers to 1986be9x_it.o(.data) for dig_6
    1986be9x_it.o(.data) refers to 1986be9x_it.o(.data) for cyr_V
    1986be9x_it.o(.data) refers to 1986be9x_it.o(.data) for cyr_E
    1986be9x_it.o(.data) refers to 1986be9x_it.o(.data) for cyr_T
    1986be9x_it.o(.data) refers to 1986be9x_it.o(.data) for sym_pt
    1986be9x_it.o(.data) refers to 1986be9x_it.o(.data) for cyr_Z
    1986be9x_it.o(.data) refers to 1986be9x_it.o(.data) for cyr_A
    1986be9x_it.o(.data) refers to 1986be9x_it.o(.data) for cyr_P
    1986be9x_it.o(.data) refers to 1986be9x_it.o(.data) for cyr_K
    1986be9x_it.o(.data) refers to 1986be9x_it.o(.data) for lat_w
    1986be9x_it.o(.data) refers to 1986be9x_it.o(.data) for lat_m
    1986be9x_it.o(.data) refers to 1986be9x_it.o(.data) for lat_i
    1986be9x_it.o(.data) refers to 1986be9x_it.o(.data) for lat_l
    1986be9x_it.o(.data) refers to 1986be9x_it.o(.data) for lat_a
    1986be9x_it.o(.data) refers to 1986be9x_it.o(.data) for lat_n
    1986be9x_it.o(.data) refers to 1986be9x_it.o(.data) for lat_d
    1986be9x_it.o(.data) refers to 1986be9x_it.o(.data) for lat_r
    1986be9x_it.o(.data) refers to 1986be9x_it.o(.data) for lat_u
    1986be9x_it.o(.data) refers to 1986be9x_it.o(.data) for lat_L
    1986be9x_it.o(.data) refers to 1986be9x_it.o(.data) for lat_E
    1986be9x_it.o(.data) refers to 1986be9x_it.o(.data) for lat_D
    1986be9x_it.o(.data) refers to 1986be9x_it.o(.data) for lat_S
    1986be9x_it.o(.data) refers to 1986be9x_it.o(.data) for lat_U
    1986be9x_it.o(.data) refers to 1986be9x_it.o(.data) for lat_A
    1986be9x_it.o(.data) refers to 1986be9x_it.o(.data) for lat_R
    1986be9x_it.o(.data) refers to 1986be9x_it.o(.data) for lat_T
    1986be9x_it.o(.data) refers to 1986be9x_it.o(.data) for lat_C
    1986be9x_it.o(.data) refers to 1986be9x_it.o(.data) for lat_N
    1986be9x_it.o(.data) refers to 1986be9x_it.o(.data) for dig_2
    1986be9x_it.o(.data) refers to 1986be9x_it.o(.data) for dig_5
    1986be9x_it.o(.data) refers to 1986be9x_it.o(.data) for dig_0
    1986be9x_it.o(.data) refers to 1986be9x_it.o(.data) for lat_F
    1986be9x_it.o(.data) refers to 1986be9x_it.o(.data) for lat_H
    1986be9x_it.o(.data) refers to 1986be9x_it.o(.data) for lat_M
    1986be9x_it.o(.data) refers to 1986be9x_it.o(.data) for cyr_s
    1986be9x_it.o(.data) refers to 1986be9x_it.o(.data) for lat_O
    1986be9x_it.o(.data) refers to 1986be9x_it.o(.data) for lat_t
    1986be9x_it.o(.data) refers to 1986be9x_it.o(.data) for cyr_I
    1986be9x_it.o(.data) refers to 1986be9x_it.o(.data) for cyr_G
    1986be9x_it.o(.data) refers to 1986be9x_it.o(.data) for sym_sp
    1986be9x_it.o(.data) refers to 1986be9x_it.o(.data) for lat_F
    1986be9x_it.o(.data) refers to 1986be9x_it.o(.data) for lat_L
    1986be9x_it.o(.data) refers to 1986be9x_it.o(.data) for lat_A
    1986be9x_it.o(.data) refers to 1986be9x_it.o(.data) for lat_S
    1986be9x_it.o(.data) refers to 1986be9x_it.o(.data) for lat_H
    1986be9x_it.o(.data) refers to 1986be9x_it.o(.data) for sym_sp
    1986be9x_it.o(.data) refers to 1986be9x_it.o(.data) for lat_R
    1986be9x_it.o(.data) refers to 1986be9x_it.o(.data) for lat_A
    1986be9x_it.o(.data) refers to 1986be9x_it.o(.data) for lat_M
    1986be9x_it.o(.data) refers to 1986be9x_it.o(.data) for sym_sp
    1986be9x_it.o(.data) refers to 1986be9x_it.o(.data) for lat_E
    1986be9x_it.o(.data) refers to 1986be9x_it.o(.data) for lat_T
    1986be9x_it.o(.data) refers to 1986be9x_it.o(.data) for lat_H
    1986be9x_it.o(.data) refers to 1986be9x_it.o(.data) for lat_R
    1986be9x_it.o(.data) refers to 1986be9x_it.o(.data) for lat_N
    1986be9x_it.o(.data) refers to 1986be9x_it.o(.data) for sym_sp
    1986be9x_it.o(.data) refers to 1986be9x_it.o(.data) for cyr_T
    1986be9x_it.o(.data) refers to 1986be9x_it.o(.data) for cyr_e
    1986be9x_it.o(.data) refers to 1986be9x_it.o(.data) for cyr_s
    1986be9x_it.o(.data) refers to 1986be9x_it.o(.data) for cyr_t
    1986be9x_it.o(.data) refers to 1986be9x_it.o(.data) for cyr_o
    1986be9x_it.o(.data) refers to 1986be9x_it.o(.data) for cyr_u
    1986be9x_it.o(.data) refers to 1986be9x_it.o(.data) for cyr_ya
    1986be9x_it.o(.data) refers to 1986be9x_it.o(.data) for sym_sp
    1986be9x_it.o(.data) refers to 1986be9x_it.o(.data) for cyr_P
    1986be9x_it.o(.data) refers to 1986be9x_it.o(.data) for cyr_o
    1986be9x_it.o(.data) refers to 1986be9x_it.o(.data) for cyr_sh
    1986be9x_it.o(.data) refers to 1986be9x_it.o(.data) for cyr_e
    1986be9x_it.o(.data) refers to 1986be9x_it.o(.data) for sym_sp
    1986be9x_it.o(.data) refers to 1986be9x_it.o(.data) for cyr_N
    1986be9x_it.o(.data) refers to 1986be9x_it.o(.data) for cyr_e
    1986be9x_it.o(.data) refers to 1986be9x_it.o(.data) for cyr_p
    1986be9x_it.o(.data) refers to 1986be9x_it.o(.data) for cyr_o
    1986be9x_it.o(.data) refers to 1986be9x_it.o(.data) for cyr_sh
    1986be9x_it.o(.data) refers to 1986be9x_it.o(.data) for cyr_M
    mlt_lcd.o(.text) refers to 1986be9x_port.o(.text) for PORT_SetBits
    entry.o(.ARM.Collect$$$$00000000) refers (Special) to entry10a.o(.ARM.Collect$$$$0000000D) for __rt_final_cpp
    entry.o(.ARM.Collect$$$$00000000) refers (Special) to entry11a.o(.ARM.Collect$$$$0000000F) for __rt_final_exit
    entry.o(.ARM.Collect$$$$00000000) refers (Special) to entry7b.o(.ARM.Collect$$$$00000008) for _main_clock
    entry.o(.ARM.Collect$$$$00000000) refers (Special) to entry8b.o(.ARM.Collect$$$$0000000A) for _main_cpp_init
    entry.o(.ARM.Collect$$$$00000000) refers (Special) to entry9a.o(.ARM.Collect$$$$0000000B) for _main_init
    entry.o(.ARM.Collect$$$$00000000) refers (Special) to entry5.o(.ARM.Collect$$$$00000004) for _main_scatterload
    entry.o(.ARM.Collect$$$$00000000) refers (Special) to entry2.o(.ARM.Collect$$$$00000001) for _main_stk
    entry2.o(.ARM.Collect$$$$00000001) refers to entry2.o(.ARM.Collect$$$$00002712) for __lit__00000000
    entry2.o(.ARM.Collect$$$$00002712) refers to startup_1986be9x.o(STACK) for __initial_sp
    entry2.o(__vectab_stack_and_reset_area) refers to startup_1986be9x.o(STACK) for __initial_sp
    entry2.o(__vectab_stack_and_reset_area) refers to entry.o(.ARM.Collect$$$$00000000) for __main
    entry5.o(.ARM.Collect$$$$00000004) refers to init.o(.text) for __scatterload
    entry9a.o(.ARM.Collect$$$$0000000B) refers to main.o(.text) for main
    entry9b.o(.ARM.Collect$$$$0000000C) refers to main.o(.text) for main
    init.o(.text) refers to entry5.o(.ARM.Collect$$$$00000004) for __main_after_scatterload


==============================================================================

Removing Unused input sections from the image.

    Removing startup_1986be9x.o(HEAP), (512 bytes).
    Removing 1986be9x_dma.o(.text), (584 bytes).
    Removing 1986be9x_dma.o(.bss), (1024 bytes).
    Removing 1986be9x_eeprom.o(.text), (688 bytes).
    Removing 1986be9x_it.o(.data), (8 bytes).
    Removing 1986be9x_it.o(.data), (8 bytes).
    Removing 1986be9x_it.o(.data), (8 bytes).
    Removing 1986be9x_it.o(.data), (8 bytes).
    Removing 1986be9x_it.o(.data), (8 bytes).
    Removing 1986be9x_it.o(.data), (8 bytes).
    Removing 1986be9x_it.o(.data), (8 bytes).
    Removing 1986be9x_it.o(.data), (8 bytes).
    Removing 1986be9x_it.o(.data), (8 bytes).
    Removing 1986be9x_it.o(.data), (8 bytes).
    Removing 1986be9x_it.o(.data), (8 bytes).
    Removing 1986be9x_it.o(.data), (8 bytes).
    Removing 1986be9x_it.o(.data), (8 bytes).
    Removing 1986be9x_it.o(.data), (8 bytes).
    Removing 1986be9x_it.o(.data), (8 bytes).
    Removing 1986be9x_it.o(.data), (8 bytes).
    Removing 1986be9x_it.o(.data), (8 bytes).
    Removing 1986be9x_it.o(.data), (8 bytes).
    Removing 1986be9x_it.o(.data), (8 bytes).
    Removing 1986be9x_it.o(.data), (8 bytes).
    Removing 1986be9x_it.o(.data), (8 bytes).
    Removing 1986be9x_it.o(.data), (8 bytes).
    Removing 1986be9x_it.o(.data), (8 bytes).
    Removing 1986be9x_it.o(.data), (8 bytes).
    Removing 1986be9x_it.o(.data), (8 bytes).
    Removing 1986be9x_it.o(.data), (8 bytes).
    Removing 1986be9x_it.o(.data), (8 bytes).
    Removing 1986be9x_it.o(.data), (8 bytes).
    Removing 1986be9x_it.o(.data), (8 bytes).
    Removing 1986be9x_it.o(.data), (8 bytes).
    Removing 1986be9x_it.o(.data), (8 bytes).
    Removing 1986be9x_it.o(.data), (8 bytes).
    Removing 1986be9x_it.o(.data), (8 bytes).
    Removing 1986be9x_it.o(.data), (8 bytes).
    Removing 1986be9x_it.o(.data), (8 bytes).
    Removing 1986be9x_it.o(.data), (8 bytes).
    Removing 1986be9x_it.o(.data), (8 bytes).
    Removing 1986be9x_it.o(.data), (8 bytes).
    Removing 1986be9x_it.o(.data), (8 bytes).
    Removing 1986be9x_it.o(.data), (8 bytes).
    Removing 1986be9x_it.o(.data), (8 bytes).
    Removing 1986be9x_it.o(.data), (8 bytes).
    Removing 1986be9x_it.o(.data), (8 bytes).
    Removing 1986be9x_it.o(.data), (8 bytes).
    Removing 1986be9x_it.o(.data), (8 bytes).
    Removing 1986be9x_it.o(.data), (8 bytes).
    Removing 1986be9x_it.o(.data), (8 bytes).
    Removing 1986be9x_it.o(.data), (8 bytes).
    Removing 1986be9x_it.o(.data), (8 bytes).
    Removing 1986be9x_it.o(.data), (8 bytes).
    Removing 1986be9x_it.o(.data), (8 bytes).
    Removing 1986be9x_it.o(.data), (8 bytes).
    Removing 1986be9x_it.o(.data), (8 bytes).
    Removing 1986be9x_it.o(.data), (8 bytes).
    Removing 1986be9x_it.o(.data), (8 bytes).
    Removing 1986be9x_it.o(.data), (8 bytes).
    Removing 1986be9x_it.o(.data), (8 bytes).
    Removing 1986be9x_it.o(.data), (8 bytes).
    Removing 1986be9x_it.o(.data), (8 bytes).
    Removing 1986be9x_it.o(.data), (8 bytes).
    Removing 1986be9x_it.o(.data), (8 bytes).
    Removing 1986be9x_it.o(.data), (8 bytes).
    Removing 1986be9x_it.o(.data), (8 bytes).
    Removing 1986be9x_it.o(.data), (8 bytes).
    Removing 1986be9x_it.o(.data), (8 bytes).
    Removing 1986be9x_it.o(.data), (8 bytes).
    Removing 1986be9x_it.o(.data), (8 bytes).
    Removing 1986be9x_it.o(.data), (8 bytes).
    Removing 1986be9x_it.o(.data), (8 bytes).
    Removing 1986be9x_it.o(.data), (8 bytes).
    Removing 1986be9x_it.o(.data), (8 bytes).
    Removing 1986be9x_it.o(.data), (64 bytes).
    Removing 1986be9x_it.o(.data), (64 bytes).
    Removing 1986be9x_it.o(.data), (64 bytes).
    Removing 1986be9x_it.o(.data), (64 bytes).
    Removing 1986be9x_it.o(.data), (64 bytes).
    Removing 1986be9x_it.o(.data), (64 bytes).
    Removing 1986be9x_it.o(.data), (28 bytes).
    Removing milflash.o(.text), (176 bytes).

83 unused section(s) (total 3964 bytes) removed from the image.

==============================================================================

Image Symbol Table

    Local Symbols

    Symbol Name                              Value     Ov Type        Size  Object(Section)

    ../clib/../cmprslib/lz77c.c              0x00000000   Number         0  __dclz77c.o ABSOLUTE
    ../clib/microlib/init/entry.s            0x00000000   Number         0  entry11a.o ABSOLUTE
    ../clib/microlib/init/entry.s            0x00000000   Number         0  entry10b.o ABSOLUTE
    ../clib/microlib/init/entry.s            0x00000000   Number         0  entry10a.o ABSOLUTE
    ../clib/microlib/init/entry.s            0x00000000   Number         0  entry9a.o ABSOLUTE
    ../clib/microlib/init/entry.s            0x00000000   Number         0  entry8b.o ABSOLUTE
    ../clib/microlib/init/entry.s            0x00000000   Number         0  entry8a.o ABSOLUTE
    ../clib/microlib/init/entry.s            0x00000000   Number         0  entry7b.o ABSOLUTE
    ../clib/microlib/init/entry.s            0x00000000   Number         0  entry7a.o ABSOLUTE
    ../clib/microlib/init/entry.s            0x00000000   Number         0  entry5.o ABSOLUTE
    ../clib/microlib/init/entry.s            0x00000000   Number         0  entry2.o ABSOLUTE
    ../clib/microlib/init/entry.s            0x00000000   Number         0  entry9b.o ABSOLUTE
    ../clib/microlib/init/entry.s            0x00000000   Number         0  entry.o ABSOLUTE
    ../clib/microlib/init/entry.s            0x00000000   Number         0  entry11b.o ABSOLUTE
    1986be9x_it.c                            0x00000000   Number         0  1986be9x_it.o ABSOLUTE
    Libraries\1986BE9x_StdPeriph_Driver\src\1986be9x_dma.c 0x00000000   Number         0  1986be9x_dma.o ABSOLUTE
    Libraries\1986BE9x_StdPeriph_Driver\src\1986be9x_eeprom.c 0x00000000   Number         0  1986be9x_eeprom.o ABSOLUTE
    Libraries\1986BE9x_StdPeriph_Driver\src\1986be9x_port.c 0x00000000   Number         0  1986be9x_port.o ABSOLUTE
    Libraries\1986BE9x_StdPeriph_Driver\src\1986be9x_rst_clk.c 0x00000000   Number         0  1986be9x_rst_clk.o ABSOLUTE
    Libraries\1986BE9x_StdPeriph_Driver\src\1986be9x_uart.c 0x00000000   Number         0  1986be9x_uart.o ABSOLUTE
    Libraries\CMSIS\CM3\DeviceSupport\1986BE9x\startup\arm\startup_1986be9x.s 0x00000000   Number         0  startup_1986be9x.o ABSOLUTE
    Libraries\CMSIS\CM3\DeviceSupport\1986BE9x\startup\arm\system_1986BE9x.c 0x00000000   Number         0  system_1986be9x.o ABSOLUTE
    dc.s                                     0x00000000   Number         0  dc.o ABSOLUTE
    flash\MilFlash.c                         0x00000000   Number         0  milflash.o ABSOLUTE
    handlers.s                               0x00000000   Number         0  handlers.o ABSOLUTE
    init.s                                   0x00000000   Number         0  init.o ABSOLUTE
    main.c                                   0x00000000   Number         0  main.o ABSOLUTE
    mlt\mlt_lcd.c                            0x00000000   Number         0  mlt_lcd.o ABSOLUTE
    RESET                                    0x08000000   Section      192  startup_1986be9x.o(RESET)
    .ARM.Collect$$$$00000000                 0x080000c0   Section        0  entry.o(.ARM.Collect$$$$00000000)
    .ARM.Collect$$$$00000001                 0x080000c0   Section        4  entry2.o(.ARM.Collect$$$$00000001)
    .ARM.Collect$$$$00000004                 0x080000c4   Section        4  entry5.o(.ARM.Collect$$$$00000004)
    .ARM.Collect$$$$00000008                 0x080000c8   Section        0  entry7b.o(.ARM.Collect$$$$00000008)
    .ARM.Collect$$$$0000000A                 0x080000c8   Section        0  entry8b.o(.ARM.Collect$$$$0000000A)
    .ARM.Collect$$$$0000000B                 0x080000c8   Section        8  entry9a.o(.ARM.Collect$$$$0000000B)
    .ARM.Collect$$$$0000000D                 0x080000d0   Section        0  entry10a.o(.ARM.Collect$$$$0000000D)
    .ARM.Collect$$$$0000000F                 0x080000d0   Section        0  entry11a.o(.ARM.Collect$$$$0000000F)
    .ARM.Collect$$$$00002712                 0x080000d0   Section        4  entry2.o(.ARM.Collect$$$$00002712)
    __lit__00000000                          0x080000d0   Data           4  entry2.o(.ARM.Collect$$$$00002712)
    .text                                    0x080000d4   Section        0  main.o(.text)
    .text                                    0x08000750   Section        0  system_1986be9x.o(.text)
    .text                                    0x08000804   Section       36  startup_1986be9x.o(.text)
    .text                                    0x08000828   Section        0  1986be9x_uart.o(.text)
    .text                                    0x08000a28   Section        0  1986be9x_port.o(.text)
    .text                                    0x08000c60   Section        0  1986be9x_rst_clk.o(.text)
    .text                                    0x080010ac   Section        0  1986be9x_it.o(.text)
    .text                                    0x0800142c   Section        0  mlt_lcd.o(.text)
    .text                                    0x08001bd4   Section       36  init.o(.text)
    .text                                    0x08001bf8   Section        0  __dclz77c.o(.text)
    i.__scatterload_copy                     0x08001c56   Section       14  handlers.o(i.__scatterload_copy)
    i.__scatterload_null                     0x08001c64   Section        2  handlers.o(i.__scatterload_null)
    i.__scatterload_zeroinit                 0x08001c66   Section       14  handlers.o(i.__scatterload_zeroinit)
    .data                                    0x20000000   Section        4  main.o(.data)
    .data                                    0x20000004   Section       16  main.o(.data)
    .data                                    0x20000014   Section        4  system_1986be9x.o(.data)
    .data                                    0x20000018   Section        8  1986be9x_it.o(.data)
    .data                                    0x20000020   Section        8  1986be9x_it.o(.data)
    .data                                    0x20000028   Section        8  1986be9x_it.o(.data)
    .data                                    0x20000030   Section        8  1986be9x_it.o(.data)
    .data                                    0x20000038   Section        8  1986be9x_it.o(.data)
    .data                                    0x20000040   Section        8  1986be9x_it.o(.data)
    .data                                    0x20000048   Section        8  1986be9x_it.o(.data)
    .data                                    0x20000050   Section        8  1986be9x_it.o(.data)
    .data                                    0x20000058   Section        8  1986be9x_it.o(.data)
    .data                                    0x20000060   Section        8  1986be9x_it.o(.data)
    .data                                    0x20000068   Section        8  1986be9x_it.o(.data)
    .data                                    0x20000070   Section        8  1986be9x_it.o(.data)
    .data                                    0x20000078   Section        8  1986be9x_it.o(.data)
    .data                                    0x20000080   Section        8  1986be9x_it.o(.data)
    .data                                    0x20000088   Section        8  1986be9x_it.o(.data)
    .data                                    0x20000090   Section        8  1986be9x_it.o(.data)
    .data                                    0x20000098   Section        8  1986be9x_it.o(.data)
    .data                                    0x200000a0   Section        8  1986be9x_it.o(.data)
    .data                                    0x200000a8   Section        8  1986be9x_it.o(.data)
    .data                                    0x200000b0   Section        8  1986be9x_it.o(.data)
    .data                                    0x200000b8   Section        8  1986be9x_it.o(.data)
    .data                                    0x200000c0   Section        8  1986be9x_it.o(.data)
    .data                                    0x200000c8   Section        8  1986be9x_it.o(.data)
    .data                                    0x200000d0   Section        8  1986be9x_it.o(.data)
    .data                                    0x200000d8   Section        8  1986be9x_it.o(.data)
    .data                                    0x200000e0   Section        8  1986be9x_it.o(.data)
    .data                                    0x200000e8   Section        8  1986be9x_it.o(.data)
    .data                                    0x200000f0   Section        8  1986be9x_it.o(.data)
    .data                                    0x200000f8   Section        8  1986be9x_it.o(.data)
    .data                                    0x20000100   Section        8  1986be9x_it.o(.data)
    .data                                    0x20000108   Section        8  1986be9x_it.o(.data)
    .data                                    0x20000110   Section        8  1986be9x_it.o(.data)
    .data                                    0x20000118   Section        8  1986be9x_it.o(.data)
    .data                                    0x20000120   Section        8  1986be9x_it.o(.data)
    .data                                    0x20000128   Section        8  1986be9x_it.o(.data)
    .data                                    0x20000130   Section        8  1986be9x_it.o(.data)
    .data                                    0x20000138   Section        8  1986be9x_it.o(.data)
    .data                                    0x20000140   Section        8  1986be9x_it.o(.data)
    .data                                    0x20000148   Section     1200  1986be9x_it.o(.data)
    .data                                    0x200005f8   Section        8  1986be9x_it.o(.data)
    .data                                    0x20000600   Section        8  1986be9x_it.o(.data)
    .data                                    0x20000608   Section        8  1986be9x_it.o(.data)
    .data                                    0x20000610   Section        8  1986be9x_it.o(.data)
    .data                                    0x20000618   Section        8  1986be9x_it.o(.data)
    .data                                    0x20000620   Section        8  1986be9x_it.o(.data)
    .data                                    0x20000628   Section        8  1986be9x_it.o(.data)
    .data                                    0x20000630   Section        8  1986be9x_it.o(.data)
    .data                                    0x20000638   Section        8  1986be9x_it.o(.data)
    .data                                    0x20000640   Section        8  1986be9x_it.o(.data)
    .data                                    0x20000648   Section        8  1986be9x_it.o(.data)
    .data                                    0x20000650   Section        8  1986be9x_it.o(.data)
    .data                                    0x20000658   Section        8  1986be9x_it.o(.data)
    .data                                    0x20000660   Section        8  1986be9x_it.o(.data)
    .data                                    0x20000668   Section        8  1986be9x_it.o(.data)
    .bss                                     0x20000670   Section       28  main.o(.bss)
    PortInit                                 0x20000670   Data          12  main.o(.bss)
    UART_InitStructure                       0x2000067c   Data          16  main.o(.bss)
    STACK                                    0x20000690   Section     1024  startup_1986be9x.o(STACK)

    Global Symbols

    Symbol Name                              Value     Ov Type        Size  Object(Section)

    BuildAttributes$$THM_ISAv4$P$D$K$B$S$PE$A:L22UL41UL21$X:L11$S22US41US21$IEEE1$IW$USESV6$~STKCKD$USESV7$~SHL$OTIME$EBA8$MICROLIB$REQ8$PRES8$EABIv2 0x00000000   Number         0  anon$$obj.o ABSOLUTE
    __ARM_use_no_argv                        0x00000000   Number         0  main.o ABSOLUTE
    __cpp_initialize__aeabi_                  - Undefined Weak Reference
    __cxa_finalize                            - Undefined Weak Reference
    _clock_init                               - Undefined Weak Reference
    _microlib_exit                            - Undefined Weak Reference
    __Vectors_Size                           0x000000c0   Number         0  startup_1986be9x.o ABSOLUTE
    __Vectors                                0x08000000   Data           4  startup_1986be9x.o(RESET)
    __Vectors_End                            0x080000c0   Data           0  startup_1986be9x.o(RESET)
    __main                                   0x080000c1   Thumb Code     0  entry.o(.ARM.Collect$$$$00000000)
    _main_stk                                0x080000c1   Thumb Code     0  entry2.o(.ARM.Collect$$$$00000001)
    _main_scatterload                        0x080000c5   Thumb Code     0  entry5.o(.ARM.Collect$$$$00000004)
    __main_after_scatterload                 0x080000c9   Thumb Code     0  entry5.o(.ARM.Collect$$$$00000004)
    _main_clock                              0x080000c9   Thumb Code     0  entry7b.o(.ARM.Collect$$$$00000008)
    _main_cpp_init                           0x080000c9   Thumb Code     0  entry8b.o(.ARM.Collect$$$$0000000A)
    _main_init                               0x080000c9   Thumb Code     0  entry9a.o(.ARM.Collect$$$$0000000B)
    __rt_final_cpp                           0x080000d1   Thumb Code     0  entry10a.o(.ARM.Collect$$$$0000000D)
    __rt_final_exit                          0x080000d1   Thumb Code     0  entry11a.o(.ARM.Collect$$$$0000000F)
    Delay                                    0x080000d5   Thumb Code    20  main.o(.text)
    LEDOn                                    0x080000e9   Thumb Code     8  main.o(.text)
    LEDOff                                   0x080000f1   Thumb Code     8  main.o(.text)
    BlinkLED1                                0x080000f9   Thumb Code    50  main.o(.text)
    Uart2PinCfg                              0x0800012b   Thumb Code    58  main.o(.text)
    Can2PinCfg                               0x08000165   Thumb Code    62  main.o(.text)
    MltPinCfg                                0x080001a3   Thumb Code    82  main.o(.text)
    LedPinGfg                                0x080001f5   Thumb Code    26  main.o(.text)
    ButtonPinGfg                             0x0800020f   Thumb Code    56  main.o(.text)
    Uart2Setup                               0x08000247   Thumb Code    70  main.o(.text)
    Can2Setup                                0x0800028d   Thumb Code   132  main.o(.text)
    Tim1Setup                                0x08000311   Thumb Code    68  main.o(.text)
    UartTest                                 0x08000355   Thumb Code    78  main.o(.text)
    Can1Test                                 0x080003a3   Thumb Code   150  main.o(.text)
    Can2Test                                 0x08000439   Thumb Code   212  main.o(.text)
    LedTest                                  0x0800050d   Thumb Code   108  main.o(.text)
    main                                     0x08000579   Thumb Code   436  main.o(.text)
    SystemCoreClockUpdate                    0x08000751   Thumb Code   104  system_1986be9x.o(.text)
    SystemInit                               0x080007b9   Thumb Code    52  system_1986be9x.o(.text)
    Reset_Handler                            0x08000805   Thumb Code     8  startup_1986be9x.o(.text)
    UART_DeInit                              0x08000829   Thumb Code    34  1986be9x_uart.o(.text)
    UART_Init                                0x0800084b   Thumb Code   154  1986be9x_uart.o(.text)
    UART_StructInit                          0x080008e5   Thumb Code    24  1986be9x_uart.o(.text)
    UART_Cmd                                 0x080008fd   Thumb Code    26  1986be9x_uart.o(.text)
    UART_ITConfig                            0x08000917   Thumb Code    22  1986be9x_uart.o(.text)
    UART_GetITStatus                         0x0800092d   Thumb Code    16  1986be9x_uart.o(.text)
    UART_GetITStatusMasked                   0x0800093d   Thumb Code    14  1986be9x_uart.o(.text)
    UART_ClearITPendingBit                   0x0800094b   Thumb Code     8  1986be9x_uart.o(.text)
    UART_DMAConfig                           0x08000953   Thumb Code     8  1986be9x_uart.o(.text)
    UART_DMACmd                              0x0800095b   Thumb Code    24  1986be9x_uart.o(.text)
    UART_SendData                            0x08000973   Thumb Code     8  1986be9x_uart.o(.text)
    UART_ReceiveData                         0x0800097b   Thumb Code     6  1986be9x_uart.o(.text)
    UART_BreakLine                           0x08000981   Thumb Code    26  1986be9x_uart.o(.text)
    UART_IrDAConfig                          0x0800099b   Thumb Code    40  1986be9x_uart.o(.text)
    UART_IrDACmd                             0x080009c3   Thumb Code    26  1986be9x_uart.o(.text)
    UART_GetFlagStatus                       0x080009dd   Thumb Code    14  1986be9x_uart.o(.text)
    UART_BRGInit                             0x080009eb   Thumb Code    56  1986be9x_uart.o(.text)
    PORT_DeInit                              0x08000a29   Thumb Code    20  1986be9x_port.o(.text)
    PORT_Init                                0x08000a3d   Thumb Code   378  1986be9x_port.o(.text)
    PORT_StructInit                          0x08000bb7   Thumb Code    28  1986be9x_port.o(.text)
    PORT_ReadInputDataBit                    0x08000bd3   Thumb Code    14  1986be9x_port.o(.text)
    PORT_ReadInputData                       0x08000be1   Thumb Code     4  1986be9x_port.o(.text)
    PORT_SetBits                             0x08000be5   Thumb Code    28  1986be9x_port.o(.text)
    PORT_ResetBits                           0x08000c01   Thumb Code    28  1986be9x_port.o(.text)
    PORT_WriteBit                            0x08000c1d   Thumb Code    40  1986be9x_port.o(.text)
    PORT_Write                               0x08000c45   Thumb Code    22  1986be9x_port.o(.text)
    RST_CLK_PCLKcmd                          0x08000c61   Thumb Code    24  1986be9x_rst_clk.o(.text)
    RST_CLK_CPUclkSelection                  0x08000c79   Thumb Code    14  1986be9x_rst_clk.o(.text)
    RST_CLK_GetFlagStatus                    0x08000c87   Thumb Code    40  1986be9x_rst_clk.o(.text)
    RST_CLK_HSIstatus                        0x08000caf   Thumb Code    46  1986be9x_rst_clk.o(.text)
    RST_CLK_HSIcmd                           0x08000cdd   Thumb Code     6  1986be9x_rst_clk.o(.text)
    RST_CLK_WarmDeInit                       0x08000ce3   Thumb Code    52  1986be9x_rst_clk.o(.text)
    RST_CLK_DeInit                           0x08000d17   Thumb Code    34  1986be9x_rst_clk.o(.text)
    RST_CLK_HSEconfig                        0x08000d39   Thumb Code    38  1986be9x_rst_clk.o(.text)
    RST_CLK_HSEstatus                        0x08000d5f   Thumb Code    46  1986be9x_rst_clk.o(.text)
    RST_CLK_LSEconfig                        0x08000d8d   Thumb Code    38  1986be9x_rst_clk.o(.text)
    RST_CLK_LSEstatus                        0x08000db3   Thumb Code    46  1986be9x_rst_clk.o(.text)
    RST_CLK_HSIadjust                        0x08000de1   Thumb Code    16  1986be9x_rst_clk.o(.text)
    RST_CLK_LSIcmd                           0x08000df1   Thumb Code     6  1986be9x_rst_clk.o(.text)
    RST_CLK_LSIstatus                        0x08000df7   Thumb Code    46  1986be9x_rst_clk.o(.text)
    RST_CLK_CPU_PLLconfig                    0x08000e25   Thumb Code    42  1986be9x_rst_clk.o(.text)
    RST_CLK_CPU_PLLuse                       0x08000e4f   Thumb Code     6  1986be9x_rst_clk.o(.text)
    RST_CLK_CPU_PLLcmd                       0x08000e55   Thumb Code     6  1986be9x_rst_clk.o(.text)
    RST_CLK_CPU_PLLstatus                    0x08000e5b   Thumb Code    46  1986be9x_rst_clk.o(.text)
    RST_CLK_CPUclkPrescaler                  0x08000e89   Thumb Code    14  1986be9x_rst_clk.o(.text)
    RST_CLK_USB_PLLconfig                    0x08000e97   Thumb Code    42  1986be9x_rst_clk.o(.text)
    RST_CLK_USB_PLLuse                       0x08000ec1   Thumb Code     6  1986be9x_rst_clk.o(.text)
    RST_CLK_USB_PLLcmd                       0x08000ec7   Thumb Code     6  1986be9x_rst_clk.o(.text)
    RST_CLK_USB_PLLstatus                    0x08000ecd   Thumb Code    46  1986be9x_rst_clk.o(.text)
    RST_CLK_USBclkPrescaler                  0x08000efb   Thumb Code     6  1986be9x_rst_clk.o(.text)
    RST_CLK_USBclkEnable                     0x08000f01   Thumb Code     6  1986be9x_rst_clk.o(.text)
    RST_CLK_ADCclkSelection                  0x08000f07   Thumb Code    14  1986be9x_rst_clk.o(.text)
    RST_CLK_ADCclkPrescaler                  0x08000f15   Thumb Code    16  1986be9x_rst_clk.o(.text)
    RST_CLK_ADCclkEnable                     0x08000f25   Thumb Code     6  1986be9x_rst_clk.o(.text)
    RST_CLK_HSIclkPrescaler                  0x08000f2b   Thumb Code    16  1986be9x_rst_clk.o(.text)
    RST_CLK_RTC_HSIclkEnable                 0x08000f3b   Thumb Code     6  1986be9x_rst_clk.o(.text)
    RST_CLK_HSEclkPrescaler                  0x08000f41   Thumb Code    14  1986be9x_rst_clk.o(.text)
    RST_CLK_RTC_HSEclkEnable                 0x08000f4f   Thumb Code     6  1986be9x_rst_clk.o(.text)
    RST_CLK_GetClocksFreq                    0x08000f55   Thumb Code   344  1986be9x_rst_clk.o(.text)
    NMI_Handler                              0x080010ad   Thumb Code     2  1986be9x_it.o(.text)
    HardFault_Handler                        0x080010af   Thumb Code     2  1986be9x_it.o(.text)
    MemManage_Handler                        0x080010b1   Thumb Code     2  1986be9x_it.o(.text)
    BusFault_Handler                         0x080010b3   Thumb Code     2  1986be9x_it.o(.text)
    UsageFault_Handler                       0x080010b5   Thumb Code     2  1986be9x_it.o(.text)
    SVC_Handler                              0x080010b7   Thumb Code     2  1986be9x_it.o(.text)
    DebugMon_Handler                         0x080010b9   Thumb Code     2  1986be9x_it.o(.text)
    PendSV_Handler                           0x080010bb   Thumb Code     2  1986be9x_it.o(.text)
    SysTick_Handler                          0x080010bd   Thumb Code     2  1986be9x_it.o(.text)
    CAN1_IRQHandler                          0x080010bf   Thumb Code     2  1986be9x_it.o(.text)
    CAN2_IRQHandler                          0x080010c1   Thumb Code     2  1986be9x_it.o(.text)
    USB_IRQHandler                           0x080010c3   Thumb Code     2  1986be9x_it.o(.text)
    DMA_IRQHandler                           0x080010c5   Thumb Code     2  1986be9x_it.o(.text)
    UART1_IRQHandler                         0x080010c7   Thumb Code     2  1986be9x_it.o(.text)
    UART2_IRQHandler                         0x080010c9   Thumb Code     2  1986be9x_it.o(.text)
    SSP1_IRQHandler                          0x080010cb   Thumb Code     2  1986be9x_it.o(.text)
    I2C_IRQHandler                           0x080010cd   Thumb Code     2  1986be9x_it.o(.text)
    POWER_IRQHandler                         0x080010cf   Thumb Code     2  1986be9x_it.o(.text)
    WWDG_IRQHandler                          0x080010d1   Thumb Code     2  1986be9x_it.o(.text)
    Timer1_IRQHandler                        0x080010d3   Thumb Code   730  1986be9x_it.o(.text)
    Timer2_IRQHandler                        0x080013ad   Thumb Code     2  1986be9x_it.o(.text)
    Timer3_IRQHandler                        0x080013af   Thumb Code     2  1986be9x_it.o(.text)
    ADC_IRQHandler                           0x080013b1   Thumb Code     2  1986be9x_it.o(.text)
    COMPARATOR_IRQHandler                    0x080013b3   Thumb Code     2  1986be9x_it.o(.text)
    SSP2_IRQHandler                          0x080013b5   Thumb Code     2  1986be9x_it.o(.text)
    BACKUP_IRQHandler                        0x080013b7   Thumb Code     2  1986be9x_it.o(.text)
    EXT_INT1_IRQHandler                      0x080013b9   Thumb Code     2  1986be9x_it.o(.text)
    EXT_INT2_IRQHandler                      0x080013bb   Thumb Code     2  1986be9x_it.o(.text)
    EXT_INT3_IRQHandler                      0x080013bd   Thumb Code     2  1986be9x_it.o(.text)
    EXT_INT4_IRQHandler                      0x080013bf   Thumb Code     2  1986be9x_it.o(.text)
    SetDataBits                              0x0800142d   Thumb Code    48  mlt_lcd.o(.text)
    MltDelay                                 0x0800145d   Thumb Code     6  mlt_lcd.o(.text)
    ReadStatus                               0x08001463   Thumb Code   182  mlt_lcd.o(.text)
    DispOn                                   0x08001519   Thumb Code   182  mlt_lcd.o(.text)
    DispOff                                  0x080015cf   Thumb Code   182  mlt_lcd.o(.text)
    SetPage                                  0x08001685   Thumb Code   190  mlt_lcd.o(.text)
    SetAdress                                0x08001743   Thumb Code   190  mlt_lcd.o(.text)
    WriteData                                0x08001801   Thumb Code   202  mlt_lcd.o(.text)
    ReadData                                 0x080018cb   Thumb Code   190  mlt_lcd.o(.text)
    LcdInit                                  0x08001989   Thumb Code    58  mlt_lcd.o(.text)
    LcdClearPage                             0x080019c3   Thumb Code    48  mlt_lcd.o(.text)
    LcdClearChip                             0x080019f3   Thumb Code    22  mlt_lcd.o(.text)
    LcdPutChar                               0x08001a09   Thumb Code    70  mlt_lcd.o(.text)
    LcdPutString                             0x08001a4f   Thumb Code   128  mlt_lcd.o(.text)
    LcdScrollString                          0x08001acf   Thumb Code   128  mlt_lcd.o(.text)
    LcdPutImage                              0x08001b4f   Thumb Code   118  mlt_lcd.o(.text)
    __scatterload                            0x08001bd5   Thumb Code    28  init.o(.text)
    __scatterload_rt2                        0x08001bd5   Thumb Code     0  init.o(.text)
    __decompress                             0x08001bf9   Thumb Code     0  __dclz77c.o(.text)
    __decompress2                            0x08001bf9   Thumb Code    94  __dclz77c.o(.text)
    __scatterload_copy                       0x08001c57   Thumb Code    14  handlers.o(i.__scatterload_copy)
    __scatterload_null                       0x08001c65   Thumb Code     2  handlers.o(i.__scatterload_null)
    __scatterload_zeroinit                   0x08001c67   Thumb Code    14  handlers.o(i.__scatterload_zeroinit)
    Region$$Table$$Base                      0x08001c74   Number         0  anon$$obj.o(Region$$Table)
    Region$$Table$$Limit                     0x08001c94   Number         0  anon$$obj.o(Region$$Table)
    count_title                              0x20000000   Data           4  main.o(.data)
    TestLedDone                              0x20000004   Data           1  main.o(.data)
    UartFlag                                 0x20000005   Data           1  main.o(.data)
    Can1Flag                                 0x20000006   Data           1  main.o(.data)
    Can2Flag                                 0x20000007   Data           1  main.o(.data)
    LedFlag                                  0x20000008   Data           1  main.o(.data)
    MenuMainItem                             0x2000000c   Data           4  main.o(.data)
    CursorPosItem                            0x20000010   Data           4  main.o(.data)
    SystemCoreClock                          0x20000014   Data           4  system_1986be9x.o(.data)
    dig_0                                    0x20000018   Data           8  1986be9x_it.o(.data)
    dig_1                                    0x20000020   Data           8  1986be9x_it.o(.data)
    dig_2                                    0x20000028   Data           8  1986be9x_it.o(.data)
    dig_5                                    0x20000030   Data           8  1986be9x_it.o(.data)
    dig_6                                    0x20000038   Data           8  1986be9x_it.o(.data)
    dig_8                                    0x20000040   Data           8  1986be9x_it.o(.data)
    dig_9                                    0x20000048   Data           8  1986be9x_it.o(.data)
    lat_A                                    0x20000050   Data           8  1986be9x_it.o(.data)
    lat_C                                    0x20000058   Data           8  1986be9x_it.o(.data)
    lat_D                                    0x20000060   Data           8  1986be9x_it.o(.data)
    lat_E                                    0x20000068   Data           8  1986be9x_it.o(.data)
    lat_F                                    0x20000070   Data           8  1986be9x_it.o(.data)
    lat_H                                    0x20000078   Data           8  1986be9x_it.o(.data)
    lat_L                                    0x20000080   Data           8  1986be9x_it.o(.data)
    lat_M                                    0x20000088   Data           8  1986be9x_it.o(.data)
    lat_N                                    0x20000090   Data           8  1986be9x_it.o(.data)
    lat_O                                    0x20000098   Data           8  1986be9x_it.o(.data)
    lat_R                                    0x200000a0   Data           8  1986be9x_it.o(.data)
    lat_S                                    0x200000a8   Data           8  1986be9x_it.o(.data)
    lat_T                                    0x200000b0   Data           8  1986be9x_it.o(.data)
    lat_U                                    0x200000b8   Data           8  1986be9x_it.o(.data)
    lat_a                                    0x200000c0   Data           8  1986be9x_it.o(.data)
    lat_d                                    0x200000c8   Data           8  1986be9x_it.o(.data)
    lat_i                                    0x200000d0   Data           8  1986be9x_it.o(.data)
    lat_l                                    0x200000d8   Data           8  1986be9x_it.o(.data)
    lat_m                                    0x200000e0   Data           8  1986be9x_it.o(.data)
    lat_n                                    0x200000e8   Data           8  1986be9x_it.o(.data)
    lat_r                                    0x200000f0   Data           8  1986be9x_it.o(.data)
    lat_t                                    0x200000f8   Data           8  1986be9x_it.o(.data)
    lat_u                                    0x20000100   Data           8  1986be9x_it.o(.data)
    lat_w                                    0x20000108   Data           8  1986be9x_it.o(.data)
    cyr_A                                    0x20000110   Data           8  1986be9x_it.o(.data)
    cyr_V                                    0x20000118   Data           8  1986be9x_it.o(.data)
    cyr_G                                    0x20000120   Data           8  1986be9x_it.o(.data)
    cyr_E                                    0x20000128   Data           8  1986be9x_it.o(.data)
    cyr_Z                                    0x20000130   Data           8  1986be9x_it.o(.data)
    cyr_I                                    0x20000138   Data           8  1986be9x_it.o(.data)
    cyr_K                                    0x20000140   Data           8  1986be9x_it.o(.data)
    count_main                               0x20000148   Data           4  1986be9x_it.o(.data)
    cyr_M                                    0x2000014c   Data           8  1986be9x_it.o(.data)
    cyr_a                                    0x20000154   Data           8  1986be9x_it.o(.data)
    cyr_d                                    0x2000015c   Data           8  1986be9x_it.o(.data)
    cyr_i                                    0x20000164   Data           8  1986be9x_it.o(.data)
    cyr_l                                    0x2000016c   Data           8  1986be9x_it.o(.data)
    cyr_n                                    0x20000174   Data           8  1986be9x_it.o(.data)
    cyr_r                                    0x2000017c   Data           8  1986be9x_it.o(.data)
    sym_sp                                   0x20000184   Data           8  1986be9x_it.o(.data)
    cursor                                   0x2000018c   Data           8  1986be9x_it.o(.data)
    icon_mil                                 0x20000194   Data          32  1986be9x_it.o(.data)
    main_string                              0x200001b4   Data         324  1986be9x_it.o(.data)
    menu_string                              0x200002f8   Data         448  1986be9x_it.o(.data)
    uart_string                              0x200004b8   Data          64  1986be9x_it.o(.data)
    can_string                               0x200004f8   Data          64  1986be9x_it.o(.data)
    led_string                               0x20000538   Data          64  1986be9x_it.o(.data)
    empty_string                             0x20000578   Data          64  1986be9x_it.o(.data)
    finish_string                            0x200005b8   Data          64  1986be9x_it.o(.data)
    cyr_O                                    0x200005f8   Data           8  1986be9x_it.o(.data)
    cyr_P                                    0x20000600   Data           8  1986be9x_it.o(.data)
    cyr_T                                    0x20000608   Data           8  1986be9x_it.o(.data)
    cyr_v                                    0x20000610   Data           8  1986be9x_it.o(.data)
    cyr_e                                    0x20000618   Data           8  1986be9x_it.o(.data)
    cyr_jj                                   0x20000620   Data           8  1986be9x_it.o(.data)
    cyr_k                                    0x20000628   Data           8  1986be9x_it.o(.data)
    cyr_m                                    0x20000630   Data           8  1986be9x_it.o(.data)
    cyr_o                                    0x20000638   Data           8  1986be9x_it.o(.data)
    cyr_p                                    0x20000640   Data           8  1986be9x_it.o(.data)
    cyr_s                                    0x20000648   Data           8  1986be9x_it.o(.data)
    cyr_t                                    0x20000650   Data           8  1986be9x_it.o(.data)
    cyr_ch                                   0x20000658   Data           8  1986be9x_it.o(.data)
    cyr_y                                    0x20000660   Data           8  1986be9x_it.o(.data)
    sym_pt                                   0x20000668   Data           8  1986be9x_it.o(.data)
    __initial_sp                             0x20000a90   Data           0  startup_1986be9x.o(STACK)



==============================================================================

Memory Map of the image

  Image Entry point : 0x080000c1

  Load Region LR_IROM1 (Base: 0x08000000, Size: 0x00002304, Max: 0x00020000, ABSOLUTE, COMPRESSED[0x00001f9c])

    Execution Region ER_IROM1 (Exec base: 0x08000000, Load base: 0x08000000, Size: 0x00001c94, Max: 0x00020000, ABSOLUTE)

    Exec Addr    Load Addr    Size         Type   Attr      Idx    E Section Name        Object

    0x08000000   0x08000000   0x000000c0   Data   RO          131    RESET               startup_1986be9x.o
    0x080000c0   0x080000c0   0x00000000   Code   RO          387  * .ARM.Collect$$$$00000000  mc_w.l(entry.o)
    0x080000c0   0x080000c0   0x00000004   Code   RO          390    .ARM.Collect$$$$00000001  mc_w.l(entry2.o)
    0x080000c4   0x080000c4   0x00000004   Code   RO          393    .ARM.Collect$$$$00000004  mc_w.l(entry5.o)
    0x080000c8   0x080000c8   0x00000000   Code   RO          395    .ARM.Collect$$$$00000008  mc_w.l(entry7b.o)
    0x080000c8   0x080000c8   0x00000000   Code   RO          397    .ARM.Collect$$$$0000000A  mc_w.l(entry8b.o)
    0x080000c8   0x080000c8   0x00000008   Code   RO          398    .ARM.Collect$$$$0000000B  mc_w.l(entry9a.o)
    0x080000d0   0x080000d0   0x00000000   Code   RO          400    .ARM.Collect$$$$0000000D  mc_w.l(entry10a.o)
    0x080000d0   0x080000d0   0x00000000   Code   RO          402    .ARM.Collect$$$$0000000F  mc_w.l(entry11a.o)
    0x080000d0   0x080000d0   0x00000004   Code   RO          391    .ARM.Collect$$$$00002712  mc_w.l(entry2.o)
    0x080000d4   0x080000d4   0x0000067c   Code   RO            1    .text               main.o
    0x08000750   0x08000750   0x000000b4   Code   RO          111    .text               system_1986be9x.o
    0x08000804   0x08000804   0x00000024   Code   RO          132    .text               startup_1986be9x.o
    0x08000828   0x08000828   0x00000200   Code   RO          137    .text               1986be9x_uart.o
    0x08000a28   0x08000a28   0x00000238   Code   RO          182    .text               1986be9x_port.o
    0x08000c60   0x08000c60   0x0000044c   Code   RO          194    .text               1986be9x_rst_clk.o
    0x080010ac   0x080010ac   0x00000380   Code   RO          206    .text               1986be9x_it.o
    0x0800142c   0x0800142c   0x000007a8   Code   RO          357    .text               mlt_lcd.o
    0x08001bd4   0x08001bd4   0x00000024   Code   RO          404    .text               mc_w.l(init.o)
    0x08001bf8   0x08001bf8   0x0000005e   Code   RO          414    .text               mc_w.l(__dclz77c.o)
    0x08001c56   0x08001c56   0x0000000e   Code   RO          408    i.__scatterload_copy  mc_w.l(handlers.o)
    0x08001c64   0x08001c64   0x00000002   Code   RO          409    i.__scatterload_null  mc_w.l(handlers.o)
    0x08001c66   0x08001c66   0x0000000e   Code   RO          410    i.__scatterload_zeroinit  mc_w.l(handlers.o)
    0x08001c74   0x08001c74   0x00000020   Data   RO          406    Region$$Table       anon$$obj.o


    Execution Region RW_IRAM1 (Exec base: 0x20000000, Load base: 0x08001c94, Size: 0x00000a90, Max: 0x00008000, ABSOLUTE, COMPRESSED[0x00000308])

    Exec Addr    Load Addr    Size         Type   Attr      Idx    E Section Name        Object

    0x20000000   COMPRESSED   0x00000004   Data   RW            3    .data               main.o
    0x20000004   COMPRESSED   0x00000010   Data   RW            4    .data               main.o
    0x20000014   COMPRESSED   0x00000004   Data   RW          112    .data               system_1986be9x.o
    0x20000018   COMPRESSED   0x00000008   Data   RW          207    .data               1986be9x_it.o
    0x20000020   COMPRESSED   0x00000008   Data   RW          208    .data               1986be9x_it.o
    0x20000028   COMPRESSED   0x00000008   Data   RW          209    .data               1986be9x_it.o
    0x20000030   COMPRESSED   0x00000008   Data   RW          212    .data               1986be9x_it.o
    0x20000038   COMPRESSED   0x00000008   Data   RW          213    .data               1986be9x_it.o
    0x20000040   COMPRESSED   0x00000008   Data   RW          215    .data               1986be9x_it.o
    0x20000048   COMPRESSED   0x00000008   Data   RW          216    .data               1986be9x_it.o
    0x20000050   COMPRESSED   0x00000008   Data   RW          217    .data               1986be9x_it.o
    0x20000058   COMPRESSED   0x00000008   Data   RW          219    .data               1986be9x_it.o
    0x20000060   COMPRESSED   0x00000008   Data   RW          220    .data               1986be9x_it.o
    0x20000068   COMPRESSED   0x00000008   Data   RW          221    .data               1986be9x_it.o
    0x20000070   COMPRESSED   0x00000008   Data   RW          222    .data               1986be9x_it.o
    0x20000078   COMPRESSED   0x00000008   Data   RW          224    .data               1986be9x_it.o
    0x20000080   COMPRESSED   0x00000008   Data   RW          228    .data               1986be9x_it.o
    0x20000088   COMPRESSED   0x00000008   Data   RW          229    .data               1986be9x_it.o
    0x20000090   COMPRESSED   0x00000008   Data   RW          230    .data               1986be9x_it.o
    0x20000098   COMPRESSED   0x00000008   Data   RW          231    .data               1986be9x_it.o
    0x200000a0   COMPRESSED   0x00000008   Data   RW          234    .data               1986be9x_it.o
    0x200000a8   COMPRESSED   0x00000008   Data   RW          235    .data               1986be9x_it.o
    0x200000b0   COMPRESSED   0x00000008   Data   RW          236    .data               1986be9x_it.o
    0x200000b8   COMPRESSED   0x00000008   Data   RW          237    .data               1986be9x_it.o
    0x200000c0   COMPRESSED   0x00000008   Data   RW          243    .data               1986be9x_it.o
    0x200000c8   COMPRESSED   0x00000008   Data   RW          246    .data               1986be9x_it.o
    0x200000d0   COMPRESSED   0x00000008   Data   RW          251    .data               1986be9x_it.o
    0x200000d8   COMPRESSED   0x00000008   Data   RW          254    .data               1986be9x_it.o
    0x200000e0   COMPRESSED   0x00000008   Data   RW          255    .data               1986be9x_it.o
    0x200000e8   COMPRESSED   0x00000008   Data   RW          256    .data               1986be9x_it.o
    0x200000f0   COMPRESSED   0x00000008   Data   RW          260    .data               1986be9x_it.o
    0x200000f8   COMPRESSED   0x00000008   Data   RW          262    .data               1986be9x_it.o
    0x20000100   COMPRESSED   0x00000008   Data   RW          263    .data               1986be9x_it.o
    0x20000108   COMPRESSED   0x00000008   Data   RW          265    .data               1986be9x_it.o
    0x20000110   COMPRESSED   0x00000008   Data   RW          269    .data               1986be9x_it.o
    0x20000118   COMPRESSED   0x00000008   Data   RW          271    .data               1986be9x_it.o
    0x20000120   COMPRESSED   0x00000008   Data   RW          272    .data               1986be9x_it.o
    0x20000128   COMPRESSED   0x00000008   Data   RW          274    .data               1986be9x_it.o
    0x20000130   COMPRESSED   0x00000008   Data   RW          277    .data               1986be9x_it.o
    0x20000138   COMPRESSED   0x00000008   Data   RW          278    .data               1986be9x_it.o
    0x20000140   COMPRESSED   0x00000008   Data   RW          280    .data               1986be9x_it.o
    0x20000148   COMPRESSED   0x000004b0   Data   RW          282    .data               1986be9x_it.o
    0x200005f8   COMPRESSED   0x00000008   Data   RW          284    .data               1986be9x_it.o
    0x20000600   COMPRESSED   0x00000008   Data   RW          285    .data               1986be9x_it.o
    0x20000608   COMPRESSED   0x00000008   Data   RW          288    .data               1986be9x_it.o
    0x20000610   COMPRESSED   0x00000008   Data   RW          303    .data               1986be9x_it.o
    0x20000618   COMPRESSED   0x00000008   Data   RW          305    .data               1986be9x_it.o
    0x20000620   COMPRESSED   0x00000008   Data   RW          309    .data               1986be9x_it.o
    0x20000628   COMPRESSED   0x00000008   Data   RW          310    .data               1986be9x_it.o
    0x20000630   COMPRESSED   0x00000008   Data   RW          311    .data               1986be9x_it.o
    0x20000638   COMPRESSED   0x00000008   Data   RW          312    .data               1986be9x_it.o
    0x20000640   COMPRESSED   0x00000008   Data   RW          313    .data               1986be9x_it.o
    0x20000648   COMPRESSED   0x00000008   Data   RW          314    .data               1986be9x_it.o
    0x20000650   COMPRESSED   0x00000008   Data   RW          315    .data               1986be9x_it.o
    0x20000658   COMPRESSED   0x00000008   Data   RW          320    .data               1986be9x_it.o
    0x20000660   COMPRESSED   0x00000008   Data   RW          324    .data               1986be9x_it.o
    0x20000668   COMPRESSED   0x00000008   Data   RW          329    .data               1986be9x_it.o
    0x20000670        -       0x0000001c   Zero   RW            2    .bss                main.o
    0x2000068c   COMPRESSED   0x00000004   PAD
    0x20000690        -       0x00000400   Zero   RW          129    STACK               startup_1986be9x.o


==============================================================================

Image component sizes


      Code (inc. data)   RO Data    RW Data    ZI Data      Debug   Object Name

       896        108          0       1624          0      11196   1986be9x_it.o
       568          6          0          0          0       3590   1986be9x_port.o
      1100         68          0          0          0      10960   1986be9x_rst_clk.o
       512          6          0          0          0       5864   1986be9x_uart.o
      1660         98          0         20         28      39694   main.o
      1960         32          0          0          0       6168   mlt_lcd.o
        36          8        192          0       1024        908   startup_1986be9x.o
       180         24          0          4          0       1205   system_1986be9x.o

    ----------------------------------------------------------------------
      6912        350        224       1648       1056      79585   Object Totals
         0          0         32          0          0          0   (incl. Generated)
         0          0          0          0          4          0   (incl. Padding)

    ----------------------------------------------------------------------

      Code (inc. data)   RO Data    RW Data    ZI Data      Debug   Library Member Name

        94          0          0          0          0          0   __dclz77c.o
         0          0          0          0          0          0   entry.o
         0          0          0          0          0          0   entry10a.o
         0          0          0          0          0          0   entry11a.o
         8          4          0          0          0          0   entry2.o
         4          0          0          0          0          0   entry5.o
         0          0          0          0          0          0   entry7b.o
         0          0          0          0          0          0   entry8b.o
         8          4          0          0          0          0   entry9a.o
        30          0          0          0          0          0   handlers.o
        36          8          0          0          0         68   init.o

    ----------------------------------------------------------------------
       180         16          0          0          0         68   Library Totals
         0          0          0          0          0          0   (incl. Padding)

    ----------------------------------------------------------------------

      Code (inc. data)   RO Data    RW Data    ZI Data      Debug   Library Name

       180         16          0          0          0         68   mc_w.l

    ----------------------------------------------------------------------
       180         16          0          0          0         68   Library Totals

    ----------------------------------------------------------------------

==============================================================================


      Code (inc. data)   RO Data    RW Data    ZI Data      Debug   

      7092        366        224       1648       1056      79209   Grand Totals
      7092        366        224        776       1056      79209   ELF Image Totals (compressed)
      7092        366        224        776          0          0   ROM Totals

==============================================================================

    Total RO  Size (Code + RO Data)                 7316 (   7.14kB)
    Total RW  Size (RW Data + ZI Data)              2704 (   2.64kB)
    Total ROM Size (Code + RO Data + RW Data)       8092 (   7.90kB)

==============================================================================

