ARM Linker, 4.1 [Build 561] [Standard]

==============================================================================

Section Cross References

    main.o(.text) refers to opora_rst_clk.o(.text) for RST_CLK_PCLKcmd
    main.o(.text) refers to 1986be9x_usb_device.o(.text) for USB_DeviceInit
    main.o(.text) refers to 1986be9x_usb.o(.text) for USB_SetSIM
    main.o(.text) refers to 1986be9x_usb_cdc.o(.text) for USB_CDC_Reset
    main.o(.text) refers to main.o(.data) for USB_Clock_InitStruct
    main.o(.text) refers to main.o(.bss) for USB_DeviceBUSParam
    startup.o(STACK) refers (Special) to heapauxi.o(.text) for __use_two_region_memory
    startup.o(HEAP) refers (Special) to heapauxi.o(.text) for __use_two_region_memory
    startup.o(RESET) refers (Special) to heapauxi.o(.text) for __use_two_region_memory
    startup.o(RESET) refers to startup.o(STACK) for __initial_sp
    startup.o(RESET) refers to startup.o(.text) for Reset_Handler
    startup.o(RESET) refers to 1986be9x_usb_device.o(.text) for USB_IRQHandler
    startup.o(.text) refers (Special) to heapauxi.o(.text) for __use_two_region_memory
    startup.o(.text) refers to __main.o(!!!main) for __main
    startup.o(.text) refers to startup.o(HEAP) for Heap_Mem
    startup.o(.text) refers to startup.o(STACK) for Stack_Mem
    opora_rst_clk.o(.text) refers to aeabi_sdiv.o(.text) for __aeabi_uidivmod
    1986be9x_usb_device.o(.text) refers to 1986be9x_usb.o(.text) for USB_SetSEPxCTRL
    1986be9x_usb_device.o(.text) refers to 1986be9x_usb_device.o(i.__ARM_common_switch8) for __ARM_common_switch8
    1986be9x_usb_device.o(.text) refers to 1986be9x_usb_device.o(.bss) for USB_EPContext
    1986be9x_usb_device.o(.text) refers to 1986be9x_usb_cdc.o(.text) for USB_CDC_GetDescriptor
    1986be9x_usb_device.o(.text) refers to 1986be9x_usb_device.o(.data) for USB_DeviceContext
    1986be9x_usb_cdc.o(.text) refers to main.o(.text) for USB_CDC_RecieveData
    1986be9x_usb_cdc.o(.text) refers to 1986be9x_usb_device.o(.text) for USB_EP_doDataOut
    1986be9x_usb_cdc.o(.text) refers to 1986be9x_usb_cdc.o(.bss) for USB_CDCContext
    1986be9x_usb_cdc.o(.text) refers to 1986be9x_usb_cdc.o(.data) for Usb_CDC_Device_Descriptor
    1986be9x_usb_cdc.o(.text) refers to 1986be9x_usb_device.o(.data) for USB_CurrentSetupPacket
    __main.o(!!!main) refers to rtentry.o(.ARM.Collect$$rtentry$$00000000) for __rt_entry
    rtentry.o(.ARM.Collect$$rtentry$$00000000) refers (Special) to rtentry2.o(.ARM.Collect$$rtentry$$0000000A) for __rt_entry_li
    rtentry.o(.ARM.Collect$$rtentry$$00000000) refers (Special) to rtentry2.o(.ARM.Collect$$rtentry$$0000000D) for __rt_entry_main
    rtentry.o(.ARM.Collect$$rtentry$$00000000) refers (Special) to rtentry2.o(.ARM.Collect$$rtentry$$0000000C) for __rt_entry_postli_1
    rtentry.o(.ARM.Collect$$rtentry$$00000000) refers (Special) to rtentry2.o(.ARM.Collect$$rtentry$$00000009) for __rt_entry_postsh_1
    rtentry.o(.ARM.Collect$$rtentry$$00000000) refers (Special) to rtentry2.o(.ARM.Collect$$rtentry$$00000002) for __rt_entry_presh_1
    rtentry.o(.ARM.Collect$$rtentry$$00000000) refers (Special) to rtentry4.o(.ARM.Collect$$rtentry$$00000004) for __rt_entry_sh
    rtentry.o(.ARM.exidx) refers (Special) to rtentry2.o(.ARM.Collect$$rtentry$$0000000A) for __rt_entry_li
    rtentry.o(.ARM.exidx) refers (Special) to rtentry2.o(.ARM.Collect$$rtentry$$0000000D) for __rt_entry_main
    rtentry.o(.ARM.exidx) refers (Special) to rtentry2.o(.ARM.Collect$$rtentry$$0000000C) for __rt_entry_postli_1
    rtentry.o(.ARM.exidx) refers (Special) to rtentry2.o(.ARM.Collect$$rtentry$$00000009) for __rt_entry_postsh_1
    rtentry.o(.ARM.exidx) refers (Special) to rtentry2.o(.ARM.Collect$$rtentry$$00000002) for __rt_entry_presh_1
    rtentry.o(.ARM.exidx) refers (Special) to rtentry4.o(.ARM.Collect$$rtentry$$00000004) for __rt_entry_sh
    rtentry.o(.ARM.exidx) refers to rtentry.o(.ARM.Collect$$rtentry$$00000000) for .ARM.Collect$$rtentry$$00000000
    aeabi_idiv0_sigfpe.o(.text) refers to rt_div0.o(.text) for __rt_div0
    rtentry2.o(.ARM.Collect$$rtentry$$00000008) refers to boardinit2.o(.text) for _platform_post_stackheap_init
    rtentry2.o(.ARM.Collect$$rtentry$$0000000A) refers to libinit.o(.ARM.Collect$$libinit$$00000000) for __rt_lib_init
    rtentry2.o(.ARM.Collect$$rtentry$$0000000B) refers to boardinit3.o(.text) for _platform_post_lib_init
    rtentry2.o(.ARM.Collect$$rtentry$$0000000D) refers to main.o(.text) for main
    rtentry2.o(.ARM.Collect$$rtentry$$0000000D) refers to exit.o(.text) for exit
    rtentry2.o(.ARM.exidx) refers to rtentry2.o(.ARM.Collect$$rtentry$$00000001) for .ARM.Collect$$rtentry$$00000001
    rtentry2.o(.ARM.exidx) refers to rtentry2.o(.ARM.Collect$$rtentry$$00000002) for .ARM.Collect$$rtentry$$00000002
    rtentry2.o(.ARM.exidx) refers to rtentry2.o(.ARM.Collect$$rtentry$$00000008) for .ARM.Collect$$rtentry$$00000008
    rtentry2.o(.ARM.exidx) refers to rtentry2.o(.ARM.Collect$$rtentry$$00000009) for .ARM.Collect$$rtentry$$00000009
    rtentry2.o(.ARM.exidx) refers to rtentry2.o(.ARM.Collect$$rtentry$$0000000A) for .ARM.Collect$$rtentry$$0000000A
    rtentry2.o(.ARM.exidx) refers to rtentry2.o(.ARM.Collect$$rtentry$$0000000B) for .ARM.Collect$$rtentry$$0000000B
    rtentry2.o(.ARM.exidx) refers to rtentry2.o(.ARM.Collect$$rtentry$$0000000C) for .ARM.Collect$$rtentry$$0000000C
    rtentry2.o(.ARM.exidx) refers to rtentry2.o(.ARM.Collect$$rtentry$$0000000D) for .ARM.Collect$$rtentry$$0000000D
    rtentry4.o(.ARM.Collect$$rtentry$$00000004) refers to sys_stackheap_outer.o(.text) for __user_setup_stackheap
    rtentry4.o(.ARM.exidx) refers to rtentry4.o(.ARM.Collect$$rtentry$$00000004) for .ARM.Collect$$rtentry$$00000004
    rt_div0.o(.text) refers to defsig_fpe_outer.o(.text) for __rt_SIGFPE
    sys_stackheap_outer.o(.text) refers to libspace.o(.text) for __user_perproc_libspace
    sys_stackheap_outer.o(.text) refers to startup.o(.text) for __user_initial_stackheap
    sys_stackheap_outer.o(__vectab_stack_and_reset_area) refers to tempstk.o(.text) for __temporary_stack_top
    sys_stackheap_outer.o(__vectab_stack_and_reset_area) refers to __main.o(!!!main) for __main
    exit.o(.text) refers to rtexit.o(.ARM.Collect$$rtexit$$00000000) for __rt_exit
    defsig_fpe_outer.o(.text) refers to defsig_fpe_inner.o(.text) for __rt_SIGFPE_inner
    defsig_fpe_outer.o(.text) refers to defsig_exit.o(.text) for __sig_exit
    defsig_fpe_formal.o(.text) refers to rt_raise.o(.text) for __rt_raise
    libinit.o(.ARM.Collect$$libinit$$00000000) refers (Special) to libinit2.o(.ARM.Collect$$libinit$$0000002A) for __rt_lib_init_alloca_1
    libinit.o(.ARM.Collect$$libinit$$00000000) refers (Special) to libinit2.o(.ARM.Collect$$libinit$$00000028) for __rt_lib_init_argv_1
    libinit.o(.ARM.Collect$$libinit$$00000000) refers (Special) to libinit2.o(.ARM.Collect$$libinit$$00000017) for __rt_lib_init_atexit_1
    libinit.o(.ARM.Collect$$libinit$$00000000) refers (Special) to libinit2.o(.ARM.Collect$$libinit$$0000001D) for __rt_lib_init_clock_1
    libinit.o(.ARM.Collect$$libinit$$00000000) refers (Special) to libinit2.o(.ARM.Collect$$libinit$$0000002E) for __rt_lib_init_cpp_1
    libinit.o(.ARM.Collect$$libinit$$00000000) refers (Special) to libinit2.o(.ARM.Collect$$libinit$$0000002C) for __rt_lib_init_exceptions_1
    libinit.o(.ARM.Collect$$libinit$$00000000) refers (Special) to libinit2.o(.ARM.Collect$$libinit$$0000001B) for __rt_lib_init_fp_trap_1
    libinit.o(.ARM.Collect$$libinit$$00000000) refers (Special) to libinit2.o(.ARM.Collect$$libinit$$0000001F) for __rt_lib_init_getenv_1
    libinit.o(.ARM.Collect$$libinit$$00000000) refers (Special) to libinit2.o(.ARM.Collect$$libinit$$00000006) for __rt_lib_init_heap_1
    libinit.o(.ARM.Collect$$libinit$$00000000) refers (Special) to libinit2.o(.ARM.Collect$$libinit$$0000000D) for __rt_lib_init_lc_collate_1
    libinit.o(.ARM.Collect$$libinit$$00000000) refers (Special) to libinit2.o(.ARM.Collect$$libinit$$0000000F) for __rt_lib_init_lc_ctype_1
    libinit.o(.ARM.Collect$$libinit$$00000000) refers (Special) to libinit2.o(.ARM.Collect$$libinit$$00000011) for __rt_lib_init_lc_monetary_1
    libinit.o(.ARM.Collect$$libinit$$00000000) refers (Special) to libinit2.o(.ARM.Collect$$libinit$$00000013) for __rt_lib_init_lc_numeric_1
    libinit.o(.ARM.Collect$$libinit$$00000000) refers (Special) to libinit2.o(.ARM.Collect$$libinit$$00000015) for __rt_lib_init_lc_time_1
    libinit.o(.ARM.Collect$$libinit$$00000000) refers (Special) to libinit2.o(.ARM.Collect$$libinit$$0000000A) for __rt_lib_init_rand_1
    libinit.o(.ARM.Collect$$libinit$$00000000) refers (Special) to libinit2.o(.ARM.Collect$$libinit$$0000002F) for __rt_lib_init_return
    libinit.o(.ARM.Collect$$libinit$$00000000) refers (Special) to libinit2.o(.ARM.Collect$$libinit$$00000019) for __rt_lib_init_signal_1
    libinit.o(.ARM.Collect$$libinit$$00000000) refers (Special) to libinit2.o(.ARM.Collect$$libinit$$00000021) for __rt_lib_init_stdio_1
    libinit.o(.ARM.Collect$$libinit$$00000000) refers (Special) to libinit2.o(.ARM.Collect$$libinit$$00000008) for __rt_lib_init_user_alloc_1
    libspace.o(.text) refers to libspace.o(.bss) for __libspace_start
    rtexit.o(.ARM.Collect$$rtexit$$00000000) refers (Special) to rtexit2.o(.ARM.Collect$$rtexit$$00000004) for __rt_exit_exit
    rtexit.o(.ARM.Collect$$rtexit$$00000000) refers (Special) to rtexit2.o(.ARM.Collect$$rtexit$$00000003) for __rt_exit_ls
    rtexit.o(.ARM.Collect$$rtexit$$00000000) refers (Special) to rtexit2.o(.ARM.Collect$$rtexit$$00000002) for __rt_exit_prels_1
    rtexit.o(.ARM.exidx) refers (Special) to rtexit2.o(.ARM.Collect$$rtexit$$00000004) for __rt_exit_exit
    rtexit.o(.ARM.exidx) refers (Special) to rtexit2.o(.ARM.Collect$$rtexit$$00000003) for __rt_exit_ls
    rtexit.o(.ARM.exidx) refers (Special) to rtexit2.o(.ARM.Collect$$rtexit$$00000002) for __rt_exit_prels_1
    rtexit.o(.ARM.exidx) refers to rtexit.o(.ARM.Collect$$rtexit$$00000000) for .ARM.Collect$$rtexit$$00000000
    rt_raise.o(.text) refers to __raise.o(.text) for __raise
    rt_raise.o(.text) refers to sys_exit.o(.text) for _sys_exit
    defsig_exit.o(.text) refers to sys_exit.o(.text) for _sys_exit
    defsig_fpe_inner.o(.text) refers to defsig_general.o(.text) for __default_signal_display
    libinit2.o(.ARM.Collect$$libinit$$0000000C) refers to libinit2.o(.ARM.Collect$$libinit$$0000000B) for .ARM.Collect$$libinit$$0000000B
    libinit2.o(.ARM.Collect$$libinit$$0000000E) refers to libinit2.o(.ARM.Collect$$libinit$$0000000B) for .ARM.Collect$$libinit$$0000000B
    libinit2.o(.ARM.Collect$$libinit$$00000010) refers to libinit2.o(.ARM.Collect$$libinit$$0000000B) for .ARM.Collect$$libinit$$0000000B
    libinit2.o(.ARM.Collect$$libinit$$00000012) refers to libinit2.o(.ARM.Collect$$libinit$$0000000B) for .ARM.Collect$$libinit$$0000000B
    libinit2.o(.ARM.Collect$$libinit$$00000014) refers to libinit2.o(.ARM.Collect$$libinit$$0000000B) for .ARM.Collect$$libinit$$0000000B
    libinit2.o(.ARM.Collect$$libinit$$00000022) refers to argv_veneer.o(.text) for __ARM_argv_veneer
    libinit2.o(.ARM.Collect$$libinit$$00000023) refers to argv_veneer.o(.text) for __ARM_argv_veneer
    sys_exit.o(.text) refers (Special) to use_no_semi.o(.text) for __I$use$semihosting
    rtexit2.o(.ARM.Collect$$rtexit$$00000003) refers to libshutdown.o(.ARM.Collect$$libshutdown$$00000000) for __rt_lib_shutdown
    rtexit2.o(.ARM.Collect$$rtexit$$00000004) refers to sys_exit.o(.text) for _sys_exit
    rtexit2.o(.ARM.exidx) refers to rtexit2.o(.ARM.Collect$$rtexit$$00000001) for .ARM.Collect$$rtexit$$00000001
    rtexit2.o(.ARM.exidx) refers to rtexit2.o(.ARM.Collect$$rtexit$$00000002) for .ARM.Collect$$rtexit$$00000002
    rtexit2.o(.ARM.exidx) refers to rtexit2.o(.ARM.Collect$$rtexit$$00000003) for .ARM.Collect$$rtexit$$00000003
    rtexit2.o(.ARM.exidx) refers to rtexit2.o(.ARM.Collect$$rtexit$$00000004) for .ARM.Collect$$rtexit$$00000004
    __raise.o(.text) refers to defsig.o(CL$$defsig) for __default_signal_handler
    defsig_general.o(.text) refers to sys_wrch.o(.text) for _ttywrch
    sys_wrch.o(.text) refers (Special) to use_no_semi.o(.text) for __I$use$semihosting
    defsig.o(CL$$defsig) refers to defsig_fpe_inner.o(.text) for __rt_SIGFPE_inner
    defsig.o(CL$$defsig) refers to defsig_rtmem_inner.o(.text) for __rt_SIGRTMEM_inner
    _get_argv_nomalloc.o(.text) refers (Special) to hrguard.o(.text) for __heap_region$guard
    _get_argv_nomalloc.o(.text) refers to defsig_rtmem_outer.o(.text) for __rt_SIGRTMEM
    _get_argv_nomalloc.o(.text) refers to sys_command.o(.text) for _sys_command_string
    libshutdown.o(.ARM.Collect$$libshutdown$$00000000) refers (Special) to libshutdown2.o(.ARM.Collect$$libshutdown$$00000006) for __rt_lib_shutdown_fp_trap_1
    libshutdown.o(.ARM.Collect$$libshutdown$$00000000) refers (Special) to libshutdown2.o(.ARM.Collect$$libshutdown$$0000000E) for __rt_lib_shutdown_heap_1
    libshutdown.o(.ARM.Collect$$libshutdown$$00000000) refers (Special) to libshutdown2.o(.ARM.Collect$$libshutdown$$0000000F) for __rt_lib_shutdown_return
    libshutdown.o(.ARM.Collect$$libshutdown$$00000000) refers (Special) to libshutdown2.o(.ARM.Collect$$libshutdown$$00000009) for __rt_lib_shutdown_signal_1
    libshutdown.o(.ARM.Collect$$libshutdown$$00000000) refers (Special) to libshutdown2.o(.ARM.Collect$$libshutdown$$00000003) for __rt_lib_shutdown_stdio_1
    libshutdown.o(.ARM.Collect$$libshutdown$$00000000) refers (Special) to libshutdown2.o(.ARM.Collect$$libshutdown$$0000000B) for __rt_lib_shutdown_user_alloc_1
    sys_command.o(.text) refers (Special) to use_no_semi.o(.text) for __I$use$semihosting
    defsig_abrt_inner.o(.text) refers to defsig_general.o(.text) for __default_signal_display
    defsig_rtred_inner.o(.text) refers to defsig_general.o(.text) for __default_signal_display
    defsig_rtmem_inner.o(.text) refers to defsig_general.o(.text) for __default_signal_display
    defsig_rtmem_outer.o(.text) refers to defsig_rtmem_inner.o(.text) for __rt_SIGRTMEM_inner
    defsig_rtmem_outer.o(.text) refers to defsig_exit.o(.text) for __sig_exit
    defsig_rtmem_formal.o(.text) refers to rt_raise.o(.text) for __rt_raise
    defsig_stak_inner.o(.text) refers to defsig_general.o(.text) for __default_signal_display
    defsig_pvfn_inner.o(.text) refers to defsig_general.o(.text) for __default_signal_display
    defsig_cppl_inner.o(.text) refers to defsig_general.o(.text) for __default_signal_display
    defsig_segv_inner.o(.text) refers to defsig_general.o(.text) for __default_signal_display
    defsig_other.o(.text) refers to defsig_general.o(.text) for __default_signal_display


==============================================================================

Image Symbol Table

    Local Symbols

    Symbol Name                              Value     Ov Type        Size  Object(Section)

    RESET                                    0x00000000   Section      192  startup.o(RESET)
    ../../angel/boardlib.s                   0x00000000   Number         0  boardinit2.o ABSOLUTE
    ../../angel/boardlib.s                   0x00000000   Number         0  boardinit1.o ABSOLUTE
    ../../angel/boardlib.s                   0x00000000   Number         0  boardshut.o ABSOLUTE
    ../../angel/boardlib.s                   0x00000000   Number         0  boardinit3.o ABSOLUTE
    ../../angel/handlers.s                   0x00000000   Number         0  __scatter_zi.o ABSOLUTE
    ../../angel/handlers.s                   0x00000000   Number         0  __scatter_copy.o ABSOLUTE
    ../../angel/kernel.s                     0x00000000   Number         0  rtentry.o ABSOLUTE
    ../../angel/kernel.s                     0x00000000   Number         0  rtentry2.o ABSOLUTE
    ../../angel/kernel.s                     0x00000000   Number         0  rtexit2.o ABSOLUTE
    ../../angel/kernel.s                     0x00000000   Number         0  rtentry4.o ABSOLUTE
    ../../angel/kernel.s                     0x00000000   Number         0  rtexit.o ABSOLUTE
    ../../angel/rt.s                         0x00000000   Number         0  aeabi_idiv0.o ABSOLUTE
    ../../angel/rt.s                         0x00000000   Number         0  rt_raise.o ABSOLUTE
    ../../angel/rt.s                         0x00000000   Number         0  rt_div0.o ABSOLUTE
    ../../angel/rt.s                         0x00000000   Number         0  aeabi_idiv0_sigfpe.o ABSOLUTE
    ../../angel/scatterp.s                   0x00000000   Number         0  __scatter.o ABSOLUTE
    ../../angel/startup.s                    0x00000000   Number         0  __main.o ABSOLUTE
    ../../angel/sys.s                        0x00000000   Number         0  use_no_semi.o ABSOLUTE
    ../../angel/sys.s                        0x00000000   Number         0  sys_stackheap_outer.o ABSOLUTE
    ../../angel/sys.s                        0x00000000   Number         0  tempstk.o ABSOLUTE
    ../../angel/sys.s                        0x00000000   Number         0  libspace.o ABSOLUTE
    ../../angel/sysapp.c                     0x00000000   Number         0  sys_command.o ABSOLUTE
    ../../angel/sysapp.c                     0x00000000   Number         0  sys_wrch.o ABSOLUTE
    ../../angel/sysapp.c                     0x00000000   Number         0  sys_exit.o ABSOLUTE
    ../../armsys.c                           0x00000000   Number         0  no_argv.o ABSOLUTE
    ../../armsys.c                           0x00000000   Number         0  _get_argv_nomalloc.o ABSOLUTE
    ../../armsys.c                           0x00000000   Number         0  argv_veneer.o ABSOLUTE
    ../../cfplib/fpinit.c                    0x00000000   Number         0  fpinit.o ABSOLUTE
    ../../division.s                         0x00000000   Number         0  aeabi_sdiv.o ABSOLUTE
    ../../division.s                         0x00000000   Number         0  aeabi_sdiv_div0.o ABSOLUTE
    ../../heapalloc.c                        0x00000000   Number         0  hrguard.o ABSOLUTE
    ../../heapaux.c                          0x00000000   Number         0  heapauxi.o ABSOLUTE
    ../../libinit.s                          0x00000000   Number         0  libshutdown2.o ABSOLUTE
    ../../libinit.s                          0x00000000   Number         0  libshutdown.o ABSOLUTE
    ../../libinit.s                          0x00000000   Number         0  libinit2.o ABSOLUTE
    ../../libinit.s                          0x00000000   Number         0  libinit.o ABSOLUTE
    ../../signal.c                           0x00000000   Number         0  defsig_pvfn_inner.o ABSOLUTE
    ../../signal.c                           0x00000000   Number         0  defsig_cppl_inner.o ABSOLUTE
    ../../signal.c                           0x00000000   Number         0  defsig_segv_inner.o ABSOLUTE
    ../../signal.c                           0x00000000   Number         0  defsig_other.o ABSOLUTE
    ../../signal.c                           0x00000000   Number         0  defsig_fpe_outer.o ABSOLUTE
    ../../signal.c                           0x00000000   Number         0  defsig_fpe_formal.o ABSOLUTE
    ../../signal.c                           0x00000000   Number         0  defsig_rtmem_formal.o ABSOLUTE
    ../../signal.c                           0x00000000   Number         0  defsig_exit.o ABSOLUTE
    ../../signal.c                           0x00000000   Number         0  defsig_fpe_inner.o ABSOLUTE
    ../../signal.c                           0x00000000   Number         0  __raise.o ABSOLUTE
    ../../signal.c                           0x00000000   Number         0  defsig_general.o ABSOLUTE
    ../../signal.c                           0x00000000   Number         0  defsig_abrt_inner.o ABSOLUTE
    ../../signal.c                           0x00000000   Number         0  defsig_rtred_inner.o ABSOLUTE
    ../../signal.c                           0x00000000   Number         0  defsig_rtmem_inner.o ABSOLUTE
    ../../signal.c                           0x00000000   Number         0  defsig_rtmem_outer.o ABSOLUTE
    ../../signal.c                           0x00000000   Number         0  defsig_stak_inner.o ABSOLUTE
    ../../signal.s                           0x00000000   Number         0  defsig.o ABSOLUTE
    ../../stdlib.c                           0x00000000   Number         0  exit.o ABSOLUTE
    dc.s                                     0x00000000   Number         0  dc.o ABSOLUTE
    src\1986BE9x_usb_CDC.c                   0x00000000   Number         0  1986be9x_usb_cdc.o ABSOLUTE
    src\1986BE9x_usb_device.c                0x00000000   Number         0  1986be9x_usb_device.o ABSOLUTE
    src\1986be9x_usb.c                       0x00000000   Number         0  1986be9x_usb.o ABSOLUTE
    src\Startup.s                            0x00000000   Number         0  startup.o ABSOLUTE
    src\main.c                               0x00000000   Number         0  main.o ABSOLUTE
    src\opora_rst_clk.c                      0x00000000   Number         0  opora_rst_clk.o ABSOLUTE
    !!!main                                  0x000000c0   Section        8  __main.o(!!!main)
    !!!scatter                               0x000000c8   Section       60  __scatter.o(!!!scatter)
    !!handler_copy                           0x00000104   Section       26  __scatter_copy.o(!!handler_copy)
    !!handler_zi                             0x00000120   Section       28  __scatter_zi.o(!!handler_zi)
    .ARM.Collect$$libinit$$00000000          0x0000013c   Section        6  libinit.o(.ARM.Collect$$libinit$$00000000)
    .ARM.Collect$$libinit$$00000006          0x00000142   Section        0  libinit2.o(.ARM.Collect$$libinit$$00000006)
    .ARM.Collect$$libinit$$00000008          0x00000142   Section        0  libinit2.o(.ARM.Collect$$libinit$$00000008)
    .ARM.Collect$$libinit$$0000000A          0x00000142   Section        0  libinit2.o(.ARM.Collect$$libinit$$0000000A)
    .ARM.Collect$$libinit$$0000000D          0x00000142   Section        0  libinit2.o(.ARM.Collect$$libinit$$0000000D)
    .ARM.Collect$$libinit$$0000000F          0x00000142   Section        0  libinit2.o(.ARM.Collect$$libinit$$0000000F)
    .ARM.Collect$$libinit$$00000011          0x00000142   Section        0  libinit2.o(.ARM.Collect$$libinit$$00000011)
    .ARM.Collect$$libinit$$00000013          0x00000142   Section        0  libinit2.o(.ARM.Collect$$libinit$$00000013)
    .ARM.Collect$$libinit$$00000015          0x00000142   Section        0  libinit2.o(.ARM.Collect$$libinit$$00000015)
    .ARM.Collect$$libinit$$00000017          0x00000142   Section        0  libinit2.o(.ARM.Collect$$libinit$$00000017)
    .ARM.Collect$$libinit$$00000019          0x00000142   Section        0  libinit2.o(.ARM.Collect$$libinit$$00000019)
    .ARM.Collect$$libinit$$0000001B          0x00000142   Section        0  libinit2.o(.ARM.Collect$$libinit$$0000001B)
    .ARM.Collect$$libinit$$0000001D          0x00000142   Section        0  libinit2.o(.ARM.Collect$$libinit$$0000001D)
    .ARM.Collect$$libinit$$0000001F          0x00000142   Section        0  libinit2.o(.ARM.Collect$$libinit$$0000001F)
    .ARM.Collect$$libinit$$00000021          0x00000142   Section        0  libinit2.o(.ARM.Collect$$libinit$$00000021)
    .ARM.Collect$$libinit$$00000028          0x00000142   Section        0  libinit2.o(.ARM.Collect$$libinit$$00000028)
    .ARM.Collect$$libinit$$0000002A          0x00000142   Section        0  libinit2.o(.ARM.Collect$$libinit$$0000002A)
    .ARM.Collect$$libinit$$0000002C          0x00000142   Section        0  libinit2.o(.ARM.Collect$$libinit$$0000002C)
    .ARM.Collect$$libinit$$0000002E          0x00000142   Section        0  libinit2.o(.ARM.Collect$$libinit$$0000002E)
    .ARM.Collect$$libinit$$0000002F          0x00000142   Section        2  libinit2.o(.ARM.Collect$$libinit$$0000002F)
    .ARM.Collect$$libshutdown$$00000000      0x00000144   Section        2  libshutdown.o(.ARM.Collect$$libshutdown$$00000000)
    .ARM.Collect$$libshutdown$$00000003      0x00000146   Section        0  libshutdown2.o(.ARM.Collect$$libshutdown$$00000003)
    .ARM.Collect$$libshutdown$$00000006      0x00000146   Section        0  libshutdown2.o(.ARM.Collect$$libshutdown$$00000006)
    .ARM.Collect$$libshutdown$$00000009      0x00000146   Section        0  libshutdown2.o(.ARM.Collect$$libshutdown$$00000009)
    .ARM.Collect$$libshutdown$$0000000B      0x00000146   Section        0  libshutdown2.o(.ARM.Collect$$libshutdown$$0000000B)
    .ARM.Collect$$libshutdown$$0000000E      0x00000146   Section        0  libshutdown2.o(.ARM.Collect$$libshutdown$$0000000E)
    .ARM.Collect$$libshutdown$$0000000F      0x00000146   Section        2  libshutdown2.o(.ARM.Collect$$libshutdown$$0000000F)
    .ARM.Collect$$rtentry$$00000000          0x00000148   Section        0  rtentry.o(.ARM.Collect$$rtentry$$00000000)
    .ARM.Collect$$rtentry$$00000002          0x00000148   Section        0  rtentry2.o(.ARM.Collect$$rtentry$$00000002)
    .ARM.Collect$$rtentry$$00000004          0x00000148   Section        6  rtentry4.o(.ARM.Collect$$rtentry$$00000004)
    .ARM.Collect$$rtentry$$00000009          0x0000014e   Section        0  rtentry2.o(.ARM.Collect$$rtentry$$00000009)
    .ARM.Collect$$rtentry$$0000000A          0x0000014e   Section        4  rtentry2.o(.ARM.Collect$$rtentry$$0000000A)
    .ARM.Collect$$rtentry$$0000000C          0x00000152   Section        0  rtentry2.o(.ARM.Collect$$rtentry$$0000000C)
    .ARM.Collect$$rtentry$$0000000D          0x00000152   Section        8  rtentry2.o(.ARM.Collect$$rtentry$$0000000D)
    .ARM.Collect$$rtexit$$00000000           0x0000015a   Section        2  rtexit.o(.ARM.Collect$$rtexit$$00000000)
    .ARM.Collect$$rtexit$$00000002           0x0000015c   Section        0  rtexit2.o(.ARM.Collect$$rtexit$$00000002)
    .ARM.Collect$$rtexit$$00000003           0x0000015c   Section        4  rtexit2.o(.ARM.Collect$$rtexit$$00000003)
    .ARM.Collect$$rtexit$$00000004           0x00000160   Section        6  rtexit2.o(.ARM.Collect$$rtexit$$00000004)
    .text                                    0x00000168   Section        0  main.o(.text)
    Setup_USB                                0x00000169   Thumb Code    76  main.o(.text)
    Setup_CPU_Clock                          0x000001b5   Thumb Code    64  main.o(.text)
    VCom_Configuration                       0x000001f5   Thumb Code    20  main.o(.text)
    .text                                    0x00000290   Section      104  startup.o(.text)
    EXT2_IRQ_Handler                         0x000002bf   Thumb Code     2  startup.o(.text)
    EXT3_IRQ_Handler                         0x000002c1   Thumb Code     2  startup.o(.text)
    EXT4_IRQ_Handler                         0x000002c3   Thumb Code     2  startup.o(.text)
    ARINCT3_IRQ_Handler                      0x000002d5   Thumb Code     2  startup.o(.text)
    .text                                    0x000002f8   Section        0  opora_rst_clk.o(.text)
    .text                                    0x00000910   Section        0  1986be9x_usb.o(.text)
    .text                                    0x00000c24   Section        0  1986be9x_usb_device.o(.text)
    USB_EP_SetReady                          0x00000c7b   Thumb Code    40  1986be9x_usb_device.o(.text)
    USB_EP_sendInDataPortion                 0x00000d17   Thumb Code   114  1986be9x_usb_device.o(.text)
    USB_Device_setAddressWork                0x000010ab   Thumb Code    38  1986be9x_usb_device.o(.text)
    .text                                    0x000014ec   Section        0  1986be9x_usb_cdc.o(.text)
    USB_CDC_OnDataReceive                    0x00001521   Thumb Code    58  1986be9x_usb_cdc.o(.text)
    USB_CDC_OnDataSent                       0x00001587   Thumb Code    12  1986be9x_usb_cdc.o(.text)
    USB_CDC_DoDataOut                        0x00001655   Thumb Code    60  1986be9x_usb_cdc.o(.text)
    .text                                    0x00001758   Section      346  aeabi_sdiv.o(.text)
    .text                                    0x000018b2   Section        0  heapauxi.o(.text)
    .text                                    0x000018b8   Section       62  sys_stackheap_outer.o(.text)
    .text                                    0x000018f6   Section        0  exit.o(.text)
    .text                                    0x00001904   Section        8  libspace.o(.text)
    .text                                    0x0000190c   Section        0  sys_exit.o(.text)
    .text                                    0x00001918   Section        2  use_no_semi.o(.text)
    i.__ARM_common_switch8                   0x0000191a   Section        0  1986be9x_usb_device.o(i.__ARM_common_switch8)
    .data                                    0x20000000   Section       16  main.o(.data)
    LineCoding                               0x20000008   Data           8  main.o(.data)
    .data                                    0x20000010   Section       22  1986be9x_usb_device.o(.data)
    bHandling                                0x20000010   Data           4  1986be9x_usb_device.o(.data)
    SetupPacketData                          0x20000024   Data           2  1986be9x_usb_device.o(.data)
    .data                                    0x20000028   Section       96  1986be9x_usb_cdc.o(.data)
    Usb_CDC_Device_Descriptor                0x20000028   Data          18  1986be9x_usb_cdc.o(.data)
    Usb_CDC_Configuration_Descriptor         0x2000003a   Data          67  1986be9x_usb_cdc.o(.data)
    CDC_ClassPacketData                      0x20000080   Data           8  1986be9x_usb_cdc.o(.data)
    .bss                                     0x20000088   Section      112  main.o(.bss)
    Buffer                                   0x20000094   Data         100  main.o(.bss)
    .bss                                     0x200000f8   Section      176  1986be9x_usb_device.o(.bss)
    .bss                                     0x200001a8   Section       12  1986be9x_usb_cdc.o(.bss)
    USB_CDCContext                           0x200001a8   Data          12  1986be9x_usb_cdc.o(.bss)
    .bss                                     0x200001b4   Section       96  libspace.o(.bss)
    HEAP                                     0x20000218   Section        0  startup.o(HEAP)
    STACK                                    0x20000218   Section     1024  startup.o(STACK)
    Heap_Mem                                 0x20000218   Data           0  startup.o(HEAP)
    Stack_Mem                                0x20000218   Data        1024  startup.o(STACK)
    __initial_sp                             0x20000618   Data           0  startup.o(STACK)

    Global Symbols

    Symbol Name                              Value     Ov Type        Size  Object(Section)

    BuildAttributes$$THM_ISAv3M$S$PE$A:L22$X:L11$S22$IEEE1$IW$USESV6$~STKCKD$USESV7$~SHL$OSPACE$ROPI$EBA8$UX$STANDARDLIB$REQ8$PRES8$EABIv2 0x00000000   Number         0  anon$$obj.o ABSOLUTE
    __ARM_use_no_argv                        0x00000000   Number         0  main.o ABSOLUTE
    __Vectors                                0x00000000   Data           4  startup.o(RESET)
    __ARM_exceptions_init                     - Undefined Weak Reference
    __alloca_initialize                       - Undefined Weak Reference
    __cpp_initialize__aeabi_                  - Undefined Weak Reference
    __cxa_finalize                            - Undefined Weak Reference
    __rt_locale                               - Undefined Weak Reference
    __sigvec_lookup                           - Undefined Weak Reference
    _atexit_init                              - Undefined Weak Reference
    _call_atexit_fns                          - Undefined Weak Reference
    _clock_init                               - Undefined Weak Reference
    _fp_trap_init                             - Undefined Weak Reference
    _fp_trap_shutdown                         - Undefined Weak Reference
    _get_lc_collate                           - Undefined Weak Reference
    _get_lc_ctype                             - Undefined Weak Reference
    _get_lc_monetary                          - Undefined Weak Reference
    _get_lc_numeric                           - Undefined Weak Reference
    _get_lc_time                              - Undefined Weak Reference
    _getenv_init                              - Undefined Weak Reference
    _handle_redirection                       - Undefined Weak Reference
    _init_alloc                               - Undefined Weak Reference
    _init_user_alloc                          - Undefined Weak Reference
    _initio                                   - Undefined Weak Reference
    _rand_init                                - Undefined Weak Reference
    _signal_finish                            - Undefined Weak Reference
    _signal_init                              - Undefined Weak Reference
    _terminate_alloc                          - Undefined Weak Reference
    _terminate_user_alloc                     - Undefined Weak Reference
    _terminateio                              - Undefined Weak Reference
    __main                                   0x000000c1   Thumb Code     8  __main.o(!!!main)
    __scatterload                            0x000000c9   Thumb Code     0  __scatter.o(!!!scatter)
    __scatterload_rt2                        0x000000c9   Thumb Code    52  __scatter.o(!!!scatter)
    __scatterload_rt2_thumb_only             0x000000c9   Thumb Code     0  __scatter.o(!!!scatter)
    __scatterload_null                       0x000000d9   Thumb Code     0  __scatter.o(!!!scatter)
    __scatterload_copy                       0x00000105   Thumb Code    26  __scatter_copy.o(!!handler_copy)
    __scatterload_zeroinit                   0x00000121   Thumb Code    28  __scatter_zi.o(!!handler_zi)
    __rt_lib_init                            0x0000013d   Thumb Code     0  libinit.o(.ARM.Collect$$libinit$$00000000)
    __rt_lib_init_alloca_1                   0x00000143   Thumb Code     0  libinit2.o(.ARM.Collect$$libinit$$0000002A)
    __rt_lib_init_argv_1                     0x00000143   Thumb Code     0  libinit2.o(.ARM.Collect$$libinit$$00000028)
    __rt_lib_init_atexit_1                   0x00000143   Thumb Code     0  libinit2.o(.ARM.Collect$$libinit$$00000017)
    __rt_lib_init_clock_1                    0x00000143   Thumb Code     0  libinit2.o(.ARM.Collect$$libinit$$0000001D)
    __rt_lib_init_cpp_1                      0x00000143   Thumb Code     0  libinit2.o(.ARM.Collect$$libinit$$0000002E)
    __rt_lib_init_exceptions_1               0x00000143   Thumb Code     0  libinit2.o(.ARM.Collect$$libinit$$0000002C)
    __rt_lib_init_fp_trap_1                  0x00000143   Thumb Code     0  libinit2.o(.ARM.Collect$$libinit$$0000001B)
    __rt_lib_init_getenv_1                   0x00000143   Thumb Code     0  libinit2.o(.ARM.Collect$$libinit$$0000001F)
    __rt_lib_init_heap_1                     0x00000143   Thumb Code     0  libinit2.o(.ARM.Collect$$libinit$$00000006)
    __rt_lib_init_lc_collate_1               0x00000143   Thumb Code     0  libinit2.o(.ARM.Collect$$libinit$$0000000D)
    __rt_lib_init_lc_ctype_1                 0x00000143   Thumb Code     0  libinit2.o(.ARM.Collect$$libinit$$0000000F)
    __rt_lib_init_lc_monetary_1              0x00000143   Thumb Code     0  libinit2.o(.ARM.Collect$$libinit$$00000011)
    __rt_lib_init_lc_numeric_1               0x00000143   Thumb Code     0  libinit2.o(.ARM.Collect$$libinit$$00000013)
    __rt_lib_init_lc_time_1                  0x00000143   Thumb Code     0  libinit2.o(.ARM.Collect$$libinit$$00000015)
    __rt_lib_init_rand_1                     0x00000143   Thumb Code     0  libinit2.o(.ARM.Collect$$libinit$$0000000A)
    __rt_lib_init_return                     0x00000143   Thumb Code     0  libinit2.o(.ARM.Collect$$libinit$$0000002F)
    __rt_lib_init_signal_1                   0x00000143   Thumb Code     0  libinit2.o(.ARM.Collect$$libinit$$00000019)
    __rt_lib_init_stdio_1                    0x00000143   Thumb Code     0  libinit2.o(.ARM.Collect$$libinit$$00000021)
    __rt_lib_init_user_alloc_1               0x00000143   Thumb Code     0  libinit2.o(.ARM.Collect$$libinit$$00000008)
    __rt_lib_shutdown                        0x00000145   Thumb Code     0  libshutdown.o(.ARM.Collect$$libshutdown$$00000000)
    __rt_lib_shutdown_fp_trap_1              0x00000147   Thumb Code     0  libshutdown2.o(.ARM.Collect$$libshutdown$$00000006)
    __rt_lib_shutdown_heap_1                 0x00000147   Thumb Code     0  libshutdown2.o(.ARM.Collect$$libshutdown$$0000000E)
    __rt_lib_shutdown_return                 0x00000147   Thumb Code     0  libshutdown2.o(.ARM.Collect$$libshutdown$$0000000F)
    __rt_lib_shutdown_signal_1               0x00000147   Thumb Code     0  libshutdown2.o(.ARM.Collect$$libshutdown$$00000009)
    __rt_lib_shutdown_stdio_1                0x00000147   Thumb Code     0  libshutdown2.o(.ARM.Collect$$libshutdown$$00000003)
    __rt_lib_shutdown_user_alloc_1           0x00000147   Thumb Code     0  libshutdown2.o(.ARM.Collect$$libshutdown$$0000000B)
    __rt_entry                               0x00000149   Thumb Code     0  rtentry.o(.ARM.Collect$$rtentry$$00000000)
    __rt_entry_presh_1                       0x00000149   Thumb Code     0  rtentry2.o(.ARM.Collect$$rtentry$$00000002)
    __rt_entry_sh                            0x00000149   Thumb Code     0  rtentry4.o(.ARM.Collect$$rtentry$$00000004)
    __rt_entry_li                            0x0000014f   Thumb Code     0  rtentry2.o(.ARM.Collect$$rtentry$$0000000A)
    __rt_entry_postsh_1                      0x0000014f   Thumb Code     0  rtentry2.o(.ARM.Collect$$rtentry$$00000009)
    __rt_entry_main                          0x00000153   Thumb Code     0  rtentry2.o(.ARM.Collect$$rtentry$$0000000D)
    __rt_entry_postli_1                      0x00000153   Thumb Code     0  rtentry2.o(.ARM.Collect$$rtentry$$0000000C)
    __rt_exit                                0x0000015b   Thumb Code     0  rtexit.o(.ARM.Collect$$rtexit$$00000000)
    __rt_exit_ls                             0x0000015d   Thumb Code     0  rtexit2.o(.ARM.Collect$$rtexit$$00000003)
    __rt_exit_prels_1                        0x0000015d   Thumb Code     0  rtexit2.o(.ARM.Collect$$rtexit$$00000002)
    __rt_exit_exit                           0x00000161   Thumb Code     0  rtexit2.o(.ARM.Collect$$rtexit$$00000004)
    main                                     0x00000209   Thumb Code    40  main.o(.text)
    USB_CDC_RecieveData                      0x00000231   Thumb Code    20  main.o(.text)
    USB_CDC_GetLineCoding                    0x00000245   Thumb Code    22  main.o(.text)
    USB_CDC_SetLineCoding                    0x0000025b   Thumb Code    24  main.o(.text)
    Reset_Handler                            0x00000291   Thumb Code     4  startup.o(.text)
    NMI_Handler                              0x00000295   Thumb Code     2  startup.o(.text)
    HardFault_Handler                        0x00000297   Thumb Code     2  startup.o(.text)
    SVC_Handler                              0x00000299   Thumb Code     2  startup.o(.text)
    PendSV_Handler                           0x0000029b   Thumb Code     2  startup.o(.text)
    SysTick_Handler                          0x0000029d   Thumb Code     2  startup.o(.text)
    DMA_IRQ_Handler                          0x0000029f   Thumb Code     2  startup.o(.text)
    UART1_IRQ_Handler                        0x000002a1   Thumb Code     2  startup.o(.text)
    UART2_IRQ_Handler                        0x000002a3   Thumb Code     2  startup.o(.text)
    SPI1_IRQ_Handler                         0x000002a5   Thumb Code     2  startup.o(.text)
    SPI2_IRQ_Handler                         0x000002a7   Thumb Code     2  startup.o(.text)
    SPI3_IRQ_Handler                         0x000002a9   Thumb Code     2  startup.o(.text)
    PWR_IRQ_Handler                          0x000002ab   Thumb Code     2  startup.o(.text)
    WWDG_IRQ_Handler                         0x000002ad   Thumb Code     2  startup.o(.text)
    TIM1_IRQ_Handler                         0x000002af   Thumb Code     2  startup.o(.text)
    TIM2_IRQ_Handler                         0x000002b1   Thumb Code     2  startup.o(.text)
    TIM3_IRQ_Handler                         0x000002b3   Thumb Code     2  startup.o(.text)
    TIM4_IRQ_Handler                         0x000002b5   Thumb Code     2  startup.o(.text)
    ADC_IRQ_Handler                          0x000002b7   Thumb Code     2  startup.o(.text)
    BKP_IRQ_Handler                          0x000002bb   Thumb Code     2  startup.o(.text)
    EXT1_IRQ_Handler                         0x000002bd   Thumb Code     2  startup.o(.text)
    MILSTD1553B1_IRQ_Handler                 0x000002c5   Thumb Code     2  startup.o(.text)
    MILSTD1553B2_IRQ_Handler                 0x000002c7   Thumb Code     2  startup.o(.text)
    CAN1_IRQ_Handler                         0x000002c9   Thumb Code     2  startup.o(.text)
    CAN2_IRQ_Handler                         0x000002cb   Thumb Code     2  startup.o(.text)
    NAND_IRQ_Handler                         0x000002cd   Thumb Code     2  startup.o(.text)
    ARINCR_IRQ_Handler                       0x000002cf   Thumb Code     2  startup.o(.text)
    ARINCT1_IRQ_Handler                      0x000002d1   Thumb Code     2  startup.o(.text)
    ARINCT2_IRQ_Handler                      0x000002d3   Thumb Code     2  startup.o(.text)
    ARINCT4_IRQ_Handler                      0x000002d7   Thumb Code     2  startup.o(.text)
    ETH_IRQ_Handler                          0x000002d9   Thumb Code     2  startup.o(.text)
    Reserved_IRQ_Handler                     0x000002db   Data           0  startup.o(.text)
    __user_initial_stackheap                 0x000002dd   Thumb Code     0  startup.o(.text)
    RST_CLK_PCLKcmd                          0x000002f9   Thumb Code    28  opora_rst_clk.o(.text)
    RST_CLK_CPUclkSelection                  0x00000315   Thumb Code    28  opora_rst_clk.o(.text)
    RST_CLK_GetFlagStatus                    0x00000331   Thumb Code    42  opora_rst_clk.o(.text)
    RST_CLK_HSIstatus                        0x0000035b   Thumb Code    48  opora_rst_clk.o(.text)
    RST_CLK_HSIcmd                           0x0000038b   Thumb Code    14  opora_rst_clk.o(.text)
    RST_CLK_WarmDeInit                       0x00000399   Thumb Code    74  opora_rst_clk.o(.text)
    RST_CLK_DeInit                           0x000003e3   Thumb Code    44  opora_rst_clk.o(.text)
    RST_CLK_HSEconfig                        0x0000040f   Thumb Code    56  opora_rst_clk.o(.text)
    RST_CLK_HSEstatus                        0x00000447   Thumb Code    48  opora_rst_clk.o(.text)
    RST_CLK_LSEconfig                        0x00000477   Thumb Code    56  opora_rst_clk.o(.text)
    RST_CLK_LSEstatus                        0x000004af   Thumb Code    48  opora_rst_clk.o(.text)
    RST_CLK_HSIadjust                        0x000004df   Thumb Code    26  opora_rst_clk.o(.text)
    RST_CLK_LSIcmd                           0x000004f9   Thumb Code    14  opora_rst_clk.o(.text)
    RST_CLK_LSIstatus                        0x00000507   Thumb Code    48  opora_rst_clk.o(.text)
    RST_CLK_CPU_PLLconfig                    0x00000537   Thumb Code    74  opora_rst_clk.o(.text)
    RST_CLK_CPU_PLLuse                       0x00000581   Thumb Code    14  opora_rst_clk.o(.text)
    RST_CLK_CPU_PLLcmd                       0x0000058f   Thumb Code    14  opora_rst_clk.o(.text)
    RST_CLK_CPU_PLLstatus                    0x0000059d   Thumb Code    48  opora_rst_clk.o(.text)
    RST_CLK_CPUclkPrescaler                  0x000005cd   Thumb Code    26  opora_rst_clk.o(.text)
    RST_CLK_USB_PLLconfig                    0x000005e7   Thumb Code    72  opora_rst_clk.o(.text)
    RST_CLK_USB_PLLuse                       0x0000062f   Thumb Code    16  opora_rst_clk.o(.text)
    RST_CLK_USB_PLLcmd                       0x0000063f   Thumb Code    14  opora_rst_clk.o(.text)
    RST_CLK_USB_PLLstatus                    0x0000064d   Thumb Code    48  opora_rst_clk.o(.text)
    RST_CLK_USBclkPrescaler                  0x0000067d   Thumb Code    16  opora_rst_clk.o(.text)
    RST_CLK_USBclkEnable                     0x0000068d   Thumb Code    16  opora_rst_clk.o(.text)
    RST_CLK_ADCclkSelection                  0x0000069d   Thumb Code    26  opora_rst_clk.o(.text)
    RST_CLK_ADCclkPrescaler                  0x000006b7   Thumb Code    26  opora_rst_clk.o(.text)
    RST_CLK_ADCclkEnable                     0x000006d1   Thumb Code    36  opora_rst_clk.o(.text)
    RST_CLK_HSIclkPrescaler                  0x000006f5   Thumb Code    24  opora_rst_clk.o(.text)
    RST_CLK_RTC_HSIclkEnable                 0x0000070d   Thumb Code    14  opora_rst_clk.o(.text)
    RST_CLK_HSEclkPrescaler                  0x0000071b   Thumb Code    22  opora_rst_clk.o(.text)
    RST_CLK_RTC_HSEclkEnable                 0x00000731   Thumb Code    14  opora_rst_clk.o(.text)
    RST_CLK_GetClocksFreq                    0x0000073f   Thumb Code   448  opora_rst_clk.o(.text)
    USB_BRGInit                              0x00000911   Thumb Code    54  1986be9x_usb.o(.text)
    USB_SetHSCR                              0x00000947   Thumb Code    26  1986be9x_usb.o(.text)
    USB_Reset                                0x00000961   Thumb Code    32  1986be9x_usb.o(.text)
    USB_GetHSCR                              0x00000981   Thumb Code     6  1986be9x_usb.o(.text)
    USB_GetHSVR                              0x00000987   Thumb Code    26  1986be9x_usb.o(.text)
    USB_GetHTXC                              0x000009a1   Thumb Code     6  1986be9x_usb.o(.text)
    USB_SetHTXC                              0x000009a7   Thumb Code    26  1986be9x_usb.o(.text)
    USB_GetHTXT                              0x000009c1   Thumb Code     6  1986be9x_usb.o(.text)
    USB_SetHTXT                              0x000009c7   Thumb Code     6  1986be9x_usb.o(.text)
    USB_GetHTXLC                             0x000009cd   Thumb Code     6  1986be9x_usb.o(.text)
    USB_SetHTXLC                             0x000009d3   Thumb Code    26  1986be9x_usb.o(.text)
    USB_GetHTXSE                             0x000009ed   Thumb Code     6  1986be9x_usb.o(.text)
    USB_SetHTXSE                             0x000009f3   Thumb Code    26  1986be9x_usb.o(.text)
    USB_GetHTXA                              0x00000a0d   Thumb Code     6  1986be9x_usb.o(.text)
    USB_SetHTXA                              0x00000a13   Thumb Code     6  1986be9x_usb.o(.text)
    USB_GetHTXE                              0x00000a19   Thumb Code     6  1986be9x_usb.o(.text)
    USB_SetHTXE                              0x00000a1f   Thumb Code     6  1986be9x_usb.o(.text)
    USB_GetHFN                               0x00000a25   Thumb Code     6  1986be9x_usb.o(.text)
    USB_GetHIS                               0x00000a2b   Thumb Code     6  1986be9x_usb.o(.text)
    USB_SetHIS                               0x00000a31   Thumb Code    26  1986be9x_usb.o(.text)
    USB_GetHIM                               0x00000a4b   Thumb Code     6  1986be9x_usb.o(.text)
    USB_SetHIM                               0x00000a51   Thumb Code    26  1986be9x_usb.o(.text)
    USB_GetHRXS                              0x00000a6b   Thumb Code     6  1986be9x_usb.o(.text)
    USB_GetHRXP                              0x00000a71   Thumb Code     6  1986be9x_usb.o(.text)
    USB_GetHRXA                              0x00000a77   Thumb Code     6  1986be9x_usb.o(.text)
    USB_GetHRXE                              0x00000a7d   Thumb Code     6  1986be9x_usb.o(.text)
    USB_GetHRXCS                             0x00000a83   Thumb Code     6  1986be9x_usb.o(.text)
    USB_GetHSTM                              0x00000a89   Thumb Code     6  1986be9x_usb.o(.text)
    USB_GetHRXFD                             0x00000a8f   Thumb Code     8  1986be9x_usb.o(.text)
    USB_GetHRXFDC                            0x00000a97   Thumb Code     8  1986be9x_usb.o(.text)
    USB_GetHRXFC                             0x00000a9f   Thumb Code     8  1986be9x_usb.o(.text)
    USB_SetHRXFC                             0x00000aa7   Thumb Code     8  1986be9x_usb.o(.text)
    USB_GetHTXFD                             0x00000aaf   Thumb Code     8  1986be9x_usb.o(.text)
    USB_SetHTXFD                             0x00000ab7   Thumb Code     8  1986be9x_usb.o(.text)
    USB_GetHTXFC                             0x00000abf   Thumb Code     8  1986be9x_usb.o(.text)
    USB_SetHTXFC                             0x00000ac7   Thumb Code     8  1986be9x_usb.o(.text)
    USB_GetSEPxCTRL                          0x00000acf   Thumb Code    10  1986be9x_usb.o(.text)
    USB_SetSEPxCTRL                          0x00000ad9   Thumb Code    34  1986be9x_usb.o(.text)
    USB_GetSEPxSTS                           0x00000afb   Thumb Code    12  1986be9x_usb.o(.text)
    USB_GetSEPxTS                            0x00000b07   Thumb Code    12  1986be9x_usb.o(.text)
    USB_GetSEPxNTS                           0x00000b13   Thumb Code    12  1986be9x_usb.o(.text)
    USB_GetSC                                0x00000b1f   Thumb Code     8  1986be9x_usb.o(.text)
    USB_SetSC                                0x00000b27   Thumb Code    30  1986be9x_usb.o(.text)
    USB_GetSLS                               0x00000b45   Thumb Code     8  1986be9x_usb.o(.text)
    USB_GetSIS                               0x00000b4d   Thumb Code     8  1986be9x_usb.o(.text)
    USB_SetSIS                               0x00000b55   Thumb Code     8  1986be9x_usb.o(.text)
    USB_GetSIM                               0x00000b5d   Thumb Code     8  1986be9x_usb.o(.text)
    USB_SetSIM                               0x00000b65   Thumb Code    30  1986be9x_usb.o(.text)
    USB_GetSA                                0x00000b83   Thumb Code     8  1986be9x_usb.o(.text)
    USB_SetSA                                0x00000b8b   Thumb Code     8  1986be9x_usb.o(.text)
    USB_GetSFN                               0x00000b93   Thumb Code     8  1986be9x_usb.o(.text)
    USB_GetSEPxRXFD                          0x00000b9b   Thumb Code    12  1986be9x_usb.o(.text)
    USB_GetSEPxRXFDC                         0x00000ba7   Thumb Code    14  1986be9x_usb.o(.text)
    USB_GetSEPxRXFC                          0x00000bb5   Thumb Code    14  1986be9x_usb.o(.text)
    USB_SetSEPxRXFC                          0x00000bc3   Thumb Code    12  1986be9x_usb.o(.text)
    USB_GetSEPxTXFD                          0x00000bcf   Thumb Code    14  1986be9x_usb.o(.text)
    USB_SetSEPxTXFD                          0x00000bdd   Thumb Code    12  1986be9x_usb.o(.text)
    USB_GetSEPxTXFDC                         0x00000be9   Thumb Code    14  1986be9x_usb.o(.text)
    USB_SetSEPxTXFDC                         0x00000bf7   Thumb Code    12  1986be9x_usb.o(.text)
    USB_SEPxToggleEPDATASEQ                  0x00000c03   Thumb Code    18  1986be9x_usb.o(.text)
    USB_EP_Init                              0x00000c25   Thumb Code    56  1986be9x_usb_device.o(.text)
    USB_EP_Reset                             0x00000c5d   Thumb Code    30  1986be9x_usb_device.o(.text)
    USB_EP_Idle                              0x00000ca3   Thumb Code    58  1986be9x_usb_device.o(.text)
    USB_EP_Stall                             0x00000cdd   Thumb Code    58  1986be9x_usb_device.o(.text)
    USB_EP_doDataIn                          0x00000d89   Thumb Code    68  1986be9x_usb_device.o(.text)
    USB_EP_doDataOut                         0x00000dcd   Thumb Code    48  1986be9x_usb_device.o(.text)
    USB_EP_setSetupHandler                   0x00000dfd   Thumb Code    50  1986be9x_usb_device.o(.text)
    USB_EP_dispatchEvent                     0x00000e2f   Thumb Code   636  1986be9x_usb_device.o(.text)
    USB_DeviceSetFeature                     0x000010d1   Thumb Code    30  1986be9x_usb_device.o(.text)
    USB_DeviceClearFeature                   0x000010ef   Thumb Code    28  1986be9x_usb_device.o(.text)
    USB_DeviceSetupPacket                    0x0000110b   Thumb Code   598  1986be9x_usb_device.o(.text)
    USB_DeviceInit                           0x00001361   Thumb Code    76  1986be9x_usb_device.o(.text)
    USB_DevicePowerOn                        0x000013ad   Thumb Code    18  1986be9x_usb_device.o(.text)
    USB_DevicePowerOff                       0x000013bf   Thumb Code    18  1986be9x_usb_device.o(.text)
    USB_DeviceReset                          0x000013d1   Thumb Code    16  1986be9x_usb_device.o(.text)
    USB_DeviceSuspend                        0x000013e1   Thumb Code     4  1986be9x_usb_device.o(.text)
    USB_DeviceResume                         0x000013e5   Thumb Code     4  1986be9x_usb_device.o(.text)
    USB_DeviceDoStatusInAck                  0x000013e9   Thumb Code     6  1986be9x_usb_device.o(.text)
    USB_DeviceDoStatusOutAck                 0x000013ef   Thumb Code    22  1986be9x_usb_device.o(.text)
    USB_DeviceDispatchEvent                  0x00001405   Thumb Code   116  1986be9x_usb_device.o(.text)
    USB_IRQHandler                           0x00001479   Thumb Code     8  1986be9x_usb_device.o(.text)
    USB_DeviceDummyGetStatus                 0x00001481   Thumb Code     6  1986be9x_usb_device.o(.text)
    USB_DeviceDummySetAddress                0x00001487   Thumb Code     6  1986be9x_usb_device.o(.text)
    USB_DeviceDummyGetDescriptor             0x0000148d   Thumb Code    44  1986be9x_usb_device.o(.text)
    USB_DeviceDummySetDescriptor             0x000014b9   Thumb Code     6  1986be9x_usb_device.o(.text)
    USB_DeviceDummyGetConfiguration          0x000014bf   Thumb Code     4  1986be9x_usb_device.o(.text)
    USB_DeviceDummySetConfiguration          0x000014c3   Thumb Code     6  1986be9x_usb_device.o(.text)
    USB_DeviceDummyGetInterface              0x000014c9   Thumb Code     6  1986be9x_usb_device.o(.text)
    USB_DeviceDummySetInterface              0x000014cf   Thumb Code     6  1986be9x_usb_device.o(.text)
    USB_DeviceDummySyncFrame                 0x000014d5   Thumb Code     6  1986be9x_usb_device.o(.text)
    USB_DeviceDummyClassRequest              0x000014db   Thumb Code     4  1986be9x_usb_device.o(.text)
    USB_DeviceDummyVendorRequest             0x000014df   Thumb Code     4  1986be9x_usb_device.o(.text)
    USB_DeviceDummyDataError                 0x000014e3   Thumb Code     8  1986be9x_usb_device.o(.text)
    USB_CDC_SetReceiveBuffer                 0x000014ed   Thumb Code    12  1986be9x_usb_cdc.o(.text)
    USB_CDC_Init                             0x000014f9   Thumb Code    40  1986be9x_usb_cdc.o(.text)
    USB_CDC_ReceiveStart                     0x0000155b   Thumb Code    24  1986be9x_usb_cdc.o(.text)
    USB_CDC_ReceiveStop                      0x00001573   Thumb Code    20  1986be9x_usb_cdc.o(.text)
    USB_CDC_SendData                         0x00001593   Thumb Code    40  1986be9x_usb_cdc.o(.text)
    USB_CDC_Reset                            0x000015bb   Thumb Code    70  1986be9x_usb_cdc.o(.text)
    USB_CDC_GetDescriptor                    0x00001601   Thumb Code    84  1986be9x_usb_cdc.o(.text)
    USB_CDC_ClassRequest                     0x00001691   Thumb Code   142  1986be9x_usb_cdc.o(.text)
    USB_CDC_DummyDataReceive                 0x0000171f   Thumb Code     6  1986be9x_usb_cdc.o(.text)
    USB_CDC_DummyDataSent                    0x00001725   Thumb Code     4  1986be9x_usb_cdc.o(.text)
    USB_CDC_DummyGetLineCoding               0x00001729   Thumb Code     6  1986be9x_usb_cdc.o(.text)
    USB_CDC_DummySetLineCoding               0x0000172f   Thumb Code     6  1986be9x_usb_cdc.o(.text)
    __aeabi_uidiv                            0x00001759   Thumb Code     0  aeabi_sdiv.o(.text)
    __aeabi_uidivmod                         0x00001759   Thumb Code    20  aeabi_sdiv.o(.text)
    __aeabi_idiv                             0x0000176d   Thumb Code     0  aeabi_sdiv.o(.text)
    __aeabi_idivmod                          0x0000176d   Thumb Code   326  aeabi_sdiv.o(.text)
    __use_two_region_memory                  0x000018b3   Thumb Code     2  heapauxi.o(.text)
    __rt_heap_escrow$2region                 0x000018b5   Thumb Code     2  heapauxi.o(.text)
    __rt_heap_expand$2region                 0x000018b7   Thumb Code     2  heapauxi.o(.text)
    __user_setup_stackheap                   0x000018b9   Thumb Code    62  sys_stackheap_outer.o(.text)
    exit                                     0x000018f7   Thumb Code    12  exit.o(.text)
    __user_libspace                          0x00001905   Thumb Code     8  libspace.o(.text)
    __user_perproc_libspace                  0x00001905   Thumb Code     0  libspace.o(.text)
    __user_perthread_libspace                0x00001905   Thumb Code     0  libspace.o(.text)
    _sys_exit                                0x0000190d   Thumb Code     8  sys_exit.o(.text)
    __I$use$semihosting                      0x00001919   Thumb Code     0  use_no_semi.o(.text)
    __use_no_semihosting_swi                 0x00001919   Thumb Code     2  use_no_semi.o(.text)
    __ARM_common_switch8                     0x0000191b   Thumb Code    28  1986be9x_usb_device.o(i.__ARM_common_switch8)
    Region$$Table$$Base                      0x00001938   Number         0  anon$$obj.o(Region$$Table)
    Region$$Table$$Limit                     0x00001958   Number         0  anon$$obj.o(Region$$Table)
    USB_Clock_InitStruct                     0x20000000   Data           8  main.o(.data)
    USB_CurrentSetupPacket                   0x20000014   Data           8  1986be9x_usb_device.o(.data)
    USB_DeviceContext                        0x2000001c   Data           8  1986be9x_usb_device.o(.data)
    USB_DeviceBUSParam                       0x20000088   Data          12  main.o(.bss)
    USB_EPContext                            0x200000f8   Data         176  1986be9x_usb_device.o(.bss)
    __libspace_start                         0x200001b4   Data          96  libspace.o(.bss)
    __temporary_stack_top$libspace           0x20000214   Data           0  libspace.o(.bss)



==============================================================================

Memory Map of the image

  Image Entry point : 0x000000c1

  Load Region LR_IROM1 (Base: 0x00000000, Size: 0x000019e0, Max: 0x00020000, ABSOLUTE)

    Execution Region ER_IROM1 (Base: 0x00000000, Size: 0x00001958, Max: 0x00020000, ABSOLUTE)

    Base Addr    Size         Type   Attr      Idx    E Section Name        Object

    0x00000000   0x000000c0   Data   RO          119    RESET               startup.o
    0x000000c0   0x00000008   Code   RO          204  * !!!main             c_p.l(__main.o)
    0x000000c8   0x0000003c   Code   RO          373    !!!scatter          c_p.l(__scatter.o)
    0x00000104   0x0000001a   Code   RO          375    !!handler_copy      c_p.l(__scatter_copy.o)
    0x0000011e   0x00000002   PAD
    0x00000120   0x0000001c   Code   RO          377    !!handler_zi        c_p.l(__scatter_zi.o)
    0x0000013c   0x00000006   Code   RO          247    .ARM.Collect$$libinit$$00000000  c_p.l(libinit.o)
    0x00000142   0x00000000   Code   RO          262    .ARM.Collect$$libinit$$00000006  c_p.l(libinit2.o)
    0x00000142   0x00000000   Code   RO          264    .ARM.Collect$$libinit$$00000008  c_p.l(libinit2.o)
    0x00000142   0x00000000   Code   RO          266    .ARM.Collect$$libinit$$0000000A  c_p.l(libinit2.o)
    0x00000142   0x00000000   Code   RO          269    .ARM.Collect$$libinit$$0000000D  c_p.l(libinit2.o)
    0x00000142   0x00000000   Code   RO          271    .ARM.Collect$$libinit$$0000000F  c_p.l(libinit2.o)
    0x00000142   0x00000000   Code   RO          273    .ARM.Collect$$libinit$$00000011  c_p.l(libinit2.o)
    0x00000142   0x00000000   Code   RO          275    .ARM.Collect$$libinit$$00000013  c_p.l(libinit2.o)
    0x00000142   0x00000000   Code   RO          277    .ARM.Collect$$libinit$$00000015  c_p.l(libinit2.o)
    0x00000142   0x00000000   Code   RO          279    .ARM.Collect$$libinit$$00000017  c_p.l(libinit2.o)
    0x00000142   0x00000000   Code   RO          281    .ARM.Collect$$libinit$$00000019  c_p.l(libinit2.o)
    0x00000142   0x00000000   Code   RO          283    .ARM.Collect$$libinit$$0000001B  c_p.l(libinit2.o)
    0x00000142   0x00000000   Code   RO          285    .ARM.Collect$$libinit$$0000001D  c_p.l(libinit2.o)
    0x00000142   0x00000000   Code   RO          287    .ARM.Collect$$libinit$$0000001F  c_p.l(libinit2.o)
    0x00000142   0x00000000   Code   RO          289    .ARM.Collect$$libinit$$00000021  c_p.l(libinit2.o)
    0x00000142   0x00000000   Code   RO          293    .ARM.Collect$$libinit$$00000028  c_p.l(libinit2.o)
    0x00000142   0x00000000   Code   RO          295    .ARM.Collect$$libinit$$0000002A  c_p.l(libinit2.o)
    0x00000142   0x00000000   Code   RO          297    .ARM.Collect$$libinit$$0000002C  c_p.l(libinit2.o)
    0x00000142   0x00000000   Code   RO          299    .ARM.Collect$$libinit$$0000002E  c_p.l(libinit2.o)
    0x00000142   0x00000002   Code   RO          300    .ARM.Collect$$libinit$$0000002F  c_p.l(libinit2.o)
    0x00000144   0x00000002   Code   RO          331    .ARM.Collect$$libshutdown$$00000000  c_p.l(libshutdown.o)
    0x00000146   0x00000000   Code   RO          358    .ARM.Collect$$libshutdown$$00000003  c_p.l(libshutdown2.o)
    0x00000146   0x00000000   Code   RO          361    .ARM.Collect$$libshutdown$$00000006  c_p.l(libshutdown2.o)
    0x00000146   0x00000000   Code   RO          364    .ARM.Collect$$libshutdown$$00000009  c_p.l(libshutdown2.o)
    0x00000146   0x00000000   Code   RO          366    .ARM.Collect$$libshutdown$$0000000B  c_p.l(libshutdown2.o)
    0x00000146   0x00000000   Code   RO          369    .ARM.Collect$$libshutdown$$0000000E  c_p.l(libshutdown2.o)
    0x00000146   0x00000002   Code   RO          370    .ARM.Collect$$libshutdown$$0000000F  c_p.l(libshutdown2.o)
    0x00000148   0x00000000   Code   RO          206    .ARM.Collect$$rtentry$$00000000  c_p.l(rtentry.o)
    0x00000148   0x00000000   Code   RO          213    .ARM.Collect$$rtentry$$00000002  c_p.l(rtentry2.o)
    0x00000148   0x00000006   Code   RO          228    .ARM.Collect$$rtentry$$00000004  c_p.l(rtentry4.o)
    0x0000014e   0x00000000   Code   RO          215    .ARM.Collect$$rtentry$$00000009  c_p.l(rtentry2.o)
    0x0000014e   0x00000004   Code   RO          216    .ARM.Collect$$rtentry$$0000000A  c_p.l(rtentry2.o)
    0x00000152   0x00000000   Code   RO          218    .ARM.Collect$$rtentry$$0000000C  c_p.l(rtentry2.o)
    0x00000152   0x00000008   Code   RO          219    .ARM.Collect$$rtentry$$0000000D  c_p.l(rtentry2.o)
    0x0000015a   0x00000002   Code   RO          252    .ARM.Collect$$rtexit$$00000000  c_p.l(rtexit.o)
    0x0000015c   0x00000000   Code   RO          306    .ARM.Collect$$rtexit$$00000002  c_p.l(rtexit2.o)
    0x0000015c   0x00000004   Code   RO          307    .ARM.Collect$$rtexit$$00000003  c_p.l(rtexit2.o)
    0x00000160   0x00000006   Code   RO          308    .ARM.Collect$$rtexit$$00000004  c_p.l(rtexit2.o)
    0x00000166   0x00000002   PAD
    0x00000168   0x00000128   Code   RO            1    .text               main.o
    0x00000290   0x00000068   Code   RO          120    .text               startup.o
    0x000002f8   0x00000618   Code   RO          125    .text               opora_rst_clk.o
    0x00000910   0x00000314   Code   RO          141    .text               1986be9x_usb.o
    0x00000c24   0x000008c6   Code   RO          153    .text               1986be9x_usb_device.o
    0x000014ea   0x00000002   PAD
    0x000014ec   0x0000026c   Code   RO          181    .text               1986be9x_usb_cdc.o
    0x00001758   0x0000015a   Code   RO          198    .text               c_p.l(aeabi_sdiv.o)
    0x000018b2   0x00000006   Code   RO          202    .text               c_p.l(heapauxi.o)
    0x000018b8   0x0000003e   Code   RO          232    .text               c_p.l(sys_stackheap_outer.o)
    0x000018f6   0x0000000c   Code   RO          235    .text               c_p.l(exit.o)
    0x00001902   0x00000002   PAD
    0x00001904   0x00000008   Code   RO          248    .text               c_p.l(libspace.o)
    0x0000190c   0x0000000c   Code   RO          303    .text               c_p.l(sys_exit.o)
    0x00001918   0x00000002   Code   RO          321    .text               c_p.l(use_no_semi.o)
    0x0000191a   0x0000001c   Code   RO          166    i.__ARM_common_switch8  1986be9x_usb_device.o
    0x00001936   0x00000002   PAD
    0x00001938   0x00000020   Data   RO          371    Region$$Table       anon$$obj.o


    Execution Region RW_IRAM1 (Base: 0x20000000, Size: 0x00000618, Max: 0x00008000, ABSOLUTE)

    Base Addr    Size         Type   Attr      Idx    E Section Name        Object

    0x20000000   0x00000010   Data   RW            3    .data               main.o
    0x20000010   0x00000016   Data   RW          155    .data               1986be9x_usb_device.o
    0x20000026   0x00000002   PAD
    0x20000028   0x00000060   Data   RW          183    .data               1986be9x_usb_cdc.o
    0x20000088   0x00000070   Zero   RW            2    .bss                main.o
    0x200000f8   0x000000b0   Zero   RW          154    .bss                1986be9x_usb_device.o
    0x200001a8   0x0000000c   Zero   RW          182    .bss                1986be9x_usb_cdc.o
    0x200001b4   0x00000060   Zero   RW          249    .bss                c_p.l(libspace.o)
    0x20000214   0x00000004   PAD
    0x20000218   0x00000000   Zero   RW          118    HEAP                startup.o
    0x20000218   0x00000400   Zero   RW          117    STACK               startup.o


==============================================================================

Image component sizes


      Code (inc. data)   RO Data    RW Data    ZI Data      Debug   Object Name

       788         16          0          0          0       9966   1986be9x_usb.o
       620         36          0         96         12       5276   1986be9x_usb_cdc.o
      2274         72          0         22        176      30458   1986be9x_usb_device.o
       296         30          0         16        112      55815   main.o
      1560         38          0          0          0       9968   opora_rst_clk.o
       104         20        192          0       1024       1904   startup.o

    ----------------------------------------------------------------------
      5646        212        224        136       1324     113387   Object Totals
         0          0         32          0          0          0   (incl. Generated)
         4          0          0          2          0          1   (incl. Padding)

    ----------------------------------------------------------------------

      Code (inc. data)   RO Data    RW Data    ZI Data      Debug   Library Member Name

         8          0          0          0          0         68   __main.o
        60          8          0          0          0          0   __scatter.o
        26          0          0          0          0          0   __scatter_copy.o
        28          0          0          0          0          0   __scatter_zi.o
       346          0          0          0          0         92   aeabi_sdiv.o
        12          0          0          0          0         60   exit.o
         6          0          0          0          0        136   heapauxi.o
         6          0          0          0          0          0   libinit.o
         2          0          0          0          0          0   libinit2.o
         2          0          0          0          0          0   libshutdown.o
         2          0          0          0          0          0   libshutdown2.o
         8          4          0          0         96         68   libspace.o
         0          0          0          0          0          0   rtentry.o
        12          0          0          0          0          0   rtentry2.o
         6          0          0          0          0          0   rtentry4.o
         2          0          0          0          0          0   rtexit.o
        10          0          0          0          0          0   rtexit2.o
        12          4          0          0          0         60   sys_exit.o
        62          0          0          0          0         80   sys_stackheap_outer.o
         2          0          0          0          0         68   use_no_semi.o

    ----------------------------------------------------------------------
       618         16          0          0        100        632   Library Totals
         6          0          0          0          4          0   (incl. Padding)

    ----------------------------------------------------------------------

      Code (inc. data)   RO Data    RW Data    ZI Data      Debug   Library Name

       612         16          0          0         96        632   c_p.l

    ----------------------------------------------------------------------
       618         16          0          0        100        632   Library Totals

    ----------------------------------------------------------------------

==============================================================================


      Code (inc. data)   RO Data    RW Data    ZI Data      Debug   

      6264        228        224        136       1424     113144   Grand Totals
      6264        228        224        136       1424     113144   ELF Image Totals
      6264        228        224        136          0          0   ROM Totals

==============================================================================

    Total RO  Size (Code + RO Data)                 6488 (   6.34kB)
    Total RW  Size (RW Data + ZI Data)              1560 (   1.52kB)
    Total ROM Size (Code + RO Data + RW Data)       6624 (   6.47kB)

==============================================================================

