<html>
<body>
<pre>
<h1>µVision Build Log</h1>
<h2>Tool Versions:</h2>
IDE-Version: µVision V5.28.0.0
Copyright (C) 2019 ARM Ltd and ARM Germany GmbH. All rights reserved.
License Information: 1 1, 1, LIC=----
 
Tool Versions:
Toolchain:       MDK-Lite  Version: 5.28.0.0
Toolchain Path:  C:\Keil_v5\ARM\ARMCC\Bin
C Compiler:      Armcc.exe V5.06 update 6 (build 750)
Assembler:       Armasm.exe V5.06 update 6 (build 750)
Linker/Locator:  ArmLink.exe V5.06 update 6 (build 750)
Library Manager: ArmAr.exe V5.06 update 6 (build 750)
Hex Converter:   FromElf.exe V5.06 update 6 (build 750)
CPU DLL:         SARMCM3.DLL V5.28.0.0
Dialog DLL:      DCM.DLL V1.17.3.0
Target DLL:      Segger\JL2CM3.dll V2.99.36.0
Dialog DLL:      TCM.DLL V1.36.2.0
 
<h2>Project:</h2>
C:\Users\Yurez\Desktop\MPS2019\Äëÿ çàïèñè íà äèñê\slave v2\slave.uvprojx
Project File Date:  12/01/2019

<h2>Output:</h2>
*** Using Compiler 'V5.06 update 6 (build 750)', folder: 'C:\Keil_v5\ARM\ARMCC\Bin'
Rebuild target 'Target 1'
assembling startup_MDR32F9Qx.s...
compiling mlt_lcd.c...
compiling CAN_main.c...
CAN_main.c(55): warning:  #177-D: variable "i"  was declared but never referenced
    uint32_t i = 0;
CAN_main.c: 1 warning, 0 errors
compiling SSP_main.c...
compiling UART_main.c...
compiling 1986be9x_it.c...
1986be9x_it.c(127): warning:  #144-D: a value of type "uint8_t *" cannot be used to initialize an entity of type "int"
  	int value = RecievedData;
1986be9x_it.c(130): warning:  #120-D: return value type does not match the function type
  	return info_string;
1986be9x_it.c(465): warning:  #167-D: argument of type "uint8_t" is incompatible with parameter of type "uint8_t *"
  				LcdPutString (InfoString(USBInfo), 5);
1986be9x_it.c(465): warning:  #167-D: argument of type "uint8_t *" is incompatible with parameter of type "uint8_t **"
  				LcdPutString (InfoString(USBInfo), 5);
1986be9x_it.c(480): warning:  #167-D: argument of type "uint8_t" is incompatible with parameter of type "uint8_t *"
  				LcdPutString (InfoString(USBInfo), 5);
1986be9x_it.c(480): warning:  #167-D: argument of type "uint8_t *" is incompatible with parameter of type "uint8_t **"
  				LcdPutString (InfoString(USBInfo), 5);
1986be9x_it.c(487): warning:  #167-D: argument of type "uint8_t" is incompatible with parameter of type "uint8_t *"
  			LcdPutString (InfoString(USBInfo), 5);
1986be9x_it.c(487): warning:  #167-D: argument of type "uint8_t *" is incompatible with parameter of type "uint8_t **"
  			LcdPutString (InfoString(USBInfo), 5);
compiling main.c...
main.c(192): warning:  #223-D: function "CAN_ports_ini" declared implicitly
  	CAN_ports_ini();
main.c(193): warning:  #223-D: function "CAN_Setup" declared implicitly
  	CAN_Setup();
main.c(209): warning:  #223-D: function "Uart2PinCfg" declared implicitly
  	Uart2PinCfg();
main.c(210): warning:  #223-D: function "Uart2Setup" declared implicitly
  	Uart2Setup();
main.c(207): warning:  #550-D: variable "DataByte"  was set but never used
  uint8_t DataByte;
main.c(237): warning:  #223-D: function "PortsSSP2Init" declared implicitly
  	PortsSSP2Init();
main.c(238): warning:  #223-D: function "SSP2StructInit" declared implicitly
  	SSP2StructInit();
main.c(262): warning:  #120-D: return value type does not match the function type
  	return 0;
main.c(280): warning:  #120-D: return value type does not match the function type
  exit: return 0;
main.c(289): warning:  #223-D: function "PortsSSP2Init" declared implicitly
  		PortsSSP2Init();
main.c(290): warning:  #223-D: function "SSP2StructInit" declared implicitly
  		SSP2StructInit();
main.c(315): warning:  #223-D: function "Uart2PinCfg" declared implicitly
  		Uart2PinCfg();
main.c(316): warning:  #223-D: function "Uart2Setup" declared implicitly
  		Uart2Setup();
main.c(338): warning:  #223-D: function "CAN_ports_ini" declared implicitly
  		CAN_ports_ini();
main.c(339): warning:  #223-D: function "CAN_Setup" declared implicitly
  		CAN_Setup();
main.c(300): warning:  #177-D: variable "SSPInfo"  was declared but never referenced
  		uint8_t SSPInfo = USBInfo;
main.c(351): warning:  #120-D: return value type does not match the function type
  	return 0;
main.c(62): warning:  #177-D: variable "UART_InitStructure"  was declared but never referenced
  static UART_InitTypeDef UART_InitStructure;
main.c: 18 warnings, 0 errors
compiling system_MDR32F9Qx.c...
compiling MDR32F9Qx_can.c...
compiling MDR32F9Qx_port.c...
compiling MDR32F9Qx_ssp.c...
compiling MDR32F9Qx_rst_clk.c...
compiling MDR32F9Qx_timer.c...
compiling MDR32F9Qx_uart.c...
linking...
Program Size: Code=8412 RO-data=224 RW-data=4460 ZI-data=1716  
FromELF: creating hex file...
".\Objects\slave.axf" - 0 Error(s), 27 Warning(s).

<h2>Software Packages used:</h2>

Package Vendor: Keil
                http://www.keil.com/pack/Keil.MDR1986BExx.1.5.3.pack
                Keil.MDR1986BExx.1.5.3
                Milandr MDR1986BExx Series Device Support, Drivers and Examples
   * Component: Startup Version: 1.5
   * Component: CAN Version: 1.5
   * Component: PORT Version: 1.5
   * Component: RST_CLK Version: 1.5
   * Component: SSP Version: 1.5
   * Component: TIMER Version: 1.5
   * Component: UART Version: 1.5

<h2>Collection of Component include folders:</h2>
  .\RTE\Device\MDR1986BE92
  .\RTE\_Target_1
  C:\Users\Yurez\AppData\Local\Arm\Packs\Keil\MDR1986BExx\1.5.3\Libraries\CMSIS\CM3\CoreSupport
  C:\Users\Yurez\AppData\Local\Arm\Packs\Keil\MDR1986BExx\1.5.3\Libraries\CMSIS\CM3\DeviceSupport\MDR32F9Qx\inc
  C:\Users\Yurez\AppData\Local\Arm\Packs\Keil\MDR1986BExx\1.5.3\Libraries\MDR32F9Qx_StdPeriph_Driver\inc

<h2>Collection of Component Files used:</h2>

   * Component: Keil::Device:Startup:1.5
      Source file:   Libraries\CMSIS\CM3\DeviceSupport\MDR32F9Qx\startup\arm\startup_MDR32F9Qx.s
      Include file:  Libraries\CMSIS\CM3\DeviceSupport\MDR32F9Qx\startup\arm\system_MDR32F9Qx.h
      Include file:  Config\MDR32F9Qx_config.h
      Source file:   Libraries\CMSIS\CM3\DeviceSupport\MDR32F9Qx\startup\arm\system_MDR32F9Qx.c
      Include file:  Libraries\CMSIS\CM3\CoreSupport\core_cm3.h

   * Component: Keil::Drivers:CAN:1.5
      Source file:   Libraries\MDR32F9Qx_StdPeriph_Driver\src\MDR32F9Qx_can.c
      Include file:  Libraries\MDR32F9Qx_StdPeriph_Driver\inc\MDR32F9Qx_can.h

   * Component: Keil::Drivers:PORT:1.5
      Source file:   Libraries\MDR32F9Qx_StdPeriph_Driver\src\MDR32F9Qx_port.c
      Include file:  Libraries\MDR32F9Qx_StdPeriph_Driver\inc\MDR32F9Qx_port.h

   * Component: Keil::Drivers:RST_CLK:1.5
      Include file:  Libraries\MDR32F9Qx_StdPeriph_Driver\inc\MDR32F9Qx_rst_clk.h
      Source file:   Libraries\MDR32F9Qx_StdPeriph_Driver\src\MDR32F9Qx_rst_clk.c

   * Component: Keil::Drivers:SSP:1.5
      Include file:  Libraries\MDR32F9Qx_StdPeriph_Driver\inc\MDR32F9Qx_ssp.h
      Source file:   Libraries\MDR32F9Qx_StdPeriph_Driver\src\MDR32F9Qx_ssp.c

   * Component: Keil::Drivers:TIMER:1.5
      Source file:   Libraries\MDR32F9Qx_StdPeriph_Driver\src\MDR32F9Qx_timer.c
      Include file:  Libraries\MDR32F9Qx_StdPeriph_Driver\inc\MDR32F9Qx_timer.h

   * Component: Keil::Drivers:UART:1.5
      Include file:  Libraries\MDR32F9Qx_StdPeriph_Driver\inc\MDR32F9Qx_uart.h
      Source file:   Libraries\MDR32F9Qx_StdPeriph_Driver\src\MDR32F9Qx_uart.c
Build Time Elapsed:  00:00:02
</pre>
</body>
</html>
