<html>
<body>
<pre>
<h1>µVision Build Log</h1>
<h2>Project:</h2>
D:\KeilProjects\OPORA_1986VE1\USB_Phyton_virtual_comm_echo\usb.uvproj
Project File Date:  01/26/2012

<h2>Output:</h2>
Build target 'Target 1'
creating preprocessor file for main.c...
main.c: Error:  #5: cannot open source input file "main.c": No such file or directory
compiling main.c...
main.c: Error:  #5: cannot open source input file "main.c": No such file or directory
Target not created
Build target 'Target 1'
creating preprocessor file for 1986be9x_usb.c...
compiling 1986be9x_usb.c...
creating preprocessor file for 1986BE9x_usb_CDC.c...
compiling 1986BE9x_usb_CDC.c...
src\1986BE9x_usb_CDC.c(501): warning:  #177-D: variable "wValue" was declared but never referenced
creating preprocessor file for 1986BE9x_usb_device.c...
compiling 1986BE9x_usb_device.c...
creating preprocessor file for main.c...
compiling main.c...
src\main.c(177): warning:  #550-D: variable "result" was set but never used
creating preprocessor file for opora_rst_clk.c...
compiling opora_rst_clk.c...
assembling Startup.s...
linking...
Program Size: Code=6252 RO-data=224 RW-data=136 ZI-data=1424  
FromELF: creating hex file...
".\obj\usb.axf" - 0 Error(s), 2 Warning(s).
Build target 'Target 1'
creating preprocessor file for main.c...
compiling main.c...
src\main.c(177): warning:  #550-D: variable "result" was set but never used
assembling Startup.s...
creating preprocessor file for opora_rst_clk.c...
compiling opora_rst_clk.c...
creating preprocessor file for 1986be9x_usb.c...
compiling 1986be9x_usb.c...
creating preprocessor file for 1986BE9x_usb_device.c...
compiling 1986BE9x_usb_device.c...
creating preprocessor file for 1986BE9x_usb_CDC.c...
compiling 1986BE9x_usb_CDC.c...
src\1986BE9x_usb_CDC.c(501): warning:  #177-D: variable "wValue" was declared but never referenced
linking...
Program Size: Code=6252 RO-data=224 RW-data=136 ZI-data=1424  
FromELF: creating hex file...
".\obj\usb.axf" - 0 Error(s), 2 Warning(s).
Load "D:\\KeilProjects\\OPORA_1986VE1\\USB_Phyton_virtual_comm_echo\\obj\\usb.AXF" 
Build target 'Target 1'
creating preprocessor file for main.c...
compiling main.c...
src\main.c(177): warning:  #550-D: variable "result" was set but never used
assembling Startup.s...
creating preprocessor file for opora_rst_clk.c...
compiling opora_rst_clk.c...
creating preprocessor file for 1986be9x_usb.c...
compiling 1986be9x_usb.c...
creating preprocessor file for 1986BE9x_usb_device.c...
compiling 1986BE9x_usb_device.c...
creating preprocessor file for 1986BE9x_usb_CDC.c...
compiling 1986BE9x_usb_CDC.c...
src\1986BE9x_usb_CDC.c(501): warning:  #177-D: variable "wValue" was declared but never referenced
linking...
Program Size: Code=6252 RO-data=224 RW-data=136 ZI-data=1424  
FromELF: creating hex file...
".\obj\usb.axf" - 0 Error(s), 2 Warning(s).
Load "D:\\KeilProjects\\OPORA_1986VE1\\USB_Phyton_virtual_comm_echo\\obj\\usb.AXF" 
Set JLink Project File to "D:\KeilProjects\OPORA_1986VE1\USB_Phyton_virtual_comm_echo\JLinkSettings.ini"
 
JLink info:
------------
DLL: V4.20c, compiled Sep 24 2010 19:46:42
Firmware: J-Link ARM V7 compiled Sep  6 2010 10:43:31
Hardware: V7.00
S/N : 11111117 
Feature(s) : RDI, FlashBP, FlashDL, JFlash, GDBFull 
 
* JLink Info: TotalIRLen = 4, IRPrint = 0x01
* JLink Info: Found Cortex-M1 r0p0, Little endian.
* JLink Info:   FPUnit: 4 code (BP) slots and 0 literal slots
ROMTableAddr = 0xE00FF000
 
Target info:
------------
Device: Cortex-M1
VTarget = 3.274V
State of Pins: 
TCK: 1, TDI: 0, TDO: 1, TMS: 0, TRES: 1, TRST: 1
Hardware-Breakpoints: 4
Software-Breakpoints: 2048
Watchpoints:          2
JTAG speed: 2000 kHz
 
Full Chip Erase Done.
Programming Done.
