<!doctype html public "-//w3c//dtd html 4.0 transitional//en">
<html><head>
<title>Static Call Graph - [.\Debug\Exe\MDR32F9Qx_Demo.axf]</title></head>
<body><HR>
<H1>Static Call Graph for image .\Debug\Exe\MDR32F9Qx_Demo.axf</H1><HR>
<BR><P>#&#060CALLGRAPH&#062# ARM Linker, 5060750: Last Updated: Sun Sep 22 23:05:05 2019
<BR><P>
<H3>Maximum Stack Usage =        224 bytes + Unknown(Functions without stacksize, Cycles, Untraceable Function Pointers)</H3><H3>
Call chain for Maximum Stack Depth:</H3>
__rt_entry_main &rArr; main &rArr; Calendar_Init &rArr; DatePreAdjustFunc &rArr; Date_Regulate &rArr; ReadDigit &rArr; ShowSelDigit &rArr; LCD_PUTC &rArr; LCD_PUT_BYTE &rArr; WriteLCD_Data &rArr; LCDClock
<P>
<H3>
Functions with no stack information
</H3><UL>
 <LI><a href="#[10c]">__user_initial_stackheap</a>
</UL>
</UL>
<P>
<H3>
Mutually Recursive functions
</H3> <LI><a href="#[1a]">NMI_Handler</a>&nbsp;&nbsp;&nbsp;&rArr;&nbsp;&nbsp;&nbsp;<a href="#[1a]">NMI_Handler</a><BR>
 <LI><a href="#[1b]">HardFault_Handler</a>&nbsp;&nbsp;&nbsp;&rArr;&nbsp;&nbsp;&nbsp;<a href="#[1b]">HardFault_Handler</a><BR>
 <LI><a href="#[1c]">MemManage_Handler</a>&nbsp;&nbsp;&nbsp;&rArr;&nbsp;&nbsp;&nbsp;<a href="#[1c]">MemManage_Handler</a><BR>
 <LI><a href="#[1d]">BusFault_Handler</a>&nbsp;&nbsp;&nbsp;&rArr;&nbsp;&nbsp;&nbsp;<a href="#[1d]">BusFault_Handler</a><BR>
 <LI><a href="#[1e]">UsageFault_Handler</a>&nbsp;&nbsp;&nbsp;&rArr;&nbsp;&nbsp;&nbsp;<a href="#[1e]">UsageFault_Handler</a><BR>
 <LI><a href="#[1f]">SVC_Handler</a>&nbsp;&nbsp;&nbsp;&rArr;&nbsp;&nbsp;&nbsp;<a href="#[1f]">SVC_Handler</a><BR>
 <LI><a href="#[20]">DebugMon_Handler</a>&nbsp;&nbsp;&nbsp;&rArr;&nbsp;&nbsp;&nbsp;<a href="#[20]">DebugMon_Handler</a><BR>
 <LI><a href="#[21]">PendSV_Handler</a>&nbsp;&nbsp;&nbsp;&rArr;&nbsp;&nbsp;&nbsp;<a href="#[21]">PendSV_Handler</a><BR>
 <LI><a href="#[23]">CAN1_IRQHandler</a>&nbsp;&nbsp;&nbsp;&rArr;&nbsp;&nbsp;&nbsp;<a href="#[23]">CAN1_IRQHandler</a><BR>
</UL>
<P>
<H3>
Function Pointers
</H3><UL>
 <LI><a href="#[30]">ADC_IRQHandler</a> from mdr32f9qx_it.o(.text) referenced from startup_mdr32f9qx.o(RESET)
 <LI><a href="#[18]">AboutFunc</a> from menu_text.o(.text) referenced 2 times from menu.o(.data)
 <LI><a href="#[8]">AlarmAdjustFunc</a> from menu_time.o(.text) referenced 2 times from menu.o(.data)
 <LI><a href="#[9]">AlarmShowFunc</a> from menu_time.o(.text) referenced 2 times from menu.o(.data)
 <LI><a href="#[33]">BACKUP_IRQHandler</a> from mdr32f9qx_it.o(.text) referenced from startup_mdr32f9qx.o(RESET)
 <LI><a href="#[12]">BookFunc</a> from menu_text.o(.text) referenced 2 times from menu.o(.data)
 <LI><a href="#[1d]">BusFault_Handler</a> from startup_mdr32f9qx.o(.text) referenced from startup_mdr32f9qx.o(RESET)
 <LI><a href="#[23]">CAN1_IRQHandler</a> from startup_mdr32f9qx.o(.text) referenced from startup_mdr32f9qx.o(RESET)
 <LI><a href="#[24]">CAN2_IRQHandler</a> from startup_mdr32f9qx.o(.text) referenced from startup_mdr32f9qx.o(RESET)
 <LI><a href="#[31]">COMPARATOR_IRQHandler</a> from startup_mdr32f9qx.o(.text) referenced from startup_mdr32f9qx.o(RESET)
 <LI><a href="#[26]">DMA_IRQHandler</a> from startup_mdr32f9qx.o(.text) referenced from startup_mdr32f9qx.o(RESET)
 <LI><a href="#[6]">DateAdjustFunc</a> from menu_time.o(.text) referenced 2 times from menu.o(.data)
 <LI><a href="#[7]">DateShowFunc</a> from menu_time.o(.text) referenced 2 times from menu.o(.data)
 <LI><a href="#[20]">DebugMon_Handler</a> from startup_mdr32f9qx.o(.text) referenced from startup_mdr32f9qx.o(RESET)
 <LI><a href="#[34]">EXT_INT1_IRQHandler</a> from startup_mdr32f9qx.o(.text) referenced from startup_mdr32f9qx.o(RESET)
 <LI><a href="#[35]">EXT_INT2_IRQHandler</a> from startup_mdr32f9qx.o(.text) referenced from startup_mdr32f9qx.o(RESET)
 <LI><a href="#[36]">EXT_INT3_IRQHandler</a> from startup_mdr32f9qx.o(.text) referenced from startup_mdr32f9qx.o(RESET)
 <LI><a href="#[37]">EXT_INT4_IRQHandler</a> from startup_mdr32f9qx.o(.text) referenced from startup_mdr32f9qx.o(RESET)
 <LI><a href="#[13]">ElementsFunc</a> from menu_gl.o(.text) referenced 2 times from menu.o(.data)
 <LI><a href="#[10]">FontFunc</a> from menu_text.o(.text) referenced 2 times from menu.o(.data)
 <LI><a href="#[1b]">HardFault_Handler</a> from startup_mdr32f9qx.o(.text) referenced from startup_mdr32f9qx.o(RESET)
 <LI><a href="#[2a]">I2C_IRQHandler</a> from startup_mdr32f9qx.o(.text) referenced from startup_mdr32f9qx.o(RESET)
 <LI><a href="#[f]">IdleFunc</a> from menu.o(.text) referenced 30 times from menu.o(.data)
 <LI><a href="#[14]">IndicatorsFunc</a> from menu_gl.o(.text) referenced 2 times from menu.o(.data)
 <LI><a href="#[15]">LightsOnFunc</a> from menu_leds.o(.text) referenced 2 times from menu.o(.data)
 <LI><a href="#[1c]">MemManage_Handler</a> from startup_mdr32f9qx.o(.text) referenced from startup_mdr32f9qx.o(RESET)
 <LI><a href="#[1a]">NMI_Handler</a> from startup_mdr32f9qx.o(.text) referenced from startup_mdr32f9qx.o(RESET)
 <LI><a href="#[2b]">POWER_IRQHandler</a> from startup_mdr32f9qx.o(.text) referenced from startup_mdr32f9qx.o(RESET)
 <LI><a href="#[21]">PendSV_Handler</a> from startup_mdr32f9qx.o(.text) referenced from startup_mdr32f9qx.o(RESET)
 <LI><a href="#[3f]">ReceiverFunc</a> from menu_vcom.o(.text) referenced from menu_vcom.o(.text)
 <LI><a href="#[f1]">ReceiverFuncFIFODemo</a> from menu_uart.o(.text) referenced from menu_uart.o(.text)
 <LI><a href="#[19]">Reset_Handler</a> from startup_mdr32f9qx.o(.text) referenced from startup_mdr32f9qx.o(RESET)
 <LI><a href="#[5]">ReturnFunc</a> from menu.o(.text) referenced 30 times from menu.o(.data)
 <LI><a href="#[29]">SSP1_IRQHandler</a> from startup_mdr32f9qx.o(.text) referenced from startup_mdr32f9qx.o(RESET)
 <LI><a href="#[32]">SSP2_IRQHandler</a> from startup_mdr32f9qx.o(.text) referenced from startup_mdr32f9qx.o(RESET)
 <LI><a href="#[c]">STANDBYMode_RTCAlarm</a> from menu_lowpower.o(.text) referenced 2 times from menu.o(.data)
 <LI><a href="#[b]">STANDBYMode_WAKEUP</a> from menu_lowpower.o(.text) referenced 2 times from menu.o(.data)
 <LI><a href="#[a]">STOPMode_RTCAlarm</a> from menu_lowpower.o(.text) referenced 2 times from menu.o(.data)
 <LI><a href="#[1f]">SVC_Handler</a> from startup_mdr32f9qx.o(.text) referenced from startup_mdr32f9qx.o(RESET)
 <LI><a href="#[40]">SenderFunc</a> from menu_vcom.o(.text) referenced from menu_vcom.o(.text)
 <LI><a href="#[ee]">SenderFuncFIFODemo</a> from menu_uart.o(.text) referenced from menu_uart.o(.text)
 <LI><a href="#[11]">StyleFunc</a> from menu_text.o(.text) referenced 2 times from menu.o(.data)
 <LI><a href="#[22]">SysTick_Handler</a> from mdr32f9qx_it.o(.text) referenced from startup_mdr32f9qx.o(RESET)
 <LI><a href="#[3d]">SystemInit</a> from system_mdr32f9qx.o(.text) referenced from startup_mdr32f9qx.o(.text)
 <LI><a href="#[17]">TSENSORFunc</a> from menu_tsensor.o(.text) referenced 2 times from menu.o(.data)
 <LI><a href="#[3]">TimeAdjustFunc</a> from menu_time.o(.text) referenced 2 times from menu.o(.data)
 <LI><a href="#[4]">TimeShowFunc</a> from menu_time.o(.text) referenced 2 times from menu.o(.data)
 <LI><a href="#[2d]">Timer1_IRQHandler</a> from startup_mdr32f9qx.o(.text) referenced from startup_mdr32f9qx.o(RESET)
 <LI><a href="#[2e]">Timer2_IRQHandler</a> from startup_mdr32f9qx.o(.text) referenced from startup_mdr32f9qx.o(RESET)
 <LI><a href="#[2f]">Timer3_IRQHandler</a> from startup_mdr32f9qx.o(.text) referenced from startup_mdr32f9qx.o(RESET)
 <LI><a href="#[27]">UART1_IRQHandler</a> from mdr32f9qx_it.o(.text) referenced from startup_mdr32f9qx.o(RESET)
 <LI><a href="#[28]">UART2_IRQHandler</a> from mdr32f9qx_it.o(.text) referenced from startup_mdr32f9qx.o(RESET)
 <LI><a href="#[e]">UARTFunc</a> from menu_uart.o(.text) referenced 2 times from menu.o(.data)
 <LI><a href="#[d]">UARTwFIFOFunc</a> from menu_uart.o(.text) referenced 2 times from menu.o(.data)
 <LI><a href="#[3b]">USB_CDC_DoDataOut</a> from mdr32f9qx_usb_cdc.o(.text) referenced from mdr32f9qx_usb_cdc.o(.text)
 <LI><a href="#[38]">USB_CDC_OnDataReceive</a> from mdr32f9qx_usb_cdc.o(.text) referenced from mdr32f9qx_usb_cdc.o(.text)
 <LI><a href="#[39]">USB_CDC_OnDataSent</a> from mdr32f9qx_usb_cdc.o(.text) referenced from mdr32f9qx_usb_cdc.o(.text)
 <LI><a href="#[3a]">USB_DeviceDoStatusOutAck</a> from mdr32f9qx_usb_device.o(.text) referenced from mdr32f9qx_usb_cdc.o(.text)
 <LI><a href="#[88]">USB_DeviceSetupPacket</a> from mdr32f9qx_usb_device.o(.text) referenced from mdr32f9qx_usb_device.o(.text)
 <LI><a href="#[3c]">USB_Device_setAddressWork</a> from mdr32f9qx_usb_device.o(.text) referenced from mdr32f9qx_usb_device.o(.text)
 <LI><a href="#[25]">USB_IRQHandler</a> from mdr32f9qx_usb_device.o(.text) referenced from startup_mdr32f9qx.o(RESET)
 <LI><a href="#[1e]">UsageFault_Handler</a> from startup_mdr32f9qx.o(.text) referenced from startup_mdr32f9qx.o(RESET)
 <LI><a href="#[16]">VCOMFunc</a> from menu_vcom.o(.text) referenced 2 times from menu.o(.data)
 <LI><a href="#[2c]">WWDG_IRQHandler</a> from startup_mdr32f9qx.o(.text) referenced from startup_mdr32f9qx.o(RESET)
 <LI><a href="#[41]">__main</a> from __main.o(!!!main) referenced from startup_mdr32f9qx.o(.text)
</UL>
<P>
<H3>
Global Symbols
</H3>
<P><STRONG><a name="[41]"></a>__main</STRONG> (Thumb, 8 bytes, Stack size 0 bytes, __main.o(!!!main))
<BR><BR>[Calls]<UL><LI><a href="#[43]">&gt;&gt;</a>&nbsp;&nbsp;&nbsp;__rt_entry
<LI><a href="#[42]">&gt;&gt;</a>&nbsp;&nbsp;&nbsp;__scatterload
</UL>

<P><STRONG><a name="[42]"></a>__scatterload</STRONG> (Thumb, 0 bytes, Stack size unknown bytes, __scatter.o(!!!scatter))
<BR><BR>[Called By]<UL><LI><a href="#[41]">&gt;&gt;</a>&nbsp;&nbsp;&nbsp;__main
</UL>

<P><STRONG><a name="[44]"></a>__scatterload_rt2</STRONG> (Thumb, 44 bytes, Stack size unknown bytes, __scatter.o(!!!scatter), UNUSED)
<BR><BR>[Calls]<UL><LI><a href="#[43]">&gt;&gt;</a>&nbsp;&nbsp;&nbsp;__rt_entry
</UL>

<P><STRONG><a name="[10e]"></a>__scatterload_rt2_thumb_only</STRONG> (Thumb, 0 bytes, Stack size unknown bytes, __scatter.o(!!!scatter), UNUSED)

<P><STRONG><a name="[10f]"></a>__scatterload_null</STRONG> (Thumb, 0 bytes, Stack size unknown bytes, __scatter.o(!!!scatter), UNUSED)

<P><STRONG><a name="[110]"></a>__decompress</STRONG> (Thumb, 90 bytes, Stack size unknown bytes, __dczerorl2.o(!!dczerorl2), UNUSED)

<P><STRONG><a name="[111]"></a>__decompress1</STRONG> (Thumb, 0 bytes, Stack size unknown bytes, __dczerorl2.o(!!dczerorl2), UNUSED)

<P><STRONG><a name="[112]"></a>__scatterload_zeroinit</STRONG> (Thumb, 28 bytes, Stack size unknown bytes, __scatter_zi.o(!!handler_zi), UNUSED)

<P><STRONG><a name="[48]"></a>__rt_lib_init</STRONG> (Thumb, 0 bytes, Stack size unknown bytes, libinit.o(.ARM.Collect$$libinit$$00000000))
<BR><BR>[Called By]<UL><LI><a href="#[47]">&gt;&gt;</a>&nbsp;&nbsp;&nbsp;__rt_entry_li
</UL>

<P><STRONG><a name="[113]"></a>__rt_lib_init_alloca_1</STRONG> (Thumb, 0 bytes, Stack size unknown bytes, libinit2.o(.ARM.Collect$$libinit$$0000002E))

<P><STRONG><a name="[114]"></a>__rt_lib_init_argv_1</STRONG> (Thumb, 0 bytes, Stack size unknown bytes, libinit2.o(.ARM.Collect$$libinit$$0000002C))

<P><STRONG><a name="[115]"></a>__rt_lib_init_atexit_1</STRONG> (Thumb, 0 bytes, Stack size unknown bytes, libinit2.o(.ARM.Collect$$libinit$$0000001B))

<P><STRONG><a name="[116]"></a>__rt_lib_init_clock_1</STRONG> (Thumb, 0 bytes, Stack size unknown bytes, libinit2.o(.ARM.Collect$$libinit$$00000021))

<P><STRONG><a name="[117]"></a>__rt_lib_init_cpp_1</STRONG> (Thumb, 0 bytes, Stack size unknown bytes, libinit2.o(.ARM.Collect$$libinit$$00000032))

<P><STRONG><a name="[118]"></a>__rt_lib_init_exceptions_1</STRONG> (Thumb, 0 bytes, Stack size unknown bytes, libinit2.o(.ARM.Collect$$libinit$$00000030))

<P><STRONG><a name="[119]"></a>__rt_lib_init_fp_1</STRONG> (Thumb, 0 bytes, Stack size unknown bytes, libinit2.o(.ARM.Collect$$libinit$$00000002))

<P><STRONG><a name="[11a]"></a>__rt_lib_init_fp_trap_1</STRONG> (Thumb, 0 bytes, Stack size unknown bytes, libinit2.o(.ARM.Collect$$libinit$$0000001F))

<P><STRONG><a name="[11b]"></a>__rt_lib_init_getenv_1</STRONG> (Thumb, 0 bytes, Stack size unknown bytes, libinit2.o(.ARM.Collect$$libinit$$00000023))

<P><STRONG><a name="[11c]"></a>__rt_lib_init_heap_1</STRONG> (Thumb, 0 bytes, Stack size unknown bytes, libinit2.o(.ARM.Collect$$libinit$$0000000A))

<P><STRONG><a name="[11d]"></a>__rt_lib_init_lc_collate_1</STRONG> (Thumb, 0 bytes, Stack size unknown bytes, libinit2.o(.ARM.Collect$$libinit$$00000011))

<P><STRONG><a name="[11e]"></a>__rt_lib_init_lc_ctype_1</STRONG> (Thumb, 0 bytes, Stack size unknown bytes, libinit2.o(.ARM.Collect$$libinit$$00000013))

<P><STRONG><a name="[11f]"></a>__rt_lib_init_lc_monetary_1</STRONG> (Thumb, 0 bytes, Stack size unknown bytes, libinit2.o(.ARM.Collect$$libinit$$00000015))

<P><STRONG><a name="[120]"></a>__rt_lib_init_lc_numeric_1</STRONG> (Thumb, 0 bytes, Stack size unknown bytes, libinit2.o(.ARM.Collect$$libinit$$00000017))

<P><STRONG><a name="[121]"></a>__rt_lib_init_lc_time_1</STRONG> (Thumb, 0 bytes, Stack size unknown bytes, libinit2.o(.ARM.Collect$$libinit$$00000019))

<P><STRONG><a name="[122]"></a>__rt_lib_init_preinit_1</STRONG> (Thumb, 0 bytes, Stack size unknown bytes, libinit2.o(.ARM.Collect$$libinit$$00000004))

<P><STRONG><a name="[123]"></a>__rt_lib_init_rand_1</STRONG> (Thumb, 0 bytes, Stack size unknown bytes, libinit2.o(.ARM.Collect$$libinit$$0000000E))

<P><STRONG><a name="[124]"></a>__rt_lib_init_return</STRONG> (Thumb, 0 bytes, Stack size unknown bytes, libinit2.o(.ARM.Collect$$libinit$$00000033))

<P><STRONG><a name="[125]"></a>__rt_lib_init_signal_1</STRONG> (Thumb, 0 bytes, Stack size unknown bytes, libinit2.o(.ARM.Collect$$libinit$$0000001D))

<P><STRONG><a name="[126]"></a>__rt_lib_init_stdio_1</STRONG> (Thumb, 0 bytes, Stack size unknown bytes, libinit2.o(.ARM.Collect$$libinit$$00000025))

<P><STRONG><a name="[127]"></a>__rt_lib_init_user_alloc_1</STRONG> (Thumb, 0 bytes, Stack size unknown bytes, libinit2.o(.ARM.Collect$$libinit$$0000000C))

<P><STRONG><a name="[4d]"></a>__rt_lib_shutdown</STRONG> (Thumb, 0 bytes, Stack size unknown bytes, libshutdown.o(.ARM.Collect$$libshutdown$$00000000))
<BR><BR>[Called By]<UL><LI><a href="#[4c]">&gt;&gt;</a>&nbsp;&nbsp;&nbsp;__rt_exit_ls
</UL>

<P><STRONG><a name="[128]"></a>__rt_lib_shutdown_cpp_1</STRONG> (Thumb, 0 bytes, Stack size unknown bytes, libshutdown2.o(.ARM.Collect$$libshutdown$$00000002))

<P><STRONG><a name="[129]"></a>__rt_lib_shutdown_fp_trap_1</STRONG> (Thumb, 0 bytes, Stack size unknown bytes, libshutdown2.o(.ARM.Collect$$libshutdown$$00000007))

<P><STRONG><a name="[12a]"></a>__rt_lib_shutdown_heap_1</STRONG> (Thumb, 0 bytes, Stack size unknown bytes, libshutdown2.o(.ARM.Collect$$libshutdown$$0000000F))

<P><STRONG><a name="[12b]"></a>__rt_lib_shutdown_return</STRONG> (Thumb, 0 bytes, Stack size unknown bytes, libshutdown2.o(.ARM.Collect$$libshutdown$$00000010))

<P><STRONG><a name="[12c]"></a>__rt_lib_shutdown_signal_1</STRONG> (Thumb, 0 bytes, Stack size unknown bytes, libshutdown2.o(.ARM.Collect$$libshutdown$$0000000A))

<P><STRONG><a name="[12d]"></a>__rt_lib_shutdown_stdio_1</STRONG> (Thumb, 0 bytes, Stack size unknown bytes, libshutdown2.o(.ARM.Collect$$libshutdown$$00000004))

<P><STRONG><a name="[12e]"></a>__rt_lib_shutdown_user_alloc_1</STRONG> (Thumb, 0 bytes, Stack size unknown bytes, libshutdown2.o(.ARM.Collect$$libshutdown$$0000000C))

<P><STRONG><a name="[43]"></a>__rt_entry</STRONG> (Thumb, 0 bytes, Stack size unknown bytes, __rtentry.o(.ARM.Collect$$rtentry$$00000000))
<BR><BR>[Called By]<UL><LI><a href="#[41]">&gt;&gt;</a>&nbsp;&nbsp;&nbsp;__main
<LI><a href="#[44]">&gt;&gt;</a>&nbsp;&nbsp;&nbsp;__scatterload_rt2
</UL>

<P><STRONG><a name="[12f]"></a>__rt_entry_presh_1</STRONG> (Thumb, 0 bytes, Stack size unknown bytes, __rtentry2.o(.ARM.Collect$$rtentry$$00000002))

<P><STRONG><a name="[45]"></a>__rt_entry_sh</STRONG> (Thumb, 0 bytes, Stack size unknown bytes, __rtentry4.o(.ARM.Collect$$rtentry$$00000004))
<BR><BR>[Stack]<UL><LI>Max Depth = 8 + Unknown Stack Size
<LI>Call Chain = __rt_entry_sh &rArr; __user_setup_stackheap
</UL>
<BR>[Calls]<UL><LI><a href="#[46]">&gt;&gt;</a>&nbsp;&nbsp;&nbsp;__user_setup_stackheap
</UL>

<P><STRONG><a name="[47]"></a>__rt_entry_li</STRONG> (Thumb, 0 bytes, Stack size unknown bytes, __rtentry2.o(.ARM.Collect$$rtentry$$0000000A))
<BR><BR>[Calls]<UL><LI><a href="#[48]">&gt;&gt;</a>&nbsp;&nbsp;&nbsp;__rt_lib_init
</UL>

<P><STRONG><a name="[130]"></a>__rt_entry_postsh_1</STRONG> (Thumb, 0 bytes, Stack size unknown bytes, __rtentry2.o(.ARM.Collect$$rtentry$$00000009))

<P><STRONG><a name="[49]"></a>__rt_entry_main</STRONG> (Thumb, 0 bytes, Stack size unknown bytes, __rtentry2.o(.ARM.Collect$$rtentry$$0000000D))
<BR><BR>[Stack]<UL><LI>Max Depth = 224 + Unknown Stack Size
<LI>Call Chain = __rt_entry_main &rArr; main &rArr; Calendar_Init &rArr; DatePreAdjustFunc &rArr; Date_Regulate &rArr; ReadDigit &rArr; ShowSelDigit &rArr; LCD_PUTC &rArr; LCD_PUT_BYTE &rArr; WriteLCD_Data &rArr; LCDClock
</UL>
<BR>[Calls]<UL><LI><a href="#[4b]">&gt;&gt;</a>&nbsp;&nbsp;&nbsp;exit
<LI><a href="#[4a]">&gt;&gt;</a>&nbsp;&nbsp;&nbsp;main
</UL>

<P><STRONG><a name="[131]"></a>__rt_entry_postli_1</STRONG> (Thumb, 0 bytes, Stack size unknown bytes, __rtentry2.o(.ARM.Collect$$rtentry$$0000000C))

<P><STRONG><a name="[10d]"></a>__rt_exit</STRONG> (Thumb, 0 bytes, Stack size unknown bytes, rtexit.o(.ARM.Collect$$rtexit$$00000000))
<BR><BR>[Called By]<UL><LI><a href="#[4b]">&gt;&gt;</a>&nbsp;&nbsp;&nbsp;exit
</UL>

<P><STRONG><a name="[4c]"></a>__rt_exit_ls</STRONG> (Thumb, 0 bytes, Stack size unknown bytes, rtexit2.o(.ARM.Collect$$rtexit$$00000003))
<BR><BR>[Calls]<UL><LI><a href="#[4d]">&gt;&gt;</a>&nbsp;&nbsp;&nbsp;__rt_lib_shutdown
</UL>

<P><STRONG><a name="[132]"></a>__rt_exit_prels_1</STRONG> (Thumb, 0 bytes, Stack size unknown bytes, rtexit2.o(.ARM.Collect$$rtexit$$00000002))

<P><STRONG><a name="[4e]"></a>__rt_exit_exit</STRONG> (Thumb, 0 bytes, Stack size unknown bytes, rtexit2.o(.ARM.Collect$$rtexit$$00000004))
<BR><BR>[Calls]<UL><LI><a href="#[4f]">&gt;&gt;</a>&nbsp;&nbsp;&nbsp;_sys_exit
</UL>

<P><STRONG><a name="[a9]"></a>ADC_DeInit</STRONG> (Thumb, 38 bytes, Stack size 0 bytes, mdr32f9qx_adc.o(.text))
<BR><BR>[Called By]<UL><LI><a href="#[ae]">&gt;&gt;</a>&nbsp;&nbsp;&nbsp;ADC_Temp_Sensor_Config
<LI><a href="#[a8]">&gt;&gt;</a>&nbsp;&nbsp;&nbsp;ADC_Config
</UL>

<P><STRONG><a name="[ab]"></a>ADC_Init</STRONG> (Thumb, 52 bytes, Stack size 8 bytes, mdr32f9qx_adc.o(.text))
<BR><BR>[Stack]<UL><LI>Max Depth = 8<LI>Call Chain = ADC_Init
</UL>
<BR>[Called By]<UL><LI><a href="#[ae]">&gt;&gt;</a>&nbsp;&nbsp;&nbsp;ADC_Temp_Sensor_Config
<LI><a href="#[a8]">&gt;&gt;</a>&nbsp;&nbsp;&nbsp;ADC_Config
</UL>

<P><STRONG><a name="[aa]"></a>ADC_StructInit</STRONG> (Thumb, 18 bytes, Stack size 0 bytes, mdr32f9qx_adc.o(.text))
<BR><BR>[Called By]<UL><LI><a href="#[ae]">&gt;&gt;</a>&nbsp;&nbsp;&nbsp;ADC_Temp_Sensor_Config
<LI><a href="#[a8]">&gt;&gt;</a>&nbsp;&nbsp;&nbsp;ADC_Config
</UL>

<P><STRONG><a name="[133]"></a>ADC_SetTrim</STRONG> (Thumb, 18 bytes, Stack size 0 bytes, mdr32f9qx_adc.o(.text), UNUSED)

<P><STRONG><a name="[ad]"></a>ADC1_Init</STRONG> (Thumb, 84 bytes, Stack size 8 bytes, mdr32f9qx_adc.o(.text))
<BR><BR>[Stack]<UL><LI>Max Depth = 8<LI>Call Chain = ADC1_Init
</UL>
<BR>[Called By]<UL><LI><a href="#[ae]">&gt;&gt;</a>&nbsp;&nbsp;&nbsp;ADC_Temp_Sensor_Config
<LI><a href="#[a8]">&gt;&gt;</a>&nbsp;&nbsp;&nbsp;ADC_Config
</UL>

<P><STRONG><a name="[134]"></a>ADC2_Init</STRONG> (Thumb, 72 bytes, Stack size 0 bytes, mdr32f9qx_adc.o(.text), UNUSED)

<P><STRONG><a name="[ac]"></a>ADCx_StructInit</STRONG> (Thumb, 28 bytes, Stack size 0 bytes, mdr32f9qx_adc.o(.text))
<BR><BR>[Called By]<UL><LI><a href="#[a8]">&gt;&gt;</a>&nbsp;&nbsp;&nbsp;ADC_Config
</UL>

<P><STRONG><a name="[d3]"></a>ADC1_Cmd</STRONG> (Thumb, 24 bytes, Stack size 0 bytes, mdr32f9qx_adc.o(.text))
<BR><BR>[Called By]<UL><LI><a href="#[17]">&gt;&gt;</a>&nbsp;&nbsp;&nbsp;TSENSORFunc
<LI><a href="#[11]">&gt;&gt;</a>&nbsp;&nbsp;&nbsp;StyleFunc
<LI><a href="#[14]">&gt;&gt;</a>&nbsp;&nbsp;&nbsp;IndicatorsFunc
</UL>

<P><STRONG><a name="[135]"></a>ADC2_Cmd</STRONG> (Thumb, 24 bytes, Stack size 0 bytes, mdr32f9qx_adc.o(.text), UNUSED)

<P><STRONG><a name="[136]"></a>ADC1_SetChannel</STRONG> (Thumb, 18 bytes, Stack size 0 bytes, mdr32f9qx_adc.o(.text), UNUSED)

<P><STRONG><a name="[137]"></a>ADC2_SetChannel</STRONG> (Thumb, 18 bytes, Stack size 0 bytes, mdr32f9qx_adc.o(.text), UNUSED)

<P><STRONG><a name="[138]"></a>ADC1_SetChannels</STRONG> (Thumb, 6 bytes, Stack size 0 bytes, mdr32f9qx_adc.o(.text), UNUSED)

<P><STRONG><a name="[139]"></a>ADC2_SetChannels</STRONG> (Thumb, 6 bytes, Stack size 0 bytes, mdr32f9qx_adc.o(.text), UNUSED)

<P><STRONG><a name="[13a]"></a>ADC1_OperationModeConfig</STRONG> (Thumb, 20 bytes, Stack size 0 bytes, mdr32f9qx_adc.o(.text), UNUSED)

<P><STRONG><a name="[13b]"></a>ADC2_OperationModeConfig</STRONG> (Thumb, 20 bytes, Stack size 0 bytes, mdr32f9qx_adc.o(.text), UNUSED)

<P><STRONG><a name="[13c]"></a>ADC1_SamplingModeConfig</STRONG> (Thumb, 16 bytes, Stack size 0 bytes, mdr32f9qx_adc.o(.text), UNUSED)

<P><STRONG><a name="[13d]"></a>ADC2_SamplingModeConfig</STRONG> (Thumb, 16 bytes, Stack size 0 bytes, mdr32f9qx_adc.o(.text), UNUSED)

<P><STRONG><a name="[13e]"></a>ADC1_ChannelSwithingConfig</STRONG> (Thumb, 16 bytes, Stack size 0 bytes, mdr32f9qx_adc.o(.text), UNUSED)

<P><STRONG><a name="[13f]"></a>ADC2_ChannelSwithingConfig</STRONG> (Thumb, 16 bytes, Stack size 0 bytes, mdr32f9qx_adc.o(.text), UNUSED)

<P><STRONG><a name="[140]"></a>ADC1_LevelsConfig</STRONG> (Thumb, 22 bytes, Stack size 8 bytes, mdr32f9qx_adc.o(.text), UNUSED)

<P><STRONG><a name="[141]"></a>ADC2_LevelsConfig</STRONG> (Thumb, 22 bytes, Stack size 8 bytes, mdr32f9qx_adc.o(.text), UNUSED)

<P><STRONG><a name="[142]"></a>ADC1_SetLowLevel</STRONG> (Thumb, 6 bytes, Stack size 0 bytes, mdr32f9qx_adc.o(.text), UNUSED)

<P><STRONG><a name="[143]"></a>ADC2_SetLowLevel</STRONG> (Thumb, 6 bytes, Stack size 0 bytes, mdr32f9qx_adc.o(.text), UNUSED)

<P><STRONG><a name="[144]"></a>ADC1_SetHighLevel</STRONG> (Thumb, 6 bytes, Stack size 0 bytes, mdr32f9qx_adc.o(.text), UNUSED)

<P><STRONG><a name="[145]"></a>ADC2_SetHighLevel</STRONG> (Thumb, 6 bytes, Stack size 0 bytes, mdr32f9qx_adc.o(.text), UNUSED)

<P><STRONG><a name="[146]"></a>ADC1_Start</STRONG> (Thumb, 14 bytes, Stack size 0 bytes, mdr32f9qx_adc.o(.text), UNUSED)

<P><STRONG><a name="[147]"></a>ADC2_Start</STRONG> (Thumb, 14 bytes, Stack size 0 bytes, mdr32f9qx_adc.o(.text), UNUSED)

<P><STRONG><a name="[99]"></a>ADC1_GetResult</STRONG> (Thumb, 6 bytes, Stack size 0 bytes, mdr32f9qx_adc.o(.text))
<BR><BR>[Called By]<UL><LI><a href="#[17]">&gt;&gt;</a>&nbsp;&nbsp;&nbsp;TSENSORFunc
<LI><a href="#[14]">&gt;&gt;</a>&nbsp;&nbsp;&nbsp;IndicatorsFunc
<LI><a href="#[30]">&gt;&gt;</a>&nbsp;&nbsp;&nbsp;ADC_IRQHandler
<LI><a href="#[98]">&gt;&gt;</a>&nbsp;&nbsp;&nbsp;LCD_PUTS_Ex
</UL>

<P><STRONG><a name="[148]"></a>ADC2_GetResult</STRONG> (Thumb, 6 bytes, Stack size 0 bytes, mdr32f9qx_adc.o(.text), UNUSED)

<P><STRONG><a name="[51]"></a>ADC_GetStatus</STRONG> (Thumb, 14 bytes, Stack size 0 bytes, mdr32f9qx_adc.o(.text), UNUSED)
<BR><BR>[Called By]<UL><LI><a href="#[52]">&gt;&gt;</a>&nbsp;&nbsp;&nbsp;ADC_GetITStatus
<LI><a href="#[50]">&gt;&gt;</a>&nbsp;&nbsp;&nbsp;ADC_GetFlagStatus
</UL>

<P><STRONG><a name="[149]"></a>ADC1_GetStatus</STRONG> (Thumb, 6 bytes, Stack size 0 bytes, mdr32f9qx_adc.o(.text), UNUSED)

<P><STRONG><a name="[14a]"></a>ADC2_GetStatus</STRONG> (Thumb, 6 bytes, Stack size 0 bytes, mdr32f9qx_adc.o(.text), UNUSED)

<P><STRONG><a name="[50]"></a>ADC_GetFlagStatus</STRONG> (Thumb, 22 bytes, Stack size 4 bytes, mdr32f9qx_adc.o(.text), UNUSED)
<BR><BR>[Calls]<UL><LI><a href="#[51]">&gt;&gt;</a>&nbsp;&nbsp;&nbsp;ADC_GetStatus
</UL>

<P><STRONG><a name="[9e]"></a>ADC1_GetFlagStatus</STRONG> (Thumb, 18 bytes, Stack size 0 bytes, mdr32f9qx_adc.o(.text))
<BR><BR>[Called By]<UL><LI><a href="#[30]">&gt;&gt;</a>&nbsp;&nbsp;&nbsp;ADC_IRQHandler
</UL>

<P><STRONG><a name="[14b]"></a>ADC2_GetFlagStatus</STRONG> (Thumb, 18 bytes, Stack size 0 bytes, mdr32f9qx_adc.o(.text), UNUSED)

<P><STRONG><a name="[9f]"></a>ADC1_ClearOverwriteFlag</STRONG> (Thumb, 14 bytes, Stack size 0 bytes, mdr32f9qx_adc.o(.text))
<BR><BR>[Called By]<UL><LI><a href="#[30]">&gt;&gt;</a>&nbsp;&nbsp;&nbsp;ADC_IRQHandler
</UL>

<P><STRONG><a name="[14c]"></a>ADC2_ClearOverwriteFlag</STRONG> (Thumb, 14 bytes, Stack size 0 bytes, mdr32f9qx_adc.o(.text), UNUSED)

<P><STRONG><a name="[14d]"></a>ADC1_ClearOutOfRangeFlag</STRONG> (Thumb, 14 bytes, Stack size 0 bytes, mdr32f9qx_adc.o(.text), UNUSED)

<P><STRONG><a name="[14e]"></a>ADC2_ClearOutOfRangeFlag</STRONG> (Thumb, 14 bytes, Stack size 0 bytes, mdr32f9qx_adc.o(.text), UNUSED)

<P><STRONG><a name="[14f]"></a>ADC_ITConfig</STRONG> (Thumb, 48 bytes, Stack size 12 bytes, mdr32f9qx_adc.o(.text), UNUSED)

<P><STRONG><a name="[9d]"></a>ADC1_ITConfig</STRONG> (Thumb, 24 bytes, Stack size 0 bytes, mdr32f9qx_adc.o(.text))
<BR><BR>[Called By]<UL><LI><a href="#[17]">&gt;&gt;</a>&nbsp;&nbsp;&nbsp;TSENSORFunc
<LI><a href="#[30]">&gt;&gt;</a>&nbsp;&nbsp;&nbsp;ADC_IRQHandler
</UL>

<P><STRONG><a name="[150]"></a>ADC2_ITConfig</STRONG> (Thumb, 24 bytes, Stack size 0 bytes, mdr32f9qx_adc.o(.text), UNUSED)

<P><STRONG><a name="[52]"></a>ADC_GetITStatus</STRONG> (Thumb, 28 bytes, Stack size 8 bytes, mdr32f9qx_adc.o(.text), UNUSED)
<BR><BR>[Calls]<UL><LI><a href="#[51]">&gt;&gt;</a>&nbsp;&nbsp;&nbsp;ADC_GetStatus
</UL>

<P><STRONG><a name="[151]"></a>ADC1_GetITStatus</STRONG> (Thumb, 22 bytes, Stack size 0 bytes, mdr32f9qx_adc.o(.text), UNUSED)

<P><STRONG><a name="[152]"></a>ADC2_GetITStatus</STRONG> (Thumb, 22 bytes, Stack size 0 bytes, mdr32f9qx_adc.o(.text), UNUSED)

<P><STRONG><a name="[153]"></a>BKP_DeInit</STRONG> (Thumb, 66 bytes, Stack size 0 bytes, mdr32f9qx_bkp.o(.text), UNUSED)

<P><STRONG><a name="[154]"></a>BKP_JTAGA_CMD</STRONG> (Thumb, 6 bytes, Stack size 0 bytes, mdr32f9qx_bkp.o(.text), UNUSED)

<P><STRONG><a name="[155]"></a>BKP_JTAGB_CMD</STRONG> (Thumb, 8 bytes, Stack size 0 bytes, mdr32f9qx_bkp.o(.text), UNUSED)

<P><STRONG><a name="[d6]"></a>BKP_RTCclkSource</STRONG> (Thumb, 20 bytes, Stack size 0 bytes, mdr32f9qx_bkp.o(.text))
<BR><BR>[Called By]<UL><LI><a href="#[d4]">&gt;&gt;</a>&nbsp;&nbsp;&nbsp;RTC_Configuration
</UL>

<P><STRONG><a name="[d9]"></a>BKP_RTC_Enable</STRONG> (Thumb, 8 bytes, Stack size 0 bytes, mdr32f9qx_bkp.o(.text))
<BR><BR>[Called By]<UL><LI><a href="#[d4]">&gt;&gt;</a>&nbsp;&nbsp;&nbsp;RTC_Configuration
</UL>

<P><STRONG><a name="[d8]"></a>BKP_RTC_Calibration</STRONG> (Thumb, 24 bytes, Stack size 0 bytes, mdr32f9qx_bkp.o(.text))
<BR><BR>[Called By]<UL><LI><a href="#[d4]">&gt;&gt;</a>&nbsp;&nbsp;&nbsp;RTC_Configuration
</UL>

<P><STRONG><a name="[e0]"></a>BKP_RTC_Reset</STRONG> (Thumb, 8 bytes, Stack size 0 bytes, mdr32f9qx_bkp.o(.text))
<BR><BR>[Called By]<UL><LI><a href="#[df]">&gt;&gt;</a>&nbsp;&nbsp;&nbsp;TimePreAdjustFunc
</UL>

<P><STRONG><a name="[a3]"></a>BKP_RTC_ITConfig</STRONG> (Thumb, 26 bytes, Stack size 0 bytes, mdr32f9qx_bkp.o(.text))
<BR><BR>[Called By]<UL><LI><a href="#[d4]">&gt;&gt;</a>&nbsp;&nbsp;&nbsp;RTC_Configuration
<LI><a href="#[8]">&gt;&gt;</a>&nbsp;&nbsp;&nbsp;AlarmAdjustFunc
<LI><a href="#[33]">&gt;&gt;</a>&nbsp;&nbsp;&nbsp;BACKUP_IRQHandler
</UL>

<P><STRONG><a name="[a4]"></a>BKP_RTC_GetCounter</STRONG> (Thumb, 6 bytes, Stack size 0 bytes, mdr32f9qx_bkp.o(.text))
<BR><BR>[Called By]<UL><LI><a href="#[dc]">&gt;&gt;</a>&nbsp;&nbsp;&nbsp;Time_Display
<LI><a href="#[c3]">&gt;&gt;</a>&nbsp;&nbsp;&nbsp;Calendar_Init
<LI><a href="#[33]">&gt;&gt;</a>&nbsp;&nbsp;&nbsp;BACKUP_IRQHandler
</UL>

<P><STRONG><a name="[a6]"></a>BKP_RTC_SetCounter</STRONG> (Thumb, 6 bytes, Stack size 0 bytes, mdr32f9qx_bkp.o(.text))
<BR><BR>[Called By]<UL><LI><a href="#[df]">&gt;&gt;</a>&nbsp;&nbsp;&nbsp;TimePreAdjustFunc
<LI><a href="#[c3]">&gt;&gt;</a>&nbsp;&nbsp;&nbsp;Calendar_Init
<LI><a href="#[33]">&gt;&gt;</a>&nbsp;&nbsp;&nbsp;BACKUP_IRQHandler
</UL>

<P><STRONG><a name="[e8]"></a>BKP_RTC_SetAlarm</STRONG> (Thumb, 6 bytes, Stack size 0 bytes, mdr32f9qx_bkp.o(.text))
<BR><BR>[Called By]<UL><LI><a href="#[8]">&gt;&gt;</a>&nbsp;&nbsp;&nbsp;AlarmAdjustFunc
</UL>

<P><STRONG><a name="[156]"></a>BKP_RTC_GetDivider</STRONG> (Thumb, 6 bytes, Stack size 0 bytes, mdr32f9qx_bkp.o(.text), UNUSED)

<P><STRONG><a name="[d7]"></a>BKP_RTC_SetPrescaler</STRONG> (Thumb, 6 bytes, Stack size 0 bytes, mdr32f9qx_bkp.o(.text))
<BR><BR>[Called By]<UL><LI><a href="#[d4]">&gt;&gt;</a>&nbsp;&nbsp;&nbsp;RTC_Configuration
</UL>

<P><STRONG><a name="[a5]"></a>BKP_RTC_WaitForUpdate</STRONG> (Thumb, 12 bytes, Stack size 0 bytes, mdr32f9qx_bkp.o(.text))
<BR><BR>[Called By]<UL><LI><a href="#[e4]">&gt;&gt;</a>&nbsp;&nbsp;&nbsp;Date_Regulate
<LI><a href="#[df]">&gt;&gt;</a>&nbsp;&nbsp;&nbsp;TimePreAdjustFunc
<LI><a href="#[d4]">&gt;&gt;</a>&nbsp;&nbsp;&nbsp;RTC_Configuration
<LI><a href="#[8]">&gt;&gt;</a>&nbsp;&nbsp;&nbsp;AlarmAdjustFunc
<LI><a href="#[c3]">&gt;&gt;</a>&nbsp;&nbsp;&nbsp;Calendar_Init
<LI><a href="#[a7]">&gt;&gt;</a>&nbsp;&nbsp;&nbsp;Date_Update
<LI><a href="#[33]">&gt;&gt;</a>&nbsp;&nbsp;&nbsp;BACKUP_IRQHandler
</UL>

<P><STRONG><a name="[a0]"></a>BKP_RTC_GetFlagStatus</STRONG> (Thumb, 18 bytes, Stack size 0 bytes, mdr32f9qx_bkp.o(.text))
<BR><BR>[Called By]<UL><LI><a href="#[33]">&gt;&gt;</a>&nbsp;&nbsp;&nbsp;BACKUP_IRQHandler
</UL>

<P><STRONG><a name="[103]"></a>PORT_DeInit</STRONG> (Thumb, 20 bytes, Stack size 0 bytes, mdr32f9qx_port.o(.text))
<BR><BR>[Called By]<UL><LI><a href="#[102]">&gt;&gt;</a>&nbsp;&nbsp;&nbsp;PORT_SaveConfig
</UL>

<P><STRONG><a name="[b2]"></a>PORT_Init</STRONG> (Thumb, 450 bytes, Stack size 48 bytes, mdr32f9qx_port.o(.text))
<BR><BR>[Stack]<UL><LI>Max Depth = 48<LI>Call Chain = PORT_Init
</UL>
<BR>[Called By]<UL><LI><a href="#[ff]">&gt;&gt;</a>&nbsp;&nbsp;&nbsp;UARTConfiguration
<LI><a href="#[b1]">&gt;&gt;</a>&nbsp;&nbsp;&nbsp;Demo_Init
</UL>

<P><STRONG><a name="[157]"></a>PORT_StructInit</STRONG> (Thumb, 28 bytes, Stack size 0 bytes, mdr32f9qx_port.o(.text), UNUSED)

<P><STRONG><a name="[b8]"></a>PORT_ReadInputDataBit</STRONG> (Thumb, 16 bytes, Stack size 0 bytes, mdr32f9qx_port.o(.text))
<BR><BR>[Called By]<UL><LI><a href="#[b7]">&gt;&gt;</a>&nbsp;&nbsp;&nbsp;GetKey
</UL>

<P><STRONG><a name="[bc]"></a>PORT_ReadInputData</STRONG> (Thumb, 6 bytes, Stack size 0 bytes, mdr32f9qx_port.o(.text))
<BR><BR>[Called By]<UL><LI><a href="#[15]">&gt;&gt;</a>&nbsp;&nbsp;&nbsp;LightsOnFunc
<LI><a href="#[c2]">&gt;&gt;</a>&nbsp;&nbsp;&nbsp;ShiftLights
<LI><a href="#[be]">&gt;&gt;</a>&nbsp;&nbsp;&nbsp;ReadLCD_Cmd
<LI><a href="#[95]">&gt;&gt;</a>&nbsp;&nbsp;&nbsp;WriteLCD_Data
<LI><a href="#[93]">&gt;&gt;</a>&nbsp;&nbsp;&nbsp;WriteLCD_Cmd
<LI><a href="#[94]">&gt;&gt;</a>&nbsp;&nbsp;&nbsp;ReadLCD_Data
</UL>

<P><STRONG><a name="[a1]"></a>PORT_SetBits</STRONG> (Thumb, 22 bytes, Stack size 0 bytes, mdr32f9qx_port.o(.text))
<BR><BR>[Called By]<UL><LI><a href="#[be]">&gt;&gt;</a>&nbsp;&nbsp;&nbsp;ReadLCD_Cmd
<LI><a href="#[ba]">&gt;&gt;</a>&nbsp;&nbsp;&nbsp;ResetLCD
<LI><a href="#[b9]">&gt;&gt;</a>&nbsp;&nbsp;&nbsp;LCDClock
<LI><a href="#[b1]">&gt;&gt;</a>&nbsp;&nbsp;&nbsp;Demo_Init
<LI><a href="#[33]">&gt;&gt;</a>&nbsp;&nbsp;&nbsp;BACKUP_IRQHandler
<LI><a href="#[95]">&gt;&gt;</a>&nbsp;&nbsp;&nbsp;WriteLCD_Data
<LI><a href="#[93]">&gt;&gt;</a>&nbsp;&nbsp;&nbsp;WriteLCD_Cmd
<LI><a href="#[92]">&gt;&gt;</a>&nbsp;&nbsp;&nbsp;SetCrystal
<LI><a href="#[94]">&gt;&gt;</a>&nbsp;&nbsp;&nbsp;ReadLCD_Data
</UL>

<P><STRONG><a name="[a2]"></a>PORT_ResetBits</STRONG> (Thumb, 22 bytes, Stack size 0 bytes, mdr32f9qx_port.o(.text))
<BR><BR>[Called By]<UL><LI><a href="#[15]">&gt;&gt;</a>&nbsp;&nbsp;&nbsp;LightsOnFunc
<LI><a href="#[be]">&gt;&gt;</a>&nbsp;&nbsp;&nbsp;ReadLCD_Cmd
<LI><a href="#[ba]">&gt;&gt;</a>&nbsp;&nbsp;&nbsp;ResetLCD
<LI><a href="#[b9]">&gt;&gt;</a>&nbsp;&nbsp;&nbsp;LCDClock
<LI><a href="#[b1]">&gt;&gt;</a>&nbsp;&nbsp;&nbsp;Demo_Init
<LI><a href="#[33]">&gt;&gt;</a>&nbsp;&nbsp;&nbsp;BACKUP_IRQHandler
<LI><a href="#[95]">&gt;&gt;</a>&nbsp;&nbsp;&nbsp;WriteLCD_Data
<LI><a href="#[93]">&gt;&gt;</a>&nbsp;&nbsp;&nbsp;WriteLCD_Cmd
<LI><a href="#[92]">&gt;&gt;</a>&nbsp;&nbsp;&nbsp;SetCrystal
<LI><a href="#[94]">&gt;&gt;</a>&nbsp;&nbsp;&nbsp;ReadLCD_Data
</UL>

<P><STRONG><a name="[158]"></a>PORT_WriteBit</STRONG> (Thumb, 40 bytes, Stack size 12 bytes, mdr32f9qx_port.o(.text), UNUSED)

<P><STRONG><a name="[bd]"></a>PORT_Write</STRONG> (Thumb, 20 bytes, Stack size 0 bytes, mdr32f9qx_port.o(.text))
<BR><BR>[Called By]<UL><LI><a href="#[15]">&gt;&gt;</a>&nbsp;&nbsp;&nbsp;LightsOnFunc
<LI><a href="#[c2]">&gt;&gt;</a>&nbsp;&nbsp;&nbsp;ShiftLights
<LI><a href="#[95]">&gt;&gt;</a>&nbsp;&nbsp;&nbsp;WriteLCD_Data
<LI><a href="#[93]">&gt;&gt;</a>&nbsp;&nbsp;&nbsp;WriteLCD_Cmd
</UL>

<P><STRONG><a name="[159]"></a>POWER_DeInit</STRONG> (Thumb, 8 bytes, Stack size 0 bytes, mdr32f9qx_power.o(.text), UNUSED)

<P><STRONG><a name="[15a]"></a>POWER_DUccMode</STRONG> (Thumb, 20 bytes, Stack size 0 bytes, mdr32f9qx_power.o(.text), UNUSED)

<P><STRONG><a name="[15b]"></a>POWER_DUccTrim</STRONG> (Thumb, 20 bytes, Stack size 0 bytes, mdr32f9qx_power.o(.text), UNUSED)

<P><STRONG><a name="[15c]"></a>POWER_DUccStandby</STRONG> (Thumb, 8 bytes, Stack size 0 bytes, mdr32f9qx_power.o(.text), UNUSED)

<P><STRONG><a name="[15d]"></a>POWER_PVDlevelConfig</STRONG> (Thumb, 22 bytes, Stack size 0 bytes, mdr32f9qx_power.o(.text), UNUSED)

<P><STRONG><a name="[15e]"></a>POWER_PVBDlevelConfig</STRONG> (Thumb, 22 bytes, Stack size 0 bytes, mdr32f9qx_power.o(.text), UNUSED)

<P><STRONG><a name="[15f]"></a>POWER_SetFlagPOR</STRONG> (Thumb, 10 bytes, Stack size 0 bytes, mdr32f9qx_power.o(.text), UNUSED)

<P><STRONG><a name="[160]"></a>POWER_FlagPORstatus</STRONG> (Thumb, 14 bytes, Stack size 0 bytes, mdr32f9qx_power.o(.text), UNUSED)

<P><STRONG><a name="[161]"></a>POWER_PVDenable</STRONG> (Thumb, 6 bytes, Stack size 0 bytes, mdr32f9qx_power.o(.text), UNUSED)

<P><STRONG><a name="[162]"></a>POWER_GetFlagStatus</STRONG> (Thumb, 18 bytes, Stack size 0 bytes, mdr32f9qx_power.o(.text), UNUSED)

<P><STRONG><a name="[163]"></a>POWER_ClearFlag</STRONG> (Thumb, 12 bytes, Stack size 0 bytes, mdr32f9qx_power.o(.text), UNUSED)

<P><STRONG><a name="[164]"></a>POWER_PVD_ITconfig</STRONG> (Thumb, 26 bytes, Stack size 0 bytes, mdr32f9qx_power.o(.text), UNUSED)

<P><STRONG><a name="[165]"></a>POWER_PVD_INVconfig</STRONG> (Thumb, 26 bytes, Stack size 0 bytes, mdr32f9qx_power.o(.text), UNUSED)

<P><STRONG><a name="[106]"></a>POWER_EnterSTOPMode</STRONG> (Thumb, 66 bytes, Stack size 0 bytes, mdr32f9qx_power.o(.text))
<BR><BR>[Called By]<UL><LI><a href="#[a]">&gt;&gt;</a>&nbsp;&nbsp;&nbsp;STOPMode_RTCAlarm
</UL>

<P><STRONG><a name="[104]"></a>POWER_EnterSTANDBYMode</STRONG> (Thumb, 22 bytes, Stack size 0 bytes, mdr32f9qx_power.o(.text))
<BR><BR>[Called By]<UL><LI><a href="#[b]">&gt;&gt;</a>&nbsp;&nbsp;&nbsp;STANDBYMode_WAKEUP
<LI><a href="#[c]">&gt;&gt;</a>&nbsp;&nbsp;&nbsp;STANDBYMode_RTCAlarm
</UL>

<P><STRONG><a name="[59]"></a>RST_CLK_PCLKcmd</STRONG> (Thumb, 26 bytes, Stack size 0 bytes, mdr32f9qx_rst_clk.o(.text))
<BR><BR>[Called By]<UL><LI><a href="#[58]">&gt;&gt;</a>&nbsp;&nbsp;&nbsp;RST_CLK_DeInit
<LI><a href="#[ff]">&gt;&gt;</a>&nbsp;&nbsp;&nbsp;UARTConfiguration
<LI><a href="#[fc]">&gt;&gt;</a>&nbsp;&nbsp;&nbsp;Setup_USB
<LI><a href="#[e9]">&gt;&gt;</a>&nbsp;&nbsp;&nbsp;UARTConfiguration
<LI><a href="#[c5]">&gt;&gt;</a>&nbsp;&nbsp;&nbsp;LowPower_Init
<LI><a href="#[c3]">&gt;&gt;</a>&nbsp;&nbsp;&nbsp;Calendar_Init
<LI><a href="#[af]">&gt;&gt;</a>&nbsp;&nbsp;&nbsp;ClockConfigure
<LI><a href="#[ae]">&gt;&gt;</a>&nbsp;&nbsp;&nbsp;ADC_Temp_Sensor_Config
<LI><a href="#[a8]">&gt;&gt;</a>&nbsp;&nbsp;&nbsp;ADC_Config
</UL>

<P><STRONG><a name="[57]"></a>RST_CLK_CPUclkSelection</STRONG> (Thumb, 16 bytes, Stack size 0 bytes, mdr32f9qx_rst_clk.o(.text))
<BR><BR>[Called By]<UL><LI><a href="#[55]">&gt;&gt;</a>&nbsp;&nbsp;&nbsp;RST_CLK_WarmDeInit
<LI><a href="#[f7]">&gt;&gt;</a>&nbsp;&nbsp;&nbsp;Setup_CPU_Clock
</UL>

<P><STRONG><a name="[54]"></a>RST_CLK_GetFlagStatus</STRONG> (Thumb, 42 bytes, Stack size 8 bytes, mdr32f9qx_rst_clk.o(.text))
<BR><BR>[Stack]<UL><LI>Max Depth = 8<LI>Call Chain = RST_CLK_GetFlagStatus
</UL>
<BR>[Called By]<UL><LI><a href="#[5e]">&gt;&gt;</a>&nbsp;&nbsp;&nbsp;RST_CLK_USB_PLLstatus
<LI><a href="#[5d]">&gt;&gt;</a>&nbsp;&nbsp;&nbsp;RST_CLK_CPU_PLLstatus
<LI><a href="#[5c]">&gt;&gt;</a>&nbsp;&nbsp;&nbsp;RST_CLK_LSIstatus
<LI><a href="#[5b]">&gt;&gt;</a>&nbsp;&nbsp;&nbsp;RST_CLK_LSEstatus
<LI><a href="#[5a]">&gt;&gt;</a>&nbsp;&nbsp;&nbsp;RST_CLK_HSEstatus
<LI><a href="#[53]">&gt;&gt;</a>&nbsp;&nbsp;&nbsp;RST_CLK_HSIstatus
</UL>

<P><STRONG><a name="[53]"></a>RST_CLK_HSIstatus</STRONG> (Thumb, 52 bytes, Stack size 16 bytes, mdr32f9qx_rst_clk.o(.text), UNUSED)
<BR><BR>[Calls]<UL><LI><a href="#[54]">&gt;&gt;</a>&nbsp;&nbsp;&nbsp;RST_CLK_GetFlagStatus
</UL>
<BR>[Called By]<UL><LI><a href="#[55]">&gt;&gt;</a>&nbsp;&nbsp;&nbsp;RST_CLK_WarmDeInit
</UL>

<P><STRONG><a name="[56]"></a>RST_CLK_HSIcmd</STRONG> (Thumb, 8 bytes, Stack size 0 bytes, mdr32f9qx_rst_clk.o(.text), UNUSED)
<BR><BR>[Called By]<UL><LI><a href="#[55]">&gt;&gt;</a>&nbsp;&nbsp;&nbsp;RST_CLK_WarmDeInit
</UL>

<P><STRONG><a name="[55]"></a>RST_CLK_WarmDeInit</STRONG> (Thumb, 74 bytes, Stack size 4 bytes, mdr32f9qx_rst_clk.o(.text), UNUSED)
<BR><BR>[Calls]<UL><LI><a href="#[56]">&gt;&gt;</a>&nbsp;&nbsp;&nbsp;RST_CLK_HSIcmd
<LI><a href="#[53]">&gt;&gt;</a>&nbsp;&nbsp;&nbsp;RST_CLK_HSIstatus
<LI><a href="#[57]">&gt;&gt;</a>&nbsp;&nbsp;&nbsp;RST_CLK_CPUclkSelection
</UL>
<BR>[Called By]<UL><LI><a href="#[58]">&gt;&gt;</a>&nbsp;&nbsp;&nbsp;RST_CLK_DeInit
</UL>

<P><STRONG><a name="[58]"></a>RST_CLK_DeInit</STRONG> (Thumb, 38 bytes, Stack size 4 bytes, mdr32f9qx_rst_clk.o(.text), UNUSED)
<BR><BR>[Calls]<UL><LI><a href="#[55]">&gt;&gt;</a>&nbsp;&nbsp;&nbsp;RST_CLK_WarmDeInit
<LI><a href="#[59]">&gt;&gt;</a>&nbsp;&nbsp;&nbsp;RST_CLK_PCLKcmd
</UL>

<P><STRONG><a name="[f8]"></a>RST_CLK_HSEconfig</STRONG> (Thumb, 56 bytes, Stack size 0 bytes, mdr32f9qx_rst_clk.o(.text))
<BR><BR>[Called By]<UL><LI><a href="#[f7]">&gt;&gt;</a>&nbsp;&nbsp;&nbsp;Setup_CPU_Clock
</UL>

<P><STRONG><a name="[5a]"></a>RST_CLK_HSEstatus</STRONG> (Thumb, 52 bytes, Stack size 16 bytes, mdr32f9qx_rst_clk.o(.text))
<BR><BR>[Stack]<UL><LI>Max Depth = 24<LI>Call Chain = RST_CLK_HSEstatus &rArr; RST_CLK_GetFlagStatus
</UL>
<BR>[Calls]<UL><LI><a href="#[54]">&gt;&gt;</a>&nbsp;&nbsp;&nbsp;RST_CLK_GetFlagStatus
</UL>
<BR>[Called By]<UL><LI><a href="#[f7]">&gt;&gt;</a>&nbsp;&nbsp;&nbsp;Setup_CPU_Clock
</UL>

<P><STRONG><a name="[d5]"></a>RST_CLK_LSEconfig</STRONG> (Thumb, 56 bytes, Stack size 0 bytes, mdr32f9qx_rst_clk.o(.text))
<BR><BR>[Called By]<UL><LI><a href="#[d4]">&gt;&gt;</a>&nbsp;&nbsp;&nbsp;RTC_Configuration
</UL>

<P><STRONG><a name="[5b]"></a>RST_CLK_LSEstatus</STRONG> (Thumb, 52 bytes, Stack size 16 bytes, mdr32f9qx_rst_clk.o(.text))
<BR><BR>[Stack]<UL><LI>Max Depth = 24<LI>Call Chain = RST_CLK_LSEstatus &rArr; RST_CLK_GetFlagStatus
</UL>
<BR>[Calls]<UL><LI><a href="#[54]">&gt;&gt;</a>&nbsp;&nbsp;&nbsp;RST_CLK_GetFlagStatus
</UL>
<BR>[Called By]<UL><LI><a href="#[d4]">&gt;&gt;</a>&nbsp;&nbsp;&nbsp;RTC_Configuration
</UL>

<P><STRONG><a name="[166]"></a>RST_CLK_HSIadjust</STRONG> (Thumb, 18 bytes, Stack size 0 bytes, mdr32f9qx_rst_clk.o(.text), UNUSED)

<P><STRONG><a name="[167]"></a>RST_CLK_LSIcmd</STRONG> (Thumb, 10 bytes, Stack size 0 bytes, mdr32f9qx_rst_clk.o(.text), UNUSED)

<P><STRONG><a name="[168]"></a>RST_CLK_LSIadjust</STRONG> (Thumb, 18 bytes, Stack size 0 bytes, mdr32f9qx_rst_clk.o(.text), UNUSED)

<P><STRONG><a name="[5c]"></a>RST_CLK_LSIstatus</STRONG> (Thumb, 52 bytes, Stack size 16 bytes, mdr32f9qx_rst_clk.o(.text), UNUSED)
<BR><BR>[Calls]<UL><LI><a href="#[54]">&gt;&gt;</a>&nbsp;&nbsp;&nbsp;RST_CLK_GetFlagStatus
</UL>

<P><STRONG><a name="[b0]"></a>RST_CLK_CPU_PLLconfig</STRONG> (Thumb, 54 bytes, Stack size 8 bytes, mdr32f9qx_rst_clk.o(.text))
<BR><BR>[Stack]<UL><LI>Max Depth = 8<LI>Call Chain = RST_CLK_CPU_PLLconfig
</UL>
<BR>[Called By]<UL><LI><a href="#[f7]">&gt;&gt;</a>&nbsp;&nbsp;&nbsp;Setup_CPU_Clock
<LI><a href="#[af]">&gt;&gt;</a>&nbsp;&nbsp;&nbsp;ClockConfigure
</UL>

<P><STRONG><a name="[fb]"></a>RST_CLK_CPU_PLLuse</STRONG> (Thumb, 8 bytes, Stack size 0 bytes, mdr32f9qx_rst_clk.o(.text))
<BR><BR>[Called By]<UL><LI><a href="#[f7]">&gt;&gt;</a>&nbsp;&nbsp;&nbsp;Setup_CPU_Clock
</UL>

<P><STRONG><a name="[f9]"></a>RST_CLK_CPU_PLLcmd</STRONG> (Thumb, 6 bytes, Stack size 0 bytes, mdr32f9qx_rst_clk.o(.text))
<BR><BR>[Called By]<UL><LI><a href="#[f7]">&gt;&gt;</a>&nbsp;&nbsp;&nbsp;Setup_CPU_Clock
</UL>

<P><STRONG><a name="[5d]"></a>RST_CLK_CPU_PLLstatus</STRONG> (Thumb, 52 bytes, Stack size 16 bytes, mdr32f9qx_rst_clk.o(.text))
<BR><BR>[Stack]<UL><LI>Max Depth = 24<LI>Call Chain = RST_CLK_CPU_PLLstatus &rArr; RST_CLK_GetFlagStatus
</UL>
<BR>[Calls]<UL><LI><a href="#[54]">&gt;&gt;</a>&nbsp;&nbsp;&nbsp;RST_CLK_GetFlagStatus
</UL>
<BR>[Called By]<UL><LI><a href="#[f7]">&gt;&gt;</a>&nbsp;&nbsp;&nbsp;Setup_CPU_Clock
</UL>

<P><STRONG><a name="[fa]"></a>RST_CLK_CPUclkPrescaler</STRONG> (Thumb, 18 bytes, Stack size 0 bytes, mdr32f9qx_rst_clk.o(.text))
<BR><BR>[Called By]<UL><LI><a href="#[f7]">&gt;&gt;</a>&nbsp;&nbsp;&nbsp;Setup_CPU_Clock
</UL>

<P><STRONG><a name="[169]"></a>RST_CLK_USB_PLLconfig</STRONG> (Thumb, 56 bytes, Stack size 8 bytes, mdr32f9qx_rst_clk.o(.text), UNUSED)

<P><STRONG><a name="[16a]"></a>RST_CLK_USB_PLLuse</STRONG> (Thumb, 10 bytes, Stack size 0 bytes, mdr32f9qx_rst_clk.o(.text), UNUSED)

<P><STRONG><a name="[16b]"></a>RST_CLK_USB_PLLcmd</STRONG> (Thumb, 10 bytes, Stack size 0 bytes, mdr32f9qx_rst_clk.o(.text), UNUSED)

<P><STRONG><a name="[5e]"></a>RST_CLK_USB_PLLstatus</STRONG> (Thumb, 52 bytes, Stack size 16 bytes, mdr32f9qx_rst_clk.o(.text), UNUSED)
<BR><BR>[Calls]<UL><LI><a href="#[54]">&gt;&gt;</a>&nbsp;&nbsp;&nbsp;RST_CLK_GetFlagStatus
</UL>

<P><STRONG><a name="[16c]"></a>RST_CLK_USBclkPrescaler</STRONG> (Thumb, 10 bytes, Stack size 0 bytes, mdr32f9qx_rst_clk.o(.text), UNUSED)

<P><STRONG><a name="[16d]"></a>RST_CLK_USBclkEnable</STRONG> (Thumb, 10 bytes, Stack size 0 bytes, mdr32f9qx_rst_clk.o(.text), UNUSED)

<P><STRONG><a name="[16e]"></a>RST_CLK_ADCclkSelection</STRONG> (Thumb, 16 bytes, Stack size 0 bytes, mdr32f9qx_rst_clk.o(.text), UNUSED)

<P><STRONG><a name="[16f]"></a>RST_CLK_ADCclkPrescaler</STRONG> (Thumb, 18 bytes, Stack size 0 bytes, mdr32f9qx_rst_clk.o(.text), UNUSED)

<P><STRONG><a name="[170]"></a>RST_CLK_ADCclkEnable</STRONG> (Thumb, 8 bytes, Stack size 0 bytes, mdr32f9qx_rst_clk.o(.text), UNUSED)

<P><STRONG><a name="[171]"></a>RST_CLK_HSIclkPrescaler</STRONG> (Thumb, 18 bytes, Stack size 0 bytes, mdr32f9qx_rst_clk.o(.text), UNUSED)

<P><STRONG><a name="[172]"></a>RST_CLK_RTC_HSIclkEnable</STRONG> (Thumb, 10 bytes, Stack size 0 bytes, mdr32f9qx_rst_clk.o(.text), UNUSED)

<P><STRONG><a name="[173]"></a>RST_CLK_HSEclkPrescaler</STRONG> (Thumb, 16 bytes, Stack size 0 bytes, mdr32f9qx_rst_clk.o(.text), UNUSED)

<P><STRONG><a name="[174]"></a>RST_CLK_RTC_HSEclkEnable</STRONG> (Thumb, 10 bytes, Stack size 0 bytes, mdr32f9qx_rst_clk.o(.text), UNUSED)

<P><STRONG><a name="[60]"></a>RST_CLK_GetClocksFreq</STRONG> (Thumb, 656 bytes, Stack size 44 bytes, mdr32f9qx_rst_clk.o(.text))
<BR><BR>[Stack]<UL><LI>Max Depth = 44<LI>Call Chain = RST_CLK_GetClocksFreq
</UL>
<BR>[Called By]<UL><LI><a href="#[61]">&gt;&gt;</a>&nbsp;&nbsp;&nbsp;UART_IrDAConfig
<LI><a href="#[5f]">&gt;&gt;</a>&nbsp;&nbsp;&nbsp;UART_Init
</UL>

<P><STRONG><a name="[eb]"></a>UART_DeInit</STRONG> (Thumb, 38 bytes, Stack size 0 bytes, mdr32f9qx_uart.o(.text))
<BR><BR>[Called By]<UL><LI><a href="#[71]">&gt;&gt;</a>&nbsp;&nbsp;&nbsp;USB_CDC_SetLineCoding
<LI><a href="#[ff]">&gt;&gt;</a>&nbsp;&nbsp;&nbsp;UARTConfiguration
<LI><a href="#[e9]">&gt;&gt;</a>&nbsp;&nbsp;&nbsp;UARTConfiguration
</UL>

<P><STRONG><a name="[5f]"></a>UART_Init</STRONG> (Thumb, 162 bytes, Stack size 64 bytes, mdr32f9qx_uart.o(.text))
<BR><BR>[Stack]<UL><LI>Max Depth = 108<LI>Call Chain = UART_Init &rArr; RST_CLK_GetClocksFreq
</UL>
<BR>[Calls]<UL><LI><a href="#[60]">&gt;&gt;</a>&nbsp;&nbsp;&nbsp;RST_CLK_GetClocksFreq
</UL>
<BR>[Called By]<UL><LI><a href="#[71]">&gt;&gt;</a>&nbsp;&nbsp;&nbsp;USB_CDC_SetLineCoding
<LI><a href="#[16]">&gt;&gt;</a>&nbsp;&nbsp;&nbsp;VCOMFunc
<LI><a href="#[d]">&gt;&gt;</a>&nbsp;&nbsp;&nbsp;UARTwFIFOFunc
<LI><a href="#[e]">&gt;&gt;</a>&nbsp;&nbsp;&nbsp;UARTFunc
</UL>

<P><STRONG><a name="[175]"></a>UART_StructInit</STRONG> (Thumb, 24 bytes, Stack size 0 bytes, mdr32f9qx_uart.o(.text), UNUSED)

<P><STRONG><a name="[f6]"></a>UART_Cmd</STRONG> (Thumb, 24 bytes, Stack size 0 bytes, mdr32f9qx_uart.o(.text))
<BR><BR>[Called By]<UL><LI><a href="#[71]">&gt;&gt;</a>&nbsp;&nbsp;&nbsp;USB_CDC_SetLineCoding
<LI><a href="#[16]">&gt;&gt;</a>&nbsp;&nbsp;&nbsp;VCOMFunc
<LI><a href="#[d]">&gt;&gt;</a>&nbsp;&nbsp;&nbsp;UARTwFIFOFunc
<LI><a href="#[e]">&gt;&gt;</a>&nbsp;&nbsp;&nbsp;UARTFunc
</UL>

<P><STRONG><a name="[f3]"></a>UART_ITConfig</STRONG> (Thumb, 18 bytes, Stack size 0 bytes, mdr32f9qx_uart.o(.text))
<BR><BR>[Called By]<UL><LI><a href="#[71]">&gt;&gt;</a>&nbsp;&nbsp;&nbsp;USB_CDC_SetLineCoding
<LI><a href="#[16]">&gt;&gt;</a>&nbsp;&nbsp;&nbsp;VCOMFunc
<LI><a href="#[d]">&gt;&gt;</a>&nbsp;&nbsp;&nbsp;UARTwFIFOFunc
</UL>

<P><STRONG><a name="[176]"></a>UART_GetITStatus</STRONG> (Thumb, 18 bytes, Stack size 0 bytes, mdr32f9qx_uart.o(.text), UNUSED)

<P><STRONG><a name="[177]"></a>UART_GetITStatusMasked</STRONG> (Thumb, 16 bytes, Stack size 0 bytes, mdr32f9qx_uart.o(.text), UNUSED)

<P><STRONG><a name="[178]"></a>UART_ClearITPendingBit</STRONG> (Thumb, 8 bytes, Stack size 0 bytes, mdr32f9qx_uart.o(.text), UNUSED)

<P><STRONG><a name="[f4]"></a>UART_DMAConfig</STRONG> (Thumb, 8 bytes, Stack size 0 bytes, mdr32f9qx_uart.o(.text))
<BR><BR>[Called By]<UL><LI><a href="#[d]">&gt;&gt;</a>&nbsp;&nbsp;&nbsp;UARTwFIFOFunc
</UL>

<P><STRONG><a name="[f5]"></a>UART_DMACmd</STRONG> (Thumb, 24 bytes, Stack size 8 bytes, mdr32f9qx_uart.o(.text))
<BR><BR>[Stack]<UL><LI>Max Depth = 8<LI>Call Chain = UART_DMACmd
</UL>
<BR>[Called By]<UL><LI><a href="#[d]">&gt;&gt;</a>&nbsp;&nbsp;&nbsp;UARTwFIFOFunc
</UL>

<P><STRONG><a name="[ef]"></a>UART_SendData</STRONG> (Thumb, 8 bytes, Stack size 0 bytes, mdr32f9qx_uart.o(.text))
<BR><BR>[Called By]<UL><LI><a href="#[40]">&gt;&gt;</a>&nbsp;&nbsp;&nbsp;SenderFunc
<LI><a href="#[ee]">&gt;&gt;</a>&nbsp;&nbsp;&nbsp;SenderFuncFIFODemo
<LI><a href="#[e]">&gt;&gt;</a>&nbsp;&nbsp;&nbsp;UARTFunc
</UL>

<P><STRONG><a name="[f2]"></a>UART_ReceiveData</STRONG> (Thumb, 8 bytes, Stack size 0 bytes, mdr32f9qx_uart.o(.text))
<BR><BR>[Called By]<UL><LI><a href="#[3f]">&gt;&gt;</a>&nbsp;&nbsp;&nbsp;ReceiverFunc
<LI><a href="#[f1]">&gt;&gt;</a>&nbsp;&nbsp;&nbsp;ReceiverFuncFIFODemo
<LI><a href="#[e]">&gt;&gt;</a>&nbsp;&nbsp;&nbsp;UARTFunc
</UL>

<P><STRONG><a name="[179]"></a>UART_BreakLine</STRONG> (Thumb, 24 bytes, Stack size 0 bytes, mdr32f9qx_uart.o(.text), UNUSED)

<P><STRONG><a name="[61]"></a>UART_IrDAConfig</STRONG> (Thumb, 40 bytes, Stack size 40 bytes, mdr32f9qx_uart.o(.text), UNUSED)
<BR><BR>[Calls]<UL><LI><a href="#[60]">&gt;&gt;</a>&nbsp;&nbsp;&nbsp;RST_CLK_GetClocksFreq
</UL>

<P><STRONG><a name="[17a]"></a>UART_IrDACmd</STRONG> (Thumb, 24 bytes, Stack size 0 bytes, mdr32f9qx_uart.o(.text), UNUSED)

<P><STRONG><a name="[f0]"></a>UART_GetFlagStatus</STRONG> (Thumb, 16 bytes, Stack size 0 bytes, mdr32f9qx_uart.o(.text))
<BR><BR>[Called By]<UL><LI><a href="#[3f]">&gt;&gt;</a>&nbsp;&nbsp;&nbsp;ReceiverFunc
<LI><a href="#[40]">&gt;&gt;</a>&nbsp;&nbsp;&nbsp;SenderFunc
<LI><a href="#[f1]">&gt;&gt;</a>&nbsp;&nbsp;&nbsp;ReceiverFuncFIFODemo
<LI><a href="#[ee]">&gt;&gt;</a>&nbsp;&nbsp;&nbsp;SenderFuncFIFODemo
<LI><a href="#[e]">&gt;&gt;</a>&nbsp;&nbsp;&nbsp;UARTFunc
</UL>

<P><STRONG><a name="[ea]"></a>UART_BRGInit</STRONG> (Thumb, 48 bytes, Stack size 0 bytes, mdr32f9qx_uart.o(.text))
<BR><BR>[Called By]<UL><LI><a href="#[ff]">&gt;&gt;</a>&nbsp;&nbsp;&nbsp;UARTConfiguration
<LI><a href="#[e9]">&gt;&gt;</a>&nbsp;&nbsp;&nbsp;UARTConfiguration
</UL>

<P><STRONG><a name="[8a]"></a>USB_BRGInit</STRONG> (Thumb, 54 bytes, Stack size 0 bytes, mdr32f9qx_usb.o(.text))
<BR><BR>[Called By]<UL><LI><a href="#[89]">&gt;&gt;</a>&nbsp;&nbsp;&nbsp;USB_DeviceInit
</UL>

<P><STRONG><a name="[63]"></a>USB_SetHSCR</STRONG> (Thumb, 24 bytes, Stack size 0 bytes, mdr32f9qx_usb.o(.text))
<BR><BR>[Called By]<UL><LI><a href="#[8d]">&gt;&gt;</a>&nbsp;&nbsp;&nbsp;USB_DevicePowerOff
<LI><a href="#[8c]">&gt;&gt;</a>&nbsp;&nbsp;&nbsp;USB_DevicePowerOn
<LI><a href="#[89]">&gt;&gt;</a>&nbsp;&nbsp;&nbsp;USB_DeviceInit
<LI><a href="#[62]">&gt;&gt;</a>&nbsp;&nbsp;&nbsp;USB_Reset
</UL>

<P><STRONG><a name="[62]"></a>USB_Reset</STRONG> (Thumb, 30 bytes, Stack size 4 bytes, mdr32f9qx_usb.o(.text))
<BR><BR>[Stack]<UL><LI>Max Depth = 4<LI>Call Chain = USB_Reset
</UL>
<BR>[Calls]<UL><LI><a href="#[63]">&gt;&gt;</a>&nbsp;&nbsp;&nbsp;USB_SetHSCR
</UL>
<BR>[Called By]<UL><LI><a href="#[89]">&gt;&gt;</a>&nbsp;&nbsp;&nbsp;USB_DeviceInit
</UL>

<P><STRONG><a name="[17b]"></a>USB_GetHSCR</STRONG> (Thumb, 6 bytes, Stack size 0 bytes, mdr32f9qx_usb.o(.text), UNUSED)

<P><STRONG><a name="[17c]"></a>USB_GetHSVR</STRONG> (Thumb, 32 bytes, Stack size 8 bytes, mdr32f9qx_usb.o(.text), UNUSED)

<P><STRONG><a name="[17d]"></a>USB_GetHTXC</STRONG> (Thumb, 6 bytes, Stack size 0 bytes, mdr32f9qx_usb.o(.text), UNUSED)

<P><STRONG><a name="[17e]"></a>USB_SetHTXC</STRONG> (Thumb, 22 bytes, Stack size 0 bytes, mdr32f9qx_usb.o(.text), UNUSED)

<P><STRONG><a name="[17f]"></a>USB_GetHTXT</STRONG> (Thumb, 6 bytes, Stack size 0 bytes, mdr32f9qx_usb.o(.text), UNUSED)

<P><STRONG><a name="[180]"></a>USB_SetHTXT</STRONG> (Thumb, 6 bytes, Stack size 0 bytes, mdr32f9qx_usb.o(.text), UNUSED)

<P><STRONG><a name="[181]"></a>USB_GetHTXLC</STRONG> (Thumb, 6 bytes, Stack size 0 bytes, mdr32f9qx_usb.o(.text), UNUSED)

<P><STRONG><a name="[182]"></a>USB_SetHTXLC</STRONG> (Thumb, 22 bytes, Stack size 0 bytes, mdr32f9qx_usb.o(.text), UNUSED)

<P><STRONG><a name="[183]"></a>USB_GetHTXSE</STRONG> (Thumb, 6 bytes, Stack size 0 bytes, mdr32f9qx_usb.o(.text), UNUSED)

<P><STRONG><a name="[184]"></a>USB_SetHTXSE</STRONG> (Thumb, 22 bytes, Stack size 0 bytes, mdr32f9qx_usb.o(.text), UNUSED)

<P><STRONG><a name="[185]"></a>USB_GetHTXA</STRONG> (Thumb, 6 bytes, Stack size 0 bytes, mdr32f9qx_usb.o(.text), UNUSED)

<P><STRONG><a name="[186]"></a>USB_SetHTXA</STRONG> (Thumb, 6 bytes, Stack size 0 bytes, mdr32f9qx_usb.o(.text), UNUSED)

<P><STRONG><a name="[187]"></a>USB_GetHTXE</STRONG> (Thumb, 6 bytes, Stack size 0 bytes, mdr32f9qx_usb.o(.text), UNUSED)

<P><STRONG><a name="[188]"></a>USB_SetHTXE</STRONG> (Thumb, 6 bytes, Stack size 0 bytes, mdr32f9qx_usb.o(.text), UNUSED)

<P><STRONG><a name="[189]"></a>USB_GetHFN</STRONG> (Thumb, 6 bytes, Stack size 0 bytes, mdr32f9qx_usb.o(.text), UNUSED)

<P><STRONG><a name="[18a]"></a>USB_GetHIS</STRONG> (Thumb, 6 bytes, Stack size 0 bytes, mdr32f9qx_usb.o(.text), UNUSED)

<P><STRONG><a name="[18b]"></a>USB_SetHIS</STRONG> (Thumb, 22 bytes, Stack size 0 bytes, mdr32f9qx_usb.o(.text), UNUSED)

<P><STRONG><a name="[18c]"></a>USB_GetHIM</STRONG> (Thumb, 6 bytes, Stack size 0 bytes, mdr32f9qx_usb.o(.text), UNUSED)

<P><STRONG><a name="[18d]"></a>USB_SetHIM</STRONG> (Thumb, 22 bytes, Stack size 0 bytes, mdr32f9qx_usb.o(.text), UNUSED)

<P><STRONG><a name="[18e]"></a>USB_GetHRXS</STRONG> (Thumb, 6 bytes, Stack size 0 bytes, mdr32f9qx_usb.o(.text), UNUSED)

<P><STRONG><a name="[18f]"></a>USB_GetHRXP</STRONG> (Thumb, 6 bytes, Stack size 0 bytes, mdr32f9qx_usb.o(.text), UNUSED)

<P><STRONG><a name="[190]"></a>USB_GetHRXA</STRONG> (Thumb, 6 bytes, Stack size 0 bytes, mdr32f9qx_usb.o(.text), UNUSED)

<P><STRONG><a name="[191]"></a>USB_GetHRXE</STRONG> (Thumb, 6 bytes, Stack size 0 bytes, mdr32f9qx_usb.o(.text), UNUSED)

<P><STRONG><a name="[192]"></a>USB_GetHRXCS</STRONG> (Thumb, 6 bytes, Stack size 0 bytes, mdr32f9qx_usb.o(.text), UNUSED)

<P><STRONG><a name="[193]"></a>USB_GetHSTM</STRONG> (Thumb, 6 bytes, Stack size 0 bytes, mdr32f9qx_usb.o(.text), UNUSED)

<P><STRONG><a name="[194]"></a>USB_GetHRXFD</STRONG> (Thumb, 8 bytes, Stack size 0 bytes, mdr32f9qx_usb.o(.text), UNUSED)

<P><STRONG><a name="[195]"></a>USB_GetHRXFDC</STRONG> (Thumb, 8 bytes, Stack size 0 bytes, mdr32f9qx_usb.o(.text), UNUSED)

<P><STRONG><a name="[196]"></a>USB_GetHRXFC</STRONG> (Thumb, 8 bytes, Stack size 0 bytes, mdr32f9qx_usb.o(.text), UNUSED)

<P><STRONG><a name="[197]"></a>USB_SetHRXFC</STRONG> (Thumb, 8 bytes, Stack size 0 bytes, mdr32f9qx_usb.o(.text), UNUSED)

<P><STRONG><a name="[198]"></a>USB_GetHTXFD</STRONG> (Thumb, 8 bytes, Stack size 0 bytes, mdr32f9qx_usb.o(.text), UNUSED)

<P><STRONG><a name="[199]"></a>USB_SetHTXFD</STRONG> (Thumb, 8 bytes, Stack size 0 bytes, mdr32f9qx_usb.o(.text), UNUSED)

<P><STRONG><a name="[19a]"></a>USB_GetHTXFC</STRONG> (Thumb, 8 bytes, Stack size 0 bytes, mdr32f9qx_usb.o(.text), UNUSED)

<P><STRONG><a name="[19b]"></a>USB_SetHTXFC</STRONG> (Thumb, 8 bytes, Stack size 0 bytes, mdr32f9qx_usb.o(.text), UNUSED)

<P><STRONG><a name="[81]"></a>USB_GetSEPxCTRL</STRONG> (Thumb, 12 bytes, Stack size 0 bytes, mdr32f9qx_usb.o(.text))
<BR><BR>[Called By]<UL><LI><a href="#[7e]">&gt;&gt;</a>&nbsp;&nbsp;&nbsp;USB_EP_dispatchEvent
</UL>

<P><STRONG><a name="[74]"></a>USB_SetSEPxCTRL</STRONG> (Thumb, 34 bytes, Stack size 8 bytes, mdr32f9qx_usb.o(.text))
<BR><BR>[Stack]<UL><LI>Max Depth = 8<LI>Call Chain = USB_SetSEPxCTRL
</UL>
<BR>[Called By]<UL><LI><a href="#[75]">&gt;&gt;</a>&nbsp;&nbsp;&nbsp;USB_EP_Reset
<LI><a href="#[79]">&gt;&gt;</a>&nbsp;&nbsp;&nbsp;USB_EP_sendInDataPortion
<LI><a href="#[76]">&gt;&gt;</a>&nbsp;&nbsp;&nbsp;USB_EP_SetReady
<LI><a href="#[6f]">&gt;&gt;</a>&nbsp;&nbsp;&nbsp;USB_EP_Init
</UL>

<P><STRONG><a name="[7f]"></a>USB_GetSEPxSTS</STRONG> (Thumb, 12 bytes, Stack size 0 bytes, mdr32f9qx_usb.o(.text))
<BR><BR>[Called By]<UL><LI><a href="#[7e]">&gt;&gt;</a>&nbsp;&nbsp;&nbsp;USB_EP_dispatchEvent
</UL>

<P><STRONG><a name="[80]"></a>USB_GetSEPxTS</STRONG> (Thumb, 12 bytes, Stack size 0 bytes, mdr32f9qx_usb.o(.text))
<BR><BR>[Called By]<UL><LI><a href="#[7e]">&gt;&gt;</a>&nbsp;&nbsp;&nbsp;USB_EP_dispatchEvent
</UL>

<P><STRONG><a name="[19c]"></a>USB_GetSEPxNTS</STRONG> (Thumb, 12 bytes, Stack size 0 bytes, mdr32f9qx_usb.o(.text), UNUSED)

<P><STRONG><a name="[19d]"></a>USB_GetSC</STRONG> (Thumb, 8 bytes, Stack size 0 bytes, mdr32f9qx_usb.o(.text), UNUSED)

<P><STRONG><a name="[8b]"></a>USB_SetSC</STRONG> (Thumb, 26 bytes, Stack size 0 bytes, mdr32f9qx_usb.o(.text))
<BR><BR>[Called By]<UL><LI><a href="#[89]">&gt;&gt;</a>&nbsp;&nbsp;&nbsp;USB_DeviceInit
</UL>

<P><STRONG><a name="[19e]"></a>USB_GetSLS</STRONG> (Thumb, 8 bytes, Stack size 0 bytes, mdr32f9qx_usb.o(.text), UNUSED)

<P><STRONG><a name="[8f]"></a>USB_GetSIS</STRONG> (Thumb, 8 bytes, Stack size 0 bytes, mdr32f9qx_usb.o(.text))
<BR><BR>[Called By]<UL><LI><a href="#[8e]">&gt;&gt;</a>&nbsp;&nbsp;&nbsp;USB_DeviceDispatchEvent
</UL>

<P><STRONG><a name="[77]"></a>USB_SetSIS</STRONG> (Thumb, 8 bytes, Stack size 0 bytes, mdr32f9qx_usb.o(.text))
<BR><BR>[Called By]<UL><LI><a href="#[8e]">&gt;&gt;</a>&nbsp;&nbsp;&nbsp;USB_DeviceDispatchEvent
<LI><a href="#[76]">&gt;&gt;</a>&nbsp;&nbsp;&nbsp;USB_EP_SetReady
</UL>

<P><STRONG><a name="[19f]"></a>USB_GetSIM</STRONG> (Thumb, 8 bytes, Stack size 0 bytes, mdr32f9qx_usb.o(.text), UNUSED)

<P><STRONG><a name="[fd]"></a>USB_SetSIM</STRONG> (Thumb, 26 bytes, Stack size 0 bytes, mdr32f9qx_usb.o(.text))
<BR><BR>[Called By]<UL><LI><a href="#[fc]">&gt;&gt;</a>&nbsp;&nbsp;&nbsp;Setup_USB
</UL>

<P><STRONG><a name="[1a0]"></a>USB_GetSA</STRONG> (Thumb, 8 bytes, Stack size 0 bytes, mdr32f9qx_usb.o(.text), UNUSED)

<P><STRONG><a name="[85]"></a>USB_SetSA</STRONG> (Thumb, 8 bytes, Stack size 0 bytes, mdr32f9qx_usb.o(.text))
<BR><BR>[Called By]<UL><LI><a href="#[3c]">&gt;&gt;</a>&nbsp;&nbsp;&nbsp;USB_Device_setAddressWork
</UL>

<P><STRONG><a name="[1a1]"></a>USB_GetSFN</STRONG> (Thumb, 8 bytes, Stack size 0 bytes, mdr32f9qx_usb.o(.text), UNUSED)

<P><STRONG><a name="[83]"></a>USB_GetSEPxRXFD</STRONG> (Thumb, 14 bytes, Stack size 0 bytes, mdr32f9qx_usb.o(.text))
<BR><BR>[Called By]<UL><LI><a href="#[7e]">&gt;&gt;</a>&nbsp;&nbsp;&nbsp;USB_EP_dispatchEvent
</UL>

<P><STRONG><a name="[82]"></a>USB_GetSEPxRXFDC</STRONG> (Thumb, 14 bytes, Stack size 0 bytes, mdr32f9qx_usb.o(.text))
<BR><BR>[Called By]<UL><LI><a href="#[7e]">&gt;&gt;</a>&nbsp;&nbsp;&nbsp;USB_EP_dispatchEvent
</UL>

<P><STRONG><a name="[1a2]"></a>USB_GetSEPxRXFC</STRONG> (Thumb, 14 bytes, Stack size 0 bytes, mdr32f9qx_usb.o(.text), UNUSED)

<P><STRONG><a name="[84]"></a>USB_SetSEPxRXFC</STRONG> (Thumb, 12 bytes, Stack size 0 bytes, mdr32f9qx_usb.o(.text))
<BR><BR>[Called By]<UL><LI><a href="#[7e]">&gt;&gt;</a>&nbsp;&nbsp;&nbsp;USB_EP_dispatchEvent
</UL>

<P><STRONG><a name="[1a3]"></a>USB_GetSEPxTXFD</STRONG> (Thumb, 14 bytes, Stack size 0 bytes, mdr32f9qx_usb.o(.text), UNUSED)

<P><STRONG><a name="[7c]"></a>USB_SetSEPxTXFD</STRONG> (Thumb, 12 bytes, Stack size 0 bytes, mdr32f9qx_usb.o(.text))
<BR><BR>[Called By]<UL><LI><a href="#[79]">&gt;&gt;</a>&nbsp;&nbsp;&nbsp;USB_EP_sendInDataPortion
</UL>

<P><STRONG><a name="[1a4]"></a>USB_GetSEPxTXFDC</STRONG> (Thumb, 14 bytes, Stack size 0 bytes, mdr32f9qx_usb.o(.text), UNUSED)

<P><STRONG><a name="[7a]"></a>USB_SetSEPxTXFDC</STRONG> (Thumb, 12 bytes, Stack size 0 bytes, mdr32f9qx_usb.o(.text))
<BR><BR>[Called By]<UL><LI><a href="#[79]">&gt;&gt;</a>&nbsp;&nbsp;&nbsp;USB_EP_sendInDataPortion
</UL>

<P><STRONG><a name="[7b]"></a>USB_SEPxToggleEPDATASEQ</STRONG> (Thumb, 22 bytes, Stack size 0 bytes, mdr32f9qx_usb.o(.text))
<BR><BR>[Called By]<UL><LI><a href="#[79]">&gt;&gt;</a>&nbsp;&nbsp;&nbsp;USB_EP_sendInDataPortion
</UL>

<P><STRONG><a name="[65]"></a>USB_CDC_SetReceiveBuffer</STRONG> (Thumb, 12 bytes, Stack size 0 bytes, mdr32f9qx_usb_cdc.o(.text))
<BR><BR>[Called By]<UL><LI><a href="#[64]">&gt;&gt;</a>&nbsp;&nbsp;&nbsp;USB_CDC_Init
</UL>

<P><STRONG><a name="[64]"></a>USB_CDC_Init</STRONG> (Thumb, 38 bytes, Stack size 12 bytes, mdr32f9qx_usb_cdc.o(.text))
<BR><BR>[Stack]<UL><LI>Max Depth = 12<LI>Call Chain = USB_CDC_Init
</UL>
<BR>[Calls]<UL><LI><a href="#[65]">&gt;&gt;</a>&nbsp;&nbsp;&nbsp;USB_CDC_SetReceiveBuffer
</UL>
<BR>[Called By]<UL><LI><a href="#[16]">&gt;&gt;</a>&nbsp;&nbsp;&nbsp;VCOMFunc
</UL>

<P><STRONG><a name="[68]"></a>USB_CDC_ReceiveStart</STRONG> (Thumb, 24 bytes, Stack size 8 bytes, mdr32f9qx_usb_cdc.o(.text), UNUSED)
<BR><BR>[Calls]<UL><LI><a href="#[67]">&gt;&gt;</a>&nbsp;&nbsp;&nbsp;USB_EP_doDataOut
</UL>

<P><STRONG><a name="[69]"></a>USB_CDC_ReceiveStop</STRONG> (Thumb, 20 bytes, Stack size 8 bytes, mdr32f9qx_usb_cdc.o(.text))
<BR><BR>[Stack]<UL><LI>Max Depth = 56<LI>Call Chain = USB_CDC_ReceiveStop &rArr; USB_EP_Stall &rArr; USB_EP_SetReady &rArr; USB_SetSEPxCTRL
</UL>
<BR>[Calls]<UL><LI><a href="#[6a]">&gt;&gt;</a>&nbsp;&nbsp;&nbsp;USB_EP_Stall
</UL>
<BR>[Called By]<UL><LI><a href="#[16]">&gt;&gt;</a>&nbsp;&nbsp;&nbsp;VCOMFunc
</UL>

<P><STRONG><a name="[6b]"></a>USB_CDC_SendData</STRONG> (Thumb, 38 bytes, Stack size 16 bytes, mdr32f9qx_usb_cdc.o(.text))
<BR><BR>[Stack]<UL><LI>Max Depth = 96<LI>Call Chain = USB_CDC_SendData &rArr; USB_EP_doDataIn &rArr; USB_EP_sendInDataPortion &rArr; USB_EP_SetReady &rArr; USB_SetSEPxCTRL
</UL>
<BR>[Calls]<UL><LI><a href="#[6c]">&gt;&gt;</a>&nbsp;&nbsp;&nbsp;USB_EP_doDataIn
</UL>
<BR>[Called By]<UL><LI><a href="#[3f]">&gt;&gt;</a>&nbsp;&nbsp;&nbsp;ReceiverFunc
</UL>

<P><STRONG><a name="[6d]"></a>USB_CDC_Reset</STRONG> (Thumb, 66 bytes, Stack size 8 bytes, mdr32f9qx_usb_cdc.o(.text))
<BR><BR>[Stack]<UL><LI>Max Depth = 72<LI>Call Chain = USB_CDC_Reset &rArr; USB_EP_doDataOut &rArr; USB_EP_Idle &rArr; USB_EP_SetReady &rArr; USB_SetSEPxCTRL
</UL>
<BR>[Calls]<UL><LI><a href="#[67]">&gt;&gt;</a>&nbsp;&nbsp;&nbsp;USB_EP_doDataOut
<LI><a href="#[6f]">&gt;&gt;</a>&nbsp;&nbsp;&nbsp;USB_EP_Init
<LI><a href="#[6e]">&gt;&gt;</a>&nbsp;&nbsp;&nbsp;USB_DeviceReset
</UL>
<BR>[Called By]<UL><LI><a href="#[fc]">&gt;&gt;</a>&nbsp;&nbsp;&nbsp;Setup_USB
</UL>

<P><STRONG><a name="[70]"></a>USB_CDC_GetDescriptor</STRONG> (Thumb, 86 bytes, Stack size 32 bytes, mdr32f9qx_usb_cdc.o(.text))
<BR><BR>[Stack]<UL><LI>Max Depth = 112<LI>Call Chain = USB_CDC_GetDescriptor &rArr; USB_EP_doDataIn &rArr; USB_EP_sendInDataPortion &rArr; USB_EP_SetReady &rArr; USB_SetSEPxCTRL
</UL>
<BR>[Calls]<UL><LI><a href="#[6c]">&gt;&gt;</a>&nbsp;&nbsp;&nbsp;USB_EP_doDataIn
</UL>
<BR>[Called By]<UL><LI><a href="#[88]">&gt;&gt;</a>&nbsp;&nbsp;&nbsp;USB_DeviceSetupPacket
</UL>

<P><STRONG><a name="[72]"></a>USB_CDC_ClassRequest</STRONG> (Thumb, 142 bytes, Stack size 24 bytes, mdr32f9qx_usb_cdc.o(.text))
<BR><BR>[Stack]<UL><LI>Max Depth = 104<LI>Call Chain = USB_CDC_ClassRequest &rArr; USB_EP_doDataIn &rArr; USB_EP_sendInDataPortion &rArr; USB_EP_SetReady &rArr; USB_SetSEPxCTRL
</UL>
<BR>[Calls]<UL><LI><a href="#[67]">&gt;&gt;</a>&nbsp;&nbsp;&nbsp;USB_EP_doDataOut
<LI><a href="#[6c]">&gt;&gt;</a>&nbsp;&nbsp;&nbsp;USB_EP_doDataIn
<LI><a href="#[73]">&gt;&gt;</a>&nbsp;&nbsp;&nbsp;USB_CDC_GetLineCoding
</UL>
<BR>[Called By]<UL><LI><a href="#[88]">&gt;&gt;</a>&nbsp;&nbsp;&nbsp;USB_DeviceSetupPacket
</UL>

<P><STRONG><a name="[1a5]"></a>USB_CDC_DummyDataReceive</STRONG> (Thumb, 6 bytes, Stack size 0 bytes, mdr32f9qx_usb_cdc.o(.text), UNUSED)

<P><STRONG><a name="[1a6]"></a>USB_CDC_DummyDataSent</STRONG> (Thumb, 4 bytes, Stack size 0 bytes, mdr32f9qx_usb_cdc.o(.text), UNUSED)

<P><STRONG><a name="[1a7]"></a>USB_CDC_DummyGetLineCoding</STRONG> (Thumb, 6 bytes, Stack size 0 bytes, mdr32f9qx_usb_cdc.o(.text), UNUSED)

<P><STRONG><a name="[1a8]"></a>USB_CDC_DummySetLineCoding</STRONG> (Thumb, 6 bytes, Stack size 0 bytes, mdr32f9qx_usb_cdc.o(.text), UNUSED)

<P><STRONG><a name="[6f]"></a>USB_EP_Init</STRONG> (Thumb, 66 bytes, Stack size 24 bytes, mdr32f9qx_usb_device.o(.text))
<BR><BR>[Stack]<UL><LI>Max Depth = 32<LI>Call Chain = USB_EP_Init &rArr; USB_SetSEPxCTRL
</UL>
<BR>[Calls]<UL><LI><a href="#[74]">&gt;&gt;</a>&nbsp;&nbsp;&nbsp;USB_SetSEPxCTRL
</UL>
<BR>[Called By]<UL><LI><a href="#[89]">&gt;&gt;</a>&nbsp;&nbsp;&nbsp;USB_DeviceInit
<LI><a href="#[6d]">&gt;&gt;</a>&nbsp;&nbsp;&nbsp;USB_CDC_Reset
</UL>

<P><STRONG><a name="[75]"></a>USB_EP_Reset</STRONG> (Thumb, 36 bytes, Stack size 16 bytes, mdr32f9qx_usb_device.o(.text), UNUSED)
<BR><BR>[Calls]<UL><LI><a href="#[74]">&gt;&gt;</a>&nbsp;&nbsp;&nbsp;USB_SetSEPxCTRL
</UL>

<P><STRONG><a name="[78]"></a>USB_EP_Idle</STRONG> (Thumb, 60 bytes, Stack size 16 bytes, mdr32f9qx_usb_device.o(.text))
<BR><BR>[Stack]<UL><LI>Max Depth = 40<LI>Call Chain = USB_EP_Idle &rArr; USB_EP_SetReady &rArr; USB_SetSEPxCTRL
</UL>
<BR>[Calls]<UL><LI><a href="#[76]">&gt;&gt;</a>&nbsp;&nbsp;&nbsp;USB_EP_SetReady
</UL>
<BR>[Called By]<UL><LI><a href="#[87]">&gt;&gt;</a>&nbsp;&nbsp;&nbsp;USB_DeviceClearFeature
<LI><a href="#[7e]">&gt;&gt;</a>&nbsp;&nbsp;&nbsp;USB_EP_dispatchEvent
<LI><a href="#[7d]">&gt;&gt;</a>&nbsp;&nbsp;&nbsp;USB_EP_setSetupHandler
<LI><a href="#[67]">&gt;&gt;</a>&nbsp;&nbsp;&nbsp;USB_EP_doDataOut
</UL>

<P><STRONG><a name="[6a]"></a>USB_EP_Stall</STRONG> (Thumb, 64 bytes, Stack size 24 bytes, mdr32f9qx_usb_device.o(.text))
<BR><BR>[Stack]<UL><LI>Max Depth = 48<LI>Call Chain = USB_EP_Stall &rArr; USB_EP_SetReady &rArr; USB_SetSEPxCTRL
</UL>
<BR>[Calls]<UL><LI><a href="#[76]">&gt;&gt;</a>&nbsp;&nbsp;&nbsp;USB_EP_SetReady
</UL>
<BR>[Called By]<UL><LI><a href="#[86]">&gt;&gt;</a>&nbsp;&nbsp;&nbsp;USB_DeviceSetFeature
<LI><a href="#[7e]">&gt;&gt;</a>&nbsp;&nbsp;&nbsp;USB_EP_dispatchEvent
<LI><a href="#[69]">&gt;&gt;</a>&nbsp;&nbsp;&nbsp;USB_CDC_ReceiveStop
</UL>

<P><STRONG><a name="[6c]"></a>USB_EP_doDataIn</STRONG> (Thumb, 72 bytes, Stack size 32 bytes, mdr32f9qx_usb_device.o(.text))
<BR><BR>[Stack]<UL><LI>Max Depth = 80<LI>Call Chain = USB_EP_doDataIn &rArr; USB_EP_sendInDataPortion &rArr; USB_EP_SetReady &rArr; USB_SetSEPxCTRL
</UL>
<BR>[Calls]<UL><LI><a href="#[79]">&gt;&gt;</a>&nbsp;&nbsp;&nbsp;USB_EP_sendInDataPortion
</UL>
<BR>[Called By]<UL><LI><a href="#[88]">&gt;&gt;</a>&nbsp;&nbsp;&nbsp;USB_DeviceSetupPacket
<LI><a href="#[72]">&gt;&gt;</a>&nbsp;&nbsp;&nbsp;USB_CDC_ClassRequest
<LI><a href="#[70]">&gt;&gt;</a>&nbsp;&nbsp;&nbsp;USB_CDC_GetDescriptor
<LI><a href="#[6b]">&gt;&gt;</a>&nbsp;&nbsp;&nbsp;USB_CDC_SendData
<LI><a href="#[3b]">&gt;&gt;</a>&nbsp;&nbsp;&nbsp;USB_CDC_DoDataOut
</UL>

<P><STRONG><a name="[67]"></a>USB_EP_doDataOut</STRONG> (Thumb, 56 bytes, Stack size 24 bytes, mdr32f9qx_usb_device.o(.text))
<BR><BR>[Stack]<UL><LI>Max Depth = 64<LI>Call Chain = USB_EP_doDataOut &rArr; USB_EP_Idle &rArr; USB_EP_SetReady &rArr; USB_SetSEPxCTRL
</UL>
<BR>[Calls]<UL><LI><a href="#[78]">&gt;&gt;</a>&nbsp;&nbsp;&nbsp;USB_EP_Idle
</UL>
<BR>[Called By]<UL><LI><a href="#[88]">&gt;&gt;</a>&nbsp;&nbsp;&nbsp;USB_DeviceSetupPacket
<LI><a href="#[3a]">&gt;&gt;</a>&nbsp;&nbsp;&nbsp;USB_DeviceDoStatusOutAck
<LI><a href="#[72]">&gt;&gt;</a>&nbsp;&nbsp;&nbsp;USB_CDC_ClassRequest
<LI><a href="#[6d]">&gt;&gt;</a>&nbsp;&nbsp;&nbsp;USB_CDC_Reset
<LI><a href="#[68]">&gt;&gt;</a>&nbsp;&nbsp;&nbsp;USB_CDC_ReceiveStart
<LI><a href="#[38]">&gt;&gt;</a>&nbsp;&nbsp;&nbsp;USB_CDC_OnDataReceive
</UL>

<P><STRONG><a name="[7d]"></a>USB_EP_setSetupHandler</STRONG> (Thumb, 58 bytes, Stack size 24 bytes, mdr32f9qx_usb_device.o(.text))
<BR><BR>[Stack]<UL><LI>Max Depth = 64<LI>Call Chain = USB_EP_setSetupHandler &rArr; USB_EP_Idle &rArr; USB_EP_SetReady &rArr; USB_SetSEPxCTRL
</UL>
<BR>[Calls]<UL><LI><a href="#[78]">&gt;&gt;</a>&nbsp;&nbsp;&nbsp;USB_EP_Idle
</UL>
<BR>[Called By]<UL><LI><a href="#[89]">&gt;&gt;</a>&nbsp;&nbsp;&nbsp;USB_DeviceInit
</UL>

<P><STRONG><a name="[7e]"></a>USB_EP_dispatchEvent</STRONG> (Thumb, 596 bytes, Stack size 48 bytes, mdr32f9qx_usb_device.o(.text))
<BR><BR>[Stack]<UL><LI>Max Depth = 96<LI>Call Chain = USB_EP_dispatchEvent &rArr; USB_EP_sendInDataPortion &rArr; USB_EP_SetReady &rArr; USB_SetSEPxCTRL
</UL>
<BR>[Calls]<UL><LI><a href="#[78]">&gt;&gt;</a>&nbsp;&nbsp;&nbsp;USB_EP_Idle
<LI><a href="#[79]">&gt;&gt;</a>&nbsp;&nbsp;&nbsp;USB_EP_sendInDataPortion
<LI><a href="#[76]">&gt;&gt;</a>&nbsp;&nbsp;&nbsp;USB_EP_SetReady
<LI><a href="#[6a]">&gt;&gt;</a>&nbsp;&nbsp;&nbsp;USB_EP_Stall
<LI><a href="#[84]">&gt;&gt;</a>&nbsp;&nbsp;&nbsp;USB_SetSEPxRXFC
<LI><a href="#[82]">&gt;&gt;</a>&nbsp;&nbsp;&nbsp;USB_GetSEPxRXFDC
<LI><a href="#[83]">&gt;&gt;</a>&nbsp;&nbsp;&nbsp;USB_GetSEPxRXFD
<LI><a href="#[80]">&gt;&gt;</a>&nbsp;&nbsp;&nbsp;USB_GetSEPxTS
<LI><a href="#[7f]">&gt;&gt;</a>&nbsp;&nbsp;&nbsp;USB_GetSEPxSTS
<LI><a href="#[81]">&gt;&gt;</a>&nbsp;&nbsp;&nbsp;USB_GetSEPxCTRL
</UL>
<BR>[Called By]<UL><LI><a href="#[8e]">&gt;&gt;</a>&nbsp;&nbsp;&nbsp;USB_DeviceDispatchEvent
</UL>

<P><STRONG><a name="[86]"></a>USB_DeviceSetFeature</STRONG> (Thumb, 28 bytes, Stack size 16 bytes, mdr32f9qx_usb_device.o(.text))
<BR><BR>[Stack]<UL><LI>Max Depth = 64<LI>Call Chain = USB_DeviceSetFeature &rArr; USB_EP_Stall &rArr; USB_EP_SetReady &rArr; USB_SetSEPxCTRL
</UL>
<BR>[Calls]<UL><LI><a href="#[6a]">&gt;&gt;</a>&nbsp;&nbsp;&nbsp;USB_EP_Stall
</UL>
<BR>[Called By]<UL><LI><a href="#[88]">&gt;&gt;</a>&nbsp;&nbsp;&nbsp;USB_DeviceSetupPacket
</UL>

<P><STRONG><a name="[87]"></a>USB_DeviceClearFeature</STRONG> (Thumb, 26 bytes, Stack size 16 bytes, mdr32f9qx_usb_device.o(.text))
<BR><BR>[Stack]<UL><LI>Max Depth = 56<LI>Call Chain = USB_DeviceClearFeature &rArr; USB_EP_Idle &rArr; USB_EP_SetReady &rArr; USB_SetSEPxCTRL
</UL>
<BR>[Calls]<UL><LI><a href="#[78]">&gt;&gt;</a>&nbsp;&nbsp;&nbsp;USB_EP_Idle
</UL>
<BR>[Called By]<UL><LI><a href="#[88]">&gt;&gt;</a>&nbsp;&nbsp;&nbsp;USB_DeviceSetupPacket
</UL>

<P><STRONG><a name="[88]"></a>USB_DeviceSetupPacket</STRONG> (Thumb, 596 bytes, Stack size 48 bytes, mdr32f9qx_usb_device.o(.text))
<BR><BR>[Stack]<UL><LI>Max Depth = 160<LI>Call Chain = USB_DeviceSetupPacket &rArr; USB_CDC_GetDescriptor &rArr; USB_EP_doDataIn &rArr; USB_EP_sendInDataPortion &rArr; USB_EP_SetReady &rArr; USB_SetSEPxCTRL
</UL>
<BR>[Calls]<UL><LI><a href="#[87]">&gt;&gt;</a>&nbsp;&nbsp;&nbsp;USB_DeviceClearFeature
<LI><a href="#[86]">&gt;&gt;</a>&nbsp;&nbsp;&nbsp;USB_DeviceSetFeature
<LI><a href="#[67]">&gt;&gt;</a>&nbsp;&nbsp;&nbsp;USB_EP_doDataOut
<LI><a href="#[6c]">&gt;&gt;</a>&nbsp;&nbsp;&nbsp;USB_EP_doDataIn
<LI><a href="#[72]">&gt;&gt;</a>&nbsp;&nbsp;&nbsp;USB_CDC_ClassRequest
<LI><a href="#[70]">&gt;&gt;</a>&nbsp;&nbsp;&nbsp;USB_CDC_GetDescriptor
</UL>
<BR>[Address Reference Count : 1]<UL><LI> mdr32f9qx_usb_device.o(.text)
</UL>
<P><STRONG><a name="[89]"></a>USB_DeviceInit</STRONG> (Thumb, 76 bytes, Stack size 16 bytes, mdr32f9qx_usb_device.o(.text))
<BR><BR>[Stack]<UL><LI>Max Depth = 80<LI>Call Chain = USB_DeviceInit &rArr; USB_EP_setSetupHandler &rArr; USB_EP_Idle &rArr; USB_EP_SetReady &rArr; USB_SetSEPxCTRL
</UL>
<BR>[Calls]<UL><LI><a href="#[7d]">&gt;&gt;</a>&nbsp;&nbsp;&nbsp;USB_EP_setSetupHandler
<LI><a href="#[6f]">&gt;&gt;</a>&nbsp;&nbsp;&nbsp;USB_EP_Init
<LI><a href="#[8b]">&gt;&gt;</a>&nbsp;&nbsp;&nbsp;USB_SetSC
<LI><a href="#[62]">&gt;&gt;</a>&nbsp;&nbsp;&nbsp;USB_Reset
<LI><a href="#[63]">&gt;&gt;</a>&nbsp;&nbsp;&nbsp;USB_SetHSCR
<LI><a href="#[8a]">&gt;&gt;</a>&nbsp;&nbsp;&nbsp;USB_BRGInit
</UL>
<BR>[Called By]<UL><LI><a href="#[fc]">&gt;&gt;</a>&nbsp;&nbsp;&nbsp;Setup_USB
</UL>

<P><STRONG><a name="[8c]"></a>USB_DevicePowerOn</STRONG> (Thumb, 18 bytes, Stack size 8 bytes, mdr32f9qx_usb_device.o(.text))
<BR><BR>[Stack]<UL><LI>Max Depth = 8<LI>Call Chain = USB_DevicePowerOn
</UL>
<BR>[Calls]<UL><LI><a href="#[63]">&gt;&gt;</a>&nbsp;&nbsp;&nbsp;USB_SetHSCR
</UL>
<BR>[Called By]<UL><LI><a href="#[fc]">&gt;&gt;</a>&nbsp;&nbsp;&nbsp;Setup_USB
</UL>

<P><STRONG><a name="[8d]"></a>USB_DevicePowerOff</STRONG> (Thumb, 18 bytes, Stack size 8 bytes, mdr32f9qx_usb_device.o(.text))
<BR><BR>[Stack]<UL><LI>Max Depth = 8<LI>Call Chain = USB_DevicePowerOff
</UL>
<BR>[Calls]<UL><LI><a href="#[63]">&gt;&gt;</a>&nbsp;&nbsp;&nbsp;USB_SetHSCR
</UL>
<BR>[Called By]<UL><LI><a href="#[16]">&gt;&gt;</a>&nbsp;&nbsp;&nbsp;VCOMFunc
</UL>

<P><STRONG><a name="[6e]"></a>USB_DeviceReset</STRONG> (Thumb, 10 bytes, Stack size 0 bytes, mdr32f9qx_usb_device.o(.text))
<BR><BR>[Called By]<UL><LI><a href="#[8e]">&gt;&gt;</a>&nbsp;&nbsp;&nbsp;USB_DeviceDispatchEvent
<LI><a href="#[6d]">&gt;&gt;</a>&nbsp;&nbsp;&nbsp;USB_CDC_Reset
</UL>

<P><STRONG><a name="[1a9]"></a>USB_DeviceSuspend</STRONG> (Thumb, 4 bytes, Stack size 0 bytes, mdr32f9qx_usb_device.o(.text), UNUSED)

<P><STRONG><a name="[1aa]"></a>USB_DeviceResume</STRONG> (Thumb, 4 bytes, Stack size 0 bytes, mdr32f9qx_usb_device.o(.text), UNUSED)

<P><STRONG><a name="[1ab]"></a>USB_DeviceDoStatusInAck</STRONG> (Thumb, 6 bytes, Stack size 0 bytes, mdr32f9qx_usb_device.o(.text), UNUSED)

<P><STRONG><a name="[3a]"></a>USB_DeviceDoStatusOutAck</STRONG> (Thumb, 22 bytes, Stack size 16 bytes, mdr32f9qx_usb_device.o(.text))
<BR><BR>[Stack]<UL><LI>Max Depth = 80<LI>Call Chain = USB_DeviceDoStatusOutAck &rArr; USB_EP_doDataOut &rArr; USB_EP_Idle &rArr; USB_EP_SetReady &rArr; USB_SetSEPxCTRL
</UL>
<BR>[Calls]<UL><LI><a href="#[67]">&gt;&gt;</a>&nbsp;&nbsp;&nbsp;USB_EP_doDataOut
</UL>
<BR>[Address Reference Count : 1]<UL><LI> mdr32f9qx_usb_cdc.o(.text)
</UL>
<P><STRONG><a name="[8e]"></a>USB_DeviceDispatchEvent</STRONG> (Thumb, 108 bytes, Stack size 16 bytes, mdr32f9qx_usb_device.o(.text))
<BR><BR>[Stack]<UL><LI>Max Depth = 112<LI>Call Chain = USB_DeviceDispatchEvent &rArr; USB_EP_dispatchEvent &rArr; USB_EP_sendInDataPortion &rArr; USB_EP_SetReady &rArr; USB_SetSEPxCTRL
</UL>
<BR>[Calls]<UL><LI><a href="#[7e]">&gt;&gt;</a>&nbsp;&nbsp;&nbsp;USB_EP_dispatchEvent
<LI><a href="#[6e]">&gt;&gt;</a>&nbsp;&nbsp;&nbsp;USB_DeviceReset
<LI><a href="#[77]">&gt;&gt;</a>&nbsp;&nbsp;&nbsp;USB_SetSIS
<LI><a href="#[8f]">&gt;&gt;</a>&nbsp;&nbsp;&nbsp;USB_GetSIS
</UL>
<BR>[Called By]<UL><LI><a href="#[25]">&gt;&gt;</a>&nbsp;&nbsp;&nbsp;USB_IRQHandler
</UL>

<P><STRONG><a name="[25]"></a>USB_IRQHandler</STRONG> (Thumb, 8 bytes, Stack size 8 bytes, mdr32f9qx_usb_device.o(.text))
<BR><BR>[Stack]<UL><LI>Max Depth = 120<LI>Call Chain = USB_IRQHandler &rArr; USB_DeviceDispatchEvent &rArr; USB_EP_dispatchEvent &rArr; USB_EP_sendInDataPortion &rArr; USB_EP_SetReady &rArr; USB_SetSEPxCTRL
</UL>
<BR>[Calls]<UL><LI><a href="#[8e]">&gt;&gt;</a>&nbsp;&nbsp;&nbsp;USB_DeviceDispatchEvent
</UL>
<BR>[Address Reference Count : 1]<UL><LI> startup_mdr32f9qx.o(RESET)
</UL>
<P><STRONG><a name="[1ac]"></a>USB_DeviceDummyGetStatus</STRONG> (Thumb, 6 bytes, Stack size 0 bytes, mdr32f9qx_usb_device.o(.text), UNUSED)

<P><STRONG><a name="[1ad]"></a>USB_DeviceDummySetAddress</STRONG> (Thumb, 6 bytes, Stack size 0 bytes, mdr32f9qx_usb_device.o(.text), UNUSED)

<P><STRONG><a name="[1ae]"></a>USB_DeviceDummyGetDescriptor</STRONG> (Thumb, 6 bytes, Stack size 0 bytes, mdr32f9qx_usb_device.o(.text), UNUSED)

<P><STRONG><a name="[1af]"></a>USB_DeviceDummySetDescriptor</STRONG> (Thumb, 6 bytes, Stack size 0 bytes, mdr32f9qx_usb_device.o(.text), UNUSED)

<P><STRONG><a name="[1b0]"></a>USB_DeviceDummyGetConfiguration</STRONG> (Thumb, 4 bytes, Stack size 0 bytes, mdr32f9qx_usb_device.o(.text), UNUSED)

<P><STRONG><a name="[1b1]"></a>USB_DeviceDummySetConfiguration</STRONG> (Thumb, 6 bytes, Stack size 0 bytes, mdr32f9qx_usb_device.o(.text), UNUSED)

<P><STRONG><a name="[1b2]"></a>USB_DeviceDummyGetInterface</STRONG> (Thumb, 34 bytes, Stack size 0 bytes, mdr32f9qx_usb_device.o(.text), UNUSED)

<P><STRONG><a name="[1b3]"></a>USB_DeviceDummySetInterface</STRONG> (Thumb, 6 bytes, Stack size 0 bytes, mdr32f9qx_usb_device.o(.text), UNUSED)

<P><STRONG><a name="[1b4]"></a>USB_DeviceDummySyncFrame</STRONG> (Thumb, 6 bytes, Stack size 0 bytes, mdr32f9qx_usb_device.o(.text), UNUSED)

<P><STRONG><a name="[1b5]"></a>USB_DeviceDummyClassRequest</STRONG> (Thumb, 4 bytes, Stack size 0 bytes, mdr32f9qx_usb_device.o(.text), UNUSED)

<P><STRONG><a name="[1b6]"></a>USB_DeviceDummyVendorRequest</STRONG> (Thumb, 4 bytes, Stack size 0 bytes, mdr32f9qx_usb_device.o(.text), UNUSED)

<P><STRONG><a name="[1b7]"></a>USB_DeviceDummyDataError</STRONG> (Thumb, 8 bytes, Stack size 8 bytes, mdr32f9qx_usb_device.o(.text), UNUSED)

<P><STRONG><a name="[19]"></a>Reset_Handler</STRONG> (Thumb, 8 bytes, Stack size 0 bytes, startup_mdr32f9qx.o(.text))
<BR>[Address Reference Count : 1]<UL><LI> startup_mdr32f9qx.o(RESET)
</UL>
<P><STRONG><a name="[1a]"></a>NMI_Handler</STRONG> (Thumb, 2 bytes, Stack size 0 bytes, startup_mdr32f9qx.o(.text))
<BR><BR>[Calls]<UL><LI><a href="#[1a]">&gt;&gt;</a>&nbsp;&nbsp;&nbsp;NMI_Handler
</UL>
<BR>[Called By]<UL><LI><a href="#[1a]">&gt;&gt;</a>&nbsp;&nbsp;&nbsp;NMI_Handler
</UL>
<BR>[Address Reference Count : 1]<UL><LI> startup_mdr32f9qx.o(RESET)
</UL>
<P><STRONG><a name="[1b]"></a>HardFault_Handler</STRONG> (Thumb, 2 bytes, Stack size 0 bytes, startup_mdr32f9qx.o(.text))
<BR><BR>[Calls]<UL><LI><a href="#[1b]">&gt;&gt;</a>&nbsp;&nbsp;&nbsp;HardFault_Handler
</UL>
<BR>[Called By]<UL><LI><a href="#[1b]">&gt;&gt;</a>&nbsp;&nbsp;&nbsp;HardFault_Handler
</UL>
<BR>[Address Reference Count : 1]<UL><LI> startup_mdr32f9qx.o(RESET)
</UL>
<P><STRONG><a name="[1c]"></a>MemManage_Handler</STRONG> (Thumb, 2 bytes, Stack size 0 bytes, startup_mdr32f9qx.o(.text))
<BR><BR>[Calls]<UL><LI><a href="#[1c]">&gt;&gt;</a>&nbsp;&nbsp;&nbsp;MemManage_Handler
</UL>
<BR>[Called By]<UL><LI><a href="#[1c]">&gt;&gt;</a>&nbsp;&nbsp;&nbsp;MemManage_Handler
</UL>
<BR>[Address Reference Count : 1]<UL><LI> startup_mdr32f9qx.o(RESET)
</UL>
<P><STRONG><a name="[1d]"></a>BusFault_Handler</STRONG> (Thumb, 2 bytes, Stack size 0 bytes, startup_mdr32f9qx.o(.text))
<BR><BR>[Calls]<UL><LI><a href="#[1d]">&gt;&gt;</a>&nbsp;&nbsp;&nbsp;BusFault_Handler
</UL>
<BR>[Called By]<UL><LI><a href="#[1d]">&gt;&gt;</a>&nbsp;&nbsp;&nbsp;BusFault_Handler
</UL>
<BR>[Address Reference Count : 1]<UL><LI> startup_mdr32f9qx.o(RESET)
</UL>
<P><STRONG><a name="[1e]"></a>UsageFault_Handler</STRONG> (Thumb, 2 bytes, Stack size 0 bytes, startup_mdr32f9qx.o(.text))
<BR><BR>[Calls]<UL><LI><a href="#[1e]">&gt;&gt;</a>&nbsp;&nbsp;&nbsp;UsageFault_Handler
</UL>
<BR>[Called By]<UL><LI><a href="#[1e]">&gt;&gt;</a>&nbsp;&nbsp;&nbsp;UsageFault_Handler
</UL>
<BR>[Address Reference Count : 1]<UL><LI> startup_mdr32f9qx.o(RESET)
</UL>
<P><STRONG><a name="[1f]"></a>SVC_Handler</STRONG> (Thumb, 2 bytes, Stack size 0 bytes, startup_mdr32f9qx.o(.text))
<BR><BR>[Calls]<UL><LI><a href="#[1f]">&gt;&gt;</a>&nbsp;&nbsp;&nbsp;SVC_Handler
</UL>
<BR>[Called By]<UL><LI><a href="#[1f]">&gt;&gt;</a>&nbsp;&nbsp;&nbsp;SVC_Handler
</UL>
<BR>[Address Reference Count : 1]<UL><LI> startup_mdr32f9qx.o(RESET)
</UL>
<P><STRONG><a name="[20]"></a>DebugMon_Handler</STRONG> (Thumb, 2 bytes, Stack size 0 bytes, startup_mdr32f9qx.o(.text))
<BR><BR>[Calls]<UL><LI><a href="#[20]">&gt;&gt;</a>&nbsp;&nbsp;&nbsp;DebugMon_Handler
</UL>
<BR>[Called By]<UL><LI><a href="#[20]">&gt;&gt;</a>&nbsp;&nbsp;&nbsp;DebugMon_Handler
</UL>
<BR>[Address Reference Count : 1]<UL><LI> startup_mdr32f9qx.o(RESET)
</UL>
<P><STRONG><a name="[21]"></a>PendSV_Handler</STRONG> (Thumb, 2 bytes, Stack size 0 bytes, startup_mdr32f9qx.o(.text))
<BR><BR>[Calls]<UL><LI><a href="#[21]">&gt;&gt;</a>&nbsp;&nbsp;&nbsp;PendSV_Handler
</UL>
<BR>[Called By]<UL><LI><a href="#[21]">&gt;&gt;</a>&nbsp;&nbsp;&nbsp;PendSV_Handler
</UL>
<BR>[Address Reference Count : 1]<UL><LI> startup_mdr32f9qx.o(RESET)
</UL>
<P><STRONG><a name="[23]"></a>CAN1_IRQHandler</STRONG> (Thumb, 0 bytes, Stack size 0 bytes, startup_mdr32f9qx.o(.text))
<BR><BR>[Calls]<UL><LI><a href="#[23]">&gt;&gt;</a>&nbsp;&nbsp;&nbsp;CAN1_IRQHandler
</UL>
<BR>[Called By]<UL><LI><a href="#[23]">&gt;&gt;</a>&nbsp;&nbsp;&nbsp;CAN1_IRQHandler
</UL>
<BR>[Address Reference Count : 1]<UL><LI> startup_mdr32f9qx.o(RESET)
</UL>
<P><STRONG><a name="[24]"></a>CAN2_IRQHandler</STRONG> (Thumb, 0 bytes, Stack size 0 bytes, startup_mdr32f9qx.o(.text))
<BR>[Address Reference Count : 1]<UL><LI> startup_mdr32f9qx.o(RESET)
</UL>
<P><STRONG><a name="[31]"></a>COMPARATOR_IRQHandler</STRONG> (Thumb, 0 bytes, Stack size 0 bytes, startup_mdr32f9qx.o(.text))
<BR>[Address Reference Count : 1]<UL><LI> startup_mdr32f9qx.o(RESET)
</UL>
<P><STRONG><a name="[26]"></a>DMA_IRQHandler</STRONG> (Thumb, 0 bytes, Stack size 0 bytes, startup_mdr32f9qx.o(.text))
<BR>[Address Reference Count : 1]<UL><LI> startup_mdr32f9qx.o(RESET)
</UL>
<P><STRONG><a name="[34]"></a>EXT_INT1_IRQHandler</STRONG> (Thumb, 0 bytes, Stack size 0 bytes, startup_mdr32f9qx.o(.text))
<BR>[Address Reference Count : 1]<UL><LI> startup_mdr32f9qx.o(RESET)
</UL>
<P><STRONG><a name="[35]"></a>EXT_INT2_IRQHandler</STRONG> (Thumb, 0 bytes, Stack size 0 bytes, startup_mdr32f9qx.o(.text))
<BR>[Address Reference Count : 1]<UL><LI> startup_mdr32f9qx.o(RESET)
</UL>
<P><STRONG><a name="[36]"></a>EXT_INT3_IRQHandler</STRONG> (Thumb, 0 bytes, Stack size 0 bytes, startup_mdr32f9qx.o(.text))
<BR>[Address Reference Count : 1]<UL><LI> startup_mdr32f9qx.o(RESET)
</UL>
<P><STRONG><a name="[37]"></a>EXT_INT4_IRQHandler</STRONG> (Thumb, 0 bytes, Stack size 0 bytes, startup_mdr32f9qx.o(.text))
<BR>[Address Reference Count : 1]<UL><LI> startup_mdr32f9qx.o(RESET)
</UL>
<P><STRONG><a name="[2a]"></a>I2C_IRQHandler</STRONG> (Thumb, 0 bytes, Stack size 0 bytes, startup_mdr32f9qx.o(.text))
<BR>[Address Reference Count : 1]<UL><LI> startup_mdr32f9qx.o(RESET)
</UL>
<P><STRONG><a name="[2b]"></a>POWER_IRQHandler</STRONG> (Thumb, 0 bytes, Stack size 0 bytes, startup_mdr32f9qx.o(.text))
<BR>[Address Reference Count : 1]<UL><LI> startup_mdr32f9qx.o(RESET)
</UL>
<P><STRONG><a name="[29]"></a>SSP1_IRQHandler</STRONG> (Thumb, 0 bytes, Stack size 0 bytes, startup_mdr32f9qx.o(.text))
<BR>[Address Reference Count : 1]<UL><LI> startup_mdr32f9qx.o(RESET)
</UL>
[...]
</UL>
<BR>[Address Reference Count : 1]<UL><LI> menu.o(.data)
</UL>
<P><STRONG><a name="[c5]"></a>LowPower_Init</STRONG> (Thumb, 12 bytes, Stack size 8 bytes, menu_lowpower.o(.text))
<BR><BR>[Stack]<UL><LI>Max Depth = 8<LI>Call Chain = LowPower_Init
</UL>
<BR>[Calls]<UL><LI><a href="#[59]">&gt;&gt;</a>&nbsp;&nbsp;&nbsp;RST_CLK_PCLKcmd
</UL>
<BR>[Called By]<UL><LI><a href="#[4a]">&gt;&gt;</a>&nbsp;&nbsp;&nbsp;main
</UL>

<P><STRONG><a name="[105]"></a>Clock_SaveConfig</STRONG> (Thumb, 22 bytes, Stack size 0 bytes, menu_lowpower.o(.text))
<BR><BR>[Called By]<UL><LI><a href="#[a]">&gt;&gt;</a>&nbsp;&nbsp;&nbsp;STOPMode_RTCAlarm
</UL>

<P><STRONG><a name="[107]"></a>Clock_RestoreConfig</STRONG> (Thumb, 24 bytes, Stack size 0 bytes, menu_lowpower.o(.text))
<BR><BR>[Called By]<UL><LI><a href="#[a]">&gt;&gt;</a>&nbsp;&nbsp;&nbsp;STOPMode_RTCAlarm
</UL>

<P><STRONG><a name="[b]"></a>STANDBYMode_WAKEUP</STRONG> (Thumb, 90 bytes, Stack size 8 bytes, menu_lowpower.o(.text))
<BR><BR>[Stack]<UL><LI>Max Depth = 152<LI>Call Chain = STANDBYMode_WAKEUP &rArr; DisplayMenuTitle &rArr; LCD_PUTS &rArr; LCD_PUTC &rArr; LCD_PUT_BYTE &rArr; WriteLCD_Data &rArr; LCDClock
</UL>
<BR>[Calls]<UL><LI><a href="#[104]">&gt;&gt;</a>&nbsp;&nbsp;&nbsp;POWER_EnterSTANDBYMode
<LI><a href="#[c9]">&gt;&gt;</a>&nbsp;&nbsp;&nbsp;DisplayMenuTitle
<LI><a href="#[c1]">&gt;&gt;</a>&nbsp;&nbsp;&nbsp;LCD_CLS
<LI><a href="#[b7]">&gt;&gt;</a>&nbsp;&nbsp;&nbsp;GetKey
<LI><a href="#[97]">&gt;&gt;</a>&nbsp;&nbsp;&nbsp;LCD_PUTS
</UL>
<BR>[Address Reference Count : 1]<UL><LI> menu.o(.data)
</UL>
<P><STRONG><a name="[c]"></a>STANDBYMode_RTCAlarm</STRONG> (Thumb, 190 bytes, Stack size 8 bytes, menu_lowpower.o(.text))
<BR><BR>[Stack]<UL><LI>Max Depth = 168<LI>Call Chain = STANDBYMode_RTCAlarm &rArr; DisplayMenu &rArr; DisplayMenuTitle &rArr; LCD_PUTS &rArr; LCD_PUTC &rArr; LCD_PUT_BYTE &rArr; WriteLCD_Data &rArr; LCDClock
</UL>
<BR>[Calls]<UL><LI><a href="#[104]">&gt;&gt;</a>&nbsp;&nbsp;&nbsp;POWER_EnterSTANDBYMode
<LI><a href="#[c9]">&gt;&gt;</a>&nbsp;&nbsp;&nbsp;DisplayMenuTitle
<LI><a href="#[c6]">&gt;&gt;</a>&nbsp;&nbsp;&nbsp;DisplayMenu
<LI><a href="#[c1]">&gt;&gt;</a>&nbsp;&nbsp;&nbsp;LCD_CLS
<LI><a href="#[b7]">&gt;&gt;</a>&nbsp;&nbsp;&nbsp;GetKey
<LI><a href="#[97]">&gt;&gt;</a>&nbsp;&nbsp;&nbsp;LCD_PUTS
</UL>
<BR>[Address Reference Count : 1]<UL><LI> menu.o(.data)
</UL>
<P><STRONG><a name="[a]"></a>STOPMode_RTCAlarm</STRONG> (Thumb, 708 bytes, Stack size 8 bytes, menu_lowpower.o(.text))
<BR><BR>[Stack]<UL><LI>Max Depth = 168<LI>Call Chain = STOPMode_RTCAlarm &rArr; DisplayMenu &rArr; DisplayMenuTitle &rArr; LCD_PUTS &rArr; LCD_PUTC &rArr; LCD_PUT_BYTE &rArr; WriteLCD_Data &rArr; LCDClock
</UL>
<BR>[Calls]<UL><LI><a href="#[106]">&gt;&gt;</a>&nbsp;&nbsp;&nbsp;POWER_EnterSTOPMode
<LI><a href="#[107]">&gt;&gt;</a>&nbsp;&nbsp;&nbsp;Clock_RestoreConfig
<LI><a href="#[105]">&gt;&gt;</a>&nbsp;&nbsp;&nbsp;Clock_SaveConfig
<LI><a href="#[108]">&gt;&gt;</a>&nbsp;&nbsp;&nbsp;PORT_RestoreConfig
<LI><a href="#[102]">&gt;&gt;</a>&nbsp;&nbsp;&nbsp;PORT_SaveConfig
<LI><a href="#[c9]">&gt;&gt;</a>&nbsp;&nbsp;&nbsp;DisplayMenuTitle
<LI><a href="#[c6]">&gt;&gt;</a>&nbsp;&nbsp;&nbsp;DisplayMenu
<LI><a href="#[c1]">&gt;&gt;</a>&nbsp;&nbsp;&nbsp;LCD_CLS
<LI><a href="#[b7]">&gt;&gt;</a>&nbsp;&nbsp;&nbsp;GetKey
<LI><a href="#[97]">&gt;&gt;</a>&nbsp;&nbsp;&nbsp;LCD_PUTS
</UL>
<BR>[Address Reference Count : 1]<UL><LI> menu.o(.data)
</UL>
<P><STRONG><a name="[109]"></a>SysTickStart</STRONG> (Thumb, 16 bytes, Stack size 0 bytes, systick.o(.text))
<BR><BR>[Called By]<UL><LI><a href="#[9a]">&gt;&gt;</a>&nbsp;&nbsp;&nbsp;SysTickDelay
</UL>

<P><STRONG><a name="[10a]"></a>SysTickStop</STRONG> (Thumb, 18 bytes, Stack size 0 bytes, systick.o(.text))
<BR><BR>[Called By]<UL><LI><a href="#[9a]">&gt;&gt;</a>&nbsp;&nbsp;&nbsp;SysTickDelay
</UL>

<P><STRONG><a name="[9a]"></a>SysTickDelay</STRONG> (Thumb, 32 bytes, Stack size 4 bytes, systick.o(.text))
<BR><BR>[Stack]<UL><LI>Max Depth = 4<LI>Call Chain = SysTickDelay
</UL>
<BR>[Calls]<UL><LI><a href="#[10a]">&gt;&gt;</a>&nbsp;&nbsp;&nbsp;SysTickStop
<LI><a href="#[109]">&gt;&gt;</a>&nbsp;&nbsp;&nbsp;SysTickStart
</UL>
<BR>[Called By]<UL><LI><a href="#[e4]">&gt;&gt;</a>&nbsp;&nbsp;&nbsp;Date_Regulate
<LI><a href="#[14]">&gt;&gt;</a>&nbsp;&nbsp;&nbsp;IndicatorsFunc
<LI><a href="#[98]">&gt;&gt;</a>&nbsp;&nbsp;&nbsp;LCD_PUTS_Ex
</UL>

<P><STRONG><a name="[9b]"></a>strlen</STRONG> (Thumb, 62 bytes, Stack size 8 bytes, strlen.o(.text))
<BR><BR>[Stack]<UL><LI>Max Depth = 8<LI>Call Chain = strlen
</UL>
<BR>[Called By]<UL><LI><a href="#[c9]">&gt;&gt;</a>&nbsp;&nbsp;&nbsp;DisplayMenuTitle
<LI><a href="#[c8]">&gt;&gt;</a>&nbsp;&nbsp;&nbsp;DisplayMenuItemString
<LI><a href="#[98]">&gt;&gt;</a>&nbsp;&nbsp;&nbsp;LCD_PUTS_Ex
</UL>

<P><STRONG><a name="[1b9]"></a>__use_two_region_memory</STRONG> (Thumb, 2 bytes, Stack size 0 bytes, heapauxi.o(.text), UNUSED)

<P><STRONG><a name="[1ba]"></a>__rt_heap_escrow$2region</STRONG> (Thumb, 2 bytes, Stack size 0 bytes, heapauxi.o(.text), UNUSED)

<P><STRONG><a name="[1bb]"></a>__rt_heap_expand$2region</STRONG> (Thumb, 2 bytes, Stack size 0 bytes, heapauxi.o(.text), UNUSED)

<P><STRONG><a name="[46]"></a>__user_setup_stackheap</STRONG> (Thumb, 74 bytes, Stack size 8 bytes, sys_stackheap_outer.o(.text))
<BR><BR>[Stack]<UL><LI>Max Depth = 8 + Unknown Stack Size
<LI>Call Chain = __user_setup_stackheap
</UL>
<BR>[Calls]<UL><LI><a href="#[10b]">&gt;&gt;</a>&nbsp;&nbsp;&nbsp;__user_perproc_libspace
<LI><a href="#[10c]">&gt;&gt;</a>&nbsp;&nbsp;&nbsp;__user_initial_stackheap
</UL>
<BR>[Called By]<UL><LI><a href="#[45]">&gt;&gt;</a>&nbsp;&nbsp;&nbsp;__rt_entry_sh
</UL>

<P><STRONG><a name="[4b]"></a>exit</STRONG> (Thumb, 18 bytes, Stack size 8 bytes, exit.o(.text))
<BR><BR>[Stack]<UL><LI>Max Depth = 8 + Unknown Stack Size
<LI>Call Chain = exit
</UL>
<BR>[Calls]<UL><LI><a href="#[10d]">&gt;&gt;</a>&nbsp;&nbsp;&nbsp;__rt_exit
</UL>
<BR>[Called By]<UL><LI><a href="#[49]">&gt;&gt;</a>&nbsp;&nbsp;&nbsp;__rt_entry_main
</UL>

<P><STRONG><a name="[1bc]"></a>__user_libspace</STRONG> (Thumb, 8 bytes, Stack size 0 bytes, libspace.o(.text), UNUSED)

<P><STRONG><a name="[10b]"></a>__user_perproc_libspace</STRONG> (Thumb, 0 bytes, Stack size 0 bytes, libspace.o(.text))
<BR><BR>[Called By]<UL><LI><a href="#[46]">&gt;&gt;</a>&nbsp;&nbsp;&nbsp;__user_setup_stackheap
</UL>

<P><STRONG><a name="[1bd]"></a>__user_perthread_libspace</STRONG> (Thumb, 0 bytes, Stack size 0 bytes, libspace.o(.text), UNUSED)

<P><STRONG><a name="[4f]"></a>_sys_exit</STRONG> (Thumb, 8 bytes, Stack size 0 bytes, sys_exit.o(.text))
<BR><BR>[Called By]<UL><LI><a href="#[4e]">&gt;&gt;</a>&nbsp;&nbsp;&nbsp;__rt_exit_exit
</UL>

<P><STRONG><a name="[1be]"></a>__I$use$semihosting</STRONG> (Thumb, 0 bytes, Stack size 0 bytes, use_no_semi.o(.text), UNUSED)

<P><STRONG><a name="[1bf]"></a>__use_no_semihosting_swi</STRONG> (Thumb, 2 bytes, Stack size 0 bytes, use_no_semi.o(.text), UNUSED)

<P><STRONG><a name="[1c0]"></a>__semihosting_library_function</STRONG> (Thumb, 0 bytes, Stack size unknown bytes, indicate_semi.o(.text), UNUSED)
<P>
<H3>
Local Symbols
</H3>
<P><STRONG><a name="[38]"></a>USB_CDC_OnDataReceive</STRONG> (Thumb, 58 bytes, Stack size 24 bytes, mdr32f9qx_usb_cdc.o(.text))
<BR><BR>[Stack]<UL><LI>Max Depth = 88<LI>Call Chain = USB_CDC_OnDataReceive &rArr; USB_EP_doDataOut &rArr; USB_EP_Idle &rArr; USB_EP_SetReady &rArr; USB_SetSEPxCTRL
</UL>
<BR>[Calls]<UL><LI><a href="#[67]">&gt;&gt;</a>&nbsp;&nbsp;&nbsp;USB_EP_doDataOut
<LI><a href="#[66]">&gt;&gt;</a>&nbsp;&nbsp;&nbsp;USB_CDC_RecieveData
</UL>
<BR>[Address Reference Count : 1]<UL><LI> mdr32f9qx_usb_cdc.o(.text)
</UL>
<P><STRONG><a name="[39]"></a>USB_CDC_OnDataSent</STRONG> (Thumb, 12 bytes, Stack size 8 bytes, mdr32f9qx_usb_cdc.o(.text))
<BR><BR>[Stack]<UL><LI>Max Depth = 8<LI>Call Chain = USB_CDC_OnDataSent
</UL>
<BR>[Address Reference Count : 1]<UL><LI> mdr32f9qx_usb_cdc.o(.text)
</UL>
<P><STRONG><a name="[3b]"></a>USB_CDC_DoDataOut</STRONG> (Thumb, 60 bytes, Stack size 24 bytes, mdr32f9qx_usb_cdc.o(.text))
<BR><BR>[Stack]<UL><LI>Max Depth = 148<LI>Call Chain = USB_CDC_DoDataOut &rArr; USB_CDC_SetLineCoding &rArr; UART_Init &rArr; RST_CLK_GetClocksFreq
</UL>
<BR>[Calls]<UL><LI><a href="#[6c]">&gt;&gt;</a>&nbsp;&nbsp;&nbsp;USB_EP_doDataIn
<LI><a href="#[71]">&gt;&gt;</a>&nbsp;&nbsp;&nbsp;USB_CDC_SetLineCoding
</UL>
<BR>[Address Reference Count : 1]<UL><LI> mdr32f9qx_usb_cdc.o(.text)
</UL>
<P><STRONG><a name="[76]"></a>USB_EP_SetReady</STRONG> (Thumb, 40 bytes, Stack size 16 bytes, mdr32f9qx_usb_device.o(.text))
<BR><BR>[Stack]<UL><LI>Max Depth = 24<LI>Call Chain = USB_EP_SetReady &rArr; USB_SetSEPxCTRL
</UL>
<BR>[Calls]<UL><LI><a href="#[77]">&gt;&gt;</a>&nbsp;&nbsp;&nbsp;USB_SetSIS
<LI><a href="#[74]">&gt;&gt;</a>&nbsp;&nbsp;&nbsp;USB_SetSEPxCTRL
</UL>
<BR>[Called By]<UL><LI><a href="#[7e]">&gt;&gt;</a>&nbsp;&nbsp;&nbsp;USB_EP_dispatchEvent
<LI><a href="#[78]">&gt;&gt;</a>&nbsp;&nbsp;&nbsp;USB_EP_Idle
<LI><a href="#[79]">&gt;&gt;</a>&nbsp;&nbsp;&nbsp;USB_EP_sendInDataPortion
<LI><a href="#[6a]">&gt;&gt;</a>&nbsp;&nbsp;&nbsp;USB_EP_Stall
</UL>

<P><STRONG><a name="[79]"></a>USB_EP_sendInDataPortion</STRONG> (Thumb, 120 bytes, Stack size 24 bytes, mdr32f9qx_usb_device.o(.text))
<BR><BR>[Stack]<UL><LI>Max Depth = 48<LI>Call Chain = USB_EP_sendInDataPortion &rArr; USB_EP_SetReady &rArr; USB_SetSEPxCTRL
</UL>
<BR>[Calls]<UL><LI><a href="#[76]">&gt;&gt;</a>&nbsp;&nbsp;&nbsp;USB_EP_SetReady
<LI><a href="#[7b]">&gt;&gt;</a>&nbsp;&nbsp;&nbsp;USB_SEPxToggleEPDATASEQ
<LI><a href="#[7a]">&gt;&gt;</a>&nbsp;&nbsp;&nbsp;USB_SetSEPxTXFDC
<LI><a href="#[7c]">&gt;&gt;</a>&nbsp;&nbsp;&nbsp;USB_SetSEPxTXFD
<LI><a href="#[74]">&gt;&gt;</a>&nbsp;&nbsp;&nbsp;USB_SetSEPxCTRL
</UL>
<BR>[Called By]<UL><LI><a href="#[7e]">&gt;&gt;</a>&nbsp;&nbsp;&nbsp;USB_EP_dispatchEvent
<LI><a href="#[6c]">&gt;&gt;</a>&nbsp;&nbsp;&nbsp;USB_EP_doDataIn
</UL>

<P><STRONG><a name="[3c]"></a>USB_Device_setAddressWork</STRONG> (Thumb, 36 bytes, Stack size 16 bytes, mdr32f9qx_usb_device.o(.text))
<BR><BR>[Stack]<UL><LI>Max Depth = 16<LI>Call Chain = USB_Device_setAddressWork
</UL>
<BR>[Calls]<UL><LI><a href="#[85]">&gt;&gt;</a>&nbsp;&nbsp;&nbsp;USB_SetSA
</UL>
<BR>[Address Reference Count : 1]<UL><LI> mdr32f9qx_usb_device.o(.text)
</UL>
<P><STRONG><a name="[9c]"></a>UARTx_HandlerWork</STRONG> (Thumb, 76 bytes, Stack size 16 bytes, mdr32f9qx_it.o(.text))
<BR><BR>[Stack]<UL><LI>Max Depth = 16<LI>Call Chain = UARTx_HandlerWork
</UL>
<BR>[Called By]<UL><LI><a href="#[28]">&gt;&gt;</a>&nbsp;&nbsp;&nbsp;UART2_IRQHandler
<LI><a href="#[27]">&gt;&gt;</a>&nbsp;&nbsp;&nbsp;UART1_IRQHandler
</UL>

<P><STRONG><a name="[bb]"></a>Pause</STRONG> (Thumb, 22 bytes, Stack size 8 bytes, lcd_mdr32f9qx.o(.text))
<BR><BR>[Stack]<UL><LI>Max Depth = 8<LI>Call Chain = Pause
</UL>
<BR>[Called By]<UL><LI><a href="#[ba]">&gt;&gt;</a>&nbsp;&nbsp;&nbsp;ResetLCD
</UL>

<P><STRONG><a name="[bf]"></a>GetStatus</STRONG> (Thumb, 12 bytes, Stack size 8 bytes, lcd_mdr32f9qx.o(.text))
<BR><BR>[Stack]<UL><LI>Max Depth = 16<LI>Call Chain = GetStatus &rArr; ReadLCD_Cmd
</UL>
<BR>[Calls]<UL><LI><a href="#[be]">&gt;&gt;</a>&nbsp;&nbsp;&nbsp;ReadLCD_Cmd
</UL>
<BR>[Called By]<UL><LI><a href="#[c0]">&gt;&gt;</a>&nbsp;&nbsp;&nbsp;WhileStatus
</UL>

<P><STRONG><a name="[c0]"></a>WhileStatus</STRONG> (Thumb, 28 bytes, Stack size 16 bytes, lcd_mdr32f9qx.o(.text))
<BR><BR>[Stack]<UL><LI>Max Depth = 32<LI>Call Chain = WhileStatus &rArr; GetStatus &rArr; ReadLCD_Cmd
</UL>
<BR>[Calls]<UL><LI><a href="#[bf]">&gt;&gt;</a>&nbsp;&nbsp;&nbsp;GetStatus
</UL>
<BR>[Called By]<UL><LI><a href="#[c1]">&gt;&gt;</a>&nbsp;&nbsp;&nbsp;LCD_CLS
<LI><a href="#[b3]">&gt;&gt;</a>&nbsp;&nbsp;&nbsp;LCD_INIT
</UL>

<P><STRONG><a name="[c8]"></a>DisplayMenuItemString</STRONG> (Thumb, 48 bytes, Stack size 16 bytes, menu.o(.text))
<BR><BR>[Stack]<UL><LI>Max Depth = 136<LI>Call Chain = DisplayMenuItemString &rArr; LCD_PUTS &rArr; LCD_PUTC &rArr; LCD_PUT_BYTE &rArr; WriteLCD_Data &rArr; LCDClock
</UL>
<BR>[Calls]<UL><LI><a href="#[9b]">&gt;&gt;</a>&nbsp;&nbsp;&nbsp;strlen
<LI><a href="#[97]">&gt;&gt;</a>&nbsp;&nbsp;&nbsp;LCD_PUTS
</UL>
<BR>[Called By]<UL><LI><a href="#[cc]">&gt;&gt;</a>&nbsp;&nbsp;&nbsp;DownFunc
<LI><a href="#[cb]">&gt;&gt;</a>&nbsp;&nbsp;&nbsp;UpFunc
<LI><a href="#[c6]">&gt;&gt;</a>&nbsp;&nbsp;&nbsp;DisplayMenu
</UL>

<P><STRONG><a name="[f]"></a>IdleFunc</STRONG> (Thumb, 2 bytes, Stack size 0 bytes, menu.o(.text))
<BR>[Address Reference Count : 1]<UL><LI> menu.o(.data)
</UL>
<P><STRONG><a name="[ca]"></a>SelFunc</STRONG> (Thumb, 94 bytes, Stack size 8 bytes, menu.o(.text))
<BR><BR>[Stack]<UL><LI>Max Depth = 168<LI>Call Chain = SelFunc &rArr; DisplayMenu &rArr; DisplayMenuTitle &rArr; LCD_PUTS &rArr; LCD_PUTC &rArr; LCD_PUT_BYTE &rArr; WriteLCD_Data &rArr; LCDClock
</UL>
<BR>[Calls]<UL><LI><a href="#[c6]">&gt;&gt;</a>&nbsp;&nbsp;&nbsp;DisplayMenu
</UL>
<BR>[Called By]<UL><LI><a href="#[c7]">&gt;&gt;</a>&nbsp;&nbsp;&nbsp;ReadKey
</UL>

<P><STRONG><a name="[cb]"></a>UpFunc</STRONG> (Thumb, 158 bytes, Stack size 8 bytes, menu.o(.text))
<BR><BR>[Stack]<UL><LI>Max Depth = 144<LI>Call Chain = UpFunc &rArr; DisplayMenuItemString &rArr; LCD_PUTS &rArr; LCD_PUTC &rArr; LCD_PUT_BYTE &rArr; WriteLCD_Data &rArr; LCDClock
</UL>
<BR>[Calls]<UL><LI><a href="#[c8]">&gt;&gt;</a>&nbsp;&nbsp;&nbsp;DisplayMenuItemString
<LI><a href="#[97]">&gt;&gt;</a>&nbsp;&nbsp;&nbsp;LCD_PUTS
</UL>
<BR>[Called By]<UL><LI><a href="#[c7]">&gt;&gt;</a>&nbsp;&nbsp;&nbsp;ReadKey
</UL>

<P><STRONG><a name="[cc]"></a>DownFunc</STRONG> (Thumb, 162 bytes, Stack size 8 bytes, menu.o(.text))
<BR><BR>[Stack]<UL><LI>Max Depth = 144<LI>Call Chain = DownFunc &rArr; DisplayMenuItemString &rArr; LCD_PUTS &rArr; LCD_PUTC &rArr; LCD_PUT_BYTE &rArr; WriteLCD_Data &rArr; LCDClock
</UL>
<BR>[Calls]<UL><LI><a href="#[c8]">&gt;&gt;</a>&nbsp;&nbsp;&nbsp;DisplayMenuItemString
<LI><a href="#[97]">&gt;&gt;</a>&nbsp;&nbsp;&nbsp;LCD_PUTS
</UL>
<BR>[Called By]<UL><LI><a href="#[c7]">&gt;&gt;</a>&nbsp;&nbsp;&nbsp;ReadKey
</UL>

<P><STRONG><a name="[5]"></a>ReturnFunc</STRONG> (Thumb, 66 bytes, Stack size 8 bytes, menu.o(.text))
<BR><BR>[Stack]<UL><LI>Max Depth = 168<LI>Call Chain = ReturnFunc &rArr; DisplayMenu &rArr; DisplayMenuTitle &rArr; LCD_PUTS &rArr; LCD_PUTC &rArr; LCD_PUT_BYTE &rArr; WriteLCD_Data &rArr; LCDClock
</UL>
<BR>[Calls]<UL><LI><a href="#[c6]">&gt;&gt;</a>&nbsp;&nbsp;&nbsp;DisplayMenu
</UL>
<BR>[Address Reference Count : 1]<UL><LI> menu.o(.data)
</UL>
<P><STRONG><a name="[ce]"></a>DisplayTriangle</STRONG> (Thumb, 46 bytes, Stack size 16 bytes, menu_gl.o(.text))
<BR><BR>[Stack]<UL><LI>Max Depth = 128<LI>Call Chain = DisplayTriangle &rArr; LCD_Line &rArr; LCD_PutPixel &rArr; WriteLCD_Data &rArr; LCDClock
</UL>
<BR>[Calls]<UL><LI><a href="#[b5]">&gt;&gt;</a>&nbsp;&nbsp;&nbsp;LCD_Line
</UL>
<BR>[Called By]<UL><LI><a href="#[13]">&gt;&gt;</a>&nbsp;&nbsp;&nbsp;ElementsFunc
</UL>

<P><STRONG><a name="[cf]"></a>DisplayFillingTriangle</STRONG> (Thumb, 38 bytes, Stack size 24 bytes, menu_gl.o(.text))
<BR><BR>[Stack]<UL><LI>Max Depth = 136<LI>Call Chain = DisplayFillingTriangle &rArr; LCD_Line &rArr; LCD_PutPixel &rArr; WriteLCD_Data &rArr; LCDClock
</UL>
<BR>[Calls]<UL><LI><a href="#[b5]">&gt;&gt;</a>&nbsp;&nbsp;&nbsp;LCD_Line
</UL>
<BR>[Called By]<UL><LI><a href="#[13]">&gt;&gt;</a>&nbsp;&nbsp;&nbsp;ElementsFunc
</UL>

<P><STRONG><a name="[e1]"></a>IsLeapYear</STRONG> (Thumb, 50 bytes, Stack size 0 bytes, menu_time.o(.text))
<BR><BR>[Called By]<UL><LI><a href="#[e2]">&gt;&gt;</a>&nbsp;&nbsp;&nbsp;IsValidDate
<LI><a href="#[a7]">&gt;&gt;</a>&nbsp;&nbsp;&nbsp;Date_Update
</UL>

<P><STRONG><a name="[f7]"></a>Setup_CPU_Clock</STRONG> (Thumb, 68 bytes, Stack size 8 bytes, menu_vcom.o(.text))
<BR><BR>[Stack]<UL><LI>Max Depth = 32<LI>Call Chain = Setup_CPU_Clock &rArr; RST_CLK_CPU_PLLstatus &rArr; RST_CLK_GetFlagStatus
</UL>
<BR>[Calls]<UL><LI><a href="#[fa]">&gt;&gt;</a>&nbsp;&nbsp;&nbsp;RST_CLK_CPUclkPrescaler
<LI><a href="#[5d]">&gt;&gt;</a>&nbsp;&nbsp;&nbsp;RST_CLK_CPU_PLLstatus
<LI><a href="#[f9]">&gt;&gt;</a>&nbsp;&nbsp;&nbsp;RST_CLK_CPU_PLLcmd
<LI><a href="#[fb]">&gt;&gt;</a>&nbsp;&nbsp;&nbsp;RST_CLK_CPU_PLLuse
<LI><a href="#[b0]">&gt;&gt;</a>&nbsp;&nbsp;&nbsp;RST_CLK_CPU_PLLconfig
<LI><a href="#[5a]">&gt;&gt;</a>&nbsp;&nbsp;&nbsp;RST_CLK_HSEstatus
<LI><a href="#[f8]">&gt;&gt;</a>&nbsp;&nbsp;&nbsp;RST_CLK_HSEconfig
<LI><a href="#[57]">&gt;&gt;</a>&nbsp;&nbsp;&nbsp;RST_CLK_CPUclkSelection
</UL>
<BR>[Called By]<UL><LI><a href="#[16]">&gt;&gt;</a>&nbsp;&nbsp;&nbsp;VCOMFunc
</UL>

<P><STRONG><a name="[fc]"></a>Setup_USB</STRONG> (Thumb, 62 bytes, Stack size 8 bytes, menu_vcom.o(.text))
<BR><BR>[Stack]<UL><LI>Max Depth = 88<LI>Call Chain = Setup_USB &rArr; USB_DeviceInit &rArr; USB_EP_setSetupHandler &rArr; USB_EP_Idle &rArr; USB_EP_SetReady &rArr; USB_SetSEPxCTRL
</UL>
<BR>[Calls]<UL><LI><a href="#[8c]">&gt;&gt;</a>&nbsp;&nbsp;&nbsp;USB_DevicePowerOn
<LI><a href="#[89]">&gt;&gt;</a>&nbsp;&nbsp;&nbsp;USB_DeviceInit
<LI><a href="#[6d]">&gt;&gt;</a>&nbsp;&nbsp;&nbsp;USB_CDC_Reset
<LI><a href="#[fd]">&gt;&gt;</a>&nbsp;&nbsp;&nbsp;USB_SetSIM
<LI><a href="#[59]">&gt;&gt;</a>&nbsp;&nbsp;&nbsp;RST_CLK_PCLKcmd
<LI><a href="#[fe]">&gt;&gt;</a>&nbsp;&nbsp;&nbsp;NVIC_EnableIRQ
</UL>
<BR>[Called By]<UL><LI><a href="#[16]">&gt;&gt;</a>&nbsp;&nbsp;&nbsp;VCOMFunc
</UL>

<P><STRONG><a name="[40]"></a>SenderFunc</STRONG> (Thumb, 54 bytes, Stack size 8 bytes, menu_vcom.o(.text))
<BR><BR>[Stack]<UL><LI>Max Depth = 8<LI>Call Chain = SenderFunc
</UL>
<BR>[Calls]<UL><LI><a href="#[f0]">&gt;&gt;</a>&nbsp;&nbsp;&nbsp;UART_GetFlagStatus
<LI><a href="#[ef]">&gt;&gt;</a>&nbsp;&nbsp;&nbsp;UART_SendData
</UL>
<BR>[Called By]<UL><LI><a href="#[66]">&gt;&gt;</a>&nbsp;&nbsp;&nbsp;USB_CDC_RecieveData
</UL>
<BR>[Address Reference Count : 1]<UL><LI> menu_vcom.o(.text)
</UL>
<P><STRONG><a name="[ff]"></a>UARTConfiguration</STRONG> (Thumb, 56 bytes, Stack size 8 bytes, menu_vcom.o(.text))
<BR><BR>[Stack]<UL><LI>Max Depth = 56<LI>Call Chain = UARTConfiguration &rArr; PORT_Init
</UL>
<BR>[Calls]<UL><LI><a href="#[ea]">&gt;&gt;</a>&nbsp;&nbsp;&nbsp;UART_BRGInit
<LI><a href="#[eb]">&gt;&gt;</a>&nbsp;&nbsp;&nbsp;UART_DeInit
<LI><a href="#[59]">&gt;&gt;</a>&nbsp;&nbsp;&nbsp;RST_CLK_PCLKcmd
<LI><a href="#[b2]">&gt;&gt;</a>&nbsp;&nbsp;&nbsp;PORT_Init
<LI><a href="#[fe]">&gt;&gt;</a>&nbsp;&nbsp;&nbsp;NVIC_EnableIRQ
</UL>
<BR>[Called By]<UL><LI><a href="#[16]">&gt;&gt;</a>&nbsp;&nbsp;&nbsp;VCOMFunc
</UL>

<P><STRONG><a name="[3f]"></a>ReceiverFunc</STRONG> (Thumb, 66 bytes, Stack size 8 bytes, menu_vcom.o(.text))
<BR><BR>[Stack]<UL><LI>Max Depth = 104<LI>Call Chain = ReceiverFunc &rArr; USB_CDC_SendData &rArr; USB_EP_doDataIn &rArr; USB_EP_sendInDataPortion &rArr; USB_EP_SetReady &rArr; USB_SetSEPxCTRL
</UL>
<BR>[Calls]<UL><LI><a href="#[6b]">&gt;&gt;</a>&nbsp;&nbsp;&nbsp;USB_CDC_SendData
<LI><a href="#[f0]">&gt;&gt;</a>&nbsp;&nbsp;&nbsp;UART_GetFlagStatus
<LI><a href="#[f2]">&gt;&gt;</a>&nbsp;&nbsp;&nbsp;UART_ReceiveData
</UL>
<BR>[Address Reference Count : 1]<UL><LI> menu_vcom.o(.text)
</UL>
<P><STRONG><a name="[fe]"></a>NVIC_EnableIRQ</STRONG> (Thumb, 22 bytes, Stack size 0 bytes, menu_vcom.o(.text))
<BR><BR>[Called By]<UL><LI><a href="#[ff]">&gt;&gt;</a>&nbsp;&nbsp;&nbsp;UARTConfiguration
<LI><a href="#[fc]">&gt;&gt;</a>&nbsp;&nbsp;&nbsp;Setup_USB
</UL>

<P><STRONG><a name="[102]"></a>PORT_SaveConfig</STRONG> (Thumb, 304 bytes, Stack size 8 bytes, menu_lowpower.o(.text))
<BR><BR>[Stack]<UL><LI>Max Depth = 8<LI>Call Chain = PORT_SaveConfig
</UL>
<BR>[Calls]<UL><LI><a href="#[103]">&gt;&gt;</a>&nbsp;&nbsp;&nbsp;PORT_DeInit
</UL>
<BR>[Called By]<UL><LI><a href="#[a]">&gt;&gt;</a>&nbsp;&nbsp;&nbsp;STOPMode_RTCAlarm
</UL>

<P><STRONG><a name="[108]"></a>PORT_RestoreConfig</STRONG> (Thumb, 266 bytes, Stack size 0 bytes, menu_lowpower.o(.text))
<BR><BR>[Called By]<UL><LI><a href="#[a]">&gt;&gt;</a>&nbsp;&nbsp;&nbsp;STOPMode_RTCAlarm
</UL>
<P>
<H3>
Undefined Global Symbols
</H3><HR></body></html>
