Component: ARM Compiler 5.06 update 2 (build 183) Tool: armlink [4d35b7]

==============================================================================

Section Cross References

    main.o(i.MltPinCfg) refers to mdr32f9qx_port.o(i.PORT_Init) for PORT_Init
    main.o(i.MltPinCfg) refers to main.o(.bss) for PORTAInit
    main.o(i.main) refers to mdr32f9qx_rst_clk.o(i.RST_CLK_PCLKcmd) for RST_CLK_PCLKcmd
    main.o(i.main) refers to main.o(i.MltPinCfg) for MltPinCfg
    main.o(i.main) refers to mlt_lcd.o(i.LcdInit) for LcdInit
    main.o(i.main) refers to mlt_lcd.o(i.DispOn) for DispOn
    main.o(i.main) refers to mlt_lcd.o(i.LcdClearChip) for LcdClearChip
    main.o(i.main) refers to mlt_lcd.o(i.LcdPutString) for LcdPutString
    main.o(i.main) refers to main.o(.data) for uart_string
    mlt_lcd.o(i.DispOff) refers to mdr32f9qx_port.o(i.PORT_SetBits) for PORT_SetBits
    mlt_lcd.o(i.DispOff) refers to mdr32f9qx_port.o(i.PORT_ResetBits) for PORT_ResetBits
    mlt_lcd.o(i.DispOff) refers to mlt_lcd.o(i.MltDelay) for MltDelay
    mlt_lcd.o(i.DispOff) refers to mlt_lcd.o(i.SetDataBits) for SetDataBits
    mlt_lcd.o(i.DispOn) refers to mdr32f9qx_port.o(i.PORT_SetBits) for PORT_SetBits
    mlt_lcd.o(i.DispOn) refers to mdr32f9qx_port.o(i.PORT_ResetBits) for PORT_ResetBits
    mlt_lcd.o(i.DispOn) refers to mlt_lcd.o(i.MltDelay) for MltDelay
    mlt_lcd.o(i.DispOn) refers to mlt_lcd.o(i.SetDataBits) for SetDataBits
    mlt_lcd.o(i.LcdClearChip) refers to mlt_lcd.o(i.LcdClearPage) for LcdClearPage
    mlt_lcd.o(i.LcdClearPage) refers to mlt_lcd.o(i.SetPage) for SetPage
    mlt_lcd.o(i.LcdClearPage) refers to mlt_lcd.o(i.SetAdress) for SetAdress
    mlt_lcd.o(i.LcdClearPage) refers to mlt_lcd.o(i.ReadStatus) for ReadStatus
    mlt_lcd.o(i.LcdClearPage) refers to mlt_lcd.o(i.WriteData) for WriteData
    mlt_lcd.o(i.LcdInit) refers to mdr32f9qx_port.o(i.PORT_ResetBits) for PORT_ResetBits
    mlt_lcd.o(i.LcdInit) refers to mlt_lcd.o(i.MltDelay) for MltDelay
    mlt_lcd.o(i.LcdInit) refers to mdr32f9qx_port.o(i.PORT_SetBits) for PORT_SetBits
    mlt_lcd.o(i.LcdInit) refers to mlt_lcd.o(i.ReadStatus) for ReadStatus
    mlt_lcd.o(i.LcdPutChar) refers to mlt_lcd.o(i.SetPage) for SetPage
    mlt_lcd.o(i.LcdPutChar) refers to mlt_lcd.o(i.SetAdress) for SetAdress
    mlt_lcd.o(i.LcdPutChar) refers to mlt_lcd.o(i.ReadStatus) for ReadStatus
    mlt_lcd.o(i.LcdPutChar) refers to mlt_lcd.o(i.WriteData) for WriteData
    mlt_lcd.o(i.LcdPutImage) refers to mlt_lcd.o(i.SetPage) for SetPage
    mlt_lcd.o(i.LcdPutImage) refers to mlt_lcd.o(i.SetAdress) for SetAdress
    mlt_lcd.o(i.LcdPutImage) refers to mlt_lcd.o(i.ReadStatus) for ReadStatus
    mlt_lcd.o(i.LcdPutImage) refers to mlt_lcd.o(i.WriteData) for WriteData
    mlt_lcd.o(i.LcdPutString) refers to mlt_lcd.o(i.SetPage) for SetPage
    mlt_lcd.o(i.LcdPutString) refers to mlt_lcd.o(i.SetAdress) for SetAdress
    mlt_lcd.o(i.LcdPutString) refers to mlt_lcd.o(i.ReadStatus) for ReadStatus
    mlt_lcd.o(i.LcdPutString) refers to mlt_lcd.o(i.WriteData) for WriteData
    mlt_lcd.o(i.LcdScrollString) refers to mlt_lcd.o(i.LcdPutString) for LcdPutString
    mlt_lcd.o(i.ReadData) refers to mdr32f9qx_port.o(i.PORT_SetBits) for PORT_SetBits
    mlt_lcd.o(i.ReadData) refers to mlt_lcd.o(i.MltDelay) for MltDelay
    mlt_lcd.o(i.ReadData) refers to mlt_lcd.o(i.SetDataBits) for SetDataBits
    mlt_lcd.o(i.ReadData) refers to mdr32f9qx_port.o(i.PORT_ResetBits) for PORT_ResetBits
    mlt_lcd.o(i.ReadStatus) refers to mdr32f9qx_port.o(i.PORT_SetBits) for PORT_SetBits
    mlt_lcd.o(i.ReadStatus) refers to mdr32f9qx_port.o(i.PORT_ResetBits) for PORT_ResetBits
    mlt_lcd.o(i.ReadStatus) refers to mlt_lcd.o(i.MltDelay) for MltDelay
    mlt_lcd.o(i.SetAdress) refers to mdr32f9qx_port.o(i.PORT_SetBits) for PORT_SetBits
    mlt_lcd.o(i.SetAdress) refers to mdr32f9qx_port.o(i.PORT_ResetBits) for PORT_ResetBits
    mlt_lcd.o(i.SetAdress) refers to mlt_lcd.o(i.MltDelay) for MltDelay
    mlt_lcd.o(i.SetAdress) refers to mlt_lcd.o(i.SetDataBits) for SetDataBits
    mlt_lcd.o(i.SetPage) refers to mdr32f9qx_port.o(i.PORT_SetBits) for PORT_SetBits
    mlt_lcd.o(i.SetPage) refers to mdr32f9qx_port.o(i.PORT_ResetBits) for PORT_ResetBits
    mlt_lcd.o(i.SetPage) refers to mlt_lcd.o(i.MltDelay) for MltDelay
    mlt_lcd.o(i.SetPage) refers to mlt_lcd.o(i.SetDataBits) for SetDataBits
    mlt_lcd.o(i.WriteData) refers to mdr32f9qx_port.o(i.PORT_SetBits) for PORT_SetBits
    mlt_lcd.o(i.WriteData) refers to mdr32f9qx_port.o(i.PORT_ResetBits) for PORT_ResetBits
    mlt_lcd.o(i.WriteData) refers to mlt_lcd.o(i.MltDelay) for MltDelay
    mlt_lcd.o(i.WriteData) refers to mlt_lcd.o(i.SetDataBits) for SetDataBits
    startup_mdr32f9qx.o(STACK) refers (Special) to heapauxi.o(.text) for __use_two_region_memory
    startup_mdr32f9qx.o(HEAP) refers (Special) to heapauxi.o(.text) for __use_two_region_memory
    startup_mdr32f9qx.o(RESET) refers (Special) to heapauxi.o(.text) for __use_two_region_memory
    startup_mdr32f9qx.o(RESET) refers to startup_mdr32f9qx.o(STACK) for __initial_sp
    startup_mdr32f9qx.o(RESET) refers to startup_mdr32f9qx.o(.text) for Reset_Handler
    startup_mdr32f9qx.o(.text) refers (Special) to heapauxi.o(.text) for __use_two_region_memory
    startup_mdr32f9qx.o(.text) refers to system_mdr32f9qx.o(i.SystemInit) for SystemInit
    startup_mdr32f9qx.o(.text) refers to __main.o(!!!main) for __main
    startup_mdr32f9qx.o(.text) refers to startup_mdr32f9qx.o(HEAP) for Heap_Mem
    startup_mdr32f9qx.o(.text) refers to startup_mdr32f9qx.o(STACK) for Stack_Mem
    system_mdr32f9qx.o(i.SystemCoreClockUpdate) refers to system_mdr32f9qx.o(.data) for SystemCoreClock
    system_mdr32f9qx.o(i.SystemInit) refers to system_mdr32f9qx.o(i.SystemCoreClockUpdate) for SystemCoreClockUpdate
    mdr32f9qx_rst_clk.o(i.RST_CLK_CPU_PLLstatus) refers to mdr32f9qx_rst_clk.o(i.RST_CLK_GetFlagStatus) for RST_CLK_GetFlagStatus
    mdr32f9qx_rst_clk.o(i.RST_CLK_DeInit) refers to mdr32f9qx_rst_clk.o(i.RST_CLK_WarmDeInit) for RST_CLK_WarmDeInit
    mdr32f9qx_rst_clk.o(i.RST_CLK_DeInit) refers to mdr32f9qx_rst_clk.o(i.RST_CLK_PCLKcmd) for RST_CLK_PCLKcmd
    mdr32f9qx_rst_clk.o(i.RST_CLK_HSEstatus) refers to mdr32f9qx_rst_clk.o(i.RST_CLK_GetFlagStatus) for RST_CLK_GetFlagStatus
    mdr32f9qx_rst_clk.o(i.RST_CLK_HSIstatus) refers to mdr32f9qx_rst_clk.o(i.RST_CLK_GetFlagStatus) for RST_CLK_GetFlagStatus
    mdr32f9qx_rst_clk.o(i.RST_CLK_LSEstatus) refers to mdr32f9qx_rst_clk.o(i.RST_CLK_GetFlagStatus) for RST_CLK_GetFlagStatus
    mdr32f9qx_rst_clk.o(i.RST_CLK_LSIstatus) refers to mdr32f9qx_rst_clk.o(i.RST_CLK_GetFlagStatus) for RST_CLK_GetFlagStatus
    mdr32f9qx_rst_clk.o(i.RST_CLK_USB_PLLstatus) refers to mdr32f9qx_rst_clk.o(i.RST_CLK_GetFlagStatus) for RST_CLK_GetFlagStatus
    mdr32f9qx_rst_clk.o(i.RST_CLK_WarmDeInit) refers to mdr32f9qx_rst_clk.o(i.RST_CLK_HSIcmd) for RST_CLK_HSIcmd
    mdr32f9qx_rst_clk.o(i.RST_CLK_WarmDeInit) refers to mdr32f9qx_rst_clk.o(i.RST_CLK_HSIstatus) for RST_CLK_HSIstatus
    mdr32f9qx_rst_clk.o(i.RST_CLK_WarmDeInit) refers to mdr32f9qx_rst_clk.o(i.RST_CLK_CPUclkSelection) for RST_CLK_CPUclkSelection
    __main.o(!!!main) refers to __rtentry.o(.ARM.Collect$$rtentry$$00000000) for __rt_entry
    __rtentry.o(.ARM.Collect$$rtentry$$00000000) refers (Special) to __rtentry2.o(.ARM.Collect$$rtentry$$0000000A) for __rt_entry_li
    __rtentry.o(.ARM.Collect$$rtentry$$00000000) refers (Special) to __rtentry2.o(.ARM.Collect$$rtentry$$0000000D) for __rt_entry_main
    __rtentry.o(.ARM.Collect$$rtentry$$00000000) refers (Special) to __rtentry2.o(.ARM.Collect$$rtentry$$0000000C) for __rt_entry_postli_1
    __rtentry.o(.ARM.Collect$$rtentry$$00000000) refers (Special) to __rtentry2.o(.ARM.Collect$$rtentry$$00000009) for __rt_entry_postsh_1
    __rtentry.o(.ARM.Collect$$rtentry$$00000000) refers (Special) to __rtentry2.o(.ARM.Collect$$rtentry$$00000002) for __rt_entry_presh_1
    __rtentry.o(.ARM.Collect$$rtentry$$00000000) refers (Special) to __rtentry4.o(.ARM.Collect$$rtentry$$00000004) for __rt_entry_sh
    __rtentry2.o(.ARM.Collect$$rtentry$$00000008) refers to boardinit2.o(.text) for _platform_post_stackheap_init
    __rtentry2.o(.ARM.Collect$$rtentry$$0000000A) refers to libinit.o(.ARM.Collect$$libinit$$00000000) for __rt_lib_init
    __rtentry2.o(.ARM.Collect$$rtentry$$0000000B) refers to boardinit3.o(.text) for _platform_post_lib_init
    __rtentry2.o(.ARM.Collect$$rtentry$$0000000D) refers to main.o(i.main) for main
    __rtentry2.o(.ARM.Collect$$rtentry$$0000000D) refers to exit.o(.text) for exit
    __rtentry2.o(.ARM.exidx) refers to __rtentry2.o(.ARM.Collect$$rtentry$$00000001) for .ARM.Collect$$rtentry$$00000001
    __rtentry2.o(.ARM.exidx) refers to __rtentry2.o(.ARM.Collect$$rtentry$$00000008) for .ARM.Collect$$rtentry$$00000008
    __rtentry2.o(.ARM.exidx) refers to __rtentry2.o(.ARM.Collect$$rtentry$$0000000A) for .ARM.Collect$$rtentry$$0000000A
    __rtentry2.o(.ARM.exidx) refers to __rtentry2.o(.ARM.Collect$$rtentry$$0000000B) for .ARM.Collect$$rtentry$$0000000B
    __rtentry2.o(.ARM.exidx) refers to __rtentry2.o(.ARM.Collect$$rtentry$$0000000D) for .ARM.Collect$$rtentry$$0000000D
    __rtentry4.o(.ARM.Collect$$rtentry$$00000004) refers to sys_stackheap_outer.o(.text) for __user_setup_stackheap
    __rtentry4.o(.ARM.exidx) refers to __rtentry4.o(.ARM.Collect$$rtentry$$00000004) for .ARM.Collect$$rtentry$$00000004
    sys_stackheap_outer.o(.text) refers to libspace.o(.text) for __user_perproc_libspace
    sys_stackheap_outer.o(.text) refers to startup_mdr32f9qx.o(.text) for __user_initial_stackheap
    exit.o(.text) refers to rtexit.o(.ARM.Collect$$rtexit$$00000000) for __rt_exit
    libinit.o(.ARM.Collect$$libinit$$00000000) refers (Special) to libinit2.o(.ARM.Collect$$libinit$$0000002E) for __rt_lib_init_alloca_1
    libinit.o(.ARM.Collect$$libinit$$00000000) refers (Special) to libinit2.o(.ARM.Collect$$libinit$$0000002C) for __rt_lib_init_argv_1
    libinit.o(.ARM.Collect$$libinit$$00000000) refers (Special) to libinit2.o(.ARM.Collect$$libinit$$0000001B) for __rt_lib_init_atexit_1
    libinit.o(.ARM.Collect$$libinit$$00000000) refers (Special) to libinit2.o(.ARM.Collect$$libinit$$00000021) for __rt_lib_init_clock_1
    libinit.o(.ARM.Collect$$libinit$$00000000) refers (Special) to libinit2.o(.ARM.Collect$$libinit$$00000032) for __rt_lib_init_cpp_1
    libinit.o(.ARM.Collect$$libinit$$00000000) refers (Special) to libinit2.o(.ARM.Collect$$libinit$$00000030) for __rt_lib_init_exceptions_1
    libinit.o(.ARM.Collect$$libinit$$00000000) refers (Special) to libinit2.o(.ARM.Collect$$libinit$$00000002) for __rt_lib_init_fp_1
    libinit.o(.ARM.Collect$$libinit$$00000000) refers (Special) to libinit2.o(.ARM.Collect$$libinit$$0000001F) for __rt_lib_init_fp_trap_1
    libinit.o(.ARM.Collect$$libinit$$00000000) refers (Special) to libinit2.o(.ARM.Collect$$libinit$$00000023) for __rt_lib_init_getenv_1
    libinit.o(.ARM.Collect$$libinit$$00000000) refers (Special) to libinit2.o(.ARM.Collect$$libinit$$0000000A) for __rt_lib_init_heap_1
    libinit.o(.ARM.Collect$$libinit$$00000000) refers (Special) to libinit2.o(.ARM.Collect$$libinit$$00000011) for __rt_lib_init_lc_collate_1
    libinit.o(.ARM.Collect$$libinit$$00000000) refers (Special) to libinit2.o(.ARM.Collect$$libinit$$00000013) for __rt_lib_init_lc_ctype_1
    libinit.o(.ARM.Collect$$libinit$$00000000) refers (Special) to libinit2.o(.ARM.Collect$$libinit$$00000015) for __rt_lib_init_lc_monetary_1
    libinit.o(.ARM.Collect$$libinit$$00000000) refers (Special) to libinit2.o(.ARM.Collect$$libinit$$00000017) for __rt_lib_init_lc_numeric_1
    libinit.o(.ARM.Collect$$libinit$$00000000) refers (Special) to libinit2.o(.ARM.Collect$$libinit$$00000019) for __rt_lib_init_lc_time_1
    libinit.o(.ARM.Collect$$libinit$$00000000) refers (Special) to libinit2.o(.ARM.Collect$$libinit$$00000004) for __rt_lib_init_preinit_1
    libinit.o(.ARM.Collect$$libinit$$00000000) refers (Special) to libinit2.o(.ARM.Collect$$libinit$$0000000E) for __rt_lib_init_rand_1
    libinit.o(.ARM.Collect$$libinit$$00000000) refers (Special) to libinit2.o(.ARM.Collect$$libinit$$00000033) for __rt_lib_init_return
    libinit.o(.ARM.Collect$$libinit$$00000000) refers (Special) to libinit2.o(.ARM.Collect$$libinit$$0000001D) for __rt_lib_init_signal_1
    libinit.o(.ARM.Collect$$libinit$$00000000) refers (Special) to libinit2.o(.ARM.Collect$$libinit$$00000025) for __rt_lib_init_stdio_1
    libinit.o(.ARM.Collect$$libinit$$00000000) refers (Special) to libinit2.o(.ARM.Collect$$libinit$$0000000C) for __rt_lib_init_user_alloc_1
    libspace.o(.text) refers to libspace.o(.bss) for __libspace_start
    rtexit.o(.ARM.Collect$$rtexit$$00000000) refers (Special) to rtexit2.o(.ARM.Collect$$rtexit$$00000004) for __rt_exit_exit
    rtexit.o(.ARM.Collect$$rtexit$$00000000) refers (Special) to rtexit2.o(.ARM.Collect$$rtexit$$00000003) for __rt_exit_ls
    rtexit.o(.ARM.Collect$$rtexit$$00000000) refers (Special) to rtexit2.o(.ARM.Collect$$rtexit$$00000002) for __rt_exit_prels_1
    rtexit.o(.ARM.exidx) refers (Special) to rtexit2.o(.ARM.Collect$$rtexit$$00000004) for __rt_exit_exit
    rtexit.o(.ARM.exidx) refers (Special) to rtexit2.o(.ARM.Collect$$rtexit$$00000003) for __rt_exit_ls
    rtexit.o(.ARM.exidx) refers (Special) to rtexit2.o(.ARM.Collect$$rtexit$$00000002) for __rt_exit_prels_1
    rtexit.o(.ARM.exidx) refers to rtexit.o(.ARM.Collect$$rtexit$$00000000) for .ARM.Collect$$rtexit$$00000000
    libinit2.o(.ARM.Collect$$libinit$$00000010) refers to libinit2.o(.ARM.Collect$$libinit$$0000000F) for .ARM.Collect$$libinit$$0000000F
    libinit2.o(.ARM.Collect$$libinit$$00000012) refers to libinit2.o(.ARM.Collect$$libinit$$0000000F) for .ARM.Collect$$libinit$$0000000F
    libinit2.o(.ARM.Collect$$libinit$$00000014) refers to libinit2.o(.ARM.Collect$$libinit$$0000000F) for .ARM.Collect$$libinit$$0000000F
    libinit2.o(.ARM.Collect$$libinit$$00000016) refers to libinit2.o(.ARM.Collect$$libinit$$0000000F) for .ARM.Collect$$libinit$$0000000F
    libinit2.o(.ARM.Collect$$libinit$$00000018) refers to libinit2.o(.ARM.Collect$$libinit$$0000000F) for .ARM.Collect$$libinit$$0000000F
    libinit2.o(.ARM.Collect$$libinit$$00000026) refers to argv_veneer.o(.emb_text) for __ARM_argv_veneer
    libinit2.o(.ARM.Collect$$libinit$$00000027) refers to argv_veneer.o(.emb_text) for __ARM_argv_veneer
    rtexit2.o(.ARM.Collect$$rtexit$$00000003) refers to libshutdown.o(.ARM.Collect$$libshutdown$$00000000) for __rt_lib_shutdown
    rtexit2.o(.ARM.Collect$$rtexit$$00000004) refers to sys_exit.o(.text) for _sys_exit
    rtexit2.o(.ARM.exidx) refers to rtexit2.o(.ARM.Collect$$rtexit$$00000001) for .ARM.Collect$$rtexit$$00000001
    rtexit2.o(.ARM.exidx) refers to rtexit2.o(.ARM.Collect$$rtexit$$00000003) for .ARM.Collect$$rtexit$$00000003
    rtexit2.o(.ARM.exidx) refers to rtexit2.o(.ARM.Collect$$rtexit$$00000004) for .ARM.Collect$$rtexit$$00000004
    argv_veneer.o(.emb_text) refers to no_argv.o(.text) for __ARM_get_argv
    sys_exit.o(.text) refers (Special) to use_no_semi.o(.text) for __I$use$semihosting
    sys_exit.o(.text) refers (Special) to indicate_semi.o(.text) for __semihosting_library_function
    _get_argv_nomalloc.o(.text) refers (Special) to hrguard.o(.text) for __heap_region$guard
    _get_argv_nomalloc.o(.text) refers to defsig_rtmem_outer.o(.text) for __rt_SIGRTMEM
    _get_argv_nomalloc.o(.text) refers to sys_command.o(.text) for _sys_command_string
    libshutdown.o(.ARM.Collect$$libshutdown$$00000000) refers (Special) to libshutdown2.o(.ARM.Collect$$libshutdown$$00000002) for __rt_lib_shutdown_cpp_1
    libshutdown.o(.ARM.Collect$$libshutdown$$00000000) refers (Special) to libshutdown2.o(.ARM.Collect$$libshutdown$$00000007) for __rt_lib_shutdown_fp_trap_1
    libshutdown.o(.ARM.Collect$$libshutdown$$00000000) refers (Special) to libshutdown2.o(.ARM.Collect$$libshutdown$$0000000F) for __rt_lib_shutdown_heap_1
    libshutdown.o(.ARM.Collect$$libshutdown$$00000000) refers (Special) to libshutdown2.o(.ARM.Collect$$libshutdown$$00000010) for __rt_lib_shutdown_return
    libshutdown.o(.ARM.Collect$$libshutdown$$00000000) refers (Special) to libshutdown2.o(.ARM.Collect$$libshutdown$$0000000A) for __rt_lib_shutdown_signal_1
    libshutdown.o(.ARM.Collect$$libshutdown$$00000000) refers (Special) to libshutdown2.o(.ARM.Collect$$libshutdown$$00000004) for __rt_lib_shutdown_stdio_1
    libshutdown.o(.ARM.Collect$$libshutdown$$00000000) refers (Special) to libshutdown2.o(.ARM.Collect$$libshutdown$$0000000C) for __rt_lib_shutdown_user_alloc_1
    sys_command.o(.text) refers (Special) to use_no_semi.o(.text) for __I$use$semihosting
    sys_command.o(.text) refers (Special) to indicate_semi.o(.text) for __semihosting_library_function
    defsig_rtmem_outer.o(.text) refers to defsig_rtmem_inner.o(.text) for __rt_SIGRTMEM_inner
    defsig_rtmem_outer.o(.text) refers to defsig_exit.o(.text) for __sig_exit
    defsig_rtmem_formal.o(.text) refers to rt_raise.o(.text) for __rt_raise
    rt_raise.o(.text) refers to __raise.o(.text) for __raise
    rt_raise.o(.text) refers to sys_exit.o(.text) for _sys_exit
    defsig_exit.o(.text) refers to sys_exit.o(.text) for _sys_exit
    defsig_rtmem_inner.o(.text) refers to defsig_general.o(.text) for __default_signal_display
    __raise.o(.text) refers to defsig.o(CL$$defsig) for __default_signal_handler
    defsig_general.o(.text) refers to sys_wrch.o(.text) for _ttywrch
    sys_wrch.o(.text) refers (Special) to use_no_semi.o(.text) for __I$use$semihosting
    sys_wrch.o(.text) refers (Special) to indicate_semi.o(.text) for __semihosting_library_function
    defsig.o(CL$$defsig) refers to defsig_rtmem_inner.o(.text) for __rt_SIGRTMEM_inner
    defsig_abrt_inner.o(.text) refers to defsig_general.o(.text) for __default_signal_display
    defsig_fpe_inner.o(.text) refers to defsig_general.o(.text) for __default_signal_display
    defsig_rtred_inner.o(.text) refers to defsig_general.o(.text) for __default_signal_display
    defsig_stak_inner.o(.text) refers to defsig_general.o(.text) for __default_signal_display
    defsig_pvfn_inner.o(.text) refers to defsig_general.o(.text) for __default_signal_display
    defsig_cppl_inner.o(.text) refers to defsig_general.o(.text) for __default_signal_display
    defsig_segv_inner.o(.text) refers to defsig_general.o(.text) for __default_signal_display
    defsig_other.o(.text) refers to defsig_general.o(.text) for __default_signal_display


==============================================================================

Removing Unused input sections from the image.

    Removing main.o(.rev16_text), (4 bytes).
    Removing main.o(.revsh_text), (4 bytes).
    Removing mlt_lcd.o(.rev16_text), (4 bytes).
    Removing mlt_lcd.o(.revsh_text), (4 bytes).
    Removing mlt_lcd.o(i.DispOff), (168 bytes).
    Removing mlt_lcd.o(i.LcdPutChar), (104 bytes).
    Removing mlt_lcd.o(i.LcdPutImage), (144 bytes).
    Removing mlt_lcd.o(i.LcdScrollString), (130 bytes).
    Removing mlt_lcd.o(i.ReadData), (172 bytes).
    Removing system_mdr32f9qx.o(.rev16_text), (4 bytes).
    Removing system_mdr32f9qx.o(.revsh_text), (4 bytes).
    Removing mdr32f9qx_port.o(.rev16_text), (4 bytes).
    Removing mdr32f9qx_port.o(.revsh_text), (4 bytes).
    Removing mdr32f9qx_port.o(i.PORT_DeInit), (20 bytes).
    Removing mdr32f9qx_port.o(i.PORT_ReadInputData), (6 bytes).
    Removing mdr32f9qx_port.o(i.PORT_ReadInputDataBit), (16 bytes).
    Removing mdr32f9qx_port.o(i.PORT_StructInit), (28 bytes).
    Removing mdr32f9qx_port.o(i.PORT_Write), (24 bytes).
    Removing mdr32f9qx_port.o(i.PORT_WriteBit), (44 bytes).
    Removing mdr32f9qx_rst_clk.o(.rev16_text), (4 bytes).
    Removing mdr32f9qx_rst_clk.o(.revsh_text), (4 bytes).
    Removing mdr32f9qx_rst_clk.o(i.RST_CLK_ADCclkEnable), (12 bytes).
    Removing mdr32f9qx_rst_clk.o(i.RST_CLK_ADCclkPrescaler), (24 bytes).
    Removing mdr32f9qx_rst_clk.o(i.RST_CLK_ADCclkSelection), (20 bytes).
    Removing mdr32f9qx_rst_clk.o(i.RST_CLK_CPU_PLLcmd), (12 bytes).
    Removing mdr32f9qx_rst_clk.o(i.RST_CLK_CPU_PLLconfig), (64 bytes).
    Removing mdr32f9qx_rst_clk.o(i.RST_CLK_CPU_PLLstatus), (52 bytes).
    Removing mdr32f9qx_rst_clk.o(i.RST_CLK_CPU_PLLuse), (12 bytes).
    Removing mdr32f9qx_rst_clk.o(i.RST_CLK_CPUclkPrescaler), (24 bytes).
    Removing mdr32f9qx_rst_clk.o(i.RST_CLK_CPUclkSelection), (20 bytes).
    Removing mdr32f9qx_rst_clk.o(i.RST_CLK_DeInit), (44 bytes).
    Removing mdr32f9qx_rst_clk.o(i.RST_CLK_GetClocksFreq), (628 bytes).
    Removing mdr32f9qx_rst_clk.o(i.RST_CLK_GetFlagStatus), (52 bytes).
    Removing mdr32f9qx_rst_clk.o(i.RST_CLK_HSEclkPrescaler), (20 bytes).
    Removing mdr32f9qx_rst_clk.o(i.RST_CLK_HSEconfig), (60 bytes).
    Removing mdr32f9qx_rst_clk.o(i.RST_CLK_HSEstatus), (52 bytes).
    Removing mdr32f9qx_rst_clk.o(i.RST_CLK_HSIadjust), (24 bytes).
    Removing mdr32f9qx_rst_clk.o(i.RST_CLK_HSIclkPrescaler), (24 bytes).
    Removing mdr32f9qx_rst_clk.o(i.RST_CLK_HSIcmd), (12 bytes).
    Removing mdr32f9qx_rst_clk.o(i.RST_CLK_HSIstatus), (52 bytes).
    Removing mdr32f9qx_rst_clk.o(i.RST_CLK_LSEconfig), (60 bytes).
    Removing mdr32f9qx_rst_clk.o(i.RST_CLK_LSEstatus), (52 bytes).
    Removing mdr32f9qx_rst_clk.o(i.RST_CLK_LSIadjust), (24 bytes).
    Removing mdr32f9qx_rst_clk.o(i.RST_CLK_LSIcmd), (12 bytes).
    Removing mdr32f9qx_rst_clk.o(i.RST_CLK_LSIstatus), (52 bytes).
    Removing mdr32f9qx_rst_clk.o(i.RST_CLK_RTC_HSEclkEnable), (12 bytes).
    Removing mdr32f9qx_rst_clk.o(i.RST_CLK_RTC_HSIclkEnable), (12 bytes).
    Removing mdr32f9qx_rst_clk.o(i.RST_CLK_USB_PLLcmd), (12 bytes).
    Removing mdr32f9qx_rst_clk.o(i.RST_CLK_USB_PLLconfig), (64 bytes).
    Removing mdr32f9qx_rst_clk.o(i.RST_CLK_USB_PLLstatus), (52 bytes).
    Removing mdr32f9qx_rst_clk.o(i.RST_CLK_USB_PLLuse), (12 bytes).
    Removing mdr32f9qx_rst_clk.o(i.RST_CLK_USBclkEnable), (12 bytes).
    Removing mdr32f9qx_rst_clk.o(i.RST_CLK_USBclkPrescaler), (12 bytes).
    Removing mdr32f9qx_rst_clk.o(i.RST_CLK_WarmDeInit), (84 bytes).

54 unused section(s) (total 2576 bytes) removed from the image.

==============================================================================

Image Symbol Table

    Local Symbols

    Symbol Name                              Value     Ov Type        Size  Object(Section)

    ../clib/angel/boardlib.s                 0x00000000   Number         0  boardinit3.o ABSOLUTE
    ../clib/angel/boardlib.s                 0x00000000   Number         0  boardinit2.o ABSOLUTE
    ../clib/angel/boardlib.s                 0x00000000   Number         0  boardinit1.o ABSOLUTE
    ../clib/angel/boardlib.s                 0x00000000   Number         0  boardshut.o ABSOLUTE
    ../clib/angel/dclz77c.s                  0x00000000   Number         0  __dclz77c.o ABSOLUTE
    ../clib/angel/handlers.s                 0x00000000   Number         0  __scatter_zi.o ABSOLUTE
    ../clib/angel/kernel.s                   0x00000000   Number         0  rtexit2.o ABSOLUTE
    ../clib/angel/kernel.s                   0x00000000   Number         0  __rtentry4.o ABSOLUTE
    ../clib/angel/kernel.s                   0x00000000   Number         0  __rtentry2.o ABSOLUTE
    ../clib/angel/kernel.s                   0x00000000   Number         0  __rtentry.o ABSOLUTE
    ../clib/angel/kernel.s                   0x00000000   Number         0  rtexit.o ABSOLUTE
    ../clib/angel/rt.s                       0x00000000   Number         0  rt_raise.o ABSOLUTE
    ../clib/angel/scatter.s                  0x00000000   Number         0  __scatter.o ABSOLUTE
    ../clib/angel/startup.s                  0x00000000   Number         0  __main.o ABSOLUTE
    ../clib/angel/sys.s                      0x00000000   Number         0  sys_stackheap_outer.o ABSOLUTE
    ../clib/angel/sys.s                      0x00000000   Number         0  indicate_semi.o ABSOLUTE
    ../clib/angel/sys.s                      0x00000000   Number         0  use_no_semi.o ABSOLUTE
    ../clib/angel/sys.s                      0x00000000   Number         0  libspace.o ABSOLUTE
    ../clib/angel/sysapp.c                   0x00000000   Number         0  sys_wrch.o ABSOLUTE
    ../clib/angel/sysapp.c                   0x00000000   Number         0  sys_command.o ABSOLUTE
    ../clib/angel/sysapp.c                   0x00000000   Number         0  sys_exit.o ABSOLUTE
    ../clib/armsys.c                         0x00000000   Number         0  no_argv.o ABSOLUTE
    ../clib/armsys.c                         0x00000000   Number         0  _get_argv_nomalloc.o ABSOLUTE
    ../clib/armsys.c                         0x00000000   Number         0  argv_veneer.o ABSOLUTE
    ../clib/armsys.c                         0x00000000   Number         0  argv_veneer.o ABSOLUTE
    ../clib/heapalloc.c                      0x00000000   Number         0  hrguard.o ABSOLUTE
    ../clib/heapaux.c                        0x00000000   Number         0  heapauxi.o ABSOLUTE
    ../clib/libinit.s                        0x00000000   Number         0  libshutdown2.o ABSOLUTE
    ../clib/libinit.s                        0x00000000   Number         0  libinit.o ABSOLUTE
    ../clib/libinit.s                        0x00000000   Number         0  libshutdown.o ABSOLUTE
    ../clib/libinit.s                        0x00000000   Number         0  libinit2.o ABSOLUTE
    ../clib/signal.c                         0x00000000   Number         0  defsig_stak_inner.o ABSOLUTE
    ../clib/signal.c                         0x00000000   Number         0  defsig_pvfn_inner.o ABSOLUTE
    ../clib/signal.c                         0x00000000   Number         0  defsig_general.o ABSOLUTE
    ../clib/signal.c                         0x00000000   Number         0  defsig_rtmem_inner.o ABSOLUTE
    ../clib/signal.c                         0x00000000   Number         0  defsig_cppl_inner.o ABSOLUTE
    ../clib/signal.c                         0x00000000   Number         0  defsig_segv_inner.o ABSOLUTE
    ../clib/signal.c                         0x00000000   Number         0  defsig_exit.o ABSOLUTE
    ../clib/signal.c                         0x00000000   Number         0  defsig_rtmem_formal.o ABSOLUTE
    ../clib/signal.c                         0x00000000   Number         0  defsig_rtmem_outer.o ABSOLUTE
    ../clib/signal.c                         0x00000000   Number         0  __raise.o ABSOLUTE
    ../clib/signal.c                         0x00000000   Number         0  defsig_other.o ABSOLUTE
    ../clib/signal.c                         0x00000000   Number         0  defsig_rtred_inner.o ABSOLUTE
    ../clib/signal.c                         0x00000000   Number         0  defsig_abrt_inner.o ABSOLUTE
    ../clib/signal.c                         0x00000000   Number         0  defsig_fpe_inner.o ABSOLUTE
    ../clib/signal.s                         0x00000000   Number         0  defsig.o ABSOLUTE
    ../clib/stdlib.c                         0x00000000   Number         0  exit.o ABSOLUTE
    ../fplib/fpinit.s                        0x00000000   Number         0  fpinit.o ABSOLUTE
    C:\Keil_v5\ARM\PACK\Keil\MDR1986BExx\1.4\Libraries\MDR32F9Qx_StdPeriph_Driver\src\MDR32F9Qx_port.c 0x00000000   Number         0  mdr32f9qx_port.o ABSOLUTE
    C:\Keil_v5\ARM\PACK\Keil\MDR1986BExx\1.4\Libraries\MDR32F9Qx_StdPeriph_Driver\src\MDR32F9Qx_rst_clk.c 0x00000000   Number         0  mdr32f9qx_rst_clk.o ABSOLUTE
    C:\\Keil_v5\\ARM\\PACK\\Keil\\MDR1986BExx\\1.4\\Libraries\\MDR32F9Qx_StdPeriph_Driver\\src\\MDR32F9Qx_port.c 0x00000000   Number         0  mdr32f9qx_port.o ABSOLUTE
    C:\\Keil_v5\\ARM\\PACK\\Keil\\MDR1986BExx\\1.4\\Libraries\\MDR32F9Qx_StdPeriph_Driver\\src\\MDR32F9Qx_rst_clk.c 0x00000000   Number         0  mdr32f9qx_rst_clk.o ABSOLUTE
    RTE\Device\MDR1986BE91\startup_MDR32F9Qx.s 0x00000000   Number         0  startup_mdr32f9qx.o ABSOLUTE
    RTE\Device\MDR1986BE91\system_MDR32F9Qx.c 0x00000000   Number         0  system_mdr32f9qx.o ABSOLUTE
    RTE\\Device\\MDR1986BE91\\system_MDR32F9Qx.c 0x00000000   Number         0  system_mdr32f9qx.o ABSOLUTE
    dc.s                                     0x00000000   Number         0  dc.o ABSOLUTE
    main.c                                   0x00000000   Number         0  main.o ABSOLUTE
    main.c                                   0x00000000   Number         0  main.o ABSOLUTE
    mlt_lcd.c                                0x00000000   Number         0  mlt_lcd.o ABSOLUTE
    mlt_lcd.c                                0x00000000   Number         0  mlt_lcd.o ABSOLUTE
    RESET                                    0x08000000   Section      192  startup_mdr32f9qx.o(RESET)
    !!!main                                  0x080000c0   Section        8  __main.o(!!!main)
    !!!scatter                               0x080000c8   Section       52  __scatter.o(!!!scatter)
    !!dclz77c                                0x080000fc   Section      100  __dclz77c.o(!!dclz77c)
    !!handler_zi                             0x08000160   Section       28  __scatter_zi.o(!!handler_zi)
    .ARM.Collect$$libinit$$00000000          0x0800017c   Section        2  libinit.o(.ARM.Collect$$libinit$$00000000)
    .ARM.Collect$$libinit$$00000002          0x0800017e   Section        0  libinit2.o(.ARM.Collect$$libinit$$00000002)
    .ARM.Collect$$libinit$$00000004          0x0800017e   Section        0  libinit2.o(.ARM.Collect$$libinit$$00000004)
    .ARM.Collect$$libinit$$0000000A          0x0800017e   Section        0  libinit2.o(.ARM.Collect$$libinit$$0000000A)
    .ARM.Collect$$libinit$$0000000C          0x0800017e   Section        0  libinit2.o(.ARM.Collect$$libinit$$0000000C)
    .ARM.Collect$$libinit$$0000000E          0x0800017e   Section        0  libinit2.o(.ARM.Collect$$libinit$$0000000E)
    .ARM.Collect$$libinit$$00000011          0x0800017e   Section        0  libinit2.o(.ARM.Collect$$libinit$$00000011)
    .ARM.Collect$$libinit$$00000013          0x0800017e   Section        0  libinit2.o(.ARM.Collect$$libinit$$00000013)
    .ARM.Collect$$libinit$$00000015          0x0800017e   Section        0  libinit2.o(.ARM.Collect$$libinit$$00000015)
    .ARM.Collect$$libinit$$00000017          0x0800017e   Section        0  libinit2.o(.ARM.Collect$$libinit$$00000017)
    .ARM.Collect$$libinit$$00000019          0x0800017e   Section        0  libinit2.o(.ARM.Collect$$libinit$$00000019)
    .ARM.Collect$$libinit$$0000001B          0x0800017e   Section        0  libinit2.o(.ARM.Collect$$libinit$$0000001B)
    .ARM.Collect$$libinit$$0000001D          0x0800017e   Section        0  libinit2.o(.ARM.Collect$$libinit$$0000001D)
    .ARM.Collect$$libinit$$0000001F          0x0800017e   Section        0  libinit2.o(.ARM.Collect$$libinit$$0000001F)
    .ARM.Collect$$libinit$$00000021          0x0800017e   Section        0  libinit2.o(.ARM.Collect$$libinit$$00000021)
    .ARM.Collect$$libinit$$00000023          0x0800017e   Section        0  libinit2.o(.ARM.Collect$$libinit$$00000023)
    .ARM.Collect$$libinit$$00000025          0x0800017e   Section        0  libinit2.o(.ARM.Collect$$libinit$$00000025)
    .ARM.Collect$$libinit$$0000002C          0x0800017e   Section        0  libinit2.o(.ARM.Collect$$libinit$$0000002C)
    .ARM.Collect$$libinit$$0000002E          0x0800017e   Section        0  libinit2.o(.ARM.Collect$$libinit$$0000002E)
    .ARM.Collect$$libinit$$00000030          0x0800017e   Section        0  libinit2.o(.ARM.Collect$$libinit$$00000030)
    .ARM.Collect$$libinit$$00000032          0x0800017e   Section        0  libinit2.o(.ARM.Collect$$libinit$$00000032)
    .ARM.Collect$$libinit$$00000033          0x0800017e   Section        2  libinit2.o(.ARM.Collect$$libinit$$00000033)
    .ARM.Collect$$libshutdown$$00000000      0x08000180   Section        2  libshutdown.o(.ARM.Collect$$libshutdown$$00000000)
    .ARM.Collect$$libshutdown$$00000002      0x08000182   Section        0  libshutdown2.o(.ARM.Collect$$libshutdown$$00000002)
    .ARM.Collect$$libshutdown$$00000004      0x08000182   Section        0  libshutdown2.o(.ARM.Collect$$libshutdown$$00000004)
    .ARM.Collect$$libshutdown$$00000007      0x08000182   Section        0  libshutdown2.o(.ARM.Collect$$libshutdown$$00000007)
    .ARM.Collect$$libshutdown$$0000000A      0x08000182   Section        0  libshutdown2.o(.ARM.Collect$$libshutdown$$0000000A)
    .ARM.Collect$$libshutdown$$0000000C      0x08000182   Section        0  libshutdown2.o(.ARM.Collect$$libshutdown$$0000000C)
    .ARM.Collect$$libshutdown$$0000000F      0x08000182   Section        0  libshutdown2.o(.ARM.Collect$$libshutdown$$0000000F)
    .ARM.Collect$$libshutdown$$00000010      0x08000182   Section        2  libshutdown2.o(.ARM.Collect$$libshutdown$$00000010)
    .ARM.Collect$$rtentry$$00000000          0x08000184   Section        0  __rtentry.o(.ARM.Collect$$rtentry$$00000000)
    .ARM.Collect$$rtentry$$00000002          0x08000184   Section        0  __rtentry2.o(.ARM.Collect$$rtentry$$00000002)
    .ARM.Collect$$rtentry$$00000004          0x08000184   Section        6  __rtentry4.o(.ARM.Collect$$rtentry$$00000004)
    .ARM.Collect$$rtentry$$00000009          0x0800018a   Section        0  __rtentry2.o(.ARM.Collect$$rtentry$$00000009)
    .ARM.Collect$$rtentry$$0000000A          0x0800018a   Section        4  __rtentry2.o(.ARM.Collect$$rtentry$$0000000A)
    .ARM.Collect$$rtentry$$0000000C          0x0800018e   Section        0  __rtentry2.o(.ARM.Collect$$rtentry$$0000000C)
    .ARM.Collect$$rtentry$$0000000D          0x0800018e   Section        8  __rtentry2.o(.ARM.Collect$$rtentry$$0000000D)
    .ARM.Collect$$rtexit$$00000000           0x08000196   Section        2  rtexit.o(.ARM.Collect$$rtexit$$00000000)
    .ARM.Collect$$rtexit$$00000002           0x08000198   Section        0  rtexit2.o(.ARM.Collect$$rtexit$$00000002)
    .ARM.Collect$$rtexit$$00000003           0x08000198   Section        4  rtexit2.o(.ARM.Collect$$rtexit$$00000003)
    .ARM.Collect$$rtexit$$00000004           0x0800019c   Section        6  rtexit2.o(.ARM.Collect$$rtexit$$00000004)
    .text                                    0x080001a4   Section       64  startup_mdr32f9qx.o(.text)
    .text                                    0x080001e4   Section        0  heapauxi.o(.text)
    .text                                    0x080001ea   Section       74  sys_stackheap_outer.o(.text)
    .text                                    0x08000234   Section        0  exit.o(.text)
    .text                                    0x08000248   Section        8  libspace.o(.text)
    .text                                    0x08000250   Section        0  sys_exit.o(.text)
    .text                                    0x0800025c   Section        2  use_no_semi.o(.text)
    .text                                    0x0800025e   Section        0  indicate_semi.o(.text)
    i.DispOn                                 0x08000260   Section        0  mlt_lcd.o(i.DispOn)
    i.LcdClearChip                           0x08000308   Section        0  mlt_lcd.o(i.LcdClearChip)
    i.LcdClearPage                           0x08000320   Section        0  mlt_lcd.o(i.LcdClearPage)
    i.LcdInit                                0x08000360   Section        0  mlt_lcd.o(i.LcdInit)
    i.LcdPutString                           0x080003a0   Section        0  mlt_lcd.o(i.LcdPutString)
    i.MltDelay                               0x08000438   Section        0  mlt_lcd.o(i.MltDelay)
    i.MltPinCfg                              0x08000444   Section        0  main.o(i.MltPinCfg)
    i.PORT_Init                              0x080004a0   Section        0  mdr32f9qx_port.o(i.PORT_Init)
    i.PORT_ResetBits                         0x08000668   Section        0  mdr32f9qx_port.o(i.PORT_ResetBits)
    i.PORT_SetBits                           0x08000684   Section        0  mdr32f9qx_port.o(i.PORT_SetBits)
    i.RST_CLK_PCLKcmd                        0x080006a0   Section        0  mdr32f9qx_rst_clk.o(i.RST_CLK_PCLKcmd)
    i.ReadStatus                             0x080006c0   Section        0  mlt_lcd.o(i.ReadStatus)
    i.SetAdress                              0x08000760   Section        0  mlt_lcd.o(i.SetAdress)
    i.SetDataBits                            0x0800080c   Section        0  mlt_lcd.o(i.SetDataBits)
    i.SetPage                                0x08000828   Section        0  mlt_lcd.o(i.SetPage)
    i.SystemCoreClockUpdate                  0x080008d4   Section        0  system_mdr32f9qx.o(i.SystemCoreClockUpdate)
    i.SystemInit                             0x08000964   Section        0  system_mdr32f9qx.o(i.SystemInit)
    i.WriteData                              0x080009a4   Section        0  mlt_lcd.o(i.WriteData)
    i.main                                   0x08000a50   Section        0  main.o(i.main)
    .data                                    0x20000000   Section     1160  main.o(.data)
    .data                                    0x20000488   Section        4  system_mdr32f9qx.o(.data)
    .bss                                     0x2000048c   Section       36  main.o(.bss)
    .bss                                     0x200004b0   Section       96  libspace.o(.bss)
    HEAP                                     0x20000510   Section      512  startup_mdr32f9qx.o(HEAP)
    Heap_Mem                                 0x20000510   Data         512  startup_mdr32f9qx.o(HEAP)
    STACK                                    0x20000710   Section     1024  startup_mdr32f9qx.o(STACK)
    Stack_Mem                                0x20000710   Data        1024  startup_mdr32f9qx.o(STACK)
    __initial_sp                             0x20000b10   Data           0  startup_mdr32f9qx.o(STACK)

    Global Symbols

    Symbol Name                              Value     Ov Type        Size  Object(Section)

    BuildAttributes$$THM_ISAv4$P$D$K$B$S$PE$A:L22UL41UL21$X:L11$S22US41US21$IEEE1$IW$USESV6$~STKCKD$USESV7$~SHL$OSPACE$ROPI$EBA8$UX$STANDARDLIB$REQ8$PRES8$EABIv2 0x00000000   Number         0  anon$$obj.o ABSOLUTE
    __ARM_use_no_argv                        0x00000000   Number         0  main.o ABSOLUTE
    __ARM_exceptions_init                     - Undefined Weak Reference
    __alloca_initialize                       - Undefined Weak Reference
    __arm_preinit_                            - Undefined Weak Reference
    __cpp_initialize__aeabi_                  - Undefined Weak Reference
    __cxa_finalize                            - Undefined Weak Reference
    __rt_locale                               - Undefined Weak Reference
    __sigvec_lookup                           - Undefined Weak Reference
    _atexit_init                              - Undefined Weak Reference
    _call_atexit_fns                          - Undefined Weak Reference
    _clock_init                               - Undefined Weak Reference
    _fp_trap_init                             - Undefined Weak Reference
    _fp_trap_shutdown                         - Undefined Weak Reference
    _get_lc_collate                           - Undefined Weak Reference
    _get_lc_ctype                             - Undefined Weak Reference
    _get_lc_monetary                          - Undefined Weak Reference
    _get_lc_numeric                           - Undefined Weak Reference
    _get_lc_time                              - Undefined Weak Reference
    _getenv_init                              - Undefined Weak Reference
    _handle_redirection                       - Undefined Weak Reference
    _init_alloc                               - Undefined Weak Reference
    _init_user_alloc                          - Undefined Weak Reference
    _initio                                   - Undefined Weak Reference
    _rand_init                                - Undefined Weak Reference
    _signal_finish                            - Undefined Weak Reference
    _signal_init                              - Undefined Weak Reference
    _terminate_alloc                          - Undefined Weak Reference
    _terminate_user_alloc                     - Undefined Weak Reference
    _terminateio                              - Undefined Weak Reference
    __Vectors_Size                           0x000000c0   Number         0  startup_mdr32f9qx.o ABSOLUTE
    __Vectors                                0x08000000   Data           4  startup_mdr32f9qx.o(RESET)
    __Vectors_End                            0x080000c0   Data           0  startup_mdr32f9qx.o(RESET)
    __main                                   0x080000c1   Thumb Code     8  __main.o(!!!main)
    __scatterload                            0x080000c9   Thumb Code     0  __scatter.o(!!!scatter)
    __scatterload_rt2                        0x080000c9   Thumb Code    44  __scatter.o(!!!scatter)
    __scatterload_rt2_thumb_only             0x080000c9   Thumb Code     0  __scatter.o(!!!scatter)
    __scatterload_null                       0x080000d7   Thumb Code     0  __scatter.o(!!!scatter)
    __decompress                             0x080000fd   Thumb Code   100  __dclz77c.o(!!dclz77c)
    __decompress2                            0x080000fd   Thumb Code     0  __dclz77c.o(!!dclz77c)
    __scatterload_zeroinit                   0x08000161   Thumb Code    28  __scatter_zi.o(!!handler_zi)
    __rt_lib_init                            0x0800017d   Thumb Code     0  libinit.o(.ARM.Collect$$libinit$$00000000)
    __rt_lib_init_alloca_1                   0x0800017f   Thumb Code     0  libinit2.o(.ARM.Collect$$libinit$$0000002E)
    __rt_lib_init_argv_1                     0x0800017f   Thumb Code     0  libinit2.o(.ARM.Collect$$libinit$$0000002C)
    __rt_lib_init_atexit_1                   0x0800017f   Thumb Code     0  libinit2.o(.ARM.Collect$$libinit$$0000001B)
    __rt_lib_init_clock_1                    0x0800017f   Thumb Code     0  libinit2.o(.ARM.Collect$$libinit$$00000021)
    __rt_lib_init_cpp_1                      0x0800017f   Thumb Code     0  libinit2.o(.ARM.Collect$$libinit$$00000032)
    __rt_lib_init_exceptions_1               0x0800017f   Thumb Code     0  libinit2.o(.ARM.Collect$$libinit$$00000030)
    __rt_lib_init_fp_1                       0x0800017f   Thumb Code     0  libinit2.o(.ARM.Collect$$libinit$$00000002)
    __rt_lib_init_fp_trap_1                  0x0800017f   Thumb Code     0  libinit2.o(.ARM.Collect$$libinit$$0000001F)
    __rt_lib_init_getenv_1                   0x0800017f   Thumb Code     0  libinit2.o(.ARM.Collect$$libinit$$00000023)
    __rt_lib_init_heap_1                     0x0800017f   Thumb Code     0  libinit2.o(.ARM.Collect$$libinit$$0000000A)
    __rt_lib_init_lc_collate_1               0x0800017f   Thumb Code     0  libinit2.o(.ARM.Collect$$libinit$$00000011)
    __rt_lib_init_lc_ctype_1                 0x0800017f   Thumb Code     0  libinit2.o(.ARM.Collect$$libinit$$00000013)
    __rt_lib_init_lc_monetary_1              0x0800017f   Thumb Code     0  libinit2.o(.ARM.Collect$$libinit$$00000015)
    __rt_lib_init_lc_numeric_1               0x0800017f   Thumb Code     0  libinit2.o(.ARM.Collect$$libinit$$00000017)
    __rt_lib_init_lc_time_1                  0x0800017f   Thumb Code     0  libinit2.o(.ARM.Collect$$libinit$$00000019)
    __rt_lib_init_preinit_1                  0x0800017f   Thumb Code     0  libinit2.o(.ARM.Collect$$libinit$$00000004)
    __rt_lib_init_rand_1                     0x0800017f   Thumb Code     0  libinit2.o(.ARM.Collect$$libinit$$0000000E)
    __rt_lib_init_return                     0x0800017f   Thumb Code     0  libinit2.o(.ARM.Collect$$libinit$$00000033)
    __rt_lib_init_signal_1                   0x0800017f   Thumb Code     0  libinit2.o(.ARM.Collect$$libinit$$0000001D)
    __rt_lib_init_stdio_1                    0x0800017f   Thumb Code     0  libinit2.o(.ARM.Collect$$libinit$$00000025)
    __rt_lib_init_user_alloc_1               0x0800017f   Thumb Code     0  libinit2.o(.ARM.Collect$$libinit$$0000000C)
    __rt_lib_shutdown                        0x08000181   Thumb Code     0  libshutdown.o(.ARM.Collect$$libshutdown$$00000000)
    __rt_lib_shutdown_cpp_1                  0x08000183   Thumb Code     0  libshutdown2.o(.ARM.Collect$$libshutdown$$00000002)
    __rt_lib_shutdown_fp_trap_1              0x08000183   Thumb Code     0  libshutdown2.o(.ARM.Collect$$libshutdown$$00000007)
    __rt_lib_shutdown_heap_1                 0x08000183   Thumb Code     0  libshutdown2.o(.ARM.Collect$$libshutdown$$0000000F)
    __rt_lib_shutdown_return                 0x08000183   Thumb Code     0  libshutdown2.o(.ARM.Collect$$libshutdown$$00000010)
    __rt_lib_shutdown_signal_1               0x08000183   Thumb Code     0  libshutdown2.o(.ARM.Collect$$libshutdown$$0000000A)
    __rt_lib_shutdown_stdio_1                0x08000183   Thumb Code     0  libshutdown2.o(.ARM.Collect$$libshutdown$$00000004)
    __rt_lib_shutdown_user_alloc_1           0x08000183   Thumb Code     0  libshutdown2.o(.ARM.Collect$$libshutdown$$0000000C)
    __rt_entry                               0x08000185   Thumb Code     0  __rtentry.o(.ARM.Collect$$rtentry$$00000000)
    __rt_entry_presh_1                       0x08000185   Thumb Code     0  __rtentry2.o(.ARM.Collect$$rtentry$$00000002)
    __rt_entry_sh                            0x08000185   Thumb Code     0  __rtentry4.o(.ARM.Collect$$rtentry$$00000004)
    __rt_entry_li                            0x0800018b   Thumb Code     0  __rtentry2.o(.ARM.Collect$$rtentry$$0000000A)
    __rt_entry_postsh_1                      0x0800018b   Thumb Code     0  __rtentry2.o(.ARM.Collect$$rtentry$$00000009)
    __rt_entry_main                          0x0800018f   Thumb Code     0  __rtentry2.o(.ARM.Collect$$rtentry$$0000000D)
    __rt_entry_postli_1                      0x0800018f   Thumb Code     0  __rtentry2.o(.ARM.Collect$$rtentry$$0000000C)
    __rt_exit                                0x08000197   Thumb Code     0  rtexit.o(.ARM.Collect$$rtexit$$00000000)
    __rt_exit_ls                             0x08000199   Thumb Code     0  rtexit2.o(.ARM.Collect$$rtexit$$00000003)
    __rt_exit_prels_1                        0x08000199   Thumb Code     0  rtexit2.o(.ARM.Collect$$rtexit$$00000002)
    __rt_exit_exit                           0x0800019d   Thumb Code     0  rtexit2.o(.ARM.Collect$$rtexit$$00000004)
    Reset_Handler                            0x080001a5   Thumb Code     8  startup_mdr32f9qx.o(.text)
    NMI_Handler                              0x080001ad   Thumb Code     2  startup_mdr32f9qx.o(.text)
    HardFault_Handler                        0x080001af   Thumb Code     2  startup_mdr32f9qx.o(.text)
    MemManage_Handler                        0x080001b1   Thumb Code     2  startup_mdr32f9qx.o(.text)
    BusFault_Handler                         0x080001b3   Thumb Code     2  startup_mdr32f9qx.o(.text)
    UsageFault_Handler                       0x080001b5   Thumb Code     2  startup_mdr32f9qx.o(.text)
    SVC_Handler                              0x080001b7   Thumb Code     2  startup_mdr32f9qx.o(.text)
    DebugMon_Handler                         0x080001b9   Thumb Code     2  startup_mdr32f9qx.o(.text)
    PendSV_Handler                           0x080001bb   Thumb Code     2  startup_mdr32f9qx.o(.text)
    SysTick_Handler                          0x080001bd   Thumb Code     2  startup_mdr32f9qx.o(.text)
    ADC_IRQHandler                           0x080001bf   Thumb Code     0  startup_mdr32f9qx.o(.text)
    BACKUP_IRQHandler                        0x080001bf   Thumb Code     0  startup_mdr32f9qx.o(.text)
    CAN1_IRQHandler                          0x080001bf   Thumb Code     0  startup_mdr32f9qx.o(.text)
    CAN2_IRQHandler                          0x080001bf   Thumb Code     0  startup_mdr32f9qx.o(.text)
    COMPARATOR_IRQHandler                    0x080001bf   Thumb Code     0  startup_mdr32f9qx.o(.text)
    DMA_IRQHandler                           0x080001bf   Thumb Code     0  startup_mdr32f9qx.o(.text)
    EXT_INT1_IRQHandler                      0x080001bf   Thumb Code     0  startup_mdr32f9qx.o(.text)
    EXT_INT2_IRQHandler                      0x080001bf   Thumb Code     0  startup_mdr32f9qx.o(.text)
    EXT_INT3_IRQHandler                      0x080001bf   Thumb Code     0  startup_mdr32f9qx.o(.text)
    EXT_INT4_IRQHandler                      0x080001bf   Thumb Code     0  startup_mdr32f9qx.o(.text)
    I2C_IRQHandler                           0x080001bf   Thumb Code     0  startup_mdr32f9qx.o(.text)
    POWER_IRQHandler                         0x080001bf   Thumb Code     0  startup_mdr32f9qx.o(.text)
    SSP1_IRQHandler                          0x080001bf   Thumb Code     0  startup_mdr32f9qx.o(.text)
    SSP2_IRQHandler                          0x080001bf   Thumb Code     0  startup_mdr32f9qx.o(.text)
    Timer1_IRQHandler                        0x080001bf   Thumb Code     0  startup_mdr32f9qx.o(.text)
    Timer2_IRQHandler                        0x080001bf   Thumb Code     0  startup_mdr32f9qx.o(.text)
    Timer3_IRQHandler                        0x080001bf   Thumb Code     0  startup_mdr32f9qx.o(.text)
    UART1_IRQHandler                         0x080001bf   Thumb Code     0  startup_mdr32f9qx.o(.text)
    UART2_IRQHandler                         0x080001bf   Thumb Code     0  startup_mdr32f9qx.o(.text)
    USB_IRQHandler                           0x080001bf   Thumb Code     0  startup_mdr32f9qx.o(.text)
    WWDG_IRQHandler                          0x080001bf   Thumb Code     0  startup_mdr32f9qx.o(.text)
    __user_initial_stackheap                 0x080001c1   Thumb Code     0  startup_mdr32f9qx.o(.text)
    __use_two_region_memory                  0x080001e5   Thumb Code     2  heapauxi.o(.text)
    __rt_heap_escrow$2region                 0x080001e7   Thumb Code     2  heapauxi.o(.text)
    __rt_heap_expand$2region                 0x080001e9   Thumb Code     2  heapauxi.o(.text)
    __user_setup_stackheap                   0x080001eb   Thumb Code    74  sys_stackheap_outer.o(.text)
    exit                                     0x08000235   Thumb Code    18  exit.o(.text)
    __user_libspace                          0x08000249   Thumb Code     8  libspace.o(.text)
    __user_perproc_libspace                  0x08000249   Thumb Code     0  libspace.o(.text)
    __user_perthread_libspace                0x08000249   Thumb Code     0  libspace.o(.text)
    _sys_exit                                0x08000251   Thumb Code     8  sys_exit.o(.text)
    __I$use$semihosting                      0x0800025d   Thumb Code     0  use_no_semi.o(.text)
    __use_no_semihosting_swi                 0x0800025d   Thumb Code     2  use_no_semi.o(.text)
    __semihosting_library_function           0x0800025f   Thumb Code     0  indicate_semi.o(.text)
    DispOn                                   0x08000261   Thumb Code   156  mlt_lcd.o(i.DispOn)
    LcdClearChip                             0x08000309   Thumb Code    24  mlt_lcd.o(i.LcdClearChip)
    LcdClearPage                             0x08000321   Thumb Code    64  mlt_lcd.o(i.LcdClearPage)
    LcdInit                                  0x08000361   Thumb Code    58  mlt_lcd.o(i.LcdInit)
    LcdPutString                             0x080003a1   Thumb Code   152  mlt_lcd.o(i.LcdPutString)
    MltDelay                                 0x08000439   Thumb Code    12  mlt_lcd.o(i.MltDelay)
    MltPinCfg                                0x08000445   Thumb Code    66  main.o(i.MltPinCfg)
    PORT_Init                                0x080004a1   Thumb Code   450  mdr32f9qx_port.o(i.PORT_Init)
    PORT_ResetBits                           0x08000669   Thumb Code    22  mdr32f9qx_port.o(i.PORT_ResetBits)
    PORT_SetBits                             0x08000685   Thumb Code    22  mdr32f9qx_port.o(i.PORT_SetBits)
    RST_CLK_PCLKcmd                          0x080006a1   Thumb Code    26  mdr32f9qx_rst_clk.o(i.RST_CLK_PCLKcmd)
    ReadStatus                               0x080006c1   Thumb Code   146  mlt_lcd.o(i.ReadStatus)
    SetAdress                                0x08000761   Thumb Code   160  mlt_lcd.o(i.SetAdress)
    SetDataBits                              0x0800080d   Thumb Code    22  mlt_lcd.o(i.SetDataBits)
    SetPage                                  0x08000829   Thumb Code   160  mlt_lcd.o(i.SetPage)
    SystemCoreClockUpdate                    0x080008d5   Thumb Code   130  system_mdr32f9qx.o(i.SystemCoreClockUpdate)
    SystemInit                               0x08000965   Thumb Code    54  system_mdr32f9qx.o(i.SystemInit)
    WriteData                                0x080009a5   Thumb Code   158  mlt_lcd.o(i.WriteData)
    main                                     0x08000a51   Thumb Code    84  main.o(i.main)
    Region$$Table$$Base                      0x08000aa8   Number         0  anon$$obj.o(Region$$Table)
    Region$$Table$$Limit                     0x08000ac8   Number         0  anon$$obj.o(Region$$Table)
    dig_0                                    0x20000000   Data           8  main.o(.data)
    dig_1                                    0x20000008   Data           8  main.o(.data)
    dig_2                                    0x20000010   Data           8  main.o(.data)
    dig_3                                    0x20000018   Data           8  main.o(.data)
    dig_4                                    0x20000020   Data           8  main.o(.data)
    dig_5                                    0x20000028   Data           8  main.o(.data)
    dig_6                                    0x20000030   Data           8  main.o(.data)
    dig_7                                    0x20000038   Data           8  main.o(.data)
    dig_8                                    0x20000040   Data           8  main.o(.data)
    dig_9                                    0x20000048   Data           8  main.o(.data)
    lat_A                                    0x20000050   Data           8  main.o(.data)
    lat_B                                    0x20000058   Data           8  main.o(.data)
    lat_C                                    0x20000060   Data           8  main.o(.data)
    lat_D                                    0x20000068   Data           8  main.o(.data)
    lat_E                                    0x20000070   Data           8  main.o(.data)
    lat_F                                    0x20000078   Data           8  main.o(.data)
    lat_G                                    0x20000080   Data           8  main.o(.data)
    lat_H                                    0x20000088   Data           8  main.o(.data)
    lat_I                                    0x20000090   Data           8  main.o(.data)
    lat_J                                    0x20000098   Data           8  main.o(.data)
    lat_K                                    0x200000a0   Data           8  main.o(.data)
    lat_L                                    0x200000a8   Data           8  main.o(.data)
    lat_M                                    0x200000b0   Data           8  main.o(.data)
    lat_N                                    0x200000b8   Data           8  main.o(.data)
    lat_O                                    0x200000c0   Data           8  main.o(.data)
    lat_P                                    0x200000c8   Data           8  main.o(.data)
    lat_Q                                    0x200000d0   Data           8  main.o(.data)
    lat_R                                    0x200000d8   Data           8  main.o(.data)
    lat_S                                    0x200000e0   Data           8  main.o(.data)
    lat_T                                    0x200000e8   Data           8  main.o(.data)
    lat_U                                    0x200000f0   Data           8  main.o(.data)
    lat_V                                    0x200000f8   Data           8  main.o(.data)
    lat_W                                    0x20000100   Data           8  main.o(.data)
    lat_X                                    0x20000108   Data           8  main.o(.data)
    lat_Y                                    0x20000110   Data           8  main.o(.data)
    lat_Z                                    0x20000118   Data           8  main.o(.data)
    lat_a                                    0x20000120   Data           8  main.o(.data)
    lat_b                                    0x20000128   Data           8  main.o(.data)
    lat_c                                    0x20000130   Data           8  main.o(.data)
    lat_d                                    0x20000138   Data           8  main.o(.data)
    lat_e                                    0x20000140   Data           8  main.o(.data)
    lat_f                                    0x20000148   Data           8  main.o(.data)
    lat_g                                    0x20000150   Data           8  main.o(.data)
    lat_h                                    0x20000158   Data           8  main.o(.data)
    lat_i                                    0x20000160   Data           8  main.o(.data)
    lat_j                                    0x20000168   Data           8  main.o(.data)
    lat_k                                    0x20000170   Data           8  main.o(.data)
    lat_l                                    0x20000178   Data           8  main.o(.data)
    lat_m                                    0x20000180   Data           8  main.o(.data)
    lat_n                                    0x20000188   Data           8  main.o(.data)
    lat_o                                    0x20000190   Data           8  main.o(.data)
    lat_p                                    0x20000198   Data           8  main.o(.data)
    lat_q                                    0x200001a0   Data           8  main.o(.data)
    lat_r                                    0x200001a8   Data           8  main.o(.data)
    lat_s                                    0x200001b0   Data           8  main.o(.data)
    lat_t                                    0x200001b8   Data           8  main.o(.data)
    lat_u                                    0x200001c0   Data           8  main.o(.data)
    lat_v                                    0x200001c8   Data           8  main.o(.data)
    lat_w                                    0x200001d0   Data           8  main.o(.data)
    lat_x                                    0x200001d8   Data           8  main.o(.data)
    lat_y                                    0x200001e0   Data           8  main.o(.data)
    lat_z                                    0x200001e8   Data           8  main.o(.data)
    cyr_A                                    0x200001f0   Data           8  main.o(.data)
    cyr_B                                    0x200001f8   Data           8  main.o(.data)
    cyr_V                                    0x20000200   Data           8  main.o(.data)
    cyr_G                                    0x20000208   Data           8  main.o(.data)
    cyr_D                                    0x20000210   Data           8  main.o(.data)
    cyr_E                                    0x20000218   Data           8  main.o(.data)
    cyr_JO                                   0x20000220   Data           8  main.o(.data)
    cyr_ZH                                   0x20000228   Data           8  main.o(.data)
    cyr_Z                                    0x20000230   Data           8  main.o(.data)
    cyr_I                                    0x20000238   Data           8  main.o(.data)
    cyr_JJ                                   0x20000240   Data           8  main.o(.data)
    cyr_K                                    0x20000248   Data           8  main.o(.data)
    cyr_L                                    0x20000250   Data           8  main.o(.data)
    cyr_M                                    0x20000258   Data           8  main.o(.data)
    cyr_N                                    0x20000260   Data           8  main.o(.data)
    cyr_O                                    0x20000268   Data           8  main.o(.data)
    cyr_P                                    0x20000270   Data           8  main.o(.data)
    cyr_R                                    0x20000278   Data           8  main.o(.data)
    cyr_S                                    0x20000280   Data           8  main.o(.data)
    cyr_T                                    0x20000288   Data           8  main.o(.data)
    cyr_U                                    0x20000290   Data           8  main.o(.data)
    cyr_F                                    0x20000298   Data           8  main.o(.data)
    cyr_KH                                   0x200002a0   Data           8  main.o(.data)
    cyr_C                                    0x200002a8   Data           8  main.o(.data)
    cyr_CH                                   0x200002b0   Data           8  main.o(.data)
    cyr_SH                                   0x200002b8   Data           8  main.o(.data)
    cyr_SHH                                  0x200002c0   Data           8  main.o(.data)
    cyr_TZ                                   0x200002c8   Data           8  main.o(.data)
    cyr_Y                                    0x200002d0   Data           8  main.o(.data)
    cyr_MZ                                   0x200002d8   Data           8  main.o(.data)
    cyr_EH                                   0x200002e0   Data           8  main.o(.data)
    cyr_YU                                   0x200002e8   Data           8  main.o(.data)
    cyr_YA                                   0x200002f0   Data           8  main.o(.data)
    cyr_a                                    0x200002f8   Data           8  main.o(.data)
    cyr_b                                    0x20000300   Data           8  main.o(.data)
    cyr_v                                    0x20000308   Data           8  main.o(.data)
    cyr_g                                    0x20000310   Data           8  main.o(.data)
    cyr_d                                    0x20000318   Data           8  main.o(.data)
    cyr_e                                    0x20000320   Data           8  main.o(.data)
    cyr_jo                                   0x20000328   Data           8  main.o(.data)
    cyr_zh                                   0x20000330   Data           8  main.o(.data)
    cyr_z                                    0x20000338   Data           8  main.o(.data)
    cyr_i                                    0x20000340   Data           8  main.o(.data)
    cyr_jj                                   0x20000348   Data           8  main.o(.data)
    cyr_k                                    0x20000350   Data           8  main.o(.data)
    cyr_l                                    0x20000358   Data           8  main.o(.data)
    cyr_m                                    0x20000360   Data           8  main.o(.data)
    cyr_n                                    0x20000368   Data           8  main.o(.data)
    cyr_o                                    0x20000370   Data           8  main.o(.data)
    cyr_p                                    0x20000378   Data           8  main.o(.data)
    cyr_r                                    0x20000380   Data           8  main.o(.data)
    cyr_s                                    0x20000388   Data           8  main.o(.data)
    cyr_t                                    0x20000390   Data           8  main.o(.data)
    cyr_u                                    0x20000398   Data           8  main.o(.data)
    cyr_f                                    0x200003a0   Data           8  main.o(.data)
    cyr_kh                                   0x200003a8   Data           8  main.o(.data)
    cyr_c                                    0x200003b0   Data           8  main.o(.data)
    cyr_ch                                   0x200003b8   Data           8  main.o(.data)
    cyr_sh                                   0x200003c0   Data           8  main.o(.data)
    cyr_shh                                  0x200003c8   Data           8  main.o(.data)
    cyr_tz                                   0x200003d0   Data           8  main.o(.data)
    cyr_y                                    0x200003d8   Data           8  main.o(.data)
    cyr_mz                                   0x200003e0   Data           8  main.o(.data)
    cyr_eh                                   0x200003e8   Data           8  main.o(.data)
    cyr_yu                                   0x200003f0   Data           8  main.o(.data)
    cyr_ya                                   0x200003f8   Data           8  main.o(.data)
    sym_sp                                   0x20000400   Data           8  main.o(.data)
    sym_pt                                   0x20000408   Data           8  main.o(.data)
    sym_lcm                                  0x20000410   Data           8  main.o(.data)
    sym_rcm                                  0x20000418   Data           8  main.o(.data)
    cursor                                   0x20000420   Data           8  main.o(.data)
    icon_mil                                 0x20000428   Data          32  main.o(.data)
    uart_string                              0x20000448   Data          64  main.o(.data)
    SystemCoreClock                          0x20000488   Data           4  system_mdr32f9qx.o(.data)
    PORTAInit                                0x2000048c   Data          12  main.o(.bss)
    PORTCInit                                0x20000498   Data          12  main.o(.bss)
    PORTEInit                                0x200004a4   Data          12  main.o(.bss)
    __libspace_start                         0x200004b0   Data          96  libspace.o(.bss)
    __temporary_stack_top$libspace           0x20000510   Data           0  libspace.o(.bss)



==============================================================================

Memory Map of the image

  Image Entry point : 0x080000c1

  Load Region LR_IROM1 (Base: 0x08000000, Size: 0x00000f54, Max: 0x00020000, ABSOLUTE, COMPRESSED[0x00000e50])

    Execution Region ER_IROM1 (Base: 0x08000000, Size: 0x00000ac8, Max: 0x00020000, ABSOLUTE)

    Base Addr    Size         Type   Attr      Idx    E Section Name        Object

    0x08000000   0x000000c0   Data   RO          182    RESET               startup_mdr32f9qx.o
    0x080000c0   0x00000008   Code   RO          509  * !!!main             c_w.l(__main.o)
    0x080000c8   0x00000034   Code   RO          668    !!!scatter          c_w.l(__scatter.o)
    0x080000fc   0x00000064   Code   RO          666    !!dclz77c           c_w.l(__dclz77c.o)
    0x08000160   0x0000001c   Code   RO          670    !!handler_zi        c_w.l(__scatter_zi.o)
    0x0800017c   0x00000002   Code   RO          536    .ARM.Collect$$libinit$$00000000  c_w.l(libinit.o)
    0x0800017e   0x00000000   Code   RO          543    .ARM.Collect$$libinit$$00000002  c_w.l(libinit2.o)
    0x0800017e   0x00000000   Code   RO          545    .ARM.Collect$$libinit$$00000004  c_w.l(libinit2.o)
    0x0800017e   0x00000000   Code   RO          548    .ARM.Collect$$libinit$$0000000A  c_w.l(libinit2.o)
    0x0800017e   0x00000000   Code   RO          550    .ARM.Collect$$libinit$$0000000C  c_w.l(libinit2.o)
    0x0800017e   0x00000000   Code   RO          552    .ARM.Collect$$libinit$$0000000E  c_w.l(libinit2.o)
    0x0800017e   0x00000000   Code   RO          555    .ARM.Collect$$libinit$$00000011  c_w.l(libinit2.o)
    0x0800017e   0x00000000   Code   RO          557    .ARM.Collect$$libinit$$00000013  c_w.l(libinit2.o)
    0x0800017e   0x00000000   Code   RO          559    .ARM.Collect$$libinit$$00000015  c_w.l(libinit2.o)
    0x0800017e   0x00000000   Code   RO          561    .ARM.Collect$$libinit$$00000017  c_w.l(libinit2.o)
    0x0800017e   0x00000000   Code   RO          563    .ARM.Collect$$libinit$$00000019  c_w.l(libinit2.o)
    0x0800017e   0x00000000   Code   RO          565    .ARM.Collect$$libinit$$0000001B  c_w.l(libinit2.o)
    0x0800017e   0x00000000   Code   RO          567    .ARM.Collect$$libinit$$0000001D  c_w.l(libinit2.o)
    0x0800017e   0x00000000   Code   RO          569    .ARM.Collect$$libinit$$0000001F  c_w.l(libinit2.o)
    0x0800017e   0x00000000   Code   RO          571    .ARM.Collect$$libinit$$00000021  c_w.l(libinit2.o)
    0x0800017e   0x00000000   Code   RO          573    .ARM.Collect$$libinit$$00000023  c_w.l(libinit2.o)
    0x0800017e   0x00000000   Code   RO          575    .ARM.Collect$$libinit$$00000025  c_w.l(libinit2.o)
    0x0800017e   0x00000000   Code   RO          579    .ARM.Collect$$libinit$$0000002C  c_w.l(libinit2.o)
    0x0800017e   0x00000000   Code   RO          581    .ARM.Collect$$libinit$$0000002E  c_w.l(libinit2.o)
    0x0800017e   0x00000000   Code   RO          583    .ARM.Collect$$libinit$$00000030  c_w.l(libinit2.o)
    0x0800017e   0x00000000   Code   RO          585    .ARM.Collect$$libinit$$00000032  c_w.l(libinit2.o)
    0x0800017e   0x00000002   Code   RO          586    .ARM.Collect$$libinit$$00000033  c_w.l(libinit2.o)
    0x08000180   0x00000002   Code   RO          606    .ARM.Collect$$libshutdown$$00000000  c_w.l(libshutdown.o)
    0x08000182   0x00000000   Code   RO          619    .ARM.Collect$$libshutdown$$00000002  c_w.l(libshutdown2.o)
    0x08000182   0x00000000   Code   RO          621    .ARM.Collect$$libshutdown$$00000004  c_w.l(libshutdown2.o)
    0x08000182   0x00000000   Code   RO          624    .ARM.Collect$$libshutdown$$00000007  c_w.l(libshutdown2.o)
    0x08000182   0x00000000   Code   RO          627    .ARM.Collect$$libshutdown$$0000000A  c_w.l(libshutdown2.o)
    0x08000182   0x00000000   Code   RO          629    .ARM.Collect$$libshutdown$$0000000C  c_w.l(libshutdown2.o)
    0x08000182   0x00000000   Code   RO          632    .ARM.Collect$$libshutdown$$0000000F  c_w.l(libshutdown2.o)
    0x08000182   0x00000002   Code   RO          633    .ARM.Collect$$libshutdown$$00000010  c_w.l(libshutdown2.o)
    0x08000184   0x00000000   Code   RO          511    .ARM.Collect$$rtentry$$00000000  c_w.l(__rtentry.o)
    0x08000184   0x00000000   Code   RO          513    .ARM.Collect$$rtentry$$00000002  c_w.l(__rtentry2.o)
    0x08000184   0x00000006   Code   RO          525    .ARM.Collect$$rtentry$$00000004  c_w.l(__rtentry4.o)
    0x0800018a   0x00000000   Code   RO          515    .ARM.Collect$$rtentry$$00000009  c_w.l(__rtentry2.o)
    0x0800018a   0x00000004   Code   RO          516    .ARM.Collect$$rtentry$$0000000A  c_w.l(__rtentry2.o)
    0x0800018e   0x00000000   Code   RO          518    .ARM.Collect$$rtentry$$0000000C  c_w.l(__rtentry2.o)
    0x0800018e   0x00000008   Code   RO          519    .ARM.Collect$$rtentry$$0000000D  c_w.l(__rtentry2.o)
    0x08000196   0x00000002   Code   RO          540    .ARM.Collect$$rtexit$$00000000  c_w.l(rtexit.o)
    0x08000198   0x00000000   Code   RO          588    .ARM.Collect$$rtexit$$00000002  c_w.l(rtexit2.o)
    0x08000198   0x00000004   Code   RO          589    .ARM.Collect$$rtexit$$00000003  c_w.l(rtexit2.o)
    0x0800019c   0x00000006   Code   RO          590    .ARM.Collect$$rtexit$$00000004  c_w.l(rtexit2.o)
    0x080001a2   0x00000002   PAD
    0x080001a4   0x00000040   Code   RO          183    .text               startup_mdr32f9qx.o
    0x080001e4   0x00000006   Code   RO          507    .text               c_w.l(heapauxi.o)
    0x080001ea   0x0000004a   Code   RO          527    .text               c_w.l(sys_stackheap_outer.o)
    0x08000234   0x00000012   Code   RO          529    .text               c_w.l(exit.o)
    0x08000246   0x00000002   PAD
    0x08000248   0x00000008   Code   RO          537    .text               c_w.l(libspace.o)
    0x08000250   0x0000000c   Code   RO          598    .text               c_w.l(sys_exit.o)
    0x0800025c   0x00000002   Code   RO          609    .text               c_w.l(use_no_semi.o)
    0x0800025e   0x00000000   Code   RO          611    .text               c_w.l(indicate_semi.o)
    0x0800025e   0x00000002   PAD
    0x08000260   0x000000a8   Code   RO           73    i.DispOn            mlt_lcd.o
    0x08000308   0x00000018   Code   RO           74    i.LcdClearChip      mlt_lcd.o
    0x08000320   0x00000040   Code   RO           75    i.LcdClearPage      mlt_lcd.o
    0x08000360   0x00000040   Code   RO           76    i.LcdInit           mlt_lcd.o
    0x080003a0   0x00000098   Code   RO           79    i.LcdPutString      mlt_lcd.o
    0x08000438   0x0000000c   Code   RO           81    i.MltDelay          mlt_lcd.o
    0x08000444   0x0000005c   Code   RO            3    i.MltPinCfg         main.o
    0x080004a0   0x000001c8   Code   RO          222    i.PORT_Init         mdr32f9qx_port.o
    0x08000668   0x0000001c   Code   RO          225    i.PORT_ResetBits    mdr32f9qx_port.o
    0x08000684   0x0000001c   Code   RO          226    i.PORT_SetBits      mdr32f9qx_port.o
    0x080006a0   0x00000020   Code   RO          313    i.RST_CLK_PCLKcmd   mdr32f9qx_rst_clk.o
    0x080006c0   0x000000a0   Code   RO           83    i.ReadStatus        mlt_lcd.o
    0x08000760   0x000000ac   Code   RO           84    i.SetAdress         mlt_lcd.o
    0x0800080c   0x0000001c   Code   RO           85    i.SetDataBits       mlt_lcd.o
    0x08000828   0x000000ac   Code   RO           86    i.SetPage           mlt_lcd.o
    0x080008d4   0x00000090   Code   RO          189    i.SystemCoreClockUpdate  system_mdr32f9qx.o
    0x08000964   0x00000040   Code   RO          190    i.SystemInit        system_mdr32f9qx.o
    0x080009a4   0x000000ac   Code   RO           87    i.WriteData         mlt_lcd.o
    0x08000a50   0x00000058   Code   RO            4    i.main              main.o
    0x08000aa8   0x00000020   Data   RO          664    Region$$Table       anon$$obj.o


    Execution Region RW_IRAM1 (Base: 0x20000000, Size: 0x00000b10, Max: 0x00008000, ABSOLUTE, COMPRESSED[0x00000388])

    Base Addr    Size         Type   Attr      Idx    E Section Name        Object

    0x20000000   0x00000488   Data   RW            6    .data               main.o
    0x20000488   0x00000004   Data   RW          191    .data               system_mdr32f9qx.o
    0x2000048c   0x00000024   Zero   RW            5    .bss                main.o
    0x200004b0   0x00000060   Zero   RW          538    .bss                c_w.l(libspace.o)
    0x20000510   0x00000200   Zero   RW          181    HEAP                startup_mdr32f9qx.o
    0x20000710   0x00000400   Zero   RW          180    STACK               startup_mdr32f9qx.o


==============================================================================

Image component sizes


      Code (inc. data)   RO Data    RW Data    ZI Data      Debug   Object Name

       180         30          0       1160         36      60899   main.o
       512         18          0          0          0       2848   mdr32f9qx_port.o
        32          6          0          0          0        614   mdr32f9qx_rst_clk.o
      1188         76          0          0          0       6172   mlt_lcd.o
        64         26        192          0       1536        796   startup_mdr32f9qx.o
       208         24          0          4          0       1367   system_mdr32f9qx.o

    ----------------------------------------------------------------------
      2184        180        224       1164       1572      72696   Object Totals
         0          0         32          0          0          0   (incl. Generated)
         0          0          0          0          0          0   (incl. Padding)

    ----------------------------------------------------------------------

      Code (inc. data)   RO Data    RW Data    ZI Data      Debug   Library Member Name

       100          0          0          0          0          0   __dclz77c.o
         8          0          0          0          0         68   __main.o
         0          0          0          0          0          0   __rtentry.o
        12          0          0          0          0          0   __rtentry2.o
         6          0          0          0          0          0   __rtentry4.o
        52          8          0          0          0          0   __scatter.o
        28          0          0          0          0          0   __scatter_zi.o
        18          0          0          0          0         80   exit.o
         6          0          0          0          0        152   heapauxi.o
         0          0          0          0          0          0   indicate_semi.o
         2          0          0          0          0          0   libinit.o
         2          0          0          0          0          0   libinit2.o
         2          0          0          0          0          0   libshutdown.o
         2          0          0          0          0          0   libshutdown2.o
         8          4          0          0         96         68   libspace.o
         2          0          0          0          0          0   rtexit.o
        10          0          0          0          0          0   rtexit2.o
        12          4          0          0          0         68   sys_exit.o
        74          0          0          0          0         80   sys_stackheap_outer.o
         2          0          0          0          0         68   use_no_semi.o

    ----------------------------------------------------------------------
       352         16          0          0         96        584   Library Totals
         6          0          0          0          0          0   (incl. Padding)

    ----------------------------------------------------------------------

      Code (inc. data)   RO Data    RW Data    ZI Data      Debug   Library Name

       346         16          0          0         96        584   c_w.l

    ----------------------------------------------------------------------
       352         16          0          0         96        584   Library Totals

    ----------------------------------------------------------------------

==============================================================================


      Code (inc. data)   RO Data    RW Data    ZI Data      Debug   

      2536        196        224       1164       1668      72236   Grand Totals
      2536        196        224        904       1668      72236   ELF Image Totals (compressed)
      2536        196        224        904          0          0   ROM Totals

==============================================================================

    Total RO  Size (Code + RO Data)                 2760 (   2.70kB)
    Total RW  Size (RW Data + ZI Data)              2832 (   2.77kB)
    Total ROM Size (Code + RO Data + RW Data)       3664 (   3.58kB)

==============================================================================

